bun test v1.2.18 (0d4089ea)

tests/unit/accessibility.test.js:
1 | /**
2 |  * Creates a minimal DOM structure for testing specific components
3 |  * This is useful when tests need a lighter-weight DOM than the full index.html
4 |  */
5 | export function createMinimalDOM() {
6 |   document.body.innerHTML = `
      ^
ReferenceError: document is not defined
      at createMinimalDOM (/Users/justin/Documents/Github/Megabonk/tests/helpers/dom-setup.js:6:3)
      at <anonymous> (/Users/justin/Documents/Github/Megabonk/tests/unit/accessibility.test.js:11:5)
(fail) Accessibility > ARIA Attributes > Tab Navigation > should have tablist role on tab container [1284279626.17ms]
(fail) Accessibility > ARIA Attributes > Tab Navigation > should have tablist role on tab container
1 | /**
2 |  * Creates a minimal DOM structure for testing specific components
3 |  * This is useful when tests need a lighter-weight DOM than the full index.html
4 |  */
5 | export function createMinimalDOM() {
6 |   document.body.innerHTML = `
      ^
ReferenceError: document is not defined
      at createMinimalDOM (/Users/justin/Documents/Github/Megabonk/tests/helpers/dom-setup.js:6:3)
      at <anonymous> (/Users/justin/Documents/Github/Megabonk/tests/unit/accessibility.test.js:11:5)
(fail) Accessibility > ARIA Attributes > Tab Navigation > should have tab role on tab buttons [1284279626.31ms]
(fail) Accessibility > ARIA Attributes > Tab Navigation > should have tab role on tab buttons
1 | /**
2 |  * Creates a minimal DOM structure for testing specific components
3 |  * This is useful when tests need a lighter-weight DOM than the full index.html
4 |  */
5 | export function createMinimalDOM() {
6 |   document.body.innerHTML = `
      ^
ReferenceError: document is not defined
      at createMinimalDOM (/Users/justin/Documents/Github/Megabonk/tests/helpers/dom-setup.js:6:3)
      at <anonymous> (/Users/justin/Documents/Github/Megabonk/tests/unit/accessibility.test.js:11:5)
(fail) Accessibility > ARIA Attributes > Tab Navigation > should update aria-selected when tab changes [1284279626.35ms]
(fail) Accessibility > ARIA Attributes > Tab Navigation > should update aria-selected when tab changes
1 | /**
2 |  * Creates a minimal DOM structure for testing specific components
3 |  * This is useful when tests need a lighter-weight DOM than the full index.html
4 |  */
5 | export function createMinimalDOM() {
6 |   document.body.innerHTML = `
      ^
ReferenceError: document is not defined
      at createMinimalDOM (/Users/justin/Documents/Github/Megabonk/tests/helpers/dom-setup.js:6:3)
      at <anonymous> (/Users/justin/Documents/Github/Megabonk/tests/unit/accessibility.test.js:11:5)
(fail) Accessibility > ARIA Attributes > Tab Navigation > should have tabpanel role on tab content [1284279626.37ms]
(fail) Accessibility > ARIA Attributes > Tab Navigation > should have tabpanel role on tab content
1 | /**
2 |  * Creates a minimal DOM structure for testing specific components
3 |  * This is useful when tests need a lighter-weight DOM than the full index.html
4 |  */
5 | export function createMinimalDOM() {
6 |   document.body.innerHTML = `
      ^
ReferenceError: document is not defined
      at createMinimalDOM (/Users/justin/Documents/Github/Megabonk/tests/helpers/dom-setup.js:6:3)
      at <anonymous> (/Users/justin/Documents/Github/Megabonk/tests/unit/accessibility.test.js:11:5)
(fail) Accessibility > ARIA Attributes > Tab Navigation > should link tabs to panels with aria-controls [1284279626.38ms]
(fail) Accessibility > ARIA Attributes > ‡@/  ink tabs to panels with aria-controls
1 | /**
2 |  * Creates a minimal DOM structure for testing specific components
3 |  * This is useful when tests need a lighter-weight DOM than the full index.html
4 |  */
5 | export function createMinimalDOM() {
6 |   document.body.innerHTML = `
      ^
ReferenceError: document is not defined
      at createMinimalDOM (/Users/justin/Documents/Github/Megabonk/tests/helpers/dom-setup.js:6:3)
      at <anonymous> (/Users/justin/Documents/Github/Megabonk/tests/unit/accessibility.test.js:11:5)
(fail) Accessibility > ARIA Attributes > Modal Dialogs > should have dialog role [1284279626.39ms]
(fail) Accessibility > ARIA Attributes > Modal Dialogs > should have dialog role
1 | /**
2 |  * Creates a minimal DOM structure for testing specific components
3 |  * This is useful when tests need a lighter-weight DOM than the full index.html
4 |  */
5 | export function createMinimalDOM() {
6 |   document.body.innerHTML = `
      ^
ReferenceError: document is not defined
      at createMinimalDOM (/Users/justin/Documents/Github/Megabonk/tests/helpers/dom-setup.js:6:3)
      at <anonymous> (/Users/justin/Documents/Github/Megabonk/tests/unit/accessibility.test.js:11:5)
(fail) Accessibility > ARIA Attributes > Modal Dialogs > should have close button with aria-label [1284279626.40ms]
(fail) Accessibility > ARIA Attributes > Modal Dialogs > should have close button with aria-label
1 | /**
2 |  * Creates a minimal DOM structure for testing specific components
3 |  * This is useful when tests need a lighter-weight DOM than the full index.html
4 |  */
5 | export function createMinimalDOM() {
6 |   document.body.innerHTML = `
      ^
ReferenceError: document is not defined
      at createMinimalDOM (/Users/justin/Documents/Github/Megabonk/tests/helpers/dom-setup.js:6:3)
      at <anonymous> (/Users/justin/Documents/Github/Megabonk/tests/unit/accessibility.test.js:11:5)
(fail) Accessibility > ARIA Attributes > Modal Dialogs > should have proper compare modal accessibility [1284279626.42ms]
(fail) Accessibility > ARIA Attributes > @@/  ave proper compare modal accessibility
1 | /**
2 |  * Creates a minimal DOM structure for testing specific components
3 |  * This is useful when tests need a lighter-weight DOM than the full index.html
4 |  */
5 | export function createMinimalDOM() {
6 |   document.body.innerHTML = `
      ^
ReferenceError: document is not defined
      at createMinimalDOM (/Users/justin/Documents/Github/Megabonk/tests/helpers/dom-setup.js:6:3)
      at <anonymous> (/Users/justin/Documents/Github/Megabonk/tests/unit/accessibility.test.js:11:5)
(fail) Accessibility > ARIA Attributes > Toast Notifications > should have aria-live for live announcements [1284279626.43ms]
(fail) Accessibility > ARIA Attributes > Toast Notifications > should have aria-live for live announcements
1 | /**
2 |  * Creates a minimal DOM structure for testing specific components
3 |  * This is useful when tests need a lighter-weight DOM than the full index.html
4 |  */
5 | export function createMinimalDOM() {
6 |   document.body.innerHTML = `
      ^
ReferenceError: document is not defined
      at createMinimalDOM (/Users/justin/Documents/Github/Megabonk/tests/helpers/dom-setup.js:6:3)
      at <anonymous> (/Users/justin/Documents/Github/Megabonk/tests/unit/accessibility.test.js:11:5)
(fail) Accessibility > ARIA Attributes > Toast Notifications > should support assertive announcements for errors [1284279626.45ms]
(fail) Accessibility > ARIA Attributes >         upport assertive announcements for errors
1 | /**
2 |  * Creates a minimal DOM structure for testing specific components
3 |  * This is useful when tests need a lighter-weight DOM than the full index.html
4 |  */
5 | export function createMinimalDOM() {
6 |   document.body.innerHTML = `
      ^
ReferenceError: document is not defined
      at createMinimalDOM (/Users/justin/Documents/Github/Megabonk/tests/helpers/dom-setup.js:6:3)
      at <anonymous> (/Users/justin/Documents/Github/Megabonk/tests/unit/accessibility.test.js:11:5)
(fail) Accessibility > ARIA Attributes > Form Controls > should have aria-label on search input [1284279626.46ms]
(fail) Accessibility > ARIA Attributes > Form Controls > should have aria-label on search input
1 | /**
2 |  * Creates a minimal DOM structure for testing specific components
3 |  * This is useful when tests need a lighter-weight DOM than the full index.html
4 |  */
5 | export function createMinimalDOM() {
6 |   document.body.innerHTML = `
      ^
ReferenceError: document is not defined
      at createMinimalDOM (/Users/justin/Documents/Github/Megabonk/tests/helpers/dom-setup.js:6:3)
      at <anonymous> (/Users/justin/Documents/Github/Megabonk/tests/unit/accessibility.test.js:11:5)
(fail) Accessibility > ARIA Attributes > Form Controls > should have labels for filter dropdowns [1284279626.48ms]
(fail) Accessibility > ARIA Attributes > –@/  ave labels for filter dropdowns
1 | /**
2 |  * Creates a minimal DOM structure for testing specific components
3 |  * This is useful when tests need a lighter-weight DOM than the full index.html
4 |  */
5 | export function createMinimalDOM() {
6 |   document.body.innerHTML = `
      ^
ReferenceError: document is not defined
      at createMinimalDOM (/Users/justin/Documents/Github/Megabonk/tests/helpers/dom-setup.js:6:3)
      at <anonymous> (/Users/justin/Documents/Github/Megabonk/tests/unit/accessibility.test.js:11:5)
(fail) Accessibility > ARIA Attributes > Interactive Cards > should have role=button on clickable cards [1284279626.49ms]
(fail) Accessibility > ARIA Attributes >  @/  ave role=button on clickable cards
1 | /**
2 |  * Creates a minimal DOM structure for testing specific components
3 |  * This is useful when tests need a lighter-weight DOM than the full index.html
4 |  */
5 | export function createMinimalDOM() {
6 |   document.body.innerHTML = `
      ^
ReferenceError: document is not defined
      at createMinimalDOM (/Users/justin/Documents/Github/Megabonk/tests/helpers/dom-setup.js:6:3)
      at <anonymous> (/Users/justin/Documents/Github/Megabonk/tests/unit/accessibility.test.js:11:5)
(fail) Accessibility > ARIA Attributes > Expandable Content > should update aria-expanded on toggle [1284279626.50ms]
(fail) Accessibility > ARIA Attributes > Expandable Content > should update aria-expanded on toggle
1 | /**
2 |  * Creates a minimal DOM structure for testing specific components
3 |  * This is useful when tests need a lighter-weight DOM than the full index.html
4 |  */
5 | export function createMinimalDOM() {
6 |   document.body.innerHTML = `
      ^
ReferenceError: document is not defined
      at createMinimalDOM (/Users/justin/Documents/Github/Megabonk/tests/helpers/dom-setup.js:6:3)
      at <anonymous> (/Users/justin/Documents/Github/Megabonk/tests/unit/accessibility.test.js:11:5)
(fail) Accessibility > ARIA Attributes > Expandable Content > should link button to expandable content [1284279626.52ms]
(fail) Accessibility > ARIA Attributes > `@/  ink button to expandable content
1 | /**
2 |  * Creates a minimal DOM structure for testing specific components
3 |  * This is useful when tests need a lighter-weight DOM than the full index.html
4 |  */
5 | export function createMinimalDOM() {
6 |   document.body.innerHTML = `
      ^
ReferenceError: document is not defined
      at createMinimalDOM (/Users/justin/Documents/Github/Megabonk/tests/helpers/dom-setup.js:6:3)
      at <anonymous> (/Users/justin/Documents/Github/Megabonk/tests/unit/accessibility.test.js:11:5)
(fail) Accessibility > ARIA Attributes > Navigation Landmarks > should have aria-label on main navigation [1284279626.53ms]
(fail) Accessibility > ARIA Attributes > Navigation Landmarks > should have aria-label on main navigation
1 | /**
2 |  * Creates a minimal DOM structure for testing specific components
3 |  * This is useful when tests need a lighter-weight DOM than the full index.html
4 |  */
5 | export function createMinimalDOM() {
6 |   document.body.innerHTML = `
      ^
ReferenceError: document is not defined
      at createMinimalDOM (/Users/justin/Documents/Github/Megabonk/tests/helpers/dom-setup.js:6:3)
      at <anonymous> (/Users/justin/Documents/Github/Megabonk/tests/unit/accessibility.test.js:11:5)
(fail) Accessibility > ARIA Attributes > Navigation Landmarks > should have aria-label on controls navigation [1284279626.54ms]
(fail) Accessibility > ARIA Attributes > Navigation Landmarks > should have aria-label on controls navigation
1 | /**
2 |  * Creates a minimal DOM structure for testing specific components
3 |  * This is useful when tests need a lighter-weight DOM than the full index.html
4 |  */
5 | export function createMinimalDOM() {
6 |   document.body.innerHTML = `
      ^
ReferenceError: document is not defined
      at createMinimalDOM (/Users/justin/Documents/Github/Megabonk/tests/helpers/dom-setup.js:6:3)
      at <anonymous> (/Users/justin/Documents/Github/Megabonk/tests/unit/accessibility.test.js:11:5)
(fail) Accessibility > ARIA Attributes > Navigation Landmarks > should have aria-label on content grids [1284279626.55ms]
(fail) Accessibility > ARIA Attributes > @/  ave aria-label on content grids
1 | /**
2 |  * Creates a minimal DOM structure for testing specific components
3 |  * This is useful when tests need a lighter-weight DOM than the full index.html
4 |  */
5 | export function createMinimalDOM() {
6 |   document.body.innerHTML = `
      ^
ReferenceError: document is not defined
      at createMinimalDOM (/Users/justin/Documents/Github/Megabonk/tests/helpers/dom-setup.js:6:3)
      at <anonymous> (/Users/justin/Documents/Github/Megabonk/tests/unit/accessibility.test.js:11:5)
(fail) Accessibility > Keyboard Navigation > Escape Key > should close modal on Escape key [1284279626.57ms]
(fail) Accessibility > Keyboard Navigation > Escape Key > should close modal on Escape key
1 | /**
2 |  * Creates a minimal DOM structure for testing specific components
3 |  * This is useful when tests need a lighter-weight DOM than the full index.html
4 |  */
5 | export function createMinimalDOM() {
6 |   document.body.innerHTML = `
      ^
ReferenceError: document is not defined
      at createMinimalDOM (/Users/justin/Documents/Github/Megabonk/tests/helpers/dom-setup.js:6:3)
      at <anonymous> (/Users/justin/Documents/Github/Megabonk/tests/unit/accessibility.test.js:11:5)
(fail) Accessibility > Keyboard Navigation > Escape Key > should detect Escape key event [1284279626.58ms]
(fail) Accessibility > Keyboard Navigation > ‡@/  etect Escape key event
1 | /**
2 |  * Creates a minimal DOM structure for testing specific components
3 |  * This is useful when tests need a lighter-weight DOM than the full index.html
4 |  */
5 | export function createMinimalDOM() {
6 |   document.body.innerHTML = `
      ^
ReferenceError: document is not defined
      at createMinimalDOM (/Users/justin/Documents/Github/Megabonk/tests/helpers/dom-setup.js:6:3)
      at <anonymous> (/Users/justin/Documents/Github/Megabonk/tests/unit/accessibility.test.js:11:5)
(fail) Accessibility > Keyboard Navigation > Enter/Space on Interactive Elements > should trigger action on Enter key for buttons [1284279626.61ms]
(fail) Accessibility > Keyboard Navigation > Enter/Space on Interactive Elements > should trigger action on Enter key for buttons
1 | /**
2 |  * Creates a minimal DOM structure for testing specific components
3 |  * This is useful when tests need a lighter-weight DOM than the full index.html
4 |  */
5 | export function createMinimalDOM() {
6 |   document.body.innerHTML = `
      ^
ReferenceError: document is not defined
      at createMinimalDOM (/Users/justin/Documents/Github/Megabonk/tests/helpers/dom-setup.js:6:3)
      at <anonymous> (/Users/justin/Documents/Github/Megabonk/tests/unit/accessibility.test.js:11:5)
(fail) Accessibility > Keyboard Navigation > Enter/Space on Interactive Elements > should trigger action on Space key for buttons [1284279626.61ms]
(fail) Accessibility > Keyboard Navigation > Enter/Space on Interactive Elements > should trigger action on Space key for buttons
1 | /**
2 |  * Creates a minimal DOM structure for testing specific components
3 |  * This is useful when tests need a lighter-weight DOM than the full index.html
4 |  */
5 | export function createMinimalDOM() {
6 |   document.body.innerHTML = `
      ^
ReferenceError: document is not defined
      at createMinimalDOM (/Users/justin/Documents/Github/Megabonk/tests/helpers/dom-setup.js:6:3)
      at <anonymous> (/Users/justin/Documents/Github/Megabonk/tests/unit/accessibility.test.js:11:5)
(fail) Accessibility > Keyboard Navigation > Enter/Space on Interactive Elements > should prevent default on Space to avoid scrolling [1284279626.62ms]
(fail) Accessibility > Keyboard Navigation > ¿"n@/  revent default on Space to avoid scrolling
1 | /**
2 |  * Creates a minimal DOM structure for testing specific components
3 |  * This is useful when tests need a lighter-weight DOM than the full index.html
4 |  */
5 | export function createMinimalDOM() {
6 |   document.body.innerHTML = `
      ^
ReferenceError: document is not defined
      at createMinimalDOM (/Users/justin/Documents/Github/Megabonk/tests/helpers/dom-setup.js:6:3)
      at <anonymous> (/Users/justin/Documents/Github/Megabonk/tests/unit/accessibility.test.js:11:5)
(fail) Accessibility > Keyboard Navigation > Tab Navigation > should allow tabbing through interactive elements [1284279626.64ms]
(fail) Accessibility > Keyboard Navigation > Tab Navigation > should allow tabbing through interactive elements
1 | /**
2 |  * Creates a minimal DOM structure for testing specific components
3 |  * This is useful when tests need a lighter-weight DOM than the full index.html
4 |  */
5 | export function createMinimalDOM() {
6 |   document.body.innerHTML = `
      ^
ReferenceError: document is not defined
      at createMinimalDOM (/Users/justin/Documents/Github/Megabonk/tests/helpers/dom-setup.js:6:3)
      at <anonymous> (/Users/justin/Documents/Github/Megabonk/tests/unit/accessibility.test.js:11:5)
(fail) Accessibility > Keyboard Navigation > Tab Navigation > should have tabindex=0 on custom interactive elements [1284279626.65ms]
(fail) Accessibility > Keyboard Navigation > @'n@/  ave tabindex=0 on custom interactive elements
1 | /**
2 |  * Creates a minimal DOM structure for testing specific components
3 |  * This is useful when tests need a lighter-weight DOM than the full index.html
4 |  */
5 | export function createMinimalDOM() {
6 |   document.body.innerHTML = `
      ^
ReferenceError: document is not defined
      at createMinimalDOM (/Users/justin/Documents/Github/Megabonk/tests/helpers/dom-setup.js:6:3)
      at <anonymous> (/Users/justin/Documents/Github/Megabonk/tests/unit/accessibility.test.js:11:5)
(fail) Accessibility > Focus Management > Modal Focus > should have focusable close button in modal [1284279626.66ms]
(fail) Accessibility > Focus Management > Modal Focus > should have focusable close button in modal
1 | /**
2 |  * Creates a minimal DOM structure for testing specific components
3 |  * This is useful when tests need a lighter-weight DOM than the full index.html
4 |  */
5 | export function createMinimalDOM() {
6 |   document.body.innerHTML = `
      ^
ReferenceError: document is not defined
      at createMinimalDOM (/Users/justin/Documents/Github/Megabonk/tests/helpers/dom-setup.js:6:3)
      at <anonymous> (/Users/justin/Documents/Github/Megabonk/tests/unit/accessibility.test.js:11:5)
(fail) Accessibility > Focus Management > Modal Focus > should trap focus within modal when open [1284279626.67ms]
(fail) Accessibility > Focus Management > ‡@/  rap focus within modal when open
1 | /**
2 |  * Creates a minimal DOM structure for testing specific components
3 |  * This is useful when tests need a lighter-weight DOM than the full index.html
4 |  */
5 | export function createMinimalDOM() {
6 |   document.body.innerHTML = `
      ^
ReferenceError: document is not defined
      at createMinimalDOM (/Users/justin/Documents/Github/Megabonk/tests/helpers/dom-setup.js:6:3)
      at <anonymous> (/Users/justin/Documents/Github/Megabonk/tests/unit/accessibility.test.js:11:5)
(fail) Accessibility > Focus Management > Focus Visible > should have visible focus styles (CSS class exists) [1284279626.69ms]
(fail) Accessibility > Focus Management > Ä'n@/  ave visible focus styles (CSS class exists)
1 | /**
2 |  * Creates a minimal DOM structure for testing specific components
3 |  * This is useful when tests need a lighter-weight DOM than the full index.html
4 |  */
5 | export function createMinimalDOM() {
6 |   document.body.innerHTML = `
      ^
ReferenceError: document is not defined
      at createMinimalDOM (/Users/justin/Documents/Github/Megabonk/tests/helpers/dom-setup.js:6:3)
      at <anonymous> (/Users/justin/Documents/Github/Megabonk/tests/unit/accessibility.test.js:11:5)
(fail) Accessibility > Screen Reader Support > Hidden Content > should hide decorative elements from screen readers [1284279626.70ms]
(fail) Accessibility > Screen Reader Support > Hidden Content > should hide decorative elements from screen readers
1 | /**
2 |  * Creates a minimal DOM structure for testing specific components
3 |  * This is useful when tests need a lighter-weight DOM than the full index.html
4 |  */
5 | export function createMinimalDOM() {
6 |   document.body.innerHTML = `
      ^
ReferenceError: document is not defined
      at createMinimalDOM (/Users/justin/Documents/Github/Megabonk/tests/helpers/dom-setup.js:6:3)
      at <anonymous> (/Users/justin/Documents/Github/Megabonk/tests/unit/accessibility.test.js:11:5)
(fail) Accessibility > Screen Reader Support > Hidden Content > should not hide meaningful content [1284279626.72ms]
(fail) Accessibility > Screen Reader Support > @/  ot hide meaningful content
1 | /**
2 |  * Creates a minimal DOM structure for testing specific components
3 |  * This is useful when tests need a lighter-weight DOM than the full index.html
4 |  */
5 | export function createMinimalDOM() {
6 |   document.body.innerHTML = `
      ^
ReferenceError: document is not defined
      at createMinimalDOM (/Users/justin/Documents/Github/Megabonk/tests/helpers/dom-setup.js:6:3)
      at <anonymous> (/Users/justin/Documents/Github/Megabonk/tests/unit/accessibility.test.js:11:5)
(fail) Accessibility > Screen Reader Support > Alternative Text > should provide text alternatives for icon buttons [1284279626.72ms]
(fail) Accessibility > Screen Reader Support > ¿)n@/  rovide text alternatives for icon buttons
1 | /**
2 |  * Creates a minimal DOM structure for testing specific components
3 |  * This is useful when tests need a lighter-weight DOM than the full index.html
4 |  */
5 | export function createMinimalDOM() {
6 |   document.body.innerHTML = `
      ^
ReferenceError: document is not defined
      at createMinimalDOM (/Users/justin/Documents/Github/Megabonk/tests/helpers/dom-setup.js:6:3)
      at <anonymous> (/Users/justin/Documents/Github/Megabonk/tests/unit/accessibility.test.js:11:5)
(fail) Accessibility > Screen Reader Support > Live Regions > should announce dynamic content changes [1284279626.74ms]
(fail) Accessibility > Screen Reader Support > Live Regions > should announce dynamic content changes
1 | /**
2 |  * Creates a minimal DOM structure for testing specific components
3 |  * This is useful when tests need a lighter-weight DOM than the full index.html
4 |  */
5 | export function createMinimalDOM() {
6 |   document.body.innerHTML = `
      ^
ReferenceError: document is not defined
      at createMinimalDOM (/Users/justin/Documents/Github/Megabonk/tests/helpers/dom-setup.js:6:3)
      at <anonymous> (/Users/justin/Documents/Github/Megabonk/tests/unit/accessibility.test.js:11:5)
(fail) Accessibility > Screen Reader Support > Live Regions > should use assertive for urgent announcements [1284279626.75ms]
(fail) Accessibility > Screen Reader Support > p@/  se assertive for urgent announcements
1 | /**
2 |  * Creates a minimal DOM structure for testing specific components
3 |  * This is useful when tests need a lighter-weight DOM than the full index.html
4 |  */
5 | export function createMinimalDOM() {
6 |   document.body.innerHTML = `
      ^
ReferenceError: document is not defined
      at createMinimalDOM (/Users/justin/Documents/Github/Megabonk/tests/helpers/dom-setup.js:6:3)
      at <anonymous> (/Users/justin/Documents/Github/Megabonk/tests/unit/accessibility.test.js:11:5)
(fail) Accessibility > Color and Contrast > should not rely solely on color for information [1284279626.76ms]
(fail) Accessibility > Color and Contrast > should not rely solely on color for information
1 | /**
2 |  * Creates a minimal DOM structure for testing specific components
3 |  * This is useful when tests need a lighter-weight DOM than the full index.html
4 |  */
5 | export function createMinimalDOM() {
6 |   document.body.innerHTML = `
      ^
ReferenceError: document is not defined
      at createMinimalDOM (/Users/justin/Documents/Github/Megabonk/tests/helpers/dom-setup.js:6:3)
      at <anonymous> (/Users/justin/Documents/Github/Megabonk/tests/unit/accessibility.test.js:11:5)
(fail) Accessibility > Color and Contrast > should have text for tier indicators [1284279626.77ms]
(fail) Accessibility > –@/  ave text for tier indicators
1 | /**
2 |  * Creates a minimal DOM structure for testing specific components
3 |  * This is useful when tests need a lighter-weight DOM than the full index.html
4 |  */
5 | export function createMinimalDOM() {
6 |   document.body.innerHTML = `
      ^
ReferenceError: document is not defined
      at createMinimalDOM (/Users/justin/Documents/Github/Megabonk/tests/helpers/dom-setup.js:6:3)
      at <anonymous> (/Users/justin/Documents/Github/Megabonk/tests/unit/accessibility.test.js:11:5)
(fail) Accessibility > Semantic HTML > should use nav element for navigation [1284279626.79ms]
(fail) Accessibility > Semantic HTML > should use nav element for navigation
1 | /**
2 |  * Creates a minimal DOM structure for testing specific components
3 |  * This is useful when tests need a lighter-weight DOM than the full index.html
4 |  */
5 | export function createMinimalDOM() {
6 |   document.body.innerHTML = `
      ^
ReferenceError: document is not defined
      at createMinimalDOM (/Users/justin/Documents/Github/Megabonk/tests/helpers/dom-setup.js:6:3)
      at <anonymous> (/Users/justin/Documents/Github/Megabonk/tests/unit/accessibility.test.js:11:5)
(fail) Accessibility > Semantic HTML > should use button element for clickable actions [1284279626.80ms]
(fail) Accessibility > Semantic HTML > should use button element for clickable actions
1 | /**
2 |  * Creates a minimal DOM structure for testing specific components
3 |  * This is useful when tests need a lighter-weight DOM than the full index.html
4 |  */
5 | export function createMinimalDOM() {
6 |   document.body.innerHTML = `
      ^
ReferenceError: document is not defined
      at createMinimalDOM (/Users/justin/Documents/Github/Megabonk/tests/helpers/dom-setup.js:6:3)
      at <anonymous> (/Users/justin/Documents/Github/Megabonk/tests/unit/accessibility.test.js:11:5)
(fail) Accessibility > Semantic HTML > should use heading elements for structure [1284279626.81ms]
(fail) Accessibility > Semantic HTML > should use heading elements for structure
1 | /**
2 |  * Creates a minimal DOM structure for testing specific components
3 |  * This is useful when tests need a lighter-weight DOM than the full index.html
4 |  */
5 | export function createMinimalDOM() {
6 |   document.body.innerHTML = `
      ^
ReferenceError: document is not defined
      at createMinimalDOM (/Users/justin/Documents/Github/Megabonk/tests/helpers/dom-setup.js:6:3)
      at <anonymous> (/Users/justin/Documents/Github/Megabonk/tests/unit/accessibility.test.js:11:5)
(fail) Accessibility > Semantic HTML > should use label elements for form fields [1284279626.82ms]
(fail) Accessibility > ê@/  se label elements for form fields
1 | /**
2 |  * Creates a minimal DOM structure for testing specific components
3 |  * This is useful when tests need a lighter-weight DOM than the full index.html
4 |  */
5 | export function createMinimalDOM() {
6 |   document.body.innerHTML = `
      ^
ReferenceError: document is not defined
      at createMinimalDOM (/Users/justin/Documents/Github/Megabonk/tests/helpers/dom-setup.js:6:3)
      at <anonymous> (/Users/justin/Documents/Github/Megabonk/tests/unit/accessibility.test.js:11:5)
(fail) Accessibility > Reduced Motion > should respect prefers-reduced-motion media query [1284279626.83ms]
(fail) Accessibility > Ä*n@/  espect prefers-reduced-motion media query
1 | /**
2 |  * Creates a minimal DOM structure for testing specific components
3 |  * This is useful when tests need a lighter-weight DOM than the full index.html
4 |  */
5 | export function createMinimalDOM() {
6 |   document.body.innerHTML = `
      ^
ReferenceError: document is not defined
      at createMinimalDOM (/Users/justin/Documents/Github/Megabonk/tests/helpers/dom-setup.js:6:3)
      at <anonymous> (/Users/justin/Documents/Github/Megabonk/tests/unit/accessibility.test.js:595:5)
(fail) WCAG Compliance Checks > WCAG 2.1 Level A > should have text alternatives for non-text content (1.1.1) [1284279626.85ms]
(fail) WCAG Compliance Checks > WCAG 2.1 Level A > should have text alternatives for non-text content (1.1.1)
1 | /**
2 |  * Creates a minimal DOM structure for testing specific components
3 |  * This is useful when tests need a lighter-weight DOM than the full index.html
4 |  */
5 | export function createMinimalDOM() {
6 |   document.body.innerHTML = `
      ^
ReferenceError: document is not defined
      at createMinimalDOM (/Users/justin/Documents/Github/Megabonk/tests/helpers/dom-setup.js:6:3)
      at <anonymous> (/Users/justin/Documents/Github/Megabonk/tests/unit/accessibility.test.js:595:5)
(fail) WCAG Compliance Checks > WCAG 2.1 Level A > should have meaningful link text (2.4.4) [1284279626.87ms]
(fail) WCAG Compliance Checks > WCAG 2.1 Level A > should have meaningful link text (2.4.4)
1 | /**
2 |  * Creates a minimal DOM structure for testing specific components
3 |  * This is useful when tests need a lighter-weight DOM than the full index.html
4 |  */
5 | export function createMinimalDOM() {
6 |   document.body.innerHTML = `
      ^
ReferenceError: document is not defined
      at createMinimalDOM (/Users/justin/Documents/Github/Megabonk/tests/helpers/dom-setup.js:6:3)
      at <anonymous> (/Users/justin/Documents/Github/Megabonk/tests/unit/accessibility.test.js:595:5)
(fail) WCAG Compliance Checks > WCAG 2.1 Level A > should have keyboard accessible elements (2.1.1) [1284279626.88ms]
(fail) WCAG Compliance Checks > WCAG 2.1 Level A > should have keyboard accessible elements (2.1.1)
1 | /**
2 |  * Creates a minimal DOM structure for testing specific components
3 |  * This is useful when tests need a lighter-weight DOM than the full index.html
4 |  */
5 | export function createMinimalDOM() {
6 |   document.body.innerHTML = `
      ^
ReferenceError: document is not defined
      at createMinimalDOM (/Users/justin/Documents/Github/Megabonk/tests/helpers/dom-setup.js:6:3)
      at <anonymous> (/Users/justin/Documents/Github/Megabonk/tests/unit/accessibility.test.js:595:5)
(fail) WCAG Compliance Checks > WCAG 2.1 Level A > should not use keyboard traps (2.1.2) [1284279626.90ms]
(fail) WCAG Compliance Checks > WCAG 2.1 Level A > should not use keyboard traps (2.1.2)
1 | /**
2 |  * Creates a minimal DOM structure for testing specific components
3 |  * This is useful when tests need a lighter-weight DOM than the full index.html
4 |  */
5 | export function createMinimalDOM() {
6 |   document.body.innerHTML = `
      ^
ReferenceError: document is not defined
      at createMinimalDOM (/Users/justin/Documents/Github/Megabonk/tests/helpers/dom-setup.js:6:3)
      at <anonymous> (/Users/justin/Documents/Github/Megabonk/tests/unit/accessibility.test.js:595:5)
(fail) WCAG Compliance Checks > WCAG 2.1 Level A > should have proper form labels (3.3.2) [1284279626.90ms]
(fail) WCAG Compliance Checks > P@/  ave proper form labels (3.3.2)
1 | /**
2 |  * Creates a minimal DOM structure for testing specific components
3 |  * This is useful when tests need a lighter-weight DOM than the full index.html
4 |  */
5 | export function createMinimalDOM() {
6 |   document.body.innerHTML = `
      ^
ReferenceError: document is not defined
      at createMinimalDOM (/Users/justin/Documents/Github/Megabonk/tests/helpers/dom-setup.js:6:3)
      at <anonymous> (/Users/justin/Documents/Github/Megabonk/tests/unit/accessibility.test.js:595:5)
(fail) WCAG Compliance Checks > WCAG 2.1 Level AA > should have visible focus indicators (2.4.7) [1284279626.92ms]
(fail) WCAG Compliance Checks > WCAG 2.1 Level AA > should have visible focus indicators (2.4.7)
1 | /**
2 |  * Creates a minimal DOM structure for testing specific components
3 |  * This is useful when tests need a lighter-weight DOM than the full index.html
4 |  */
5 | export function createMinimalDOM() {
6 |   document.body.innerHTML = `
      ^
ReferenceError: document is not defined
      at createMinimalDOM (/Users/justin/Documents/Github/Megabonk/tests/helpers/dom-setup.js:6:3)
      at <anonymous> (/Users/justin/Documents/Github/Megabonk/tests/unit/accessibility.test.js:595:5)
(fail) WCAG Compliance Checks > WCAG 2.1 Level AA > should have consistent navigation (3.2.3) [1284279626.93ms]
(fail) WCAG Compliance Checks > ∞@/  ave consistent navigation (3.2.3)

tests/unit/error-boundary.test.js:

# Unhandled error between tests
-------------------------------
1 | import { describe, it, expect, beforeEach, vi } from 'vitest';
2 | 
3 | // Mock dependencies before importing module
4 | vi.mock('../../src/modules/toast.ts', () => ({
       ^
TypeError: vi.mock is not a function. (In 'vi.mock("../../src/modules/toast.ts", () => ({
  ToastManager: {
    error: vi.fn(),
    success: vi.fn(),
    warning: vi.fn(),
    info: vi.fn()
  }
}))', 'vi.mock' is undefined)
      at /Users/justin/Documents/Github/Megabonk/tests/unit/error-boundary.test.js:4:4
      at loadAndEvaluateModule (2:1)
-------------------------------


tests/unit/constants.test.js:
(pass) Constants Module > TIER_ORDER > should have correct tier rankings (lower is better)
(pass) Constants Module > TIER_ORDER > should have SS as highest tier (lowest number)
(pass) Constants Module > TIER_ORDER > should be frozen/immutable
(pass) Constants Module > TIER_ORDER > should not allow modification
(pass) Constants Module > RARITY_ORDER > should have correct rarity rankings (lower is rarer)
(pass) Constants Module > RARITY_ORDER > should have legendary as rarest (lowest number)
(pass) Constants Module > RARITY_ORDER > should be frozen/immutable
(pass) Constants Module > ITEM_IDS > should have all expected item IDs
(pass) Constants Module > ITEM_IDS > should be frozen/immutable
(pass) Constants Module > ITEM_IDS > should have consistent ID format (snake_case) [0.04ms]
(pass) Constants Module > ITEM_EFFECTS > should have effects for all known ITEM_IDS
(pass) Constants Module > ITEM_EFFECTS > should have correct effect types
(pass) Constants Module > ITEM_EFFECTS > should have correct stat targets
(pass) Constants Module > ITEM_EFFECTS > should have numeric values for all effects [0.01ms]
(pass) Constants Module > ITEM_EFFECTS > should be frozen/immutable
(pass) Constants Module > ITEM_EFFECTS > should have valid effect types [0.02ms]
(pass) Constants Module > DEFAULT_BUILD_STATS > should have correct default values [0.01ms]
(pass) Constants Module > DEFAULT_BUILD_STATS > should be frozen/immutable
(pass) Constants Module > DEFAULT_BUILD_STATS > should have all numeric values
(pass) Constants Module > DEFAULT_BUILD_STATS > should have all expected stat keys [0.01ms]
(pass) Constants Module > Magic number constants > should have correct MAX_COMPARE_ITEMS value
(pass) Constants Module > Magic number constants > should have correct BUILD_ITEMS_LIMIT value
(pass) Constants Module > VALID_TIERS > should contain all valid tier values [0.01ms]
(pass) Constants Module > VALID_TIERS > should have exactly 5 tiers
(pass) Constants Module > VALID_TIERS > should be frozen/immutable
(pass) Constants Module > VALID_RARITIES > should contain all valid rarity values [0.01ms]
(pass) Constants Module > VALID_RARITIES > should have exactly 5 rarities
(pass) Constants Module > VALID_RARITIES > should be frozen/immutable
(pass) Constants Module > Consistency checks > should have TIER_ORDER keys match VALID_TIERS
(pass) Constants Module > Consistency checks > should have RARITY_ORDER keys match VALID_RARITIES [0.01ms]

tests/unit/charts-full.test.js:

# Unhandled error between tests
-------------------------------
 5 | globalThis.__chartCalls = [];
 6 | globalThis.__mockChartDestroy = vi.fn();
 7 | 
 8 | // Mock chart-loader before importing charts
 9 | // The factory must be fully self-contained since vi.mock is hoisted
10 | vi.mock('../../src/modules/chart-loader.ts', () => {
        ^
TypeError: vi.mock is not a function. (In 'vi.mock("../../src/modules/chart-loader.ts", () => {
  return {
    Chart: function(ctx, config) {
      globalThis.__chartCalls.push([ctx, config]);
      this.ctx = ctx;
      this.config = config;
      this.data = config.data;
      this.options = config.options;
      this.destroy = globalThis.__mockChartDestroy;
    }
  };
})', 'vi.mock' is undefined)
      at /Users/justin/Documents/Github/Megabonk/tests/unit/charts-full.test.js:10:4
      at loadAndEvaluateModule (2:1)
-------------------------------


tests/unit/asset-validation.test.js:
(pass) Image File Existence > Item Images > all item images should exist on disk [0.21ms]
(pass) Image File Existence > Item Images > all item image paths should follow naming convention [0.14ms]
(pass) Image File Existence > Weapon Images > all weapon images should exist on disk [0.08ms]
(pass) Image File Existence > Weapon Images > all weapon image paths should follow naming convention [0.01ms]
(pass) Image File Existence > Character Images > all character images should exist on disk [0.07ms]
(pass) Image File Existence > Character Images > all character image paths should follow naming convention [0.03ms]
(pass) Image File Existence > Tome Images > all tome images should exist on disk [0.06ms]
(pass) Image File Existence > Tome Images > all tome image paths should follow naming convention [0.01ms]
(pass) Image File Existence > No Orphaned Images > all item images in directory should be referenced in data [0.33ms]
(pass) Image File Existence > No Orphaned Images > all weapon images in directory should be referenced in data [0.09ms]
(pass) Graph Data Validation > Item Scaling Data > all items should have valid graph_type values [0.03ms]
(pass) Graph Data Validation > Item Scaling Data > items with scaling_per_stack should have exactly 10 values [0.03ms]
(pass) Graph Data Validation > Item Scaling Data > scaling_per_stack values should be numbers [0.05ms]
(pass) Graph Data Validation > Item Scaling Data > items with graph_type should have scaling_per_stack (unless flat or one_and_done) [0.04ms]
(pass) Graph Data Validation > Item Scaling Data > scaling values should be monotonically increasing for linear scaling items [0.05ms]
(pass) Graph Data Validation > Item Scaling Data > capped items should have plateau in scaling values [0.09ms]
(pass) Graph Data Validation > Tome Progression Data > all tomes should have value_per_level for chart generation [0.02ms]
(pass) Graph Data Validation > Tome Progression Data > value_per_level should contain parseable numeric value or known exception [0.12ms]
(pass) Graph Data Validation > Tome Progression Data > all tomes should have stat_affected for chart labeling [0.01ms]
(pass) Graph Data Validation > Hyperbolic Scaling Items > hyperbolic items should have valid hyperbolic_constant [0.03ms]
(pass) Image-Data Consistency > image filename should match item id [0.08ms]
(pass) Image-Data Consistency > image filename should match weapon id [0.03ms]
(pass) Image-Data Consistency > image filename should match character id [0.04ms]
(pass) Image-Data Consistency > image filename should match tome id [0.01ms]

tests/unit/calculator-edge-cases.test.js:
1 | /**
2 |  * Creates a minimal DOM structure for testing specific components
3 |  * This is useful when tests need a lighter-weight DOM than the full index.html
4 |  */
5 | export function createMinimalDOM() {
6 |   document.body.innerHTML = `
      ^
ReferenceError: document is not defined
      at createMinimalDOM (/Users/justin/Documents/Github/Megabonk/tests/helpers/dom-setup.js:6:3)
      at <anonymous> (/Users/justin/Documents/Github/Megabonk/tests/unit/calculator-edge-cases.test.js:12:9)
(fail) Calculator Array Edge Cases > scaling_per_stack validation > should return error for empty scaling_per_stack array [1284279671.50ms]
(fail) Calculator Array Edge Cases > scaling_per_stack validation > should return error for empty scaling_per_stack array
1 | /**
2 |  * Creates a minimal DOM structure for testing specific components
3 |  * This is useful when tests need a lighter-weight DOM than the full index.html
4 |  */
5 | export function createMinimalDOM() {
6 |   document.body.innerHTML = `
      ^
ReferenceError: document is not defined
      at createMinimalDOM (/Users/justin/Documents/Github/Megabonk/tests/helpers/dom-setup.js:6:3)
      at <anonymous> (/Users/justin/Documents/Github/Megabonk/tests/unit/calculator-edge-cases.test.js:12:9)
(fail) Calculator Array Edge Cases > scaling_per_stack validation > should return error for null scaling_per_stack [1284279671.53ms]
(fail) Calculator Array Edge Cases > scaling_per_stack validation > should return error for null scaling_per_stack
1 | /**
2 |  * Creates a minimal DOM structure for testing specific components
3 |  * This is useful when tests need a lighter-weight DOM than the full index.html
4 |  */
5 | export function createMinimalDOM() {
6 |   document.body.innerHTML = `
      ^
ReferenceError: document is not defined
      at createMinimalDOM (/Users/justin/Documents/Github/Megabonk/tests/helpers/dom-setup.js:6:3)
      at <anonymous> (/Users/justin/Documents/Github/Megabonk/tests/unit/calculator-edge-cases.test.js:12:9)
(fail) Calculator Array Edge Cases > scaling_per_stack validation > should return error for undefined scaling_per_stack [1284279671.56ms]
(fail) Calculator Array Edge Cases > scaling_per_stack validation > should return error for undefined scaling_per_stack
1 | /**
2 |  * Creates a minimal DOM structure for testing specific components
3 |  * This is useful when tests need a lighter-weight DOM than the full index.html
4 |  */
5 | export function createMinimalDOM() {
6 |   document.body.innerHTML = `
      ^
ReferenceError: document is not defined
      at createMinimalDOM (/Users/justin/Documents/Github/Megabonk/tests/helpers/dom-setup.js:6:3)
      at <anonymous> (/Users/justin/Documents/Github/Megabonk/tests/unit/calculator-edge-cases.test.js:12:9)
(fail) Calculator Array Edge Cases > scaling_per_stack validation > should return error when first value is undefined [1284279671.57ms]
(fail) Calculator Array Edge Cases > scaling_per_stack validation > should return error when first value is undefined
1 | /**
2 |  * Creates a minimal DOM structure for testing specific components
3 |  * This is useful when tests need a lighter-weight DOM than the full index.html
4 |  */
5 | export function createMinimalDOM() {
6 |   document.body.innerHTML = `
      ^
ReferenceError: document is not defined
      at createMinimalDOM (/Users/justin/Documents/Github/Megabonk/tests/helpers/dom-setup.js:6:3)
      at <anonymous> (/Users/justin/Documents/Github/Megabonk/tests/unit/calculator-edge-cases.test.js:12:9)
(fail) Calculator Array Edge Cases > scaling_per_stack validation > should return error when first value is null [1284279671.61ms]
(fail) Calculator Array Edge Cases > scaling_per_stack validation > should return error when first value is null
1 | /**
2 |  * Creates a minimal DOM structure for testing specific components
3 |  * This is useful when tests need a lighter-weight DOM than the full index.html
4 |  */
5 | export function createMinimalDOM() {
6 |   document.body.innerHTML = `
      ^
ReferenceError: document is not defined
      at createMinimalDOM (/Users/justin/Documents/Github/Megabonk/tests/helpers/dom-setup.js:6:3)
      at <anonymous> (/Users/justin/Documents/Github/Megabonk/tests/unit/calculator-edge-cases.test.js:12:9)
(fail) Calculator Array Edge Cases > scaling_per_stack validation > should return error when first value is zero [1284279671.65ms]
(fail) Calculator Array Edge Cases > scaling_per_stack validation > should return error when first value is zero
1 | /**
2 |  * Creates a minimal DOM structure for testing specific components
3 |  * This is useful when tests need a lighter-weight DOM than the full index.html
4 |  */
5 | export function createMinimalDOM() {
6 |   document.body.innerHTML = `
      ^
ReferenceError: document is not defined
      at createMinimalDOM (/Users/justin/Documents/Github/Megabonk/tests/helpers/dom-setup.js:6:3)
      at <anonymous> (/Users/justin/Documents/Github/Megabonk/tests/unit/calculator-edge-cases.test.js:12:9)
(fail) Calculator Array Edge Cases > scaling_per_stack validation > should return error when first value is negative [1284279671.66ms]
(fail) Calculator Array Edge Cases > scaling_per_stack validation > should return error when first value is negative
1 | /**
2 |  * Creates a minimal DOM structure for testing specific components
3 |  * This is useful when tests need a lighter-weight DOM than the full index.html
4 |  */
5 | export function createMinimalDOM() {
6 |   document.body.innerHTML = `
      ^
ReferenceError: document is not defined
      at createMinimalDOM (/Users/justin/Documents/Github/Megabonk/tests/helpers/dom-setup.js:6:3)
      at <anonymous> (/Users/justin/Documents/Github/Megabonk/tests/unit/calculator-edge-cases.test.js:12:9)
(fail) Calculator Array Edge Cases > scaling_per_stack validation > should return error when first value is NaN [1284279671.68ms]
(fail) Calculator Array Edge Cases > scaling_per_stack validation > should return error when first value is NaN
1 | /**
2 |  * Creates a minimal DOM structure for testing specific components
3 |  * This is useful when tests need a lighter-weight DOM than the full index.html
4 |  */
5 | export function createMinimalDOM() {
6 |   document.body.innerHTML = `
      ^
ReferenceError: document is not defined
      at createMinimalDOM (/Users/justin/Documents/Github/Megabonk/tests/helpers/dom-setup.js:6:3)
      at <anonymous> (/Users/justin/Documents/Github/Megabonk/tests/unit/calculator-edge-cases.test.js:12:9)
(fail) Calculator Array Edge Cases > scaling_per_stack validation > should return error when first value is Infinity [1284279671.69ms]
(fail) Calculator Array Edge Cases > scaling_per_stack validation > should return error when first value is Infinity
1 | /**
2 |  * Creates a minimal DOM structure for testing specific components
3 |  * This is useful when tests need a lighter-weight DOM than the full index.html
4 |  */
5 | export function createMinimalDOM() {
6 |   document.body.innerHTML = `
      ^
ReferenceError: document is not defined
      at createMinimalDOM (/Users/justin/Documents/Github/Megabonk/tests/helpers/dom-setup.js:6:3)
      at <anonymous> (/Users/justin/Documents/Github/Megabonk/tests/unit/calculator-edge-cases.test.js:12:9)
(fail) Calculator Array Edge Cases > scaling_per_stack validation > should return error when first value is a string [1284279671.72ms]
(fail) Calculator Array Edge Cases >  @/  eturn error when first value is a string
1 | /**
2 |  * Creates a minimal DOM structure for testing specific components
3 |  * This is useful when tests need a lighter-weight DOM than the full index.html
4 |  */
5 | export function createMinimalDOM() {
6 |   document.body.innerHTML = `
      ^
ReferenceError: document is not defined
      at createMinimalDOM (/Users/justin/Documents/Github/Megabonk/tests/helpers/dom-setup.js:6:3)
      at <anonymous> (/Users/justin/Documents/Github/Megabonk/tests/unit/calculator-edge-cases.test.js:12:9)
(fail) Calculator Array Edge Cases > valid scaling calculations > should calculate correctly with valid positive first value [1284279671.75ms]
(fail) Calculator Array Edge Cases > valid scaling calculations > should calculate correctly with valid positive first value
1 | /**
2 |  * Creates a minimal DOM structure for testing specific components
3 |  * This is useful when tests need a lighter-weight DOM than the full index.html
4 |  */
5 | export function createMinimalDOM() {
6 |   document.body.innerHTML = `
      ^
ReferenceError: document is not defined
      at createMinimalDOM (/Users/justin/Documents/Github/Megabonk/tests/helpers/dom-setup.js:6:3)
      at <anonymous> (/Users/justin/Documents/Github/Megabonk/tests/unit/calculator-edge-cases.test.js:12:9)
(fail) Calculator Array Edge Cases > valid scaling calculations > should handle decimal first values [1284279671.76ms]
(fail) Calculator Array Edge Cases > valid scaling calculations > should handle decimal first values
1 | /**
2 |  * Creates a minimal DOM structure for testing specific components
3 |  * This is useful when tests need a lighter-weight DOM than the full index.html
4 |  */
5 | export function createMinimalDOM() {
6 |   document.body.innerHTML = `
      ^
ReferenceError: document is not defined
      at createMinimalDOM (/Users/justin/Documents/Github/Megabonk/tests/helpers/dom-setup.js:6:3)
      at <anonymous> (/Users/justin/Documents/Github/Megabonk/tests/unit/calculator-edge-cases.test.js:12:9)
(fail) Calculator Array Edge Cases > valid scaling calculations > should cap stacks when stack_cap is reached [1284279671.79ms]
(fail) Calculator Array Edge Cases > Ä@/  ap stacks when stack_cap is reached
1 | /**
2 |  * Creates a minimal DOM structure for testing specific components
3 |  * This is useful when tests need a lighter-weight DOM than the full index.html
4 |  */
5 | export function createMinimalDOM() {
6 |   document.body.innerHTML = `
      ^
ReferenceError: document is not defined
      at createMinimalDOM (/Users/justin/Documents/Github/Megabonk/tests/helpers/dom-setup.js:6:3)
      at <anonymous> (/Users/justin/Documents/Github/Megabonk/tests/unit/calculator-edge-cases.test.js:12:9)
(fail) Calculator Array Edge Cases > item lookup > should return error for non-existent item [1284279671.82ms]
(fail) Calculator Array Edge Cases > item lookup > should return error for non-existent item
1 | /**
2 |  * Creates a minimal DOM structure for testing specific components
3 |  * This is useful when tests need a lighter-weight DOM than the full index.html
4 |  */
5 | export function createMinimalDOM() {
6 |   document.body.innerHTML = `
      ^
ReferenceError: document is not defined
      at createMinimalDOM (/Users/justin/Documents/Github/Megabonk/tests/helpers/dom-setup.js:6:3)
      at <anonymous> (/Users/justin/Documents/Github/Megabonk/tests/unit/calculator-edge-cases.test.js:12:9)
(fail) Calculator Array Edge Cases > item lookup > should find item by id correctly [1284279671.85ms]
(fail) Calculator Array Edge Cases > `@/  ind item by id correctly

tests/unit/rendering.test.js:
(pass) renderItemCard() > should render item with name and tier [0.16ms]
(pass) renderItemCard() > should render item with rarity [0.02ms]
(pass) renderItemCard() > should render base effect
(pass) renderItemCard() > should render stacking indicator for stacks_well items
(pass) renderItemCard() > should render one_and_done indicator [0.01ms]
(pass) renderItemCard() > should render view details button with correct ID [0.01ms]
(pass) renderItemCard() > should render compare checkbox [0.01ms]
(pass) renderItemCard() > should handle missing optional fields
(pass) renderWeaponCard() > should render weapon with name and tier [0.04ms]
(pass) renderWeaponCard() > should render damage stat
(pass) renderWeaponCard() > should render crit chance when present
(pass) renderWeaponCard() > should not render crit chance when zero [0.02ms]
(pass) renderWeaponCard() > should render description [0.01ms]
(pass) renderWeaponCard() > should have weapon-card class
(pass) renderCharacterCard() > should render character with name and tier [0.03ms]
(pass) renderCharacterCard() > should render HP stat
(pass) renderCharacterCard() > should render damage stat [0.01ms]
(pass) renderCharacterCard() > should render passive ability [0.02ms]
(pass) renderCharacterCard() > should have character-card class
(pass) renderTomeCard() > should render tome with name and tier [0.02ms]
(pass) renderTomeCard() > should render base effect
(pass) renderTomeCard() > should have tome-card class
(pass) renderShrineCard() > should render shrine with name [0.03ms]
(pass) renderShrineCard() > should render shrine type
(pass) renderShrineCard() > should render effect
(pass) renderShrineCard() > should have shrine-card class
(pass) renderStatCard() > should render label and value [0.02ms]
(pass) renderStatCard() > should render icon when provided
(pass) renderStatCard() > should handle string values
(pass) renderStatCard() > should handle percentage values
(pass) getTierBadgeClass() > should return correct class for SS tier
(pass) getTierBadgeClass() > should return correct class for S tier
(pass) getTierBadgeClass() > should return correct class for A tier
(pass) getTierBadgeClass() > should return correct class for B tier
(pass) getTierBadgeClass() > should return correct class for C tier
(pass) getTierBadgeClass() > should return default class for unknown tier
(pass) getRarityBadgeClass() > should return correct class for legendary
(pass) getRarityBadgeClass() > should return correct class for epic [0.03ms]
(pass) getRarityBadgeClass() > should return correct class for rare
(pass) getRarityBadgeClass() > should return correct class for uncommon
(pass) getRarityBadgeClass() > should return correct class for common
(pass) getRarityBadgeClass() > should return empty string for unknown rarity
(pass) Rendering Edge Cases > should escape HTML in item names [0.02ms]
(pass) Rendering Edge Cases > should handle empty strings
(pass) Rendering Edge Cases > should handle null values gracefully [0.03ms]
(pass) Rendering Edge Cases > should handle numeric values

tests/unit/global-search.test.js:
1 | /**
2 |  * Creates a minimal DOM structure for testing specific components
3 |  * This is useful when tests need a lighter-weight DOM than the full index.html
4 |  */
5 | export function createMinimalDOM() {
6 |   document.body.innerHTML = `
      ^
ReferenceError: document is not defined
      at createMinimalDOM (/Users/justin/Documents/Github/Megabonk/tests/helpers/dom-setup.js:6:3)
      at <anonymous> (/Users/justin/Documents/Github/Megabonk/tests/unit/global-search.test.js:19:9)
(fail) Global Search Functionality > globalSearch() > should return empty array for empty query [1284279675.83ms]
(fail) Global Search Functionality > globalSearch() > should return empty array for empty query
1 | /**
2 |  * Creates a minimal DOM structure for testing specific components
3 |  * This is useful when tests need a lighter-weight DOM than the full index.html
4 |  */
5 | export function createMinimalDOM() {
6 |   document.body.innerHTML = `
      ^
ReferenceError: document is not defined
      at createMinimalDOM (/Users/justin/Documents/Github/Megabonk/tests/helpers/dom-setup.js:6:3)
      at <anonymous> (/Users/justin/Documents/Github/Megabonk/tests/unit/global-search.test.js:19:9)
(fail) Global Search Functionality > globalSearch() > should return empty array for whitespace-only query [1284279675.86ms]
(fail) Global Search Functionality > globalSearch() > should return empty array for whitespace-only query
1 | /**
2 |  * Creates a minimal DOM structure for testing specific components
3 |  * This is useful when tests need a lighter-weight DOM than the full index.html
4 |  */
5 | export function createMinimalDOM() {
6 |   document.body.innerHTML = `
      ^
ReferenceError: document is not defined
      at createMinimalDOM (/Users/justin/Documents/Github/Megabonk/tests/helpers/dom-setup.js:6:3)
      at <anonymous> (/Users/justin/Documents/Github/Megabonk/tests/unit/global-search.test.js:19:9)
(fail) Global Search Functionality > globalSearch() > should find items by name [1284279675.92ms]
(fail) Global Search Functionality > globalSearch() > should find items by name
1 | /**
2 |  * Creates a minimal DOM structure for testing specific components
3 |  * This is useful when tests need a lighter-weight DOM than the full index.html
4 |  */
5 | export function createMinimalDOM() {
6 |   document.body.innerHTML = `
      ^
ReferenceError: document is not defined
      at createMinimalDOM (/Users/justin/Documents/Github/Megabonk/tests/helpers/dom-setup.js:6:3)
      at <anonymous> (/Users/justin/Documents/Github/Megabonk/tests/unit/global-search.test.js:19:9)
(fail) Global Search Functionality > globalSearch() > should find weapons by name [1284279675.92ms]
(fail) Global Search Functionality > globalSearch() > should find weapons by name
1 | /**
2 |  * Creates a minimal DOM structure for testing specific components
3 |  * This is useful when tests need a lighter-weight DOM than the full index.html
4 |  */
5 | export function createMinimalDOM() {
6 |   document.body.innerHTML = `
      ^
ReferenceError: document is not defined
      at createMinimalDOM (/Users/justin/Documents/Github/Megabonk/tests/helpers/dom-setup.js:6:3)
      at <anonymous> (/Users/justin/Documents/Github/Megabonk/tests/unit/global-search.test.js:19:9)
(fail) Global Search Functionality > globalSearch() > should find tomes by name [1284279675.95ms]
(fail) Global Search Functionality > globalSearch() > should find tomes by name
1 | /**
2 |  * Creates a minimal DOM structure for testing specific components
3 |  * This is useful when tests need a lighter-weight DOM than the full index.html
4 |  */
5 | export function createMinimalDOM() {
6 |   document.body.innerHTML = `
      ^
ReferenceError: document is not defined
      at createMinimalDOM (/Users/justin/Documents/Github/Megabonk/tests/helpers/dom-setup.js:6:3)
      at <anonymous> (/Users/justin/Documents/Github/Megabonk/tests/unit/global-search.test.js:19:9)
(fail) Global Search Functionality > globalSearch() > should find characters by name [1284279675.96ms]
(fail) Global Search Functionality > globalSearch() > should find characters by name
1 | /**
2 |  * Creates a minimal DOM structure for testing specific components
3 |  * This is useful when tests need a lighter-weight DOM than the full index.html
4 |  */
5 | export function createMinimalDOM() {
6 |   document.body.innerHTML = `
      ^
ReferenceError: document is not defined
      at createMinimalDOM (/Users/justin/Documents/Github/Megabonk/tests/helpers/dom-setup.js:6:3)
      at <anonymous> (/Users/justin/Documents/Github/Megabonk/tests/unit/global-search.test.js:19:9)
(fail) Global Search Functionality > globalSearch() > should find shrines by name [1284279675.98ms]
(fail) Global Search Functionality > globalSearch() > should find shrines by name
1 | /**
2 |  * Creates a minimal DOM structure for testing specific components
3 |  * This is useful when tests need a lighter-weight DOM than the full index.html
4 |  */
5 | export function createMinimalDOM() {
6 |   document.body.innerHTML = `
      ^
ReferenceError: document is not defined
      at createMinimalDOM (/Users/justin/Documents/Github/Megabonk/tests/helpers/dom-setup.js:6:3)
      at <anonymous> (/Users/justin/Documents/Github/Megabonk/tests/unit/global-search.test.js:19:9)
(fail) Global Search Functionality > globalSearch() > should search across all data types simultaneously [1284279676.00ms]
(fail) Global Search Functionality > globalSearch() > should search across all data types simultaneously
1 | /**
2 |  * Creates a minimal DOM structure for testing specific components
3 |  * This is useful when tests need a lighter-weight DOM than the full index.html
4 |  */
5 | export function createMinimalDOM() {
6 |   document.body.innerHTML = `
      ^
ReferenceError: document is not defined
      at createMinimalDOM (/Users/justin/Documents/Github/Megabonk/tests/helpers/dom-setup.js:6:3)
      at <anonymous> (/Users/justin/Documents/Github/Megabonk/tests/unit/global-search.test.js:19:9)
(fail) Global Search Functionality > globalSearch() > should be case insensitive [1284279676.02ms]
(fail) Global Search Functionality > globalSearch() > should be case insensitive
1 | /**
2 |  * Creates a minimal DOM structure for testing specific components
3 |  * This is useful when tests need a lighter-weight DOM than the full index.html
4 |  */
5 | export function createMinimalDOM() {
6 |   document.body.innerHTML = `
      ^
ReferenceError: document is not defined
      at createMinimalDOM (/Users/justin/Documents/Github/Megabonk/tests/helpers/dom-setup.js:6:3)
      at <anonymous> (/Users/justin/Documents/Github/Megabonk/tests/unit/global-search.test.js:19:9)
(fail) Global Search Functionality > globalSearch() > should sort results by score (highest first) [1284279676.03ms]
(fail) Global Search Functionality > globalSearch() > should sort results by score (highest first)
1 | /**
2 |  * Creates a minimal DOM structure for testing specific components
3 |  * This is useful when tests need a lighter-weight DOM than the full index.html
4 |  */
5 | export function createMinimalDOM() {
6 |   document.body.innerHTML = `
      ^
ReferenceError: document is not defined
      at createMinimalDOM (/Users/justin/Documents/Github/Megabonk/tests/helpers/dom-setup.js:6:3)
      at <anonymous> (/Users/justin/Documents/Github/Megabonk/tests/unit/global-search.test.js:19:9)
(fail) Global Search Functionality > globalSearch() > should include score in results [1284279676.04ms]
(fail) Global Search Functionality > globalSearch() > should include score in results
1 | /**
2 |  * Creates a minimal DOM structure for testing specific components
3 |  * This is useful when tests need a lighter-weight DOM than the full index.html
4 |  */
5 | export function createMinimalDOM() {
6 |   document.body.innerHTML = `
      ^
ReferenceError: document is not defined
      at createMinimalDOM (/Users/justin/Documents/Github/Megabonk/tests/helpers/dom-setup.js:6:3)
      at <anonymous> (/Users/justin/Documents/Github/Megabonk/tests/unit/global-search.test.js:19:9)
(fail) Global Search Functionality > globalSearch() > should include type in results [1284279676.07ms]
(fail) Global Search Functionality > globalSearch() > should include type in results
1 | /**
2 |  * Creates a minimal DOM structure for testing specific components
3 |  * This is useful when tests need a lighter-weight DOM than the full index.html
4 |  */
5 | export function createMinimalDOM() {
6 |   document.body.innerHTML = `
      ^
ReferenceError: document is not defined
      at createMinimalDOM (/Users/justin/Documents/Github/Megabonk/tests/helpers/dom-setup.js:6:3)
      at <anonymous> (/Users/justin/Documents/Github/Megabonk/tests/unit/global-search.test.js:19:9)
(fail) Global Search Functionality > globalSearch() > should include the item/entity in results [1284279676.09ms]
(fail) Global Search Functionality > globalSearch() > should include the item/entity in results
1 | /**
2 |  * Creates a minimal DOM structure for testing specific components
3 |  * This is useful when tests need a lighter-weight DOM than the full index.html
4 |  */
5 | export function createMinimalDOM() {
6 |   document.body.innerHTML = `
      ^
ReferenceError: document is not defined
      at createMinimalDOM (/Users/justin/Documents/Github/Megabonk/tests/helpers/dom-setup.js:6:3)
      at <anonymous> (/Users/justin/Documents/Github/Megabonk/tests/unit/global-search.test.js:19:9)
(fail) Global Search Functionality > globalSearch() > should search item descriptions [1284279676.10ms]
(fail) Global Search Functionality > globalSearch() > should search item descriptions
1 | /**
2 |  * Creates a minimal DOM structure for testing specific components
3 |  * This is useful when tests need a lighter-weight DOM than the full index.html
4 |  */
5 | export function createMinimalDOM() {
6 |   document.body.innerHTML = `
      ^
ReferenceError: document is not defined
      at createMinimalDOM (/Users/justin/Documents/Github/Megabonk/tests/helpers/dom-setup.js:6:3)
      at <anonymous> (/Users/justin/Documents/Github/Megabonk/tests/unit/global-search.test.js:19:9)
(fail) Global Search Functionality > globalSearch() > should search item base_effect field [1284279676.11ms]
(fail) Global Search Functionality > globalSearch() > should search item base_effect field
1 | /**
2 |  * Creates a minimal DOM structure for testing specific components
3 |  * This is useful when tests need a lighter-weight DOM than the full index.html
4 |  */
5 | export function createMinimalDOM() {
6 |   document.body.innerHTML = `
      ^
ReferenceError: document is not defined
      at createMinimalDOM (/Users/justin/Documents/Github/Megabonk/tests/helpers/dom-setup.js:6:3)
      at <anonymous> (/Users/justin/Documents/Github/Megabonk/tests/unit/global-search.test.js:19:9)
(fail) Global Search Functionality > globalSearch() > should search character passive ability [1284279676.13ms]
(fail) Global Search Functionality > globalSearch() > should search character passive ability
1 | /**
2 |  * Creates a minimal DOM structure for testing specific components
3 |  * This is useful when tests need a lighter-weight DOM than the full index.html
4 |  */
5 | export function createMinimalDOM() {
6 |   document.body.innerHTML = `
      ^
ReferenceError: document is not defined
      at createMinimalDOM (/Users/justin/Documents/Github/Megabonk/tests/helpers/dom-setup.js:6:3)
      at <anonymous> (/Users/justin/Documents/Github/Megabonk/tests/unit/global-search.test.js:19:9)
(fail) Global Search Functionality > globalSearch() > should handle missing data gracefully [1284279676.14ms]
(fail) Global Search Functionality > globalSearch() > should handle missing data gracefully
1 | /**
2 |  * Creates a minimal DOM structure for testing specific components
3 |  * This is useful when tests need a lighter-weight DOM than the full index.html
4 |  */
5 | export function createMinimalDOM() {
6 |   document.body.innerHTML = `
      ^
ReferenceError: document is not defined
      at createMinimalDOM (/Users/justin/Documents/Github/Megabonk/tests/helpers/dom-setup.js:6:3)
      at <anonymous> (/Users/justin/Documents/Github/Megabonk/tests/unit/global-search.test.js:19:9)
(fail) Global Search Functionality > globalSearch() > should handle null data gracefully [1284279676.16ms]
(fail) Global Search Functionality > globalSearch() > should handle null data gracefully
1 | /**
2 |  * Creates a minimal DOM structure for testing specific components
3 |  * This is useful when tests need a lighter-weight DOM than the full index.html
4 |  */
5 | export function createMinimalDOM() {
6 |   document.body.innerHTML = `
      ^
ReferenceError: document is not defined
      at createMinimalDOM (/Users/justin/Documents/Github/Megabonk/tests/helpers/dom-setup.js:6:3)
      at <anonymous> (/Users/justin/Documents/Github/Megabonk/tests/unit/global-search.test.js:19:9)
(fail) Global Search Functionality > globalSearch() > should return no results for non-matching query [1284279676.17ms]
(fail) Global Search Functionality > ¿!@/  eturn no results for non-matching query
1 | /**
2 |  * Creates a minimal DOM structure for testing specific components
3 |  * This is useful when tests need a lighter-weight DOM than the full index.html
4 |  */
5 | export function createMinimalDOM() {
6 |   document.body.innerHTML = `
      ^
ReferenceError: document is not defined
      at createMinimalDOM (/Users/justin/Documents/Github/Megabonk/tests/helpers/dom-setup.js:6:3)
      at <anonymous> (/Users/justin/Documents/Github/Megabonk/tests/unit/global-search.test.js:19:9)
(fail) Global Search Functionality > fuzzyMatchScore() > should give exact match highest score [1284279676.19ms]
(fail) Global Search Functionality > fuzzyMatchScore() > should give exact match highest score
1 | /**
2 |  * Creates a minimal DOM structure for testing specific components
3 |  * This is useful when tests need a lighter-weight DOM than the full index.html
4 |  */
5 | export function createMinimalDOM() {
6 |   document.body.innerHTML = `
      ^
ReferenceError: document is not defined
      at createMinimalDOM (/Users/justin/Documents/Github/Megabonk/tests/helpers/dom-setup.js:6:3)
      at <anonymous> (/Users/justin/Documents/Github/Megabonk/tests/unit/global-search.test.js:19:9)
(fail) Global Search Functionality > fuzzyMatchScore() > should give starts_with high score [1284279676.20ms]
(fail) Global Search Functionality > fuzzyMatchScore() > should give starts_with high score
1 | /**
2 |  * Creates a minimal DOM structure for testing specific components
3 |  * This is useful when tests need a lighter-weight DOM than the full index.html
4 |  */
5 | export function createMinimalDOM() {
6 |   document.body.innerHTML = `
      ^
ReferenceError: document is not defined
      at createMinimalDOM (/Users/justin/Documents/Github/Megabonk/tests/helpers/dom-setup.js:6:3)
      at <anonymous> (/Users/justin/Documents/Github/Megabonk/tests/unit/global-search.test.js:19:9)
(fail) Global Search Functionality > fuzzyMatchScore() > should give contains medium score [1284279676.21ms]
(fail) Global Search Functionality > fuzzyMatchScore() > should give contains medium score
1 | /**
2 |  * Creates a minimal DOM structure for testing specific components
3 |  * This is useful when tests need a lighter-weight DOM than the full index.html
4 |  */
5 | export function createMinimalDOM() {
6 |   document.body.innerHTML = `
      ^
ReferenceError: document is not defined
      at createMinimalDOM (/Users/justin/Documents/Github/Megabonk/tests/helpers/dom-setup.js:6:3)
      at <anonymous> (/Users/justin/Documents/Github/Megabonk/tests/unit/global-search.test.js:19:9)
(fail) Global Search Functionality > fuzzyMatchScore() > should give fuzzy match lower score [1284279676.23ms]
(fail) Global Search Functionality > fuzzyMatchScore() > should give fuzzy match lower score
1 | /**
2 |  * Creates a minimal DOM structure for testing specific components
3 |  * This is useful when tests need a lighter-weight DOM than the full index.html
4 |  */
5 | export function createMinimalDOM() {
6 |   document.body.innerHTML = `
      ^
ReferenceError: document is not defined
      at createMinimalDOM (/Users/justin/Documents/Github/Megabonk/tests/helpers/dom-setup.js:6:3)
      at <anonymous> (/Users/justin/Documents/Github/Megabonk/tests/unit/global-search.test.js:19:9)
(fail) Global Search Functionality > fuzzyMatchScore() > should return 0 score for no match [1284279676.24ms]
(fail) Global Search Functionality > fuzzyMatchScore() > should return 0 score for no match
1 | /**
2 |  * Creates a minimal DOM structure for testing specific components
3 |  * This is useful when tests need a lighter-weight DOM than the full index.html
4 |  */
5 | export function createMinimalDOM() {
6 |   document.body.innerHTML = `
      ^
ReferenceError: document is not defined
      at createMinimalDOM (/Users/justin/Documents/Github/Megabonk/tests/helpers/dom-setup.js:6:3)
      at <anonymous> (/Users/justin/Documents/Github/Megabonk/tests/unit/global-search.test.js:19:9)
(fail) Global Search Functionality > fuzzyMatchScore() > should be case insensitive [1284279676.25ms]
(fail) Global Search Functionality > fuzzyMatchScore() > should be case insensitive
1 | /**
2 |  * Creates a minimal DOM structure for testing specific components
3 |  * This is useful when tests need a lighter-weight DOM than the full index.html
4 |  */
5 | export function createMinimalDOM() {
6 |   document.body.innerHTML = `
      ^
ReferenceError: document is not defined
      at createMinimalDOM (/Users/justin/Documents/Github/Megabonk/tests/helpers/dom-setup.js:6:3)
      at <anonymous> (/Users/justin/Documents/Github/Megabonk/tests/unit/global-search.test.js:19:9)
(fail) Global Search Functionality > fuzzyMatchScore() > should handle empty search term [1284279676.26ms]
(fail) Global Search Functionality > fuzzyMatchScore() > should handle empty search term
1 | /**
2 |  * Creates a minimal DOM structure for testing specific components
3 |  * This is useful when tests need a lighter-weight DOM than the full index.html
4 |  */
5 | export function createMinimalDOM() {
6 |   document.body.innerHTML = `
      ^
ReferenceError: document is not defined
      at createMinimalDOM (/Users/justin/Documents/Github/Megabonk/tests/helpers/dom-setup.js:6:3)
      at <anonymous> (/Users/justin/Documents/Github/Megabonk/tests/unit/global-search.test.js:19:9)
(fail) Global Search Functionality > fuzzyMatchScore() > should handle empty text [1284279676.28ms]
(fail) Global Search Functionality > ‡@/  andle empty text
1 | /**
2 |  * Creates a minimal DOM structure for testing specific components
3 |  * This is useful when tests need a lighter-weight DOM than the full index.html
4 |  */
5 | export function createMinimalDOM() {
6 |   document.body.innerHTML = `
      ^
ReferenceError: document is not defined
      at createMinimalDOM (/Users/justin/Documents/Github/Megabonk/tests/helpers/dom-setup.js:6:3)
      at <anonymous> (/Users/justin/Documents/Github/Megabonk/tests/unit/global-search.test.js:19:9)
(fail) Global Search Functionality > GlobalSearchResult structure > should have correct structure for each result [1284279676.29ms]
(fail) Global Search Functionality > ‡"@/  ave correct structure for each result

tests/unit/favorites.test.js:
1 | /**
2 |  * Creates a minimal DOM structure for testing specific components
3 |  * This is useful when tests need a lighter-weight DOM than the full index.html
4 |  */
5 | export function createMinimalDOM() {
6 |   document.body.innerHTML = `
      ^
ReferenceError: document is not defined
      at createMinimalDOM (/Users/justin/Documents/Github/Megabonk/tests/helpers/dom-setup.js:6:3)
      at <anonymous> (/Users/justin/Documents/Github/Megabonk/tests/unit/favorites.test.js:13:9)
(fail) Favorites Module > loadFavorites() > should load empty favorites when localStorage is empty [1284279677.23ms]
(fail) Favorites Module > loadFavorites() > should load empty favorites when localStorage is empty
1 | /**
2 |  * Creates a minimal DOM structure for testing specific components
3 |  * This is useful when tests need a lighter-weight DOM than the full index.html
4 |  */
5 | export function createMinimalDOM() {
6 |   document.body.innerHTML = `
      ^
ReferenceError: document is not defined
      at createMinimalDOM (/Users/justin/Documents/Github/Megabonk/tests/helpers/dom-setup.js:6:3)
      at <anonymous> (/Users/justin/Documents/Github/Megabonk/tests/unit/favorites.test.js:13:9)
(fail) Favorites Module > loadFavorites() > should load existing favorites from localStorage [1284279677.25ms]
(fail) Favorites Module > loadFavorites() > should load existing favorites from localStorage
1 | /**
2 |  * Creates a minimal DOM structure for testing specific components
3 |  * This is useful when tests need a lighter-weight DOM than the full index.html
4 |  */
5 | export function createMinimalDOM() {
6 |   document.body.innerHTML = `
      ^
ReferenceError: document is not defined
      at createMinimalDOM (/Users/justin/Documents/Github/Megabonk/tests/helpers/dom-setup.js:6:3)
      at <anonymous> (/Users/justin/Documents/Github/Megabonk/tests/unit/favorites.test.js:13:9)
(fail) Favorites Module > loadFavorites() > should handle corrupted localStorage data gracefully [1284279677.26ms]
(fail) Favorites Module >  Wn@/  andle corrupted localStorage data gracefully
1 | /**
2 |  * Creates a minimal DOM structure for testing specific components
3 |  * This is useful when tests need a lighter-weight DOM than the full index.html
4 |  */
5 | export function createMinimalDOM() {
6 |   document.body.innerHTML = `
      ^
ReferenceError: document is not defined
      at createMinimalDOM (/Users/justin/Documents/Github/Megabonk/tests/helpers/dom-setup.js:6:3)
      at <anonymous> (/Users/justin/Documents/Github/Megabonk/tests/unit/favorites.test.js:13:9)
(fail) Favorites Module > isFavorite() > should return true for favorited items [1284279677.26ms]
(fail) Favorites Module > isFavorite() > should return true for favorited items
1 | /**
2 |  * Creates a minimal DOM structure for testing specific components
3 |  * This is useful when tests need a lighter-weight DOM than the full index.html
4 |  */
5 | export function createMinimalDOM() {
6 |   document.body.innerHTML = `
      ^
ReferenceError: document is not defined
      at createMinimalDOM (/Users/justin/Documents/Github/Megabonk/tests/helpers/dom-setup.js:6:3)
      at <anonymous> (/Users/justin/Documents/Github/Megabonk/tests/unit/favorites.test.js:13:9)
(fail) Favorites Module > isFavorite() > should return false for non-favorited items [1284279677.26ms]
(fail) Favorites Module > isFavorite() > should return false for non-favorited items
1 | /**
2 |  * Creates a minimal DOM structure for testing specific components
3 |  * This is useful when tests need a lighter-weight DOM than the full index.html
4 |  */
5 | export function createMinimalDOM() {
6 |   document.body.innerHTML = `
      ^
ReferenceError: document is not defined
      at createMinimalDOM (/Users/justin/Documents/Github/Megabonk/tests/helpers/dom-setup.js:6:3)
      at <anonymous> (/Users/justin/Documents/Github/Megabonk/tests/unit/favorites.test.js:13:9)
(fail) Favorites Module > isFavorite() > should return false for empty tab [1284279677.31ms]
(fail) Favorites Module > †#@/  eturn false for empty tab
1 | /**
2 |  * Creates a minimal DOM structure for testing specific components
3 |  * This is useful when tests need a lighter-weight DOM than the full index.html
4 |  */
5 | export function createMinimalDOM() {
6 |   document.body.innerHTML = `
      ^
ReferenceError: document is not defined
      at createMinimalDOM (/Users/justin/Documents/Github/Megabonk/tests/helpers/dom-setup.js:6:3)
      at <anonymous> (/Users/justin/Documents/Github/Megabonk/tests/unit/favorites.test.js:13:9)
(fail) Favorites Module > toggleFavorite() > should add item to favorites when not favorited [1284279677.33ms]
(fail) Favorites Module > toggleFavorite() > should add item to favorites when not favorited
1 | /**
2 |  * Creates a minimal DOM structure for testing specific components
3 |  * This is useful when tests need a lighter-weight DOM than the full index.html
4 |  */
5 | export function createMinimalDOM() {
6 |   document.body.innerHTML = `
      ^
ReferenceError: document is not defined
      at createMinimalDOM (/Users/justin/Documents/Github/Megabonk/tests/helpers/dom-setup.js:6:3)
      at <anonymous> (/Users/justin/Documents/Github/Megabonk/tests/unit/favorites.test.js:13:9)
(fail) Favorites Module > toggleFavorite() > should remove item from favorites when already favorited [1284279677.33ms]
(fail) Favorites Module > toggleFavorite() > should remove item from favorites when already favorited
1 | /**
2 |  * Creates a minimal DOM structure for testing specific components
3 |  * This is useful when tests need a lighter-weight DOM than the full index.html
4 |  */
5 | export function createMinimalDOM() {
6 |   document.body.innerHTML = `
      ^
ReferenceError: document is not defined
      at createMinimalDOM (/Users/justin/Documents/Github/Megabonk/tests/helpers/dom-setup.js:6:3)
      at <anonymous> (/Users/justin/Documents/Github/Megabonk/tests/unit/favorites.test.js:13:9)
(fail) Favorites Module > toggleFavorite() > should persist favorites to localStorage [1284279677.33ms]
(fail) Favorites Module > toggleFavorite() > should persist favorites to localStorage
1 | /**
2 |  * Creates a minimal DOM structure for testing specific components
3 |  * This is useful when tests need a lighter-weight DOM than the full index.html
4 |  */
5 | export function createMinimalDOM() {
6 |   document.body.innerHTML = `
      ^
ReferenceError: document is not defined
      at createMinimalDOM (/Users/justin/Documents/Github/Megabonk/tests/helpers/dom-setup.js:6:3)
      at <anonymous> (/Users/justin/Documents/Github/Megabonk/tests/unit/favorites.test.js:13:9)
(fail) Favorites Module > toggleFavorite() > should handle multiple tabs independently [1284279677.33ms]
(fail) Favorites Module > toggleFavorite() > should handle multiple tabs independently
1 | /**
2 |  * Creates a minimal DOM structure for testing specific components
3 |  * This is useful when tests need a lighter-weight DOM than the full index.html
4 |  */
5 | export function createMinimalDOM() {
6 |   document.body.innerHTML = `
      ^
ReferenceError: document is not defined
      at createMinimalDOM (/Users/justin/Documents/Github/Megabonk/tests/helpers/dom-setup.js:6:3)
      at <anonymous> (/Users/justin/Documents/Github/Megabonk/tests/unit/favorites.test.js:13:9)
(fail) Favorites Module > toggleFavorite() > should handle toggling same item multiple times [1284279677.33ms]
(fail) Favorites Module > `$@/  andle toggling same item multiple times
1 | /**
2 |  * Creates a minimal DOM structure for testing specific components
3 |  * This is useful when tests need a lighter-weight DOM than the full index.html
4 |  */
5 | export function createMinimalDOM() {
6 |   document.body.innerHTML = `
      ^
ReferenceError: document is not defined
      at createMinimalDOM (/Users/justin/Documents/Github/Megabonk/tests/helpers/dom-setup.js:6:3)
      at <anonymous> (/Users/justin/Documents/Github/Megabonk/tests/unit/favorites.test.js:13:9)
(fail) Favorites Module > getFavorites() > should return empty array for tab with no favorites [1284279677.33ms]
(fail) Favorites Module > getFavorites() > should return empty array for tab with no favorites
1 | /**
2 |  * Creates a minimal DOM structure for testing specific components
3 |  * This is useful when tests need a lighter-weight DOM than the full index.html
4 |  */
5 | export function createMinimalDOM() {
6 |   document.body.innerHTML = `
      ^
ReferenceError: document is not defined
      at createMinimalDOM (/Users/justin/Documents/Github/Megabonk/tests/helpers/dom-setup.js:6:3)
      at <anonymous> (/Users/justin/Documents/Github/Megabonk/tests/unit/favorites.test.js:13:9)
(fail) Favorites Module > getFavorites() > should return all favorites for a tab [1284279677.33ms]
(fail) Favorites Module > ê$@/  eturn all favorites for a tab
1 | /**
2 |  * Creates a minimal DOM structure for testing specific components
3 |  * This is useful when tests need a lighter-weight DOM than the full index.html
4 |  */
5 | export function createMinimalDOM() {
6 |   document.body.innerHTML = `
      ^
ReferenceError: document is not defined
      at createMinimalDOM (/Users/justin/Documents/Github/Megabonk/tests/helpers/dom-setup.js:6:3)
      at <anonymous> (/Users/justin/Documents/Github/Megabonk/tests/unit/favorites.test.js:13:9)
(fail) Favorites Module > clearAllFavorites() > should clear all favorites from all tabs [1284279677.44ms]
(fail) Favorites Module > clearAllFavorites() > should clear all favorites from all tabs
1 | /**
2 |  * Creates a minimal DOM structure for testing specific components
3 |  * This is useful when tests need a lighter-weight DOM than the full index.html
4 |  */
5 | export function createMinimalDOM() {
6 |   document.body.innerHTML = `
      ^
ReferenceError: document is not defined
      at createMinimalDOM (/Users/justin/Documents/Github/Megabonk/tests/helpers/dom-setup.js:6:3)
      at <anonymous> (/Users/justin/Documents/Github/Megabonk/tests/unit/favorites.test.js:13:9)
(fail) Favorites Module > clearAllFavorites() > should persist cleared state to localStorage [1284279677.44ms]
(fail) Favorites Module > $@/  ersist cleared state to localStorage
1 | /**
2 |  * Creates a minimal DOM structure for testing specific components
3 |  * This is useful when tests need a lighter-weight DOM than the full index.html
4 |  */
5 | export function createMinimalDOM() {
6 |   document.body.innerHTML = `
      ^
ReferenceError: document is not defined
      at createMinimalDOM (/Users/justin/Documents/Github/Megabonk/tests/helpers/dom-setup.js:6:3)
      at <anonymous> (/Users/justin/Documents/Github/Megabonk/tests/unit/favorites.test.js:13:9)
(fail) Favorites Module > localStorage unavailable > should handle localStorage.setItem failure gracefully [1284279677.48ms]
(fail) Favorites Module > localStorage unavailable > should handle localStorage.setItem failure gracefully
1 | /**
2 |  * Creates a minimal DOM structure for testing specific components
3 |  * This is useful when tests need a lighter-weight DOM than the full index.html
4 |  */
5 | export function createMinimalDOM() {
6 |   document.body.innerHTML = `
      ^
ReferenceError: document is not defined
      at createMinimalDOM (/Users/justin/Documents/Github/Megabonk/tests/helpers/dom-setup.js:6:3)
      at <anonymous> (/Users/justin/Documents/Github/Megabonk/tests/unit/favorites.test.js:13:9)
(fail) Favorites Module > localStorage unavailable > should handle localStorage.getItem failure gracefully [1284279677.50ms]
(fail) Favorites Module > ¿[n@/  andle localStorage.getItem failure gracefully
1 | /**
2 |  * Creates a minimal DOM structure for testing specific components
3 |  * This is useful when tests need a lighter-weight DOM than the full index.html
4 |  */
5 | export function createMinimalDOM() {
6 |   document.body.innerHTML = `
      ^
ReferenceError: document is not defined
      at createMinimalDOM (/Users/justin/Documents/Github/Megabonk/tests/helpers/dom-setup.js:6:3)
      at <anonymous> (/Users/justin/Documents/Github/Megabonk/tests/unit/favorites.test.js:13:9)
(fail) Favorites Module > edge cases > should handle empty string item ID [1284279677.55ms]
(fail) Favorites Module > edge cases > should handle empty string item ID
1 | /**
2 |  * Creates a minimal DOM structure for testing specific components
3 |  * This is useful when tests need a lighter-weight DOM than the full index.html
4 |  */
5 | export function createMinimalDOM() {
6 |   document.body.innerHTML = `
      ^
ReferenceError: document is not defined
      at createMinimalDOM (/Users/justin/Documents/Github/Megabonk/tests/helpers/dom-setup.js:6:3)
      at <anonymous> (/Users/justin/Documents/Github/Megabonk/tests/unit/favorites.test.js:13:9)
(fail) Favorites Module > edge cases > should handle special characters in item ID [1284279677.56ms]
(fail) Favorites Module > edge cases > should handle special characters in item ID
1 | /**
2 |  * Creates a minimal DOM structure for testing specific components
3 |  * This is useful when tests need a lighter-weight DOM than the full index.html
4 |  */
5 | export function createMinimalDOM() {
6 |   document.body.innerHTML = `
      ^
ReferenceError: document is not defined
      at createMinimalDOM (/Users/justin/Documents/Github/Megabonk/tests/helpers/dom-setup.js:6:3)
      at <anonymous> (/Users/justin/Documents/Github/Megabonk/tests/unit/favorites.test.js:13:9)
(fail) Favorites Module > edge cases > should handle many favorites [1284279677.56ms]
(fail) Favorites Module > `@/  andle many favorites

tests/unit/synergy.test.js:
1 | /**
2 |  * Creates a minimal DOM structure for testing specific components
3 |  * This is useful when tests need a lighter-weight DOM than the full index.html
4 |  */
5 | export function createMinimalDOM() {
6 |   document.body.innerHTML = `
      ^
ReferenceError: document is not defined
      at createMinimalDOM (/Users/justin/Documents/Github/Megabonk/tests/helpers/dom-setup.js:6:3)
      at <anonymous> (/Users/justin/Documents/Github/Megabonk/tests/unit/synergy.test.js:10:9)
(fail) detectSynergies() > character-weapon synergies > should detect synergy between CL4NK and Revolver [1284279678.93ms]
(fail) detectSynergies() > character-weapon synergies > should detect synergy between CL4NK and Revolver
1 | /**
2 |  * Creates a minimal DOM structure for testing specific components
3 |  * This is useful when tests need a lighter-weight DOM than the full index.html
4 |  */
5 | export function createMinimalDOM() {
6 |   document.body.innerHTML = `
      ^
ReferenceError: document is not defined
      at createMinimalDOM (/Users/justin/Documents/Github/Megabonk/tests/helpers/dom-setup.js:6:3)
      at <anonymous> (/Users/justin/Documents/Github/Megabonk/tests/unit/synergy.test.js:10:9)
(fail) detectSynergies() > character-weapon synergies > should not detect synergy for non-matching character-weapon pair [1284279678.96ms]
(fail) detectSynergies() > character-weapon synergies > should not detect synergy for non-matching character-weapon pair
1 | /**
2 |  * Creates a minimal DOM structure for testing specific components
3 |  * This is useful when tests need a lighter-weight DOM than the full index.html
4 |  */
5 | export function createMinimalDOM() {
6 |   document.body.innerHTML = `
      ^
ReferenceError: document is not defined
      at createMinimalDOM (/Users/justin/Documents/Github/Megabonk/tests/helpers/dom-setup.js:6:3)
      at <anonymous> (/Users/justin/Documents/Github/Megabonk/tests/unit/synergy.test.js:10:9)
(fail) detectSynergies() > character-weapon synergies > should handle character without synergies_weapons [1284279678.98ms]
(fail) detectSynergies() > Ä^n@/  andle character without synergies_weapons
1 | /**
2 |  * Creates a minimal DOM structure for testing specific components
3 |  * This is useful when tests need a lighter-weight DOM than the full index.html
4 |  */
5 | export function createMinimalDOM() {
6 |   document.body.innerHTML = `
      ^
ReferenceError: document is not defined
      at createMinimalDOM (/Users/justin/Documents/Github/Megabonk/tests/helpers/dom-setup.js:6:3)
      at <anonymous> (/Users/justin/Documents/Github/Megabonk/tests/unit/synergy.test.js:10:9)
(fail) detectSynergies() > item-weapon synergies > should detect item-weapon synergies [1284279679.00ms]
(fail) detectSynergies() > item-weapon synergies > should detect item-weapon synergies
1 | /**
2 |  * Creates a minimal DOM structure for testing specific components
3 |  * This is useful when tests need a lighter-weight DOM than the full index.html
4 |  */
5 | export function createMinimalDOM() {
6 |   document.body.innerHTML = `
      ^
ReferenceError: document is not defined
      at createMinimalDOM (/Users/justin/Documents/Github/Megabonk/tests/helpers/dom-setup.js:6:3)
      at <anonymous> (/Users/justin/Documents/Github/Megabonk/tests/unit/synergy.test.js:10:9)
(fail) detectSynergies() > item-weapon synergies > should detect multiple item-weapon synergies [1284279679.02ms]
(fail) detectSynergies() > item-weapon synergies > should detect multiple item-weapon synergies
1 | /**
2 |  * Creates a minimal DOM structure for testing specific components
3 |  * This is useful when tests need a lighter-weight DOM than the full index.html
4 |  */
5 | export function createMinimalDOM() {
6 |   document.body.innerHTML = `
      ^
ReferenceError: document is not defined
      at createMinimalDOM (/Users/justin/Documents/Github/Megabonk/tests/helpers/dom-setup.js:6:3)
      at <anonymous> (/Users/justin/Documents/Github/Megabonk/tests/unit/synergy.test.js:10:9)
(fail) detectSynergies() > item-weapon synergies > should not detect synergies when no weapon selected [1284279679.04ms]
(fail) detectSynergies() > ¿^n@/  ot detect synergies when no weapon selected
1 | /**
2 |  * Creates a minimal DOM structure for testing specific components
3 |  * This is useful when tests need a lighter-weight DOM than the full index.html
4 |  */
5 | export function createMinimalDOM() {
6 |   document.body.innerHTML = `
      ^
ReferenceError: document is not defined
      at createMinimalDOM (/Users/justin/Documents/Github/Megabonk/tests/helpers/dom-setup.js:6:3)
      at <anonymous> (/Users/justin/Documents/Github/Megabonk/tests/unit/synergy.test.js:10:9)
(fail) detectSynergies() > item-character synergies > should detect item-character synergies [1284279679.04ms]
(fail) detectSynergies() > &@/  etect item-character synergies
1 | /**
2 |  * Creates a minimal DOM structure for testing specific components
3 |  * This is useful when tests need a lighter-weight DOM than the full index.html
4 |  */
5 | export function createMinimalDOM() {
6 |   document.body.innerHTML = `
      ^
ReferenceError: document is not defined
      at createMinimalDOM (/Users/justin/Documents/Github/Megabonk/tests/helpers/dom-setup.js:6:3)
      at <anonymous> (/Users/justin/Documents/Github/Megabonk/tests/unit/synergy.test.js:10:9)
(fail) detectSynergies() > combined synergies > should detect multiple types of synergies [1284279679.09ms]
(fail) detectSynergies() > @&@/  etect multiple types of synergies
1 | /**
2 |  * Creates a minimal DOM structure for testing specific components
3 |  * This is useful when tests need a lighter-weight DOM than the full index.html
4 |  */
5 | export function createMinimalDOM() {
6 |   document.body.innerHTML = `
      ^
ReferenceError: document is not defined
      at createMinimalDOM (/Users/justin/Documents/Github/Megabonk/tests/helpers/dom-setup.js:6:3)
      at <anonymous> (/Users/justin/Documents/Github/Megabonk/tests/unit/synergy.test.js:10:9)
(fail) detectSynergies() > empty build > should return empty array for empty build [1284279679.10ms]
(fail) detectSynergies() > empty build > should return empty array for empty build
1 | /**
2 |  * Creates a minimal DOM structure for testing specific components
3 |  * This is useful when tests need a lighter-weight DOM than the full index.html
4 |  */
5 | export function createMinimalDOM() {
6 |   document.body.innerHTML = `
      ^
ReferenceError: document is not defined
      at createMinimalDOM (/Users/justin/Documents/Github/Megabonk/tests/helpers/dom-setup.js:6:3)
      at <anonymous> (/Users/justin/Documents/Github/Megabonk/tests/unit/synergy.test.js:10:9)
(fail) detectSynergies() > empty build > should return empty array with only character selected [1284279679.11ms]
(fail) detectSynergies() > empty build > should return empty array with only character selected
1 | /**
2 |  * Creates a minimal DOM structure for testing specific components
3 |  * This is useful when tests need a lighter-weight DOM than the full index.html
4 |  */
5 | export function createMinimalDOM() {
6 |   document.body.innerHTML = `
      ^
ReferenceError: document is not defined
      at createMinimalDOM (/Users/justin/Documents/Github/Megabonk/tests/helpers/dom-setup.js:6:3)
      at <anonymous> (/Users/justin/Documents/Github/Megabonk/tests/unit/synergy.test.js:10:9)
(fail) detectSynergies() > empty build > should return empty array with only weapon selected [1284279679.11ms]
(fail) detectSynergies() > ¿[n@/  eturn empty array with only weapon selected
1 | /**
2 |  * Creates a minimal DOM structure for testing specific components
3 |  * This is useful when tests need a lighter-weight DOM than the full index.html
4 |  */
5 | export function createMinimalDOM() {
6 |   document.body.innerHTML = `
      ^
ReferenceError: document is not defined
      at createMinimalDOM (/Users/justin/Documents/Github/Megabonk/tests/helpers/dom-setup.js:6:3)
      at <anonymous> (/Users/justin/Documents/Github/Megabonk/tests/unit/synergy.test.js:212:9)
(fail) detectAntiSynergies() > should detect anti-synergies between items [1284279679.16ms]
(fail) detectAntiSynergies() > should detect anti-synergies between items
1 | /**
2 |  * Creates a minimal DOM structure for testing specific components
3 |  * This is useful when tests need a lighter-weight DOM than the full index.html
4 |  */
5 | export function createMinimalDOM() {
6 |   document.body.innerHTML = `
      ^
ReferenceError: document is not defined
      at createMinimalDOM (/Users/justin/Documents/Github/Megabonk/tests/helpers/dom-setup.js:6:3)
      at <anonymous> (/Users/justin/Documents/Github/Megabonk/tests/unit/synergy.test.js:212:9)
(fail) detectAntiSynergies() > should not detect anti-synergies when items are compatible [1284279679.18ms]
(fail) detectAntiSynergies() > should not detect anti-synergies when items are compatible
1 | /**
2 |  * Creates a minimal DOM structure for testing specific components
3 |  * This is useful when tests need a lighter-weight DOM than the full index.html
4 |  */
5 | export function createMinimalDOM() {
6 |   document.body.innerHTML = `
      ^
ReferenceError: document is not defined
      at createMinimalDOM (/Users/justin/Documents/Github/Megabonk/tests/helpers/dom-setup.js:6:3)
      at <anonymous> (/Users/justin/Documents/Github/Megabonk/tests/unit/synergy.test.js:212:9)
(fail) detectAntiSynergies() > should return empty array for empty items [1284279679.20ms]
(fail) –&@/  eturn empty array for empty items
(pass) synergy message formatting > should include source and target in synergy objects [0.08ms]

tests/unit/match-badge.test.js:
(pass) Match Badge Module > generateMatchBadge() > null/undefined handling > should return empty string for null context [0.12ms]
(pass) Match Badge Module > generateMatchBadge() > null/undefined handling > should return empty string for undefined context
(pass) Match Badge Module > generateMatchBadge() > null/undefined handling > should return empty string for none match type
(pass) Match Badge Module > generateMatchBadge() > match type labels > should display exact match label [0.05ms]
(pass) Match Badge Module > generateMatchBadge() > match type labels > should display starts_with match label [0.01ms]
(pass) Match Badge Module > generateMatchBadge() > match type labels > should display contains match label
(pass) Match Badge Module > generateMatchBadge() > match type labels > should display fuzzy match label
(pass) Match Badge Module > generateMatchBadge() > field labels > should display Name field label [0.02ms]
(pass) Match Badge Module > generateMatchBadge() > field labels > should display Description field label
(pass) Match Badge Module > generateMatchBadge() > field labels > should display Effect field label
(pass) Match Badge Module > generateMatchBadge() > field labels > should display Tags field label
(pass) Match Badge Module > generateMatchBadge() > HTML structure > should return span element
(pass) Match Badge Module > generateMatchBadge() > HTML structure > should include match-badge class
(pass) Match Badge Module > generateMatchBadge() > HTML structure > should include match type class
(pass) Match Badge Module > generateMatchBadge() > HTML structure > should include title attribute with tooltip info
(pass) Match Badge Module > generateMatchBadge() > combined match types and fields > should combine exact match with description field
(pass) Match Badge Module > generateMatchBadge() > combined match types and fields > should combine fuzzy match with tags field
(pass) Match Badge Module > generateMatchBadge() > combined match types and fields > should combine starts_with match with effect field
(pass) Match Badge Module > generateMatchBadge() > combined match types and fields > should combine contains match with name field
(pass) Match Badge Module > generateMatchBadge() > score property > should handle context with score [0.09ms]
(pass) Match Badge Module > generateMatchBadge() > score property > should handle context without score
(pass) Match Badge Module > generateMatchBadge() > edge cases > should handle all match types in sequence
(pass) Match Badge Module > generateMatchBadge() > edge cases > should handle all fields in sequence

tests/unit/logger.test.js:
(pass) Logger Module > LogLevel enum > should have correct values
(pass) Logger Module > Logger singleton > should return same instance via getInstance() [0.02ms]
(pass) Logger Module > Logger singleton > should export logger as singleton
(pass) Logger Module > configure() > should update configuration [0.03ms]
(pass) Logger Module > configure() > should merge with existing config
(pass) Logger Module > getConfig() > should return a copy of config
(pass) Logger Module > logging methods > should log debug events
(pass) Logger Module > logging methods > should log info events
(pass) Logger Module > logging methods > should log warn events
(pass) Logger Module > logging methods > should log error events
(pass) Logger Module > logging methods > should include operation in logged event
(pass) Logger Module > log level filtering > should not log events below minLevel
(pass) Logger Module > log level filtering > should log events at or above minLevel
(pass) Logger Module > context management > should set context values
(pass) Logger Module > context management > should clear context values
(pass) Logger Module > context management > should return copy of context
(pass) Logger Module > getSessionId() > should return a string
(pass) Logger Module > getSessionId() > should return consistent session ID
(pass) Logger Module > getSessionId() > should include timestamp component
(pass) Logger Module > startTimer() > should return a stop function [0.42ms]
(pass) Logger Module > startTimer() > should return elapsed time [51.10ms]
(pass) Logger Module > startTimer() > should return integer value [0.01ms]
(pass) Logger Module > correlation tracking > should start operation and return correlation ID [0.05ms]
(pass) Logger Module > correlation tracking > should track current correlation ID
(pass) Logger Module > correlation tracking > should remove correlation ID after end [0.01ms]
(pass) Logger Module > correlation tracking > should support nested operations [0.01ms]
(pass) Logger Module > withOperation() > should execute async function [0.02ms]
(pass) Logger Module > withOperation() > should log success on completion [0.05ms]
(pass) Logger Module > withOperation() > should log error on failure [0.13ms]
(pass) Logger Module > withOperation() > should include duration in logged event [20.76ms]
(pass) Logger Module > withOperation() > should include metadata in logged event [0.08ms]
(pass) Logger Module > withOperation() > should clean up correlation ID after completion [0.03ms]
(pass) Logger Module > withOperation() > should clean up correlation ID after error [0.02ms]
(pass) Logger Module > console output disabled > should not call console when enableConsole is false [0.02ms]
(pass) Logger Module > EventBuilder > should create event with operation and timestamp [0.01ms]
(pass) Logger Module > EventBuilder > should accumulate data via addData() [0.01ms]
(pass) Logger Module > EventBuilder > should merge data via mergeData() [0.04ms]
(pass) Logger Module > EventBuilder > should set success status [0.01ms]
(pass) Logger Module > EventBuilder > should set duration manually [0.01ms]
(pass) Logger Module > EventBuilder > should auto-calculate duration [50.27ms]
(pass) Logger Module > EventBuilder > should set error and mark success=false [0.05ms]
(pass) Logger Module > EventBuilder > should set correlation ID [0.02ms]
(pass) Logger Module > EventBuilder > should emit at correct log level [0.04ms]
(pass) Logger Module > EventBuilder > should emit at INFO level by default [0.02ms]
(pass) Logger Module > EventBuilder > should support fluent chaining [0.02ms]
(pass) Logger Module > EventBuilder > should auto-calculate duration on emit if not set
(pass) Logger Module > SamplingConfig > should have default sampling config [0.01ms]
(pass) Logger Module > SamplingConfig > should allow configuring sampling [0.03ms]
(pass) Logger Module > Remote logging > should not send to remote when disabled [0.04ms]
(pass) Logger Module > Remote logging > should not send to remote without endpoint
(pass) Logger Module > Remote logging > should use keepalive option in fetch [0.28ms]

tests/unit/filtering.test.js:
1 | /**
2 |  * Creates a minimal DOM structure for testing specific components
3 |  * This is useful when tests need a lighter-weight DOM than the full index.html
4 |  */
5 | export function createMinimalDOM() {
6 |   document.body.innerHTML = `
      ^
ReferenceError: document is not defined
      at createMinimalDOM (/Users/justin/Documents/Github/Megabonk/tests/helpers/dom-setup.js:6:3)
      at <anonymous> (/Users/justin/Documents/Github/Megabonk/tests/unit/filtering.test.js:13:9)
(fail) filterData() > search filtering > should filter by name [1284279825.60ms]
(fail) filterData() > search filtering > should filter by name
1 | /**
2 |  * Creates a minimal DOM structure for testing specific components
3 |  * This is useful when tests need a lighter-weight DOM than the full index.html
4 |  */
5 | export function createMinimalDOM() {
6 |   document.body.innerHTML = `
      ^
ReferenceError: document is not defined
      at createMinimalDOM (/Users/justin/Documents/Github/Megabonk/tests/helpers/dom-setup.js:6:3)
      at <anonymous> (/Users/justin/Documents/Github/Megabonk/tests/unit/filtering.test.js:13:9)
(fail) filterData() > search filtering > should filter by base_effect [1284279825.77ms]
(fail) filterData() > search filtering > should filter by base_effect
1 | /**
2 |  * Creates a minimal DOM structure for testing specific components
3 |  * This is useful when tests need a lighter-weight DOM than the full index.html
4 |  */
5 | export function createMinimalDOM() {
6 |   document.body.innerHTML = `
      ^
ReferenceError: document is not defined
      at createMinimalDOM (/Users/justin/Documents/Github/Megabonk/tests/helpers/dom-setup.js:6:3)
      at <anonymous> (/Users/justin/Documents/Github/Megabonk/tests/unit/filtering.test.js:13:9)
(fail) filterData() > search filtering > should be case-insensitive [1284279825.79ms]
(fail) filterData() > search filtering > should be case-insensitive
1 | /**
2 |  * Creates a minimal DOM structure for testing specific components
3 |  * This is useful when tests need a lighter-weight DOM than the full index.html
4 |  */
5 | export function createMinimalDOM() {
6 |   document.body.innerHTML = `
      ^
ReferenceError: document is not defined
      at createMinimalDOM (/Users/justin/Documents/Github/Megabonk/tests/helpers/dom-setup.js:6:3)
      at <anonymous> (/Users/justin/Documents/Github/Megabonk/tests/unit/filtering.test.js:13:9)
(fail) filterData() > search filtering > should return all items when search is empty [1284279825.80ms]
(fail) filterData() > search filtering > should return all items when search is empty
1 | /**
2 |  * Creates a minimal DOM structure for testing specific components
3 |  * This is useful when tests need a lighter-weight DOM than the full index.html
4 |  */
5 | export function createMinimalDOM() {
6 |   document.body.innerHTML = `
      ^
ReferenceError: document is not defined
      at createMinimalDOM (/Users/justin/Documents/Github/Megabonk/tests/helpers/dom-setup.js:6:3)
      at <anonymous> (/Users/justin/Documents/Github/Megabonk/tests/unit/filtering.test.js:13:9)
(fail) filterData() > search filtering > should return empty array when no matches found [1284279825.82ms]
(fail) filterData() > search filtering > should return empty array when no matches found
1 | /**
2 |  * Creates a minimal DOM structure for testing specific components
3 |  * This is useful when tests need a lighter-weight DOM than the full index.html
4 |  */
5 | export function createMinimalDOM() {
6 |   document.body.innerHTML = `
      ^
ReferenceError: document is not defined
      at createMinimalDOM (/Users/justin/Documents/Github/Megabonk/tests/helpers/dom-setup.js:6:3)
      at <anonymous> (/Users/justin/Documents/Github/Megabonk/tests/unit/filtering.test.js:13:9)
(fail) filterData() > search filtering > should filter by partial name match [1284279825.83ms]
(fail) filterData() > /@/  ilter by partial name match
1 | /**
2 |  * Creates a minimal DOM structure for testing specific components
3 |  * This is useful when tests need a lighter-weight DOM than the full index.html
4 |  */
5 | export function createMinimalDOM() {
6 |   document.body.innerHTML = `
      ^
ReferenceError: document is not defined
      at createMinimalDOM (/Users/justin/Documents/Github/Megabonk/tests/helpers/dom-setup.js:6:3)
      at <anonymous> (/Users/justin/Documents/Github/Megabonk/tests/unit/filtering.test.js:13:9)
(fail) filterData() > tier filtering > should filter by SS tier [1284279825.84ms]
(fail) filterData() > tier filtering > should filter by SS tier
1 | /**
2 |  * Creates a minimal DOM structure for testing specific components
3 |  * This is useful when tests need a lighter-weight DOM than the full index.html
4 |  */
5 | export function createMinimalDOM() {
6 |   document.body.innerHTML = `
      ^
ReferenceError: document is not defined
      at createMinimalDOM (/Users/justin/Documents/Github/Megabonk/tests/helpers/dom-setup.js:6:3)
      at <anonymous> (/Users/justin/Documents/Github/Megabonk/tests/unit/filtering.test.js:13:9)
(fail) filterData() > tier filtering > should filter by S tier [1284279825.86ms]
(fail) filterData() > tier filtering > should filter by S tier
1 | /**
2 |  * Creates a minimal DOM structure for testing specific components
3 |  * This is useful when tests need a lighter-weight DOM than the full index.html
4 |  */
5 | export function createMinimalDOM() {
6 |   document.body.innerHTML = `
      ^
ReferenceError: document is not defined
      at createMinimalDOM (/Users/justin/Documents/Github/Megabonk/tests/helpers/dom-setup.js:6:3)
      at <anonymous> (/Users/justin/Documents/Github/Megabonk/tests/unit/filtering.test.js:13:9)
(fail) filterData() > tier filtering > should return all when tier is "all" [1284279825.88ms]
(fail) filterData() > tier filtering > should return all when tier is "all"
1 | /**
2 |  * Creates a minimal DOM structure for testing specific components
3 |  * This is useful when tests need a lighter-weight DOM than the full index.html
4 |  */
5 | export function createMinimalDOM() {
6 |   document.body.innerHTML = `
      ^
ReferenceError: document is not defined
      at createMinimalDOM (/Users/justin/Documents/Github/Megabonk/tests/helpers/dom-setup.js:6:3)
      at <anonymous> (/Users/justin/Documents/Github/Megabonk/tests/unit/filtering.test.js:13:9)
(fail) filterData() > tier filtering > should return empty for tier with no matches [1284279825.89ms]
(fail) filterData() > p/@/  eturn empty for tier with no matches
1 | /**
2 |  * Creates a minimal DOM structure for testing specific components
3 |  * This is useful when tests need a lighter-weight DOM than the full index.html
4 |  */
5 | export function createMinimalDOM() {
6 |   document.body.innerHTML = `
      ^
ReferenceError: document is not defined
      at createMinimalDOM (/Users/justin/Documents/Github/Megabonk/tests/helpers/dom-setup.js:6:3)
      at <anonymous> (/Users/justin/Documents/Github/Megabonk/tests/unit/filtering.test.js:13:9)
(fail) filterData() > rarity filtering > should filter by legendary rarity [1284279825.91ms]
(fail) filterData() > rarity filtering > should filter by legendary rarity
1 | /**
2 |  * Creates a minimal DOM structure for testing specific components
3 |  * This is useful when tests need a lighter-weight DOM than the full index.html
4 |  */
5 | export function createMinimalDOM() {
6 |   document.body.innerHTML = `
      ^
ReferenceError: document is not defined
      at createMinimalDOM (/Users/justin/Documents/Github/Megabonk/tests/helpers/dom-setup.js:6:3)
      at <anonymous> (/Users/justin/Documents/Github/Megabonk/tests/unit/filtering.test.js:13:9)
(fail) filterData() > rarity filtering > should filter by common rarity [1284279825.93ms]
(fail) filterData() > rarity filtering > should filter by common rarity
1 | /**
2 |  * Creates a minimal DOM structure for testing specific components
3 |  * This is useful when tests need a lighter-weight DOM than the full index.html
4 |  */
5 | export function createMinimalDOM() {
6 |   document.body.innerHTML = `
      ^
ReferenceError: document is not defined
      at createMinimalDOM (/Users/justin/Documents/Github/Megabonk/tests/helpers/dom-setup.js:6:3)
      at <anonymous> (/Users/justin/Documents/Github/Megabonk/tests/unit/filtering.test.js:13:9)
(fail) filterData() > rarity filtering > should return all when rarity is "all" [1284279825.94ms]
(fail) filterData() > –/@/  eturn all when rarity is "all"
1 | /**
2 |  * Creates a minimal DOM structure for testing specific components
3 |  * This is useful when tests need a lighter-weight DOM than the full index.html
4 |  */
5 | export function createMinimalDOM() {
6 |   document.body.innerHTML = `
      ^
ReferenceError: document is not defined
      at createMinimalDOM (/Users/justin/Documents/Github/Megabonk/tests/helpers/dom-setup.js:6:3)
      at <anonymous> (/Users/justin/Documents/Github/Megabonk/tests/unit/filtering.test.js:13:9)
(fail) filterData() > stacking filtering > should filter for stacks_well items [1284279825.95ms]
(fail) filterData() > stacking filtering > should filter for stacks_well items
1 | /**
2 |  * Creates a minimal DOM structure for testing specific components
3 |  * This is useful when tests need a lighter-weight DOM than the full index.html
4 |  */
5 | export function createMinimalDOM() {
6 |   document.body.innerHTML = `
      ^
ReferenceError: document is not defined
      at createMinimalDOM (/Users/justin/Documents/Github/Megabonk/tests/helpers/dom-setup.js:6:3)
      at <anonymous> (/Users/justin/Documents/Github/Megabonk/tests/unit/filtering.test.js:13:9)
(fail) filterData() > stacking filtering > should filter for one_and_done items [1284279825.97ms]
(fail) filterData() > stacking filtering > should filter for one_and_done items
1 | /**
2 |  * Creates a minimal DOM structure for testing specific components
3 |  * This is useful when tests need a lighter-weight DOM than the full index.html
4 |  */
5 | export function createMinimalDOM() {
6 |   document.body.innerHTML = `
      ^
ReferenceError: document is not defined
      at createMinimalDOM (/Users/justin/Documents/Github/Megabonk/tests/helpers/dom-setup.js:6:3)
      at <anonymous> (/Users/justin/Documents/Github/Megabonk/tests/unit/filtering.test.js:13:9)
(fail) filterData() > stacking filtering > should return all when stacking filter is "all" [1284279825.98ms]
(fail) filterData() >  .@/  eturn all when stacking filter is "all"
1 | /**
2 |  * Creates a minimal DOM structure for testing specific components
3 |  * This is useful when tests need a lighter-weight DOM than the full index.html
4 |  */
5 | export function createMinimalDOM() {
6 |   document.body.innerHTML = `
      ^
ReferenceError: document is not defined
      at createMinimalDOM (/Users/justin/Documents/Github/Megabonk/tests/helpers/dom-setup.js:6:3)
      at <anonymous> (/Users/justin/Documents/Github/Megabonk/tests/unit/filtering.test.js:13:9)
(fail) filterData() > sorting > should sort by name alphabetically [1284279826.00ms]
(fail) filterData() > sorting > should sort by name alphabetically
1 | /**
2 |  * Creates a minimal DOM structure for testing specific components
3 |  * This is useful when tests need a lighter-weight DOM than the full index.html
4 |  */
5 | export function createMinimalDOM() {
6 |   document.body.innerHTML = `
      ^
ReferenceError: document is not defined
      at createMinimalDOM (/Users/justin/Documents/Github/Megabonk/tests/helpers/dom-setup.js:6:3)
      at <anonymous> (/Users/justin/Documents/Github/Megabonk/tests/unit/filtering.test.js:13:9)
(fail) filterData() > sorting > should sort by tier (SS first) [1284279826.01ms]
(fail) filterData() > sorting > should sort by tier (SS first)
1 | /**
2 |  * Creates a minimal DOM structure for testing specific components
3 |  * This is useful when tests need a lighter-weight DOM than the full index.html
4 |  */
5 | export function createMinimalDOM() {
6 |   document.body.innerHTML = `
      ^
ReferenceError: document is not defined
      at createMinimalDOM (/Users/justin/Documents/Github/Megabonk/tests/helpers/dom-setup.js:6:3)
      at <anonymous> (/Users/justin/Documents/Github/Megabonk/tests/unit/filtering.test.js:13:9)
(fail) filterData() > sorting > should sort by rarity (legendary first) [1284279826.02ms]
(fail) filterData() > sorting > should sort by rarity (legendary first)
1 | /**
2 |  * Creates a minimal DOM structure for testing specific components
3 |  * This is useful when tests need a lighter-weight DOM than the full index.html
4 |  */
5 | export function createMinimalDOM() {
6 |   document.body.innerHTML = `
      ^
ReferenceError: document is not defined
      at createMinimalDOM (/Users/justin/Documents/Github/Megabonk/tests/helpers/dom-setup.js:6:3)
      at <anonymous> (/Users/justin/Documents/Github/Megabonk/tests/unit/filtering.test.js:13:9)
(fail) filterData() > sorting > should integrate sort with filterData via DOM [1284279826.04ms]
(fail) filterData() > ê-@/  ntegrate sort with filterData via DOM
1 | /**
2 |  * Creates a minimal DOM structure for testing specific components
3 |  * This is useful when tests need a lighter-weight DOM than the full index.html
4 |  */
5 | export function createMinimalDOM() {
6 |   document.body.innerHTML = `
      ^
ReferenceError: document is not defined
      at createMinimalDOM (/Users/justin/Documents/Github/Megabonk/tests/helpers/dom-setup.js:6:3)
      at <anonymous> (/Users/justin/Documents/Github/Megabonk/tests/unit/filtering.test.js:13:9)
(fail) filterData() > combined filters > should apply search and tier filters together [1284279826.05ms]
(fail) filterData() > combined filters > should apply search and tier filters together
1 | /**
2 |  * Creates a minimal DOM structure for testing specific components
3 |  * This is useful when tests need a lighter-weight DOM than the full index.html
4 |  */
5 | export function createMinimalDOM() {
6 |   document.body.innerHTML = `
      ^
ReferenceError: document is not defined
      at createMinimalDOM (/Users/justin/Documents/Github/Megabonk/tests/helpers/dom-setup.js:6:3)
      at <anonymous> (/Users/justin/Documents/Github/Megabonk/tests/unit/filtering.test.js:13:9)
(fail) filterData() > combined filters > should apply multiple filters together [1284279826.07ms]
(fail) filterData() > combined filters > should apply multiple filters together
1 | /**
2 |  * Creates a minimal DOM structure for testing specific components
3 |  * This is useful when tests need a lighter-weight DOM than the full index.html
4 |  */
5 | export function createMinimalDOM() {
6 |   document.body.innerHTML = `
      ^
ReferenceError: document is not defined
      at createMinimalDOM (/Users/justin/Documents/Github/Megabonk/tests/helpers/dom-setup.js:6:3)
      at <anonymous> (/Users/justin/Documents/Github/Megabonk/tests/unit/filtering.test.js:13:9)
(fail) filterData() > combined filters > should return empty when combined filters have no matches [1284279826.08ms]
(fail) filterData() > combined filters > should return empty when combined filters have no matches
1 | /**
2 |  * Creates a minimal DOM structure for testing specific components
3 |  * This is useful when tests need a lighter-weight DOM than the full index.html
4 |  */
5 | export function createMinimalDOM() {
6 |   document.body.innerHTML = `
      ^
ReferenceError: document is not defined
      at createMinimalDOM (/Users/justin/Documents/Github/Megabonk/tests/helpers/dom-setup.js:6:3)
      at <anonymous> (/Users/justin/Documents/Github/Megabonk/tests/unit/filtering.test.js:13:9)
(fail) filterData() > combined filters > should apply filter and sort together [1284279826.10ms]
(fail) filterData() >  -@/  pply filter and sort together
1 | /**
2 |  * Creates a minimal DOM structure for testing specific components
3 |  * This is useful when tests need a lighter-weight DOM than the full index.html
4 |  */
5 | export function createMinimalDOM() {
6 |   document.body.innerHTML = `
      ^
ReferenceError: document is not defined
      at createMinimalDOM (/Users/justin/Documents/Github/Megabonk/tests/helpers/dom-setup.js:6:3)
      at <anonymous> (/Users/justin/Documents/Github/Megabonk/tests/unit/filtering.test.js:306:9)
(fail) filterData() for weapons/tomes/characters > should filter weapons by tier [1284279826.11ms]
(fail) filterData() for weapons/tomes/characters > should filter weapons by tier
1 | /**
2 |  * Creates a minimal DOM structure for testing specific components
3 |  * This is useful when tests need a lighter-weight DOM than the full index.html
4 |  */
5 | export function createMinimalDOM() {
6 |   document.body.innerHTML = `
      ^
ReferenceError: document is not defined
      at createMinimalDOM (/Users/justin/Documents/Github/Megabonk/tests/helpers/dom-setup.js:6:3)
      at <anonymous> (/Users/justin/Documents/Github/Megabonk/tests/unit/filtering.test.js:306:9)
(fail) filterData() for weapons/tomes/characters > should not apply rarity filter to weapons [1284279826.15ms]
(fail) †,@/  ot apply rarity filter to weapons
1 | /**
2 |  * Creates a minimal DOM structure for testing specific components
3 |  * This is useful when tests need a lighter-weight DOM than the full index.html
4 |  */
5 | export function createMinimalDOM() {
6 |   document.body.innerHTML = `
      ^
ReferenceError: document is not defined
      at createMinimalDOM (/Users/justin/Documents/Github/Megabonk/tests/helpers/dom-setup.js:6:3)
      at <anonymous> (/Users/justin/Documents/Github/Megabonk/tests/unit/filtering.test.js:333:9)
(fail) filterData() edge cases > empty and null data handling > should handle empty data array [1284279826.17ms]
(fail) filterData() edge cases > empty and null data handling > should handle empty data array
1 | /**
2 |  * Creates a minimal DOM structure for testing specific components
3 |  * This is useful when tests need a lighter-weight DOM than the full index.html
4 |  */
5 | export function createMinimalDOM() {
6 |   document.body.innerHTML = `
      ^
ReferenceError: document is not defined
      at createMinimalDOM (/Users/justin/Documents/Github/Megabonk/tests/helpers/dom-setup.js:6:3)
      at <anonymous> (/Users/justin/Documents/Github/Megabonk/tests/unit/filtering.test.js:333:9)
(fail) filterData() edge cases > empty and null data handling > should handle null filter values [1284279826.19ms]
(fail) filterData() edge cases > empty and null data handling > should handle null filter values
1 | /**
2 |  * Creates a minimal DOM structure for testing specific components
3 |  * This is useful when tests need a lighter-weight DOM than the full index.html
4 |  */
5 | export function createMinimalDOM() {
6 |   document.body.innerHTML = `
      ^
ReferenceError: document is not defined
      at createMinimalDOM (/Users/justin/Documents/Github/Megabonk/tests/helpers/dom-setup.js:6:3)
      at <anonymous> (/Users/justin/Documents/Github/Megabonk/tests/unit/filtering.test.js:333:9)
(fail) filterData() edge cases > empty and null data handling > should handle items with missing optional fields gracefully [1284279826.20ms]
(fail) filterData() edge cases > empty and null data handling > should handle items with missing optional fields gracefully
1 | /**
2 |  * Creates a minimal DOM structure for testing specific components
3 |  * This is useful when tests need a lighter-weight DOM than the full index.html
4 |  */
5 | export function createMinimalDOM() {
6 |   document.body.innerHTML = `
      ^
ReferenceError: document is not defined
      at createMinimalDOM (/Users/justin/Documents/Github/Megabonk/tests/helpers/dom-setup.js:6:3)
      at <anonymous> (/Users/justin/Documents/Github/Megabonk/tests/unit/filtering.test.js:333:9)
(fail) filterData() edge cases > empty and null data handling > should handle undefined description and base_effect [1284279826.22ms]
(fail) filterData() edge cases >  ~n@/  andle undefined description and base_effect
1 | /**
2 |  * Creates a minimal DOM structure for testing specific components
3 |  * This is useful when tests need a lighter-weight DOM than the full index.html
4 |  */
5 | export function createMinimalDOM() {
6 |   document.body.innerHTML = `
      ^
ReferenceError: document is not defined
      at createMinimalDOM (/Users/justin/Documents/Github/Megabonk/tests/helpers/dom-setup.js:6:3)
      at <anonymous> (/Users/justin/Documents/Github/Megabonk/tests/unit/filtering.test.js:333:9)
(fail) filterData() edge cases > special characters in search > should handle special regex characters in search [1284279826.24ms]
(fail) filterData() edge cases > special characters in search > should handle special regex characters in search
1 | /**
2 |  * Creates a minimal DOM structure for testing specific components
3 |  * This is useful when tests need a lighter-weight DOM than the full index.html
4 |  */
5 | export function createMinimalDOM() {
6 |   document.body.innerHTML = `
      ^
ReferenceError: document is not defined
      at createMinimalDOM (/Users/justin/Documents/Github/Megabonk/tests/helpers/dom-setup.js:6:3)
      at <anonymous> (/Users/justin/Documents/Github/Megabonk/tests/unit/filtering.test.js:333:9)
(fail) filterData() edge cases > special characters in search > should handle asterisks in search [1284279826.25ms]
(fail) filterData() edge cases > special characters in search > should handle asterisks in search
1 | /**
2 |  * Creates a minimal DOM structure for testing specific components
3 |  * This is useful when tests need a lighter-weight DOM than the full index.html
4 |  */
5 | export function createMinimalDOM() {
6 |   document.body.innerHTML = `
      ^
ReferenceError: document is not defined
      at createMinimalDOM (/Users/justin/Documents/Github/Megabonk/tests/helpers/dom-setup.js:6:3)
      at <anonymous> (/Users/justin/Documents/Github/Megabonk/tests/unit/filtering.test.js:333:9)
(fail) filterData() edge cases > special characters in search > should handle dots in search [1284279826.26ms]
(fail) filterData() edge cases > @@/  andle dots in search
1 | /**
2 |  * Creates a minimal DOM structure for testing specific components
3 |  * This is useful when tests need a lighter-weight DOM than the full index.html
4 |  */
5 | export function createMinimalDOM() {
6 |   document.body.innerHTML = `
      ^
ReferenceError: document is not defined
      at createMinimalDOM (/Users/justin/Documents/Github/Megabonk/tests/helpers/dom-setup.js:6:3)
      at <anonymous> (/Users/justin/Documents/Github/Megabonk/tests/unit/filtering.test.js:333:9)
(fail) filterData() edge cases > very long search strings > should handle very long search strings [1284279826.28ms]
(fail) filterData() edge cases > very long search strings > should handle very long search strings
1 | /**
2 |  * Creates a minimal DOM structure for testing specific components
3 |  * This is useful when tests need a lighter-weight DOM than the full index.html
4 |  */
5 | export function createMinimalDOM() {
6 |   document.body.innerHTML = `
      ^
ReferenceError: document is not defined
      at createMinimalDOM (/Users/justin/Documents/Github/Megabonk/tests/helpers/dom-setup.js:6:3)
      at <anonymous> (/Users/justin/Documents/Github/Megabonk/tests/unit/filtering.test.js:333:9)
(fail) filterData() edge cases > very long search strings > should handle unicode characters in search [1284279826.29ms]
(fail) filterData() edge cases > very long search strings > should handle unicode characters in search
1 | /**
2 |  * Creates a minimal DOM structure for testing specific components
3 |  * This is useful when tests need a lighter-weight DOM than the full index.html
4 |  */
5 | export function createMinimalDOM() {
6 |   document.body.innerHTML = `
      ^
ReferenceError: document is not defined
      at createMinimalDOM (/Users/justin/Documents/Github/Megabonk/tests/helpers/dom-setup.js:6:3)
      at <anonymous> (/Users/justin/Documents/Github/Megabonk/tests/unit/filtering.test.js:333:9)
(fail) filterData() edge cases > very long search strings > should handle emoji in search [1284279826.31ms]
(fail) filterData() edge cases >  @/  andle emoji in search
1 | /**
2 |  * Creates a minimal DOM structure for testing specific components
3 |  * This is useful when tests need a lighter-weight DOM than the full index.html
4 |  */
5 | export function createMinimalDOM() {
6 |   document.body.innerHTML = `
      ^
ReferenceError: document is not defined
      at createMinimalDOM (/Users/justin/Documents/Github/Megabonk/tests/helpers/dom-setup.js:6:3)
      at <anonymous> (/Users/justin/Documents/Github/Megabonk/tests/unit/filtering.test.js:333:9)
(fail) filterData() edge cases > whitespace handling > should handle leading/trailing whitespace in search [1284279826.32ms]
(fail) filterData() edge cases > whitespace handling > should handle leading/trailing whitespace in search
1 | /**
2 |  * Creates a minimal DOM structure for testing specific components
3 |  * This is useful when tests need a lighter-weight DOM than the full index.html
4 |  */
5 | export function createMinimalDOM() {
6 |   document.body.innerHTML = `
      ^
ReferenceError: document is not defined
      at createMinimalDOM (/Users/justin/Documents/Github/Megabonk/tests/helpers/dom-setup.js:6:3)
      at <anonymous> (/Users/justin/Documents/Github/Megabonk/tests/unit/filtering.test.js:333:9)
(fail) filterData() edge cases > whitespace handling > should handle multiple spaces in item names [1284279826.33ms]
(fail) filterData() edge cases > ∞+@/  andle multiple spaces in item names
1 | /**
2 |  * Creates a minimal DOM structure for testing specific components
3 |  * This is useful when tests need a lighter-weight DOM than the full index.html
4 |  */
5 | export function createMinimalDOM() {
6 |   document.body.innerHTML = `
      ^
ReferenceError: document is not defined
      at createMinimalDOM (/Users/justin/Documents/Github/Megabonk/tests/helpers/dom-setup.js:6:3)
      at <anonymous> (/Users/justin/Documents/Github/Megabonk/tests/unit/filtering.test.js:333:9)
(fail) filterData() edge cases > unknown filter values > should handle unknown tier values in items [1284279826.35ms]
(fail) filterData() edge cases > unknown filter values > should handle unknown tier values in items
1 | /**
2 |  * Creates a minimal DOM structure for testing specific components
3 |  * This is useful when tests need a lighter-weight DOM than the full index.html
4 |  */
5 | export function createMinimalDOM() {
6 |   document.body.innerHTML = `
      ^
ReferenceError: document is not defined
      at createMinimalDOM (/Users/justin/Documents/Github/Megabonk/tests/helpers/dom-setup.js:6:3)
      at <anonymous> (/Users/justin/Documents/Github/Megabonk/tests/unit/filtering.test.js:333:9)
(fail) filterData() edge cases > unknown filter values > should handle unknown rarity values [1284279826.36ms]
(fail) filterData() edge cases > P+@/  andle unknown rarity values
1 | /**
2 |  * Creates a minimal DOM structure for testing specific components
3 |  * This is useful when tests need a lighter-weight DOM than the full index.html
4 |  */
5 | export function createMinimalDOM() {
6 |   document.body.innerHTML = `
      ^
ReferenceError: document is not defined
      at createMinimalDOM (/Users/justin/Documents/Github/Megabonk/tests/helpers/dom-setup.js:6:3)
      at <anonymous> (/Users/justin/Documents/Github/Megabonk/tests/unit/filtering.test.js:333:9)
(fail) filterData() edge cases > large dataset handling > should handle filtering large datasets [1284279826.37ms]
(fail) filterData() edge cases >  +@/  andle filtering large datasets

tests/unit/build-templates.test.js:
(pass) Build Template Data Validation > Crit Build (crit_build) > should have valid character
(pass) Build Template Data Validation > Crit Build (crit_build) > should have valid weapon
(pass) Build Template Data Validation > Crit Build (crit_build) > should have valid tomes [0.02ms]
(pass) Build Template Data Validation > Crit Build (crit_build) > should have valid items [0.02ms]
(pass) Build Template Data Validation > Tank Build (tank_build) > should have valid character
(pass) Build Template Data Validation > Tank Build (tank_build) > should have valid weapon
(pass) Build Template Data Validation > Tank Build (tank_build) > should have valid tomes
(pass) Build Template Data Validation > Tank Build (tank_build) > should have valid items
(pass) Build Template Data Validation > Speed Build (speed_build) > should have valid character
(pass) Build Template Data Validation > Speed Build (speed_build) > should have valid weapon
(pass) Build Template Data Validation > Speed Build (speed_build) > should have valid tomes
(pass) Build Template Data Validation > Speed Build (speed_build) > should have valid items
(pass) Build Template Data Validation > Glass Cannon (glass_cannon) > should have valid character
(pass) Build Template Data Validation > Glass Cannon (glass_cannon) > should have valid weapon
(pass) Build Template Data Validation > Glass Cannon (glass_cannon) > should have valid tomes
(pass) Build Template Data Validation > Glass Cannon (glass_cannon) > should have valid items
Build Template Character Analysis: {
  "crit_build": {
    "character": "CL4NK",
    "passive": "Gain 1% Crit Chance per level",
    "passiveType": "crit",
    "buildIntent": "Maximize critical hit chance and damage"
  },
  "tank_build": {
    "character": "Sir Oofie",
    "passive": "Gain 1% armor per level",
    "passiveType": "tank",
    "buildIntent": "High HP and survivability"
  },
  "speed_build": {
    "character": "Bandit",
    "passive": "Gain 1% Attack Speed per level",
    "passiveType": "speed",
    "buildIntent": "Fast attack and movement speed"
  },
  "glass_cannon": {
    "character": "Ogre",
    "passive": "Gain 1.5% damage per level",
    "passiveType": "damage",
    "buildIntent": "Maximum damage, low defense"
  }
}
(pass) Build Template Character Passive Matching > Character passive analysis > should verify each template uses a character with matching passive [0.13ms]
(pass) Build Template Character Passive Matching > Recommended character mappings > CL4NK should be the crit character
(pass) Build Template Character Passive Matching > Recommended character mappings > Sir Oofie should be the tank character (armor passive) [0.01ms]
(pass) Build Template Character Passive Matching > Recommended character mappings > Bandit should be the speed character (attack speed) [0.01ms]
(pass) Build Template Character Passive Matching > Recommended character mappings > Ogre should be the damage character [0.01ms]
(pass) Build Template Synergy Validation > Crit Build synergies > weapon should not conflict with character playstyle [0.02ms]
(pass) Build Template Synergy Validation > Crit Build synergies > tomes should support the build theme [0.01ms]
(pass) Build Template Synergy Validation > Tank Build synergies > weapon should not conflict with character playstyle
(pass) Build Template Synergy Validation > Tank Build synergies > tomes should support the build theme
Note: Speed Build - Bandit and Katana have no explicit synergy
(pass) Build Template Synergy Validation > Speed Build synergies > weapon should not conflict with character playstyle
(pass) Build Template Synergy Validation > Speed Build synergies > tomes should support the build theme
Note: Glass Cannon - Ogre and Sniper Rifle have no explicit synergy
(pass) Build Template Synergy Validation > Glass Cannon synergies > weapon should not conflict with character playstyle
(pass) Build Template Synergy Validation > Glass Cannon synergies > tomes should support the build theme
(pass) calculateBuildStats Character Passive Logic > CL4NK should get crit bonus (Crit Chance passive) [0.02ms]
(pass) calculateBuildStats Character Passive Logic > Monke should get HP bonus (HP passive) [0.01ms]
(pass) calculateBuildStats Character Passive Logic > Sir Oofie should get armor bonus (Armor passive)
(pass) calculateBuildStats Character Passive Logic > Ogre should get damage bonus (Damage passive)
(pass) calculateBuildStats Character Passive Logic > Bandit should get attack speed bonus (Attack Speed passive)
(pass) calculateBuildStats Character Passive Logic > Fox should NOT get crit bonus (Luck passive, not Crit) [0.01ms]
(pass) calculateBuildStats Character Passive Logic > Megachad should NOT get damage bonus (Flex/defense passive)

tests/unit/modal.test.js:
1 | /**
2 |  * Creates a minimal DOM structure for testing specific components
3 |  * This is useful when tests need a lighter-weight DOM than the full index.html
4 |  */
5 | export function createMinimalDOM() {
6 |   document.body.innerHTML = `
      ^
ReferenceError: document is not defined
      at createMinimalDOM (/Users/justin/Documents/Github/Megabonk/tests/helpers/dom-setup.js:6:3)
      at setupModalDOM (/Users/justin/Documents/Github/Megabonk/tests/unit/modal.test.js:20:5)
      at <anonymous> (/Users/justin/Documents/Github/Megabonk/tests/unit/modal.test.js:329:9)
(fail) Modal Management > openDetailModal() > should open modal for item [1284279830.51ms]
(fail) Modal Management > openDetailModal() > should open modal for item
1 | /**
2 |  * Creates a minimal DOM structure for testing specific components
3 |  * This is useful when tests need a lighter-weight DOM than the full index.html
4 |  */
5 | export function createMinimalDOM() {
6 |   document.body.innerHTML = `
      ^
ReferenceError: document is not defined
      at createMinimalDOM (/Users/justin/Documents/Github/Megabonk/tests/helpers/dom-setup.js:6:3)
      at setupModalDOM (/Users/justin/Documents/Github/Megabonk/tests/unit/modal.test.js:20:5)
      at <anonymous> (/Users/justin/Documents/Github/Megabonk/tests/unit/modal.test.js:329:9)
(fail) Modal Management > openDetailModal() > should open modal for weapon [1284279830.55ms]
(fail) Modal Management > openDetailModal() > should open modal for weapon
1 | /**
2 |  * Creates a minimal DOM structure for testing specific components
3 |  * This is useful when tests need a lighter-weight DOM than the full index.html
4 |  */
5 | export function createMinimalDOM() {
6 |   document.body.innerHTML = `
      ^
ReferenceError: document is not defined
      at createMinimalDOM (/Users/justin/Documents/Github/Megabonk/tests/helpers/dom-setup.js:6:3)
      at setupModalDOM (/Users/justin/Documents/Github/Megabonk/tests/unit/modal.test.js:20:5)
      at <anonymous> (/Users/justin/Documents/Github/Megabonk/tests/unit/modal.test.js:329:9)
(fail) Modal Management > openDetailModal() > should open modal for character [1284279830.57ms]
(fail) Modal Management > openDetailModal() > should open modal for character
1 | /**
2 |  * Creates a minimal DOM structure for testing specific components
3 |  * This is useful when tests need a lighter-weight DOM than the full index.html
4 |  */
5 | export function createMinimalDOM() {
6 |   document.body.innerHTML = `
      ^
ReferenceError: document is not defined
      at createMinimalDOM (/Users/justin/Documents/Github/Megabonk/tests/helpers/dom-setup.js:6:3)
      at setupModalDOM (/Users/justin/Documents/Github/Megabonk/tests/unit/modal.test.js:20:5)
      at <anonymous> (/Users/justin/Documents/Github/Megabonk/tests/unit/modal.test.js:329:9)
(fail) Modal Management > openDetailModal() > should open modal for tome [1284279830.58ms]
(fail) Modal Management > openDetailModal() > should open modal for tome
1 | /**
2 |  * Creates a minimal DOM structure for testing specific components
3 |  * This is useful when tests need a lighter-weight DOM than the full index.html
4 |  */
5 | export function createMinimalDOM() {
6 |   document.body.innerHTML = `
      ^
ReferenceError: document is not defined
      at createMinimalDOM (/Users/justin/Documents/Github/Megabonk/tests/helpers/dom-setup.js:6:3)
      at setupModalDOM (/Users/justin/Documents/Github/Megabonk/tests/unit/modal.test.js:20:5)
      at <anonymous> (/Users/justin/Documents/Github/Megabonk/tests/unit/modal.test.js:329:9)
(fail) Modal Management > openDetailModal() > should return false for invalid ID [1284279830.60ms]
(fail) Modal Management > openDetailModal() > should return false for invalid ID
1 | /**
2 |  * Creates a minimal DOM structure for testing specific components
3 |  * This is useful when tests need a lighter-weight DOM than the full index.html
4 |  */
5 | export function createMinimalDOM() {
6 |   document.body.innerHTML = `
      ^
ReferenceError: document is not defined
      at createMinimalDOM (/Users/justin/Documents/Github/Megabonk/tests/helpers/dom-setup.js:6:3)
      at setupModalDOM (/Users/justin/Documents/Github/Megabonk/tests/unit/modal.test.js:20:5)
      at <anonymous> (/Users/justin/Documents/Github/Megabonk/tests/unit/modal.test.js:329:9)
(fail) Modal Management > openDetailModal() > should return false for invalid type [1284279830.62ms]
(fail) Modal Management > openDetailModal() > should return false for invalid type
1 | /**
2 |  * Creates a minimal DOM structure for testing specific components
3 |  * This is useful when tests need a lighter-weight DOM than the full index.html
4 |  */
5 | export function createMinimalDOM() {
6 |   document.body.innerHTML = `
      ^
ReferenceError: document is not defined
      at createMinimalDOM (/Users/justin/Documents/Github/Megabonk/tests/helpers/dom-setup.js:6:3)
      at setupModalDOM (/Users/justin/Documents/Github/Megabonk/tests/unit/modal.test.js:20:5)
      at <anonymous> (/Users/justin/Documents/Github/Megabonk/tests/unit/modal.test.js:329:9)
(fail) Modal Management > openDetailModal() > should populate modal body with content [1284279830.62ms]
(fail) Modal Management > P(@/  opulate modal body with content
1 | /**
2 |  * Creates a minimal DOM structure for testing specific components
3 |  * This is useful when tests need a lighter-weight DOM than the full index.html
4 |  */
5 | export function createMinimalDOM() {
6 |   document.body.innerHTML = `
      ^
ReferenceError: document is not defined
      at createMinimalDOM (/Users/justin/Documents/Github/Megabonk/tests/helpers/dom-setup.js:6:3)
      at setupModalDOM (/Users/justin/Documents/Github/Megabonk/tests/unit/modal.test.js:20:5)
      at <anonymous> (/Users/justin/Documents/Github/Megabonk/tests/unit/modal.test.js:329:9)
(fail) Modal Management > generateModalContent() > should include item name [1284279830.64ms]
(fail) Modal Management > generateModalContent() > should include item name
1 | /**
2 |  * Creates a minimal DOM structure for testing specific components
3 |  * This is useful when tests need a lighter-weight DOM than the full index.html
4 |  */
5 | export function createMinimalDOM() {
6 |   document.body.innerHTML = `
      ^
ReferenceError: document is not defined
      at createMinimalDOM (/Users/justin/Documents/Github/Megabonk/tests/helpers/dom-setup.js:6:3)
      at setupModalDOM (/Users/justin/Documents/Github/Megabonk/tests/unit/modal.test.js:20:5)
      at <anonymous> (/Users/justin/Documents/Github/Megabonk/tests/unit/modal.test.js:329:9)
(fail) Modal Management > generateModalContent() > should include tier badge [1284279830.66ms]
(fail) Modal Management > generateModalContent() > should include tier badge
1 | /**
2 |  * Creates a minimal DOM structure for testing specific components
3 |  * This is useful when tests need a lighter-weight DOM than the full index.html
4 |  */
5 | export function createMinimalDOM() {
6 |   document.body.innerHTML = `
      ^
ReferenceError: document is not defined
      at createMinimalDOM (/Users/justin/Documents/Github/Megabonk/tests/helpers/dom-setup.js:6:3)
      at setupModalDOM (/Users/justin/Documents/Github/Megabonk/tests/unit/modal.test.js:20:5)
      at <anonymous> (/Users/justin/Documents/Github/Megabonk/tests/unit/modal.test.js:329:9)
(fail) Modal Management > generateModalContent() > should include rarity when present [1284279830.68ms]
(fail) Modal Management > generateModalContent() > should include rarity when present
1 | /**
2 |  * Creates a minimal DOM structure for testing specific components
3 |  * This is useful when tests need a lighter-weight DOM than the full index.html
4 |  */
5 | export function createMinimalDOM() {
6 |   document.body.innerHTML = `
      ^
ReferenceError: document is not defined
      at createMinimalDOM (/Users/justin/Documents/Github/Megabonk/tests/helpers/dom-setup.js:6:3)
      at setupModalDOM (/Users/justin/Documents/Github/Megabonk/tests/unit/modal.test.js:20:5)
      at <anonymous> (/Users/justin/Documents/Github/Megabonk/tests/unit/modal.test.js:329:9)
(fail) Modal Management > generateModalContent() > should include description [1284279830.69ms]
(fail) Modal Management > generateModalContent() > should include description
1 | /**
2 |  * Creates a minimal DOM structure for testing specific components
3 |  * This is useful when tests need a lighter-weight DOM than the full index.html
4 |  */
5 | export function createMinimalDOM() {
6 |   document.body.innerHTML = `
      ^
ReferenceError: document is not defined
      at createMinimalDOM (/Users/justin/Documents/Github/Megabonk/tests/helpers/dom-setup.js:6:3)
      at setupModalDOM (/Users/justin/Documents/Github/Megabonk/tests/unit/modal.test.js:20:5)
      at <anonymous> (/Users/justin/Documents/Github/Megabonk/tests/unit/modal.test.js:329:9)
(fail) Modal Management > generateModalContent() > should include base effect [1284279830.70ms]
(fail) Modal Management > generateModalContent() > should include base effect
1 | /**
2 |  * Creates a minimal DOM structure for testing specific components
3 |  * This is useful when tests need a lighter-weight DOM than the full index.html
4 |  */
5 | export function createMinimalDOM() {
6 |   document.body.innerHTML = `
      ^
ReferenceError: document is not defined
      at createMinimalDOM (/Users/justin/Documents/Github/Megabonk/tests/helpers/dom-setup.js:6:3)
      at setupModalDOM (/Users/justin/Documents/Github/Megabonk/tests/unit/modal.test.js:20:5)
      at <anonymous> (/Users/justin/Documents/Github/Megabonk/tests/unit/modal.test.js:329:9)
(fail) Modal Management > generateModalContent() > should include stats for weapons [1284279830.72ms]
(fail) Modal Management > generateModalContent() > should include stats for weapons
1 | /**
2 |  * Creates a minimal DOM structure for testing specific components
3 |  * This is useful when tests need a lighter-weight DOM than the full index.html
4 |  */
5 | export function createMinimalDOM() {
6 |   document.body.innerHTML = `
      ^
ReferenceError: document is not defined
      at createMinimalDOM (/Users/justin/Documents/Github/Megabonk/tests/helpers/dom-setup.js:6:3)
      at setupModalDOM (/Users/justin/Documents/Github/Megabonk/tests/unit/modal.test.js:20:5)
      at <anonymous> (/Users/justin/Documents/Github/Megabonk/tests/unit/modal.test.js:329:9)
(fail) Modal Management > generateModalContent() > should include stats for characters [1284279830.73ms]
(fail) Modal Management > generateModalContent() > should include stats for characters
1 | /**
2 |  * Creates a minimal DOM structure for testing specific components
3 |  * This is useful when tests need a lighter-weight DOM than the full index.html
4 |  */
5 | export function createMinimalDOM() {
6 |   document.body.innerHTML = `
      ^
ReferenceError: document is not defined
      at createMinimalDOM (/Users/justin/Documents/Github/Megabonk/tests/helpers/dom-setup.js:6:3)
      at setupModalDOM (/Users/justin/Documents/Github/Megabonk/tests/unit/modal.test.js:20:5)
      at <anonymous> (/Users/justin/Documents/Github/Megabonk/tests/unit/modal.test.js:329:9)
(fail) Modal Management > generateModalContent() > should include unlock requirement [1284279830.75ms]
(fail) Modal Management > ¿'@/  nclude unlock requirement
1 | /**
2 |  * Creates a minimal DOM structure for testing specific components
3 |  * This is useful when tests need a lighter-weight DOM than the full index.html
4 |  */
5 | export function createMinimalDOM() {
6 |   document.body.innerHTML = `
      ^
ReferenceError: document is not defined
      at createMinimalDOM (/Users/justin/Documents/Github/Megabonk/tests/helpers/dom-setup.js:6:3)
      at setupModalDOM (/Users/justin/Documents/Github/Megabonk/tests/unit/modal.test.js:20:5)
      at <anonymous> (/Users/justin/Documents/Github/Megabonk/tests/unit/modal.test.js:329:9)
(fail) Modal Management > closeModal() > should close item modal [1284279830.75ms]
(fail) Modal Management > closeModal() > should close item modal
1 | /**
2 |  * Creates a minimal DOM structure for testing specific components
3 |  * This is useful when tests need a lighter-weight DOM than the full index.html
4 |  */
5 | export function createMinimalDOM() {
6 |   document.body.innerHTML = `
      ^
ReferenceError: document is not defined
      at createMinimalDOM (/Users/justin/Documents/Github/Megabonk/tests/helpers/dom-setup.js:6:3)
      at setupModalDOM (/Users/justin/Documents/Github/Megabonk/tests/unit/modal.test.js:20:5)
      at <anonymous> (/Users/justin/Documents/Github/Megabonk/tests/unit/modal.test.js:329:9)
(fail) Modal Management > closeModal() > should close compare modal [1284279830.77ms]
(fail) Modal Management > closeModal() > should close compare modal
1 | /**
2 |  * Creates a minimal DOM structure for testing specific components
3 |  * This is useful when tests need a lighter-weight DOM than the full index.html
4 |  */
5 | export function createMinimalDOM() {
6 |   document.body.innerHTML = `
      ^
ReferenceError: document is not defined
      at createMinimalDOM (/Users/justin/Documents/Github/Megabonk/tests/helpers/dom-setup.js:6:3)
      at setupModalDOM (/Users/justin/Documents/Github/Megabonk/tests/unit/modal.test.js:20:5)
      at <anonymous> (/Users/justin/Documents/Github/Megabonk/tests/unit/modal.test.js:329:9)
(fail) Modal Management > closeModal() > should close both modals if both open [1284279830.78ms]
(fail) Modal Management > ê'@/  lose both modals if both open
1 | /**
2 |  * Creates a minimal DOM structure for testing specific components
3 |  * This is useful when tests need a lighter-weight DOM than the full index.html
4 |  */
5 | export function createMinimalDOM() {
6 |   document.body.innerHTML = `
      ^
ReferenceError: document is not defined
      at createMinimalDOM (/Users/justin/Documents/Github/Megabonk/tests/helpers/dom-setup.js:6:3)
      at setupModalDOM (/Users/justin/Documents/Github/Megabonk/tests/unit/modal.test.js:20:5)
      at <anonymous> (/Users/justin/Documents/Github/Megabonk/tests/unit/modal.test.js:483:9)
(fail) Compare Functionality > toggleCompareItem() > should add item to compare list [1284279830.81ms]
(fail) Compare Functionality > toggleCompareItem() > should add item to compare list
1 | /**
2 |  * Creates a minimal DOM structure for testing specific components
3 |  * This is useful when tests need a lighter-weight DOM than the full index.html
4 |  */
5 | export function createMinimalDOM() {
6 |   document.body.innerHTML = `
      ^
ReferenceError: document is not defined
      at createMinimalDOM (/Users/justin/Documents/Github/Megabonk/tests/helpers/dom-setup.js:6:3)
      at setupModalDOM (/Users/justin/Documents/Github/Megabonk/tests/unit/modal.test.js:20:5)
      at <anonymous> (/Users/justin/Documents/Github/Megabonk/tests/unit/modal.test.js:483:9)
(fail) Compare Functionality > toggleCompareItem() > should remove item from compare list [1284279830.82ms]
(fail) Compare Functionality > toggleCompareItem() > should remove item from compare list
1 | /**
2 |  * Creates a minimal DOM structure for testing specific components
3 |  * This is useful when tests need a lighter-weight DOM than the full index.html
4 |  */
5 | export function createMinimalDOM() {
6 |   document.body.innerHTML = `
      ^
ReferenceError: document is not defined
      at createMinimalDOM (/Users/justin/Documents/Github/Megabonk/tests/helpers/dom-setup.js:6:3)
      at setupModalDOM (/Users/justin/Documents/Github/Megabonk/tests/unit/modal.test.js:20:5)
      at <anonymous> (/Users/justin/Documents/Github/Megabonk/tests/unit/modal.test.js:483:9)
(fail) Compare Functionality > toggleCompareItem() > should not exceed max items [1284279830.83ms]
(fail) Compare Functionality > toggleCompareItem() > should not exceed max items
1 | /**
2 |  * Creates a minimal DOM structure for testing specific components
3 |  * This is useful when tests need a lighter-weight DOM than the full index.html
4 |  */
5 | export function createMinimalDOM() {
6 |   document.body.innerHTML = `
      ^
ReferenceError: document is not defined
      at createMinimalDOM (/Users/justin/Documents/Github/Megabonk/tests/helpers/dom-setup.js:6:3)
      at setupModalDOM (/Users/justin/Documents/Github/Megabonk/tests/unit/modal.test.js:20:5)
      at <anonymous> (/Users/justin/Documents/Github/Megabonk/tests/unit/modal.test.js:483:9)
(fail) Compare Functionality > toggleCompareItem() > should allow adding after removing [1284279830.85ms]
(fail) Compare Functionality > 0'@/  llow adding after removing
1 | /**
2 |  * Creates a minimal DOM structure for testing specific components
3 |  * This is useful when tests need a lighter-weight DOM than the full index.html
4 |  */
5 | export function createMinimalDOM() {
6 |   document.body.innerHTML = `
      ^
ReferenceError: document is not defined
      at createMinimalDOM (/Users/justin/Documents/Github/Megabonk/tests/helpers/dom-setup.js:6:3)
      at setupModalDOM (/Users/justin/Documents/Github/Megabonk/tests/unit/modal.test.js:20:5)
      at <anonymous> (/Users/justin/Documents/Github/Megabonk/tests/unit/modal.test.js:483:9)
(fail) Compare Functionality > getCompareItems() > should return empty array initially [1284279830.86ms]
(fail) Compare Functionality > getCompareItems() > should return empty array initially
1 | /**
2 |  * Creates a minimal DOM structure for testing specific components
3 |  * This is useful when tests need a lighter-weight DOM than the full index.html
4 |  */
5 | export function createMinimalDOM() {
6 |   document.body.innerHTML = `
      ^
ReferenceError: document is not defined
      at createMinimalDOM (/Users/justin/Documents/Github/Megabonk/tests/helpers/dom-setup.js:6:3)
      at setupModalDOM (/Users/justin/Documents/Github/Megabonk/tests/unit/modal.test.js:20:5)
      at <anonymous> (/Users/justin/Documents/Github/Megabonk/tests/unit/modal.test.js:483:9)
(fail) Compare Functionality > getCompareItems() > should return copy of compare items [1284279830.87ms]
(fail) Compare Functionality > –&@/  eturn copy of compare items
1 | /**
2 |  * Creates a minimal DOM structure for testing specific components
3 |  * This is useful when tests need a lighter-weight DOM than the full index.html
4 |  */
5 | export function createMinimalDOM() {
6 |   document.body.innerHTML = `
      ^
ReferenceError: document is not defined
      at createMinimalDOM (/Users/justin/Documents/Github/Megabonk/tests/helpers/dom-setup.js:6:3)
      at setupModalDOM (/Users/justin/Documents/Github/Megabonk/tests/unit/modal.test.js:20:5)
      at <anonymous> (/Users/justin/Documents/Github/Megabonk/tests/unit/modal.test.js:483:9)
(fail) Compare Functionality > clearCompare() > should clear all compare items [1284279830.88ms]
(fail) Compare Functionality > clearCompare() > should clear all compare items
1 | /**
2 |  * Creates a minimal DOM structure for testing specific components
3 |  * This is useful when tests need a lighter-weight DOM than the full index.html
4 |  */
5 | export function createMinimalDOM() {
6 |   document.body.innerHTML = `
      ^
ReferenceError: document is not defined
      at createMinimalDOM (/Users/justin/Documents/Github/Megabonk/tests/helpers/dom-setup.js:6:3)
      at setupModalDOM (/Users/justin/Documents/Github/Megabonk/tests/unit/modal.test.js:20:5)
      at <anonymous> (/Users/justin/Documents/Github/Megabonk/tests/unit/modal.test.js:483:9)
(fail) Compare Functionality > clearCompare() > should return 0 when already empty [1284279830.90ms]
(fail) Compare Functionality > †&@/  eturn 0 when already empty
1 | /**
2 |  * Creates a minimal DOM structure for testing specific components
3 |  * This is useful when tests need a lighter-weight DOM than the full index.html
4 |  */
5 | export function createMinimalDOM() {
6 |   document.body.innerHTML = `
      ^
ReferenceError: document is not defined
      at createMinimalDOM (/Users/justin/Documents/Github/Megabonk/tests/helpers/dom-setup.js:6:3)
      at setupModalDOM (/Users/justin/Documents/Github/Megabonk/tests/unit/modal.test.js:20:5)
      at <anonymous> (/Users/justin/Documents/Github/Megabonk/tests/unit/modal.test.js:483:9)
(fail) Compare Functionality > openCompareModal() > should not open with less than 2 items [1284279830.91ms]
(fail) Compare Functionality > openCompareModal() > should not open with less than 2 items
1 | /**
2 |  * Creates a minimal DOM structure for testing specific components
3 |  * This is useful when tests need a lighter-weight DOM than the full index.html
4 |  */
5 | export function createMinimalDOM() {
6 |   document.body.innerHTML = `
      ^
ReferenceError: document is not defined
      at createMinimalDOM (/Users/justin/Documents/Github/Megabonk/tests/helpers/dom-setup.js:6:3)
      at setupModalDOM (/Users/justin/Documents/Github/Megabonk/tests/unit/modal.test.js:20:5)
      at <anonymous> (/Users/justin/Documents/Github/Megabonk/tests/unit/modal.test.js:483:9)
(fail) Compare Functionality > openCompareModal() > should open with 2 items [1284279830.94ms]
(fail) Compare Functionality > openCompareModal() > should open with 2 items
1 | /**
2 |  * Creates a minimal DOM structure for testing specific components
3 |  * This is useful when tests need a lighter-weight DOM than the full index.html
4 |  */
5 | export function createMinimalDOM() {
6 |   document.body.innerHTML = `
      ^
ReferenceError: document is not defined
      at createMinimalDOM (/Users/justin/Documents/Github/Megabonk/tests/helpers/dom-setup.js:6:3)
      at setupModalDOM (/Users/justin/Documents/Github/Megabonk/tests/unit/modal.test.js:20:5)
      at <anonymous> (/Users/justin/Documents/Github/Megabonk/tests/unit/modal.test.js:483:9)
(fail) Compare Functionality > openCompareModal() > should open with 3 items [1284279830.96ms]
(fail) Compare Functionality > openCompareModal() > should open with 3 items
1 | /**
2 |  * Creates a minimal DOM structure for testing specific components
3 |  * This is useful when tests need a lighter-weight DOM than the full index.html
4 |  */
5 | export function createMinimalDOM() {
6 |   document.body.innerHTML = `
      ^
ReferenceError: document is not defined
      at createMinimalDOM (/Users/justin/Documents/Github/Megabonk/tests/helpers/dom-setup.js:6:3)
      at setupModalDOM (/Users/justin/Documents/Github/Megabonk/tests/unit/modal.test.js:20:5)
      at <anonymous> (/Users/justin/Documents/Github/Megabonk/tests/unit/modal.test.js:483:9)
(fail) Compare Functionality > openCompareModal() > should populate compare body [1284279830.98ms]
(fail) Compare Functionality > ¿@/  opulate compare body
1 | /**
2 |  * Creates a minimal DOM structure for testing specific components
3 |  * This is useful when tests need a lighter-weight DOM than the full index.html
4 |  */
5 | export function createMinimalDOM() {
6 |   document.body.innerHTML = `
      ^
ReferenceError: document is not defined
      at createMinimalDOM (/Users/justin/Documents/Github/Megabonk/tests/helpers/dom-setup.js:6:3)
      at setupModalDOM (/Users/justin/Documents/Github/Megabonk/tests/unit/modal.test.js:20:5)
      at <anonymous> (/Users/justin/Documents/Github/Megabonk/tests/unit/modal.test.js:483:9)
(fail) Compare Functionality > generateCompareContent() > should create columns for each item [1284279831.00ms]
(fail) Compare Functionality > generateCompareContent() > should create columns for each item
1 | /**
2 |  * Creates a minimal DOM structure for testing specific components
3 |  * This is useful when tests need a lighter-weight DOM than the full index.html
4 |  */
5 | export function createMinimalDOM() {
6 |   document.body.innerHTML = `
      ^
ReferenceError: document is not defined
      at createMinimalDOM (/Users/justin/Documents/Github/Megabonk/tests/helpers/dom-setup.js:6:3)
      at setupModalDOM (/Users/justin/Documents/Github/Megabonk/tests/unit/modal.test.js:20:5)
      at <anonymous> (/Users/justin/Documents/Github/Megabonk/tests/unit/modal.test.js:483:9)
(fail) Compare Functionality > generateCompareContent() > should include tier for each item [1284279831.01ms]
(fail) Compare Functionality > generateCompareContent() > should include tier for each item
1 | /**
2 |  * Creates a minimal DOM structure for testing specific components
3 |  * This is useful when tests need a lighter-weight DOM than the full index.html
4 |  */
5 | export function createMinimalDOM() {
6 |   document.body.innerHTML = `
      ^
ReferenceError: document is not defined
      at createMinimalDOM (/Users/justin/Documents/Github/Megabonk/tests/helpers/dom-setup.js:6:3)
      at setupModalDOM (/Users/justin/Documents/Github/Megabonk/tests/unit/modal.test.js:20:5)
      at <anonymous> (/Users/justin/Documents/Github/Megabonk/tests/unit/modal.test.js:483:9)
(fail) Compare Functionality > generateCompareContent() > should include rarity when present [1284279831.02ms]
(fail) Compare Functionality > generateCompareContent() > should include rarity when present
1 | /**
2 |  * Creates a minimal DOM structure for testing specific components
3 |  * This is useful when tests need a lighter-weight DOM than the full index.html
4 |  */
5 | export function createMinimalDOM() {
6 |   document.body.innerHTML = `
      ^
ReferenceError: document is not defined
      at createMinimalDOM (/Users/justin/Documents/Github/Megabonk/tests/helpers/dom-setup.js:6:3)
      at setupModalDOM (/Users/justin/Documents/Github/Megabonk/tests/unit/modal.test.js:20:5)
      at <anonymous> (/Users/justin/Documents/Github/Megabonk/tests/unit/modal.test.js:483:9)
(fail) Compare Functionality > generateCompareContent() > should include base effect [1284279831.04ms]
(fail) Compare Functionality > Ä@/  nclude base effect
1 | /**
2 |  * Creates a minimal DOM structure for testing specific components
3 |  * This is useful when tests need a lighter-weight DOM than the full index.html
4 |  */
5 | export function createMinimalDOM() {
6 |   document.body.innerHTML = `
      ^
ReferenceError: document is not defined
      at createMinimalDOM (/Users/justin/Documents/Github/Megabonk/tests/helpers/dom-setup.js:6:3)
      at setupModalDOM (/Users/justin/Documents/Github/Megabonk/tests/unit/modal.test.js:20:5)
      at <anonymous> (/Users/justin/Documents/Github/Megabonk/tests/unit/modal.test.js:664:9)
(fail) Modal Edge Cases > should handle missing modal elements gracefully [1284279831.06ms]
(fail) Modal Edge Cases > should handle missing modal elements gracefully
1 | /**
2 |  * Creates a minimal DOM structure for testing specific components
3 |  * This is useful when tests need a lighter-weight DOM than the full index.html
4 |  */
5 | export function createMinimalDOM() {
6 |   document.body.innerHTML = `
      ^
ReferenceError: document is not defined
      at createMinimalDOM (/Users/justin/Documents/Github/Megabonk/tests/helpers/dom-setup.js:6:3)
      at setupModalDOM (/Users/justin/Documents/Github/Megabonk/tests/unit/modal.test.js:20:5)
      at <anonymous> (/Users/justin/Documents/Github/Megabonk/tests/unit/modal.test.js:664:9)
(fail) Modal Edge Cases > should handle missing modal body gracefully [1284279831.07ms]
(fail) Modal Edge Cases > should handle missing modal body gracefully
1 | /**
2 |  * Creates a minimal DOM structure for testing specific components
3 |  * This is useful when tests need a lighter-weight DOM than the full index.html
4 |  */
5 | export function createMinimalDOM() {
6 |   document.body.innerHTML = `
      ^
ReferenceError: document is not defined
      at createMinimalDOM (/Users/justin/Documents/Github/Megabonk/tests/helpers/dom-setup.js:6:3)
      at setupModalDOM (/Users/justin/Documents/Github/Megabonk/tests/unit/modal.test.js:20:5)
      at <anonymous> (/Users/justin/Documents/Github/Megabonk/tests/unit/modal.test.js:664:9)
(fail) Modal Edge Cases > should handle empty allData [1284279831.09ms]
(fail) Modal Edge Cases > should handle empty allData
1 | /**
2 |  * Creates a minimal DOM structure for testing specific components
3 |  * This is useful when tests need a lighter-weight DOM than the full index.html
4 |  */
5 | export function createMinimalDOM() {
6 |   document.body.innerHTML = `
      ^
ReferenceError: document is not defined
      at createMinimalDOM (/Users/justin/Documents/Github/Megabonk/tests/helpers/dom-setup.js:6:3)
      at setupModalDOM (/Users/justin/Documents/Github/Megabonk/tests/unit/modal.test.js:20:5)
      at <anonymous> (/Users/justin/Documents/Github/Megabonk/tests/unit/modal.test.js:664:9)
(fail) Modal Edge Cases > should handle reopening modal with different item [1284279831.12ms]
(fail) Modal Edge Cases > should handle reopening modal with different item
1 | /**
2 |  * Creates a minimal DOM structure for testing specific components
3 |  * This is useful when tests need a lighter-weight DOM than the full index.html
4 |  */
5 | export function createMinimalDOM() {
6 |   document.body.innerHTML = `
      ^
ReferenceError: document is not defined
      at createMinimalDOM (/Users/justin/Documents/Github/Megabonk/tests/helpers/dom-setup.js:6:3)
      at setupModalDOM (/Users/justin/Documents/Github/Megabonk/tests/unit/modal.test.js:20:5)
      at <anonymous> (/Users/justin/Documents/Github/Megabonk/tests/unit/modal.test.js:664:9)
(fail) Modal Edge Cases > should handle rapid open/close cycles [1284279831.14ms]
(fail) P%@/  andle rapid open/close cycles
1 | /**
2 |  * Creates a minimal DOM structure for testing specific components
3 |  * This is useful when tests need a lighter-weight DOM than the full index.html
4 |  */
5 | export function createMinimalDOM() {
6 |   document.body.innerHTML = `
      ^
ReferenceError: document is not defined
      at createMinimalDOM (/Users/justin/Documents/Github/Megabonk/tests/helpers/dom-setup.js:6:3)
      at setupModalDOM (/Users/justin/Documents/Github/Megabonk/tests/unit/modal.test.js:20:5)
      at <anonymous> (/Users/justin/Documents/Github/Megabonk/tests/unit/modal.test.js:715:9)
(fail) Item Modal Content > should display anti_synergies when present [1284279831.17ms]
(fail) Item Modal Content > should display anti_synergies when present
1 | /**
2 |  * Creates a minimal DOM structure for testing specific components
3 |  * This is useful when tests need a lighter-weight DOM than the full index.html
4 |  */
5 | export function createMinimalDOM() {
6 |   document.body.innerHTML = `
      ^
ReferenceError: document is not defined
      at createMinimalDOM (/Users/justin/Documents/Github/Megabonk/tests/helpers/dom-setup.js:6:3)
      at setupModalDOM (/Users/justin/Documents/Github/Megabonk/tests/unit/modal.test.js:20:5)
      at <anonymous> (/Users/justin/Documents/Github/Megabonk/tests/unit/modal.test.js:715:9)
(fail) Item Modal Content > should display one_and_done warning [1284279831.19ms]
(fail) Item Modal Content > should display one_and_done warning
1 | /**
2 |  * Creates a minimal DOM structure for testing specific components
3 |  * This is useful when tests need a lighter-weight DOM than the full index.html
4 |  */
5 | export function createMinimalDOM() {
6 |   document.body.innerHTML = `
      ^
ReferenceError: document is not defined
      at createMinimalDOM (/Users/justin/Documents/Github/Megabonk/tests/helpers/dom-setup.js:6:3)
      at setupModalDOM (/Users/justin/Documents/Github/Megabonk/tests/unit/modal.test.js:20:5)
      at <anonymous> (/Users/justin/Documents/Github/Megabonk/tests/unit/modal.test.js:715:9)
(fail) Item Modal Content > should display max_stacks info [1284279831.20ms]
(fail) Item Modal Content > should display max_stacks info
1 | /**
2 |  * Creates a minimal DOM structure for testing specific components
3 |  * This is useful when tests need a lighter-weight DOM than the full index.html
4 |  */
5 | export function createMinimalDOM() {
6 |   document.body.innerHTML = `
      ^
ReferenceError: document is not defined
      at createMinimalDOM (/Users/justin/Documents/Github/Megabonk/tests/helpers/dom-setup.js:6:3)
      at setupModalDOM (/Users/justin/Documents/Github/Megabonk/tests/unit/modal.test.js:20:5)
      at <anonymous> (/Users/justin/Documents/Github/Megabonk/tests/unit/modal.test.js:715:9)
(fail) Item Modal Content > should display stack_cap as fallback [1284279831.22ms]
(fail) Item Modal Content > should display stack_cap as fallback
1 | /**
2 |  * Creates a minimal DOM structure for testing specific components
3 |  * This is useful when tests need a lighter-weight DOM than the full index.html
4 |  */
5 | export function createMinimalDOM() {
6 |   document.body.innerHTML = `
      ^
ReferenceError: document is not defined
      at createMinimalDOM (/Users/justin/Documents/Github/Megabonk/tests/helpers/dom-setup.js:6:3)
      at setupModalDOM (/Users/justin/Documents/Github/Megabonk/tests/unit/modal.test.js:20:5)
      at <anonymous> (/Users/justin/Documents/Github/Megabonk/tests/unit/modal.test.js:715:9)
(fail) Item Modal Content > should display synergies when present [1284279831.23ms]
(fail) ê$@/  isplay synergies when present
1 | /**
2 |  * Creates a minimal DOM structure for testing specific components
3 |  * This is useful when tests need a lighter-weight DOM than the full index.html
4 |  */
5 | export function createMinimalDOM() {
6 |   document.body.innerHTML = `
      ^
ReferenceError: document is not defined
      at createMinimalDOM (/Users/justin/Documents/Github/Megabonk/tests/helpers/dom-setup.js:6:3)
      at setupModalDOM (/Users/justin/Documents/Github/Megabonk/tests/unit/modal.test.js:20:5)
      at <anonymous> (/Users/justin/Documents/Github/Megabonk/tests/unit/modal.test.js:803:9)
(fail) Weapon Modal > should render weapon modal content [1284279831.25ms]
(fail) Weapon Modal > should render weapon modal content
1 | /**
2 |  * Creates a minimal DOM structure for testing specific components
3 |  * This is useful when tests need a lighter-weight DOM than the full index.html
4 |  */
5 | export function createMinimalDOM() {
6 |   document.body.innerHTML = `
      ^
ReferenceError: document is not defined
      at createMinimalDOM (/Users/justin/Documents/Github/Megabonk/tests/helpers/dom-setup.js:6:3)
      at setupModalDOM (/Users/justin/Documents/Github/Megabonk/tests/unit/modal.test.js:20:5)
      at <anonymous> (/Users/justin/Documents/Github/Megabonk/tests/unit/modal.test.js:803:9)
(fail) Weapon Modal > should display weapon tier badge [1284279831.26ms]
(fail) Weapon Modal > should display weapon tier badge
1 | /**
2 |  * Creates a minimal DOM structure for testing specific components
3 |  * This is useful when tests need a lighter-weight DOM than the full index.html
4 |  */
5 | export function createMinimalDOM() {
6 |   document.body.innerHTML = `
      ^
ReferenceError: document is not defined
      at createMinimalDOM (/Users/justin/Documents/Github/Megabonk/tests/helpers/dom-setup.js:6:3)
      at setupModalDOM (/Users/justin/Documents/Github/Megabonk/tests/unit/modal.test.js:20:5)
      at <anonymous> (/Users/justin/Documents/Github/Megabonk/tests/unit/modal.test.js:803:9)
(fail) Weapon Modal > should display weapon base damage [1284279831.27ms]
(fail) Weapon Modal > should display weapon base damage
1 | /**
2 |  * Creates a minimal DOM structure for testing specific components
3 |  * This is useful when tests need a lighter-weight DOM than the full index.html
4 |  */
5 | export function createMinimalDOM() {
6 |   document.body.innerHTML = `
      ^
ReferenceError: document is not defined
      at createMinimalDOM (/Users/justin/Documents/Github/Megabonk/tests/helpers/dom-setup.js:6:3)
      at setupModalDOM (/Users/justin/Documents/Github/Megabonk/tests/unit/modal.test.js:20:5)
      at <anonymous> (/Users/justin/Documents/Github/Megabonk/tests/unit/modal.test.js:803:9)
(fail) Weapon Modal > should display weapon attack pattern [1284279831.28ms]
(fail) Weapon Modal > should display weapon attack pattern
1 | /**
2 |  * Creates a minimal DOM structure for testing specific components
3 |  * This is useful when tests need a lighter-weight DOM than the full index.html
4 |  */
5 | export function createMinimalDOM() {
6 |   document.body.innerHTML = `
      ^
ReferenceError: document is not defined
      at createMinimalDOM (/Users/justin/Documents/Github/Megabonk/tests/helpers/dom-setup.js:6:3)
      at setupModalDOM (/Users/justin/Documents/Github/Megabonk/tests/unit/modal.test.js:20:5)
      at <anonymous> (/Users/justin/Documents/Github/Megabonk/tests/unit/modal.test.js:803:9)
(fail) Weapon Modal > should display weapon projectile count when available [1284279831.30ms]
(fail) Weapon Modal > should display weapon projectile count when available
1 | /**
2 |  * Creates a minimal DOM structure for testing specific components
3 |  * This is useful when tests need a lighter-weight DOM than the full index.html
4 |  */
5 | export function createMinimalDOM() {
6 |   document.body.innerHTML = `
      ^
ReferenceError: document is not defined
      at createMinimalDOM (/Users/justin/Documents/Github/Megabonk/tests/helpers/dom-setup.js:6:3)
      at setupModalDOM (/Users/justin/Documents/Github/Megabonk/tests/unit/modal.test.js:20:5)
      at <anonymous> (/Users/justin/Documents/Github/Megabonk/tests/unit/modal.test.js:803:9)
(fail) Weapon Modal > should display weapon playstyle badge [1284279831.32ms]
(fail) Weapon Modal > should display weapon playstyle badge
1 | /**
2 |  * Creates a minimal DOM structure for testing specific components
3 |  * This is useful when tests need a lighter-weight DOM than the full index.html
4 |  */
5 | export function createMinimalDOM() {
6 |   document.body.innerHTML = `
      ^
ReferenceError: document is not defined
      at createMinimalDOM (/Users/justin/Documents/Github/Megabonk/tests/helpers/dom-setup.js:6:3)
      at setupModalDOM (/Users/justin/Documents/Github/Megabonk/tests/unit/modal.test.js:20:5)
      at <anonymous> (/Users/justin/Documents/Github/Megabonk/tests/unit/modal.test.js:803:9)
(fail) Weapon Modal > should display weapon best_for [1284279831.33ms]
(fail) Weapon Modal > should display weapon best_for
1 | /**
2 |  * Creates a minimal DOM structure for testing specific components
3 |  * This is useful when tests need a lighter-weight DOM than the full index.html
4 |  */
5 | export function createMinimalDOM() {
6 |   document.body.innerHTML = `
      ^
ReferenceError: document is not defined
      at createMinimalDOM (/Users/justin/Documents/Github/Megabonk/tests/helpers/dom-setup.js:6:3)
      at setupModalDOM (/Users/justin/Documents/Github/Megabonk/tests/unit/modal.test.js:20:5)
      at <anonymous> (/Users/justin/Documents/Github/Megabonk/tests/unit/modal.test.js:803:9)
(fail) Weapon Modal > should display weapon upgradeable stats as tags [1284279831.34ms]
(fail) Weapon Modal > should display weapon upgradeable stats as tags
1 | /**
2 |  * Creates a minimal DOM structure for testing specific components
3 |  * This is useful when tests need a lighter-weight DOM than the full index.html
4 |  */
5 | export function createMinimalDOM() {
6 |   document.body.innerHTML = `
      ^
ReferenceError: document is not defined
      at createMinimalDOM (/Users/justin/Documents/Github/Megabonk/tests/helpers/dom-setup.js:6:3)
      at setupModalDOM (/Users/justin/Documents/Github/Megabonk/tests/unit/modal.test.js:20:5)
      at <anonymous> (/Users/justin/Documents/Github/Megabonk/tests/unit/modal.test.js:803:9)
(fail) Weapon Modal > should display weapon pros and cons [1284279831.35ms]
(fail) Weapon Modal > should display weapon pros and cons
1 | /**
2 |  * Creates a minimal DOM structure for testing specific components
3 |  * This is useful when tests need a lighter-weight DOM than the full index.html
4 |  */
5 | export function createMinimalDOM() {
6 |   document.body.innerHTML = `
      ^
ReferenceError: document is not defined
      at createMinimalDOM (/Users/justin/Documents/Github/Megabonk/tests/helpers/dom-setup.js:6:3)
      at setupModalDOM (/Users/justin/Documents/Github/Megabonk/tests/unit/modal.test.js:20:5)
      at <anonymous> (/Users/justin/Documents/Github/Megabonk/tests/unit/modal.test.js:803:9)
(fail) Weapon Modal > should display weapon synergies grouped by type [1284279831.37ms]
(fail) Weapon Modal > should display weapon synergies grouped by type
1 | /**
2 |  * Creates a minimal DOM structure for testing specific components
3 |  * This is useful when tests need a lighter-weight DOM than the full index.html
4 |  */
5 | export function createMinimalDOM() {
6 |   document.body.innerHTML = `
      ^
ReferenceError: document is not defined
      at createMinimalDOM (/Users/justin/Documents/Github/Megabonk/tests/helpers/dom-setup.js:6:3)
      at setupModalDOM (/Users/justin/Documents/Github/Megabonk/tests/unit/modal.test.js:20:5)
      at <anonymous> (/Users/justin/Documents/Github/Megabonk/tests/unit/modal.test.js:803:9)
(fail) Weapon Modal > should display weapon build tips [1284279831.38ms]
(fail) Weapon Modal > should display weapon build tips
1 | /**
2 |  * Creates a minimal DOM structure for testing specific components
3 |  * This is useful when tests need a lighter-weight DOM than the full index.html
4 |  */
5 | export function createMinimalDOM() {
6 |   document.body.innerHTML = `
      ^
ReferenceError: document is not defined
      at createMinimalDOM (/Users/justin/Documents/Github/Megabonk/tests/helpers/dom-setup.js:6:3)
      at setupModalDOM (/Users/justin/Documents/Github/Megabonk/tests/unit/modal.test.js:20:5)
      at <anonymous> (/Users/justin/Documents/Github/Megabonk/tests/unit/modal.test.js:803:9)
(fail) Weapon Modal > should display weapon unlock requirement [1284279831.40ms]
(fail) Weapon Modal > should display weapon unlock requirement
1 | /**
2 |  * Creates a minimal DOM structure for testing specific components
3 |  * This is useful when tests need a lighter-weight DOM than the full index.html
4 |  */
5 | export function createMinimalDOM() {
6 |   document.body.innerHTML = `
      ^
ReferenceError: document is not defined
      at createMinimalDOM (/Users/justin/Documents/Github/Megabonk/tests/helpers/dom-setup.js:6:3)
      at setupModalDOM (/Users/justin/Documents/Github/Megabonk/tests/unit/modal.test.js:20:5)
      at <anonymous> (/Users/justin/Documents/Github/Megabonk/tests/unit/modal.test.js:803:9)
(fail) Weapon Modal > should display weapon image when present [1284279831.40ms]
(fail) Weapon Modal > should display weapon image when present
1 | /**
2 |  * Creates a minimal DOM structure for testing specific components
3 |  * This is useful when tests need a lighter-weight DOM than the full index.html
4 |  */
5 | export function createMinimalDOM() {
6 |   document.body.innerHTML = `
      ^
ReferenceError: document is not defined
      at createMinimalDOM (/Users/justin/Documents/Github/Megabonk/tests/helpers/dom-setup.js:6:3)
      at setupModalDOM (/Users/justin/Documents/Github/Megabonk/tests/unit/modal.test.js:20:5)
      at <anonymous> (/Users/justin/Documents/Github/Megabonk/tests/unit/modal.test.js:803:9)
(fail) Weapon Modal > should handle missing optional fields gracefully [1284279831.42ms]
(fail) ∞"@/  andle missing optional fields gracefully
1 | /**
2 |  * Creates a minimal DOM structure for testing specific components
3 |  * This is useful when tests need a lighter-weight DOM than the full index.html
4 |  */
5 | export function createMinimalDOM() {
6 |   document.body.innerHTML = `
      ^
ReferenceError: document is not defined
      at createMinimalDOM (/Users/justin/Documents/Github/Megabonk/tests/helpers/dom-setup.js:6:3)
      at setupModalDOM (/Users/justin/Documents/Github/Megabonk/tests/unit/modal.test.js:20:5)
      at <anonymous> (/Users/justin/Documents/Github/Megabonk/tests/unit/modal.test.js:1056:9)
(fail) Character Modal > should render character modal content [1284279831.44ms]
(fail) Character Modal > should render character modal content
1 | /**
2 |  * Creates a minimal DOM structure for testing specific components
3 |  * This is useful when tests need a lighter-weight DOM than the full index.html
4 |  */
5 | export function createMinimalDOM() {
6 |   document.body.innerHTML = `
      ^
ReferenceError: document is not defined
      at createMinimalDOM (/Users/justin/Documents/Github/Megabonk/tests/helpers/dom-setup.js:6:3)
      at setupModalDOM (/Users/justin/Documents/Github/Megabonk/tests/unit/modal.test.js:20:5)
      at <anonymous> (/Users/justin/Documents/Github/Megabonk/tests/unit/modal.test.js:1056:9)
(fail) Character Modal > should display passive ability and description [1284279831.45ms]
(fail) Character Modal > should display passive ability and description
1 | /**
2 |  * Creates a minimal DOM structure for testing specific components
3 |  * This is useful when tests need a lighter-weight DOM than the full index.html
4 |  */
5 | export function createMinimalDOM() {
6 |   document.body.innerHTML = `
      ^
ReferenceError: document is not defined
      at createMinimalDOM (/Users/justin/Documents/Github/Megabonk/tests/helpers/dom-setup.js:6:3)
      at setupModalDOM (/Users/justin/Documents/Github/Megabonk/tests/unit/modal.test.js:20:5)
      at <anonymous> (/Users/justin/Documents/Github/Megabonk/tests/unit/modal.test.js:1056:9)
(fail) Character Modal > should display strengths and weaknesses [1284279831.46ms]
(fail) Character Modal > should display strengths and weaknesses
1 | /**
2 |  * Creates a minimal DOM structure for testing specific components
3 |  * This is useful when tests need a lighter-weight DOM than the full index.html
4 |  */
5 | export function createMinimalDOM() {
6 |   document.body.innerHTML = `
      ^
ReferenceError: document is not defined
      at createMinimalDOM (/Users/justin/Documents/Github/Megabonk/tests/helpers/dom-setup.js:6:3)
      at setupModalDOM (/Users/justin/Documents/Github/Megabonk/tests/unit/modal.test.js:20:5)
      at <anonymous> (/Users/justin/Documents/Github/Megabonk/tests/unit/modal.test.js:1056:9)
(fail) Character Modal > should display synergies for weapons, items, and tomes [1284279831.47ms]
(fail) Character Modal > should display synergies for weapons, items, and tomes
1 | /**
2 |  * Creates a minimal DOM structure for testing specific components
3 |  * This is useful when tests need a lighter-weight DOM than the full index.html
4 |  */
5 | export function createMinimalDOM() {
6 |   document.body.innerHTML = `
      ^
ReferenceError: document is not defined
      at createMinimalDOM (/Users/justin/Documents/Github/Megabonk/tests/helpers/dom-setup.js:6:3)
      at setupModalDOM (/Users/justin/Documents/Github/Megabonk/tests/unit/modal.test.js:20:5)
      at <anonymous> (/Users/justin/Documents/Github/Megabonk/tests/unit/modal.test.js:1056:9)
(fail) Character Modal > should display build_tips [1284279831.48ms]
(fail) Character Modal > should display build_tips
1 | /**
2 |  * Creates a minimal DOM structure for testing specific components
3 |  * This is useful when tests need a lighter-weight DOM than the full index.html
4 |  */
5 | export function createMinimalDOM() {
6 |   document.body.innerHTML = `
      ^
ReferenceError: document is not defined
      at createMinimalDOM (/Users/justin/Documents/Github/Megabonk/tests/helpers/dom-setup.js:6:3)
      at setupModalDOM (/Users/justin/Documents/Github/Megabonk/tests/unit/modal.test.js:20:5)
      at <anonymous> (/Users/justin/Documents/Github/Megabonk/tests/unit/modal.test.js:1056:9)
(fail) Character Modal > should display best_for [1284279831.50ms]
(fail) `@/  isplay best_for
1 | /**
2 |  * Creates a minimal DOM structure for testing specific components
3 |  * This is useful when tests need a lighter-weight DOM than the full index.html
4 |  */
5 | export function createMinimalDOM() {
6 |   document.body.innerHTML = `
      ^
ReferenceError: document is not defined
      at createMinimalDOM (/Users/justin/Documents/Github/Megabonk/tests/helpers/dom-setup.js:6:3)
      at setupModalDOM (/Users/justin/Documents/Github/Megabonk/tests/unit/modal.test.js:20:5)
      at <anonymous> (/Users/justin/Documents/Github/Megabonk/tests/unit/modal.test.js:1158:9)
(fail) Shrine Modal > should open shrine modal [1284279831.51ms]
(fail) Shrine Modal > should open shrine modal
1 | /**
2 |  * Creates a minimal DOM structure for testing specific components
3 |  * This is useful when tests need a lighter-weight DOM than the full index.html
4 |  */
5 | export function createMinimalDOM() {
6 |   document.body.innerHTML = `
      ^
ReferenceError: document is not defined
      at createMinimalDOM (/Users/justin/Documents/Github/Megabonk/tests/helpers/dom-setup.js:6:3)
      at setupModalDOM (/Users/justin/Documents/Github/Megabonk/tests/unit/modal.test.js:20:5)
      at <anonymous> (/Users/justin/Documents/Github/Megabonk/tests/unit/modal.test.js:1158:9)
(fail) Shrine Modal > should display shrine icon [1284279831.53ms]
(fail) Shrine Modal > should display shrine icon
1 | /**
2 |  * Creates a minimal DOM structure for testing specific components
3 |  * This is useful when tests need a lighter-weight DOM than the full index.html
4 |  */
5 | export function createMinimalDOM() {
6 |   document.body.innerHTML = `
      ^
ReferenceError: document is not defined
      at createMinimalDOM (/Users/justin/Documents/Github/Megabonk/tests/helpers/dom-setup.js:6:3)
      at setupModalDOM (/Users/justin/Documents/Github/Megabonk/tests/unit/modal.test.js:20:5)
      at <anonymous> (/Users/justin/Documents/Github/Megabonk/tests/unit/modal.test.js:1158:9)
(fail) Shrine Modal > should display shrine reward [1284279831.54ms]
(fail) Shrine Modal > should display shrine reward
1 | /**
2 |  * Creates a minimal DOM structure for testing specific components
3 |  * This is useful when tests need a lighter-weight DOM than the full index.html
4 |  */
5 | export function createMinimalDOM() {
6 |   document.body.innerHTML = `
      ^
ReferenceError: document is not defined
      at createMinimalDOM (/Users/justin/Documents/Github/Megabonk/tests/helpers/dom-setup.js:6:3)
      at setupModalDOM (/Users/justin/Documents/Github/Megabonk/tests/unit/modal.test.js:20:5)
      at <anonymous> (/Users/justin/Documents/Github/Megabonk/tests/unit/modal.test.js:1158:9)
(fail) Shrine Modal > should display shrine strategy [1284279831.55ms]
(fail) Shrine Modal > should display shrine strategy
1 | /**
2 |  * Creates a minimal DOM structure for testing specific components
3 |  * This is useful when tests need a lighter-weight DOM than the full index.html
4 |  */
5 | export function createMinimalDOM() {
6 |   document.body.innerHTML = `
      ^
ReferenceError: document is not defined
      at createMinimalDOM (/Users/justin/Documents/Github/Megabonk/tests/helpers/dom-setup.js:6:3)
      at setupModalDOM (/Users/justin/Documents/Github/Megabonk/tests/unit/modal.test.js:20:5)
      at <anonymous> (/Users/justin/Documents/Github/Megabonk/tests/unit/modal.test.js:1158:9)
(fail) Shrine Modal > should display shrine notes [1284279831.56ms]
(fail)  @/  isplay shrine notes
1 | /**
2 |  * Creates a minimal DOM structure for testing specific components
3 |  * This is useful when tests need a lighter-weight DOM than the full index.html
4 |  */
5 | export function createMinimalDOM() {
6 |   document.body.innerHTML = `
      ^
ReferenceError: document is not defined
      at createMinimalDOM (/Users/justin/Documents/Github/Megabonk/tests/helpers/dom-setup.js:6:3)
      at setupModalDOM (/Users/justin/Documents/Github/Megabonk/tests/unit/modal.test.js:20:5)
      at <anonymous> (/Users/justin/Documents/Github/Megabonk/tests/unit/modal.test.js:1226:9)
(fail) View Details Consistency Across Tabs > should render tier badge for items, weapons, characters, and tomes [1284279831.58ms]
(fail) View Details Consistency Across Tabs > should render tier badge for items, weapons, characters, and tomes
1 | /**
2 |  * Creates a minimal DOM structure for testing specific components
3 |  * This is useful when tests need a lighter-weight DOM than the full index.html
4 |  */
5 | export function createMinimalDOM() {
6 |   document.body.innerHTML = `
      ^
ReferenceError: document is not defined
      at createMinimalDOM (/Users/justin/Documents/Github/Megabonk/tests/helpers/dom-setup.js:6:3)
      at setupModalDOM (/Users/justin/Documents/Github/Megabonk/tests/unit/modal.test.js:20:5)
      at <anonymous> (/Users/justin/Documents/Github/Megabonk/tests/unit/modal.test.js:1226:9)
(fail) View Details Consistency Across Tabs > should render entity name for all entity types [1284279831.60ms]
(fail) View Details Consistency Across Tabs > should render entity name for all entity types
1 | /**
2 |  * Creates a minimal DOM structure for testing specific components
3 |  * This is useful when tests need a lighter-weight DOM than the full index.html
4 |  */
5 | export function createMinimalDOM() {
6 |   document.body.innerHTML = `
      ^
ReferenceError: document is not defined
      at createMinimalDOM (/Users/justin/Documents/Github/Megabonk/tests/helpers/dom-setup.js:6:3)
      at setupModalDOM (/Users/justin/Documents/Github/Megabonk/tests/unit/modal.test.js:20:5)
      at <anonymous> (/Users/justin/Documents/Github/Megabonk/tests/unit/modal.test.js:1226:9)
(fail) View Details Consistency Across Tabs > should render description for all entity types that have one [1284279831.61ms]
(fail) View Details Consistency Across Tabs > should render description for all entity types that have one
1 | /**
2 |  * Creates a minimal DOM structure for testing specific components
3 |  * This is useful when tests need a lighter-weight DOM than the full index.html
4 |  */
5 | export function createMinimalDOM() {
6 |   document.body.innerHTML = `
      ^
ReferenceError: document is not defined
      at createMinimalDOM (/Users/justin/Documents/Github/Megabonk/tests/helpers/dom-setup.js:6:3)
      at setupModalDOM (/Users/justin/Documents/Github/Megabonk/tests/unit/modal.test.js:20:5)
      at <anonymous> (/Users/justin/Documents/Github/Megabonk/tests/unit/modal.test.js:1226:9)
(fail) View Details Consistency Across Tabs > should render synergies section consistently for weapons and characters [1284279831.62ms]
(fail) View Details Consistency Across Tabs > should render synergies section consistently for weapons and characters
1 | /**
2 |  * Creates a minimal DOM structure for testing specific components
3 |  * This is useful when tests need a lighter-weight DOM than the full index.html
4 |  */
5 | export function createMinimalDOM() {
6 |   document.body.innerHTML = `
      ^
ReferenceError: document is not defined
      at createMinimalDOM (/Users/justin/Documents/Github/Megabonk/tests/helpers/dom-setup.js:6:3)
      at setupModalDOM (/Users/justin/Documents/Github/Megabonk/tests/unit/modal.test.js:20:5)
      at <anonymous> (/Users/justin/Documents/Github/Megabonk/tests/unit/modal.test.js:1226:9)
(fail) View Details Consistency Across Tabs > should render unlock requirement for entities that have one [1284279831.64ms]
(fail) View Details Consistency Across Tabs > should render unlock requirement for entities that have one
1 | /**
2 |  * Creates a minimal DOM structure for testing specific components
3 |  * This is useful when tests need a lighter-weight DOM than the full index.html
4 |  */
5 | export function createMinimalDOM() {
6 |   document.body.innerHTML = `
      ^
ReferenceError: document is not defined
      at createMinimalDOM (/Users/justin/Documents/Github/Megabonk/tests/helpers/dom-setup.js:6:3)
      at setupModalDOM (/Users/justin/Documents/Github/Megabonk/tests/unit/modal.test.js:20:5)
      at <anonymous> (/Users/justin/Documents/Github/Megabonk/tests/unit/modal.test.js:1226:9)
(fail) View Details Consistency Across Tabs > should not render empty sections when data is missing [1284279831.65ms]
(fail) ¿ûn@/  ot render empty sections when data is missing

tests/unit/data-loading.test.js:
1 | /**
2 |  * Creates a minimal DOM structure for testing specific components
3 |  * This is useful when tests need a lighter-weight DOM than the full index.html
4 |  */
5 | export function createMinimalDOM() {
6 |   document.body.innerHTML = `
      ^
ReferenceError: document is not defined
      at createMinimalDOM (/Users/justin/Documents/Github/Megabonk/tests/helpers/dom-setup.js:6:3)
      at <anonymous> (/Users/justin/Documents/Github/Megabonk/tests/unit/data-loading.test.js:59:9)
(fail) loadAllData() > successful loading > should fetch all 6 JSON files in parallel [1284279832.55ms]
(fail) loadAllData() > successful loading > should fetch all 6 JSON files in parallel
1 | /**
2 |  * Creates a minimal DOM structure for testing specific components
3 |  * This is useful when tests need a lighter-weight DOM than the full index.html
4 |  */
5 | export function createMinimalDOM() {
6 |   document.body.innerHTML = `
      ^
ReferenceError: document is not defined
      at createMinimalDOM (/Users/justin/Documents/Github/Megabonk/tests/helpers/dom-setup.js:6:3)
      at <anonymous> (/Users/justin/Documents/Github/Megabonk/tests/unit/data-loading.test.js:59:9)
(fail) loadAllData() > successful loading > should populate allData with loaded content [1284279832.77ms]
(fail) loadAllData() > successful loading > should populate allData with loaded content
1 | /**
2 |  * Creates a minimal DOM structure for testing specific components
3 |  * This is useful when tests need a lighter-weight DOM than the full index.html
4 |  */
5 | export function createMinimalDOM() {
6 |   document.body.innerHTML = `
      ^
ReferenceError: document is not defined
      at createMinimalDOM (/Users/justin/Documents/Github/Megabonk/tests/helpers/dom-setup.js:6:3)
      at <anonymous> (/Users/justin/Documents/Github/Megabonk/tests/unit/data-loading.test.js:59:9)
(fail) loadAllData() > successful loading > should update version display element [1284279832.78ms]
(fail) loadAllData() > successful loading > should update version display element
1 | /**
2 |  * Creates a minimal DOM structure for testing specific components
3 |  * This is useful when tests need a lighter-weight DOM than the full index.html
4 |  */
5 | export function createMinimalDOM() {
6 |   document.body.innerHTML = `
      ^
ReferenceError: document is not defined
      at createMinimalDOM (/Users/justin/Documents/Github/Megabonk/tests/helpers/dom-setup.js:6:3)
      at <anonymous> (/Users/justin/Documents/Github/Megabonk/tests/unit/data-loading.test.js:59:9)
(fail) loadAllData() > successful loading > should update last-updated display element [1284279832.79ms]
(fail) loadAllData() >  !@/  pdate last-updated display element
1 | /**
2 |  * Creates a minimal DOM structure for testing specific components
3 |  * This is useful when tests need a lighter-weight DOM than the full index.html
4 |  */
5 | export function createMinimalDOM() {
6 |   document.body.innerHTML = `
      ^
ReferenceError: document is not defined
      at createMinimalDOM (/Users/justin/Documents/Github/Megabonk/tests/helpers/dom-setup.js:6:3)
      at <anonymous> (/Users/justin/Documents/Github/Megabonk/tests/unit/data-loading.test.js:59:9)
(fail) loadAllData() > error handling > should show alert on fetch failure [1284279832.81ms]
(fail) loadAllData() > error handling > should show alert on fetch failure
1 | /**
2 |  * Creates a minimal DOM structure for testing specific components
3 |  * This is useful when tests need a lighter-weight DOM than the full index.html
4 |  */
5 | export function createMinimalDOM() {
6 |   document.body.innerHTML = `
      ^
ReferenceError: document is not defined
      at createMinimalDOM (/Users/justin/Documents/Github/Megabonk/tests/helpers/dom-setup.js:6:3)
      at <anonymous> (/Users/justin/Documents/Github/Megabonk/tests/unit/data-loading.test.js:59:9)
(fail) loadAllData() > error handling > should log error to console on failure [1284279832.82ms]
(fail) loadAllData() > error handling > should log error to console on failure
1 | /**
2 |  * Creates a minimal DOM structure for testing specific components
3 |  * This is useful when tests need a lighter-weight DOM than the full index.html
4 |  */
5 | export function createMinimalDOM() {
6 |   document.body.innerHTML = `
      ^
ReferenceError: document is not defined
      at createMinimalDOM (/Users/justin/Documents/Github/Megabonk/tests/helpers/dom-setup.js:6:3)
      at <anonymous> (/Users/justin/Documents/Github/Megabonk/tests/unit/data-loading.test.js:59:9)
(fail) loadAllData() > error handling > should return error object on failure [1284279832.83ms]
(fail) loadAllData() > p @/  eturn error object on failure
1 | /**
2 |  * Creates a minimal DOM structure for testing specific components
3 |  * This is useful when tests need a lighter-weight DOM than the full index.html
4 |  */
5 | export function createMinimalDOM() {
6 |   document.body.innerHTML = `
      ^
ReferenceError: document is not defined
      at createMinimalDOM (/Users/justin/Documents/Github/Megabonk/tests/helpers/dom-setup.js:6:3)
      at <anonymous> (/Users/justin/Documents/Github/Megabonk/tests/unit/data-loading.test.js:59:9)
(fail) loadAllData() > data integrity > should preserve item structure [1284279832.84ms]
(fail) loadAllData() > data integrity > should preserve item structure
1 | /**
2 |  * Creates a minimal DOM structure for testing specific components
3 |  * This is useful when tests need a lighter-weight DOM than the full index.html
4 |  */
5 | export function createMinimalDOM() {
6 |   document.body.innerHTML = `
      ^
ReferenceError: document is not defined
      at createMinimalDOM (/Users/justin/Documents/Github/Megabonk/tests/helpers/dom-setup.js:6:3)
      at <anonymous> (/Users/justin/Documents/Github/Megabonk/tests/unit/data-loading.test.js:59:9)
(fail) loadAllData() > data integrity > should preserve weapon structure [1284279832.87ms]
(fail) loadAllData() > data integrity > should preserve weapon structure
1 | /**
2 |  * Creates a minimal DOM structure for testing specific components
3 |  * This is useful when tests need a lighter-weight DOM than the full index.html
4 |  */
5 | export function createMinimalDOM() {
6 |   document.body.innerHTML = `
      ^
ReferenceError: document is not defined
      at createMinimalDOM (/Users/justin/Documents/Github/Megabonk/tests/helpers/dom-setup.js:6:3)
      at <anonymous> (/Users/justin/Documents/Github/Megabonk/tests/unit/data-loading.test.js:59:9)
(fail) loadAllData() > data integrity > should preserve character structure [1284279832.88ms]
(fail) loadAllData() > –@/  reserve character structure
30 |         allData.characters = result.data.characters;
31 |         allData.shrines = result.data.shrines;
32 |         allData.stats = result.data.stats;
33 | 
34 |         // Update version info if elements exist
35 |         const versionEl = document.getElementById('version');
                               ^
ReferenceError: document is not defined
      at loadAllData (/Users/justin/Documents/Github/Megabonk/tests/unit/data-loading.test.js:35:27)
(fail) getDataForTab() > should return items array for items tab [1284279833.31ms]
(fail) getDataForTab() > should return items array for items tab
30 |         allData.characters = result.data.characters;
31 |         allData.shrines = result.data.shrines;
32 |         allData.stats = result.data.stats;
33 | 
34 |         // Update version info if elements exist
35 |         const versionEl = document.getElementById('version');
                               ^
ReferenceError: document is not defined
      at loadAllData (/Users/justin/Documents/Github/Megabonk/tests/unit/data-loading.test.js:35:27)
(fail) getDataForTab() > should return weapons array for weapons tab [1284279833.38ms]
(fail) getDataForTab() > should return weapons array for weapons tab
30 |         allData.characters = result.data.characters;
31 |         allData.shrines = result.data.shrines;
32 |         allData.stats = result.data.stats;
33 | 
34 |         // Update version info if elements exist
35 |         const versionEl = document.getElementById('version');
                               ^
ReferenceError: document is not defined
      at loadAllData (/Users/justin/Documents/Github/Megabonk/tests/unit/data-loading.test.js:35:27)
(fail) getDataForTab() > should return tomes array for tomes tab [1284279833.39ms]
(fail) getDataForTab() > should return tomes array for tomes tab
30 |         allData.characters = result.data.characters;
31 |         allData.shrines = result.data.shrines;
32 |         allData.stats = result.data.stats;
33 | 
34 |         // Update version info if elements exist
35 |         const versionEl = document.getElementById('version');
                               ^
ReferenceError: document is not defined
      at loadAllData (/Users/justin/Documents/Github/Megabonk/tests/unit/data-loading.test.js:35:27)
(fail) getDataForTab() > should return characters array for characters tab [1284279833.42ms]
(fail) getDataForTab() > should return characters array for characters tab
30 |         allData.characters = result.data.characters;
31 |         allData.shrines = result.data.shrines;
32 |         allData.stats = result.data.stats;
33 | 
34 |         // Update version info if elements exist
35 |         const versionEl = document.getElementById('version');
                               ^
ReferenceError: document is not defined
      at loadAllData (/Users/justin/Documents/Github/Megabonk/tests/unit/data-loading.test.js:35:27)
(fail) getDataForTab() > should return shrines array for shrines tab [1284279833.48ms]
(fail) getDataForTab() > should return shrines array for shrines tab
30 |         allData.characters = result.data.characters;
31 |         allData.shrines = result.data.shrines;
32 |         allData.stats = result.data.stats;
33 | 
34 |         // Update version info if elements exist
35 |         const versionEl = document.getElementById('version');
                               ^
ReferenceError: document is not defined
      at loadAllData (/Users/justin/Documents/Github/Megabonk/tests/unit/data-loading.test.js:35:27)
(fail) getDataForTab() > should return empty array for unknown tab [1284279833.53ms]
(fail) getDataForTab() > should return empty array for unknown tab
30 |         allData.characters = result.data.characters;
31 |         allData.shrines = result.data.shrines;
32 |         allData.stats = result.data.stats;
33 | 
34 |         // Update version info if elements exist
35 |         const versionEl = document.getElementById('version');
                               ^
ReferenceError: document is not defined
      at loadAllData (/Users/justin/Documents/Github/Megabonk/tests/unit/data-loading.test.js:35:27)
(fail) getDataForTab() > should return empty array for build-planner tab [1284279833.54ms]
(fail) getDataForTab() > should return empty array for build-planner tab
30 |         allData.characters = result.data.characters;
31 |         allData.shrines = result.data.shrines;
32 |         allData.stats = result.data.stats;
33 | 
34 |         // Update version info if elements exist
35 |         const versionEl = document.getElementById('version');
                               ^
ReferenceError: document is not defined
      at loadAllData (/Users/justin/Documents/Github/Megabonk/tests/unit/data-loading.test.js:35:27)
(fail) getDataForTab() > should return empty array for calculator tab [1284279833.58ms]
(fail) getDataForTab() > should return empty array for calculator tab
30 |         allData.characters = result.data.characters;
31 |         allData.shrines = result.data.shrines;
32 |         allData.stats = result.data.stats;
33 | 
34 |         // Update version info if elements exist
35 |         const versionEl = document.getElementById('version');
                               ^
ReferenceError: document is not defined
      at loadAllData (/Users/justin/Documents/Github/Megabonk/tests/unit/data-loading.test.js:35:27)
(fail) getDataForTab() > should handle null allData gracefully [1284279833.63ms]
(fail) P@/  andle null allData gracefully
1 | /**
2 |  * Creates a minimal DOM structure for testing specific components
3 |  * This is useful when tests need a lighter-weight DOM than the full index.html
4 |  */
5 | export function createMinimalDOM() {
6 |   document.body.innerHTML = `
      ^
ReferenceError: document is not defined
      at createMinimalDOM (/Users/justin/Documents/Github/Megabonk/tests/helpers/dom-setup.js:6:3)
      at <anonymous> (/Users/justin/Documents/Github/Megabonk/tests/unit/data-loading.test.js:291:9)
(fail) edge cases and error scenarios > should handle network timeout gracefully [1284279833.68ms]
(fail) edge cases and error scenarios > should handle network timeout gracefully
1 | /**
2 |  * Creates a minimal DOM structure for testing specific components
3 |  * This is useful when tests need a lighter-weight DOM than the full index.html
4 |  */
5 | export function createMinimalDOM() {
6 |   document.body.innerHTML = `
      ^
ReferenceError: document is not defined
      at createMinimalDOM (/Users/justin/Documents/Github/Megabonk/tests/helpers/dom-setup.js:6:3)
      at <anonymous> (/Users/justin/Documents/Github/Megabonk/tests/unit/data-loading.test.js:291:9)
(fail) edge cases and error scenarios > should handle malformed JSON response [1284279833.78ms]
(fail) edge cases and error scenarios > should handle malformed JSON response
1 | /**
2 |  * Creates a minimal DOM structure for testing specific components
3 |  * This is useful when tests need a lighter-weight DOM than the full index.html
4 |  */
5 | export function createMinimalDOM() {
6 |   document.body.innerHTML = `
      ^
ReferenceError: document is not defined
      at createMinimalDOM (/Users/justin/Documents/Github/Megabonk/tests/helpers/dom-setup.js:6:3)
      at <anonymous> (/Users/justin/Documents/Github/Megabonk/tests/unit/data-loading.test.js:291:9)
(fail) edge cases and error scenarios > should handle 404 response [1284279833.78ms]
(fail) edge cases and error scenarios > should handle 404 response
1 | /**
2 |  * Creates a minimal DOM structure for testing specific components
3 |  * This is useful when tests need a lighter-weight DOM than the full index.html
4 |  */
5 | export function createMinimalDOM() {
6 |   document.body.innerHTML = `
      ^
ReferenceError: document is not defined
      at createMinimalDOM (/Users/justin/Documents/Github/Megabonk/tests/helpers/dom-setup.js:6:3)
      at <anonymous> (/Users/justin/Documents/Github/Megabonk/tests/unit/data-loading.test.js:291:9)
(fail) edge cases and error scenarios > should handle 500 server error [1284279833.82ms]
(fail) edge cases and error scenarios > should handle 500 server error
1 | /**
2 |  * Creates a minimal DOM structure for testing specific components
3 |  * This is useful when tests need a lighter-weight DOM than the full index.html
4 |  */
5 | export function createMinimalDOM() {
6 |   document.body.innerHTML = `
      ^
ReferenceError: document is not defined
      at createMinimalDOM (/Users/justin/Documents/Github/Megabonk/tests/helpers/dom-setup.js:6:3)
      at <anonymous> (/Users/justin/Documents/Github/Megabonk/tests/unit/data-loading.test.js:291:9)
(fail) edge cases and error scenarios > should handle empty JSON response [1284279833.84ms]
(fail) edge cases and error scenarios > should handle empty JSON response
1 | /**
2 |  * Creates a minimal DOM structure for testing specific components
3 |  * This is useful when tests need a lighter-weight DOM than the full index.html
4 |  */
5 | export function createMinimalDOM() {
6 |   document.body.innerHTML = `
      ^
ReferenceError: document is not defined
      at createMinimalDOM (/Users/justin/Documents/Github/Megabonk/tests/helpers/dom-setup.js:6:3)
      at <anonymous> (/Users/justin/Documents/Github/Megabonk/tests/unit/data-loading.test.js:291:9)
(fail) edge cases and error scenarios > should handle partial data loading failure [1284279833.85ms]
(fail) edge cases and error scenarios > should handle partial data loading failure
1 | /**
2 |  * Creates a minimal DOM structure for testing specific components
3 |  * This is useful when tests need a lighter-weight DOM than the full index.html
4 |  */
5 | export function createMinimalDOM() {
6 |   document.body.innerHTML = `
      ^
ReferenceError: document is not defined
      at createMinimalDOM (/Users/justin/Documents/Github/Megabonk/tests/helpers/dom-setup.js:6:3)
      at <anonymous> (/Users/justin/Documents/Github/Megabonk/tests/unit/data-loading.test.js:291:9)
(fail) edge cases and error scenarios > should handle missing version element gracefully [1284279833.85ms]
(fail) edge cases and error scenarios > should handle missing version element gracefully
1 | /**
2 |  * Creates a minimal DOM structure for testing specific components
3 |  * This is useful when tests need a lighter-weight DOM than the full index.html
4 |  */
5 | export function createMinimalDOM() {
6 |   document.body.innerHTML = `
      ^
ReferenceError: document is not defined
      at createMinimalDOM (/Users/justin/Documents/Github/Megabonk/tests/helpers/dom-setup.js:6:3)
      at <anonymous> (/Users/justin/Documents/Github/Megabonk/tests/unit/data-loading.test.js:291:9)
(fail) edge cases and error scenarios > should handle missing last-updated element gracefully [1284279833.85ms]
(fail)  §n@/  andle missing last-updated element gracefully
30 |         allData.characters = result.data.characters;
31 |         allData.shrines = result.data.shrines;
32 |         allData.stats = result.data.stats;
33 | 
34 |         // Update version info if elements exist
35 |         const versionEl = document.getElementById('version');
                               ^
ReferenceError: document is not defined
      at loadAllData (/Users/justin/Documents/Github/Megabonk/tests/unit/data-loading.test.js:35:27)
(fail) data validation > should validate items have required fields [0.12ms]
30 |         allData.characters = result.data.characters;
31 |         allData.shrines = result.data.shrines;
32 |         allData.stats = result.data.stats;
33 | 
34 |         // Update version info if elements exist
35 |         const versionEl = document.getElementById('version');
                               ^
ReferenceError: document is not defined
      at loadAllData (/Users/justin/Documents/Github/Megabonk/tests/unit/data-loading.test.js:35:27)
(fail) data validation > should validate items have scaling_per_stack array [0.11ms]
30 |         allData.characters = result.data.characters;
31 |         allData.shrines = result.data.shrines;
32 |         allData.stats = result.data.stats;
33 | 
34 |         // Update version info if elements exist
35 |         const versionEl = document.getElementById('version');
                               ^
ReferenceError: document is not defined
      at loadAllData (/Users/justin/Documents/Github/Megabonk/tests/unit/data-loading.test.js:35:27)
(fail) data validation > should validate weapons have required fields [0.03ms]
30 |         allData.characters = result.data.characters;
31 |         allData.shrines = result.data.shrines;
32 |         allData.stats = result.data.stats;
33 | 
34 |         // Update version info if elements exist
35 |         const versionEl = document.getElementById('version');
                               ^
ReferenceError: document is not defined
      at loadAllData (/Users/justin/Documents/Github/Megabonk/tests/unit/data-loading.test.js:35:27)
(fail) data validation > should validate characters have required fields [0.06ms]

tests/unit/data-consistency.test.js:
(pass) Data File Metadata > Version Consistency > should have matching versions across core data files
(pass) Data File Metadata > Version Consistency > should have valid version format [0.01ms]
(pass) Data File Metadata > Version Consistency > should have valid last_updated date format [0.01ms]
(pass) Data File Metadata > Total Count Validation > items total_items should match actual count
(pass) Data File Metadata > Total Count Validation > weapons total_weapons should match actual count
(pass) Data File Metadata > Total Count Validation > tomes total_tomes should match actual count
(pass) Unique ID Validation > all items should have unique IDs [0.05ms]
(pass) Unique ID Validation > all weapons should have unique IDs [0.02ms]
(pass) Unique ID Validation > all tomes should have unique IDs [0.01ms]
(pass) Unique ID Validation > all characters should have unique IDs [0.01ms]
(pass) Required Fields Validation > Items > all items should have required fields [0.05ms]
(pass) Required Fields Validation > Items > all items should have valid tier values [0.03ms]
(pass) Required Fields Validation > Items > all items should have valid rarity values [0.02ms]
(pass) Required Fields Validation > Weapons > all weapons should have required fields [0.02ms]
(pass) Required Fields Validation > Characters > all characters should have required fields [0.03ms]
(pass) Required Fields Validation > Tomes > all tomes should have required fields [0.02ms]
(pass) Cross-Reference Validation > Character Starting Weapons > all character starting_weapons should exist in weapons.json [0.02ms]
(pass) Cross-Reference Validation > Weapon Synergies > weapon synergies_characters should reference valid character names [0.03ms]
(pass) Cross-Reference Validation > Character Synergies > character synergies_weapons should reference valid weapon names [0.03ms]
(pass) Cross-Reference Validation > Tome Synergies > tome synergies_weapons should reference valid weapon names or generic terms [0.03ms]
(pass) Build Templates Validation > Template Character IDs > crit_build should reference valid character ID
(pass) Build Templates Validation > Template Character IDs > tank_build should reference valid character ID
(pass) Build Templates Validation > Template Character IDs > speed_build should reference valid character ID
(pass) Build Templates Validation > Template Character IDs > glass_cannon should reference valid character ID
(pass) Build Templates Validation > Template Weapon IDs > crit_build should reference valid weapon ID
(pass) Build Templates Validation > Template Weapon IDs > tank_build should reference valid weapon ID
(pass) Build Templates Validation > Template Weapon IDs > speed_build should reference valid weapon ID
(pass) Build Templates Validation > Template Weapon IDs > glass_cannon should reference valid weapon ID
(pass) Build Templates Validation > Template Tome IDs > crit_build tome "precision" should be valid
(pass) Build Templates Validation > Template Tome IDs > crit_build tome "damage" should be valid
(pass) Build Templates Validation > Template Tome IDs > tank_build tome "hp" should be valid
(pass) Build Templates Validation > Template Tome IDs > tank_build tome "armor" should be valid
(pass) Build Templates Validation > Template Tome IDs > speed_build tome "cooldown" should be valid
(pass) Build Templates Validation > Template Tome IDs > speed_build tome "agility" should be valid
(pass) Build Templates Validation > Template Tome IDs > glass_cannon tome "damage" should be valid
(pass) Build Templates Validation > Template Tome IDs > glass_cannon tome "cooldown" should be valid
(pass) Build Templates Validation > Template Item IDs > crit_build item "clover" should be valid [0.02ms]
(pass) Build Templates Validation > Template Item IDs > crit_build item "eagle_claw" should be valid
(pass) Build Templates Validation > Template Item IDs > tank_build item "chonkplate" should be valid
(pass) Build Templates Validation > Template Item IDs > tank_build item "golden_shield" should be valid
(pass) Build Templates Validation > Template Item IDs > speed_build item "turbo_skates" should be valid
(pass) Build Templates Validation > Template Item IDs > speed_build item "turbo_socks" should be valid
(pass) Build Templates Validation > Template Item IDs > glass_cannon item "power_gloves" should be valid
(pass) Build Templates Validation > Template Item IDs > glass_cannon item "gym_sauce" should be valid
(pass) Build Templates Validation > Template Character-Build Logic Consistency > crit_build should use a character with crit-related passive [0.01ms]
(pass) Build Templates Validation > Template Character-Build Logic Consistency > tank_build should use a character with tank-related passive
(pass) Build Templates Validation > Template Character-Build Logic Consistency > speed_build should use a character with speed-related passive [0.01ms]
(pass) Build Templates Validation > Template Character-Build Logic Consistency > glass_cannon should use a character with damage-related passive [0.01ms]
(pass) Item Scaling Data Integrity > items with scaling_per_stack should have array of 10 values [0.02ms]
(pass) Item Scaling Data Integrity > one_and_done items should have stacking_behavior of "no_benefit" [0.02ms]
(pass) Item Scaling Data Integrity > items with stacks_well:true should not be one_and_done [0.01ms]
(pass) Image Path Validation > all items should have image path [0.02ms]
(pass) Image Path Validation > all weapons should have image path
(pass) Image Path Validation > all characters should have image path
(pass) Image Path Validation > all tomes should have image path [0.03ms]

tests/unit/toast.test.js:
1 | /**
2 |  * Creates a minimal DOM structure for testing specific components
3 |  * This is useful when tests need a lighter-weight DOM than the full index.html
4 |  */
5 | export function createMinimalDOM() {
6 |   document.body.innerHTML = `
      ^
ReferenceError: document is not defined
      at createMinimalDOM (/Users/justin/Documents/Github/Megabonk/tests/helpers/dom-setup.js:6:3)
      at <anonymous> (/Users/justin/Documents/Github/Megabonk/tests/unit/toast.test.js:8:9)
(fail) ToastManager > init() > should create toast container with correct ID [1284279837.49ms]

# Unhandled error between tests
-------------------------------
10 |         vi.useFakeTimers();
11 |     });
12 | 
13 |     afterEach(() => {
14 |         ToastManager.reset();
15 |         vi.useRealTimers();
                ^
TypeError: vi.useRealTimers is not a function. (In 'vi.useRealTimers()', 'vi.useRealTimers' is undefined)
      at <anonymous> (/Users/justin/Documents/Github/Megabonk/tests/unit/toast.test.js:15:12)
-------------------------------

(fail) ToastManager > init() > should create toast container with correct ID
1 | /**
2 |  * Creates a minimal DOM structure for testing specific components
3 |  * This is useful when tests need a lighter-weight DOM than the full index.html
4 |  */
5 | export function createMinimalDOM() {
6 |   document.body.innerHTML = `
      ^
ReferenceError: document is not defined
      at createMinimalDOM (/Users/justin/Documents/Github/Megabonk/tests/helpers/dom-setup.js:6:3)
      at <anonymous> (/Users/justin/Documents/Github/Megabonk/tests/unit/toast.test.js:8:9)
(fail) ToastManager > init() > should set aria-live attribute to polite [1284279837.82ms]

# Unhandled error between tests
-------------------------------
10 |         vi.useFakeTimers();
11 |     });
12 | 
13 |     afterEach(() => {
14 |         ToastManager.reset();
15 |         vi.useRealTimers();
                ^
TypeError: vi.useRealTimers is not a function. (In 'vi.useRealTimers()', 'vi.useRealTimers' is undefined)
      at <anonymous> (/Users/justin/Documents/Github/Megabonk/tests/unit/toast.test.js:15:12)
-------------------------------

(fail) ToastManager > init() > should set aria-live attribute to polite
1 | /**
2 |  * Creates a minimal DOM structure for testing specific components
3 |  * This is useful when tests need a lighter-weight DOM than the full index.html
4 |  */
5 | export function createMinimalDOM() {
6 |   document.body.innerHTML = `
      ^
ReferenceError: document is not defined
      at createMinimalDOM (/Users/justin/Documents/Github/Megabonk/tests/helpers/dom-setup.js:6:3)
      at <anonymous> (/Users/justin/Documents/Github/Megabonk/tests/unit/toast.test.js:8:9)
(fail) ToastManager > init() > should set role to status [1284279837.85ms]

# Unhandled error between tests
-------------------------------
10 |         vi.useFakeTimers();
11 |     });
12 | 
13 |     afterEach(() => {
14 |         ToastManager.reset();
15 |         vi.useRealTimers();
                ^
TypeError: vi.useRealTimers is not a function. (In 'vi.useRealTimers()', 'vi.useRealTimers' is undefined)
      at <anonymous> (/Users/justin/Documents/Github/Megabonk/tests/unit/toast.test.js:15:12)
-------------------------------

(fail) ToastManager > init() > should set role to status
1 | /**
2 |  * Creates a minimal DOM structure for testing specific components
3 |  * This is useful when tests need a lighter-weight DOM than the full index.html
4 |  */
5 | export function createMinimalDOM() {
6 |   document.body.innerHTML = `
      ^
ReferenceError: document is not defined
      at createMinimalDOM (/Users/justin/Documents/Github/Megabonk/tests/helpers/dom-setup.js:6:3)
      at <anonymous> (/Users/justin/Documents/Github/Megabonk/tests/unit/toast.test.js:8:9)
(fail) ToastManager > init() > should set aria-atomic to true [1284279837.88ms]

# Unhandled error between tests
-------------------------------
10 |         vi.useFakeTimers();
11 |     });
12 | 
13 |     afterEach(() => {
14 |         ToastManager.reset();
15 |         vi.useRealTimers();
                ^
TypeError: vi.useRealTimers is not a function. (In 'vi.useRealTimers()', 'vi.useRealTimers' is undefined)
      at <anonymous> (/Users/justin/Documents/Github/Megabonk/tests/unit/toast.test.js:15:12)
-------------------------------

(fail) ToastManager > init() > should set aria-atomic to true
1 | /**
2 |  * Creates a minimal DOM structure for testing specific components
3 |  * This is useful when tests need a lighter-weight DOM than the full index.html
4 |  */
5 | export function createMinimalDOM() {
6 |   document.body.innerHTML = `
      ^
ReferenceError: document is not defined
      at createMinimalDOM (/Users/justin/Documents/Github/Megabonk/tests/helpers/dom-setup.js:6:3)
      at <anonymous> (/Users/justin/Documents/Github/Megabonk/tests/unit/toast.test.js:8:9)
(fail) ToastManager > init() > should append container to body [1284279837.90ms]

# Unhandled error between tests
-------------------------------
10 |         vi.useFakeTimers();
11 |     });
12 | 
13 |     afterEach(() => {
14 |         ToastManager.reset();
15 |         vi.useRealTimers();
                ^
TypeError: vi.useRealTimers is not a function. (In 'vi.useRealTimers()', 'vi.useRealTimers' is undefined)
      at <anonymous> (/Users/justin/Documents/Github/Megabonk/tests/unit/toast.test.js:15:12)
-------------------------------

(fail) ToastManager > init() > should append container to body
1 | /**
2 |  * Creates a minimal DOM structure for testing specific components
3 |  * This is useful when tests need a lighter-weight DOM than the full index.html
4 |  */
5 | export function createMinimalDOM() {
6 |   document.body.innerHTML = `
      ^
ReferenceError: document is not defined
      at createMinimalDOM (/Users/justin/Documents/Github/Megabonk/tests/helpers/dom-setup.js:6:3)
      at <anonymous> (/Users/justin/Documents/Github/Megabonk/tests/unit/toast.test.js:8:9)
(fail) ToastManager > init() > should not create duplicate containers [1284279837.93ms]

# Unhandled error between tests
-------------------------------
10 |         vi.useFakeTimers();
11 |     });
12 | 
13 |     afterEach(() => {
14 |         ToastManager.reset();
15 |         vi.useRealTimers();
                ^
TypeError: vi.useRealTimers is not a function. (In 'vi.useRealTimers()', 'vi.useRealTimers' is undefined)
      at <anonymous> (/Users/justin/Documents/Github/Megabonk/tests/unit/toast.test.js:15:12)
-------------------------------

(fail) ToastManager > 0$@/  ot create duplicate containers
1 | /**
2 |  * Creates a minimal DOM structure for testing specific components
3 |  * This is useful when tests need a lighter-weight DOM than the full index.html
4 |  */
5 | export function createMinimalDOM() {
6 |   document.body.innerHTML = `
      ^
ReferenceError: document is not defined
      at createMinimalDOM (/Users/justin/Documents/Github/Megabonk/tests/helpers/dom-setup.js:6:3)
      at <anonymous> (/Users/justin/Documents/Github/Megabonk/tests/unit/toast.test.js:8:9)
(fail) ToastManager > show() > should create toast element with correct class [1284279837.96ms]

# Unhandled error between tests
-------------------------------
10 |         vi.useFakeTimers();
11 |     });
12 | 
13 |     afterEach(() => {
14 |         ToastManager.reset();
15 |         vi.useRealTimers();
                ^
TypeError: vi.useRealTimers is not a function. (In 'vi.useRealTimers()', 'vi.useRealTimers' is undefined)
      at <anonymous> (/Users/justin/Documents/Github/Megabonk/tests/unit/toast.test.js:15:12)
-------------------------------

(fail) ToastManager > show() > should create toast element with correct class
1 | /**
2 |  * Creates a minimal DOM structure for testing specific components
3 |  * This is useful when tests need a lighter-weight DOM than the full index.html
4 |  */
5 | export function createMinimalDOM() {
6 |   document.body.innerHTML = `
      ^
ReferenceError: document is not defined
      at createMinimalDOM (/Users/justin/Documents/Github/Megabonk/tests/helpers/dom-setup.js:6:3)
      at <anonymous> (/Users/justin/Documents/Github/Megabonk/tests/unit/toast.test.js:8:9)
(fail) ToastManager > show() > should set toast message text [1284279837.98ms]

# Unhandled error between tests
-------------------------------
10 |         vi.useFakeTimers();
11 |     });
12 | 
13 |     afterEach(() => {
14 |         ToastManager.reset();
15 |         vi.useRealTimers();
                ^
TypeError: vi.useRealTimers is not a function. (In 'vi.useRealTimers()', 'vi.useRealTimers' is undefined)
      at <anonymous> (/Users/justin/Documents/Github/Megabonk/tests/unit/toast.test.js:15:12)
-------------------------------

(fail) ToastManager > show() > should set toast message text
1 | /**
2 |  * Creates a minimal DOM structure for testing specific components
3 |  * This is useful when tests need a lighter-weight DOM than the full index.html
4 |  */
5 | export function createMinimalDOM() {
6 |   document.body.innerHTML = `
      ^
ReferenceError: document is not defined
      at createMinimalDOM (/Users/justin/Documents/Github/Megabonk/tests/helpers/dom-setup.js:6:3)
      at <anonymous> (/Users/justin/Documents/Github/Megabonk/tests/unit/toast.test.js:8:9)
(fail) ToastManager > show() > should add toast-visible class via requestAnimationFrame [1284279838.00ms]

# Unhandled error between tests
-------------------------------
10 |         vi.useFakeTimers();
11 |     });
12 | 
13 |     afterEach(() => {
14 |         ToastManager.reset();
15 |         vi.useRealTimers();
                ^
TypeError: vi.useRealTimers is not a function. (In 'vi.useRealTimers()', 'vi.useRealTimers' is undefined)
      at <anonymous> (/Users/justin/Documents/Github/Megabonk/tests/unit/toast.test.js:15:12)
-------------------------------

(fail) ToastManager > show() > should add toast-visible class via requestAnimationFrame
1 | /**
2 |  * Creates a minimal DOM structure for testing specific components
3 |  * This is useful when tests need a lighter-weight DOM than the full index.html
4 |  */
5 | export function createMinimalDOM() {
6 |   document.body.innerHTML = `
      ^
ReferenceError: document is not defined
      at createMinimalDOM (/Users/justin/Documents/Github/Megabonk/tests/helpers/dom-setup.js:6:3)
      at <anonymous> (/Users/justin/Documents/Github/Megabonk/tests/unit/toast.test.js:8:9)
(fail) ToastManager > show() > should auto-dismiss after duration [1284279838.03ms]

# Unhandled error between tests
-------------------------------
10 |         vi.useFakeTimers();
11 |     });
12 | 
13 |     afterEach(() => {
14 |         ToastManager.reset();
15 |         vi.useRealTimers();
                ^
TypeError: vi.useRealTimers is not a function. (In 'vi.useRealTimers()', 'vi.useRealTimers' is undefined)
      at <anonymous> (/Users/justin/Documents/Github/Megabonk/tests/unit/toast.test.js:15:12)
-------------------------------

(fail) ToastManager > show() > should auto-dismiss after duration
1 | /**
2 |  * Creates a minimal DOM structure for testing specific components
3 |  * This is useful when tests need a lighter-weight DOM than the full index.html
4 |  */
5 | export function createMinimalDOM() {
6 |   document.body.innerHTML = `
      ^
ReferenceError: document is not defined
      at createMinimalDOM (/Users/justin/Documents/Github/Megabonk/tests/helpers/dom-setup.js:6:3)
      at <anonymous> (/Users/justin/Documents/Github/Megabonk/tests/unit/toast.test.js:8:9)
(fail) ToastManager > show() > should default to info type [1284279838.06ms]

# Unhandled error between tests
-------------------------------
10 |         vi.useFakeTimers();
11 |     });
12 | 
13 |     afterEach(() => {
14 |         ToastManager.reset();
15 |         vi.useRealTimers();
                ^
TypeError: vi.useRealTimers is not a function. (In 'vi.useRealTimers()', 'vi.useRealTimers' is undefined)
      at <anonymous> (/Users/justin/Documents/Github/Megabonk/tests/unit/toast.test.js:15:12)
-------------------------------

(fail) ToastManager > show() > should default to info type
1 | /**
2 |  * Creates a minimal DOM structure for testing specific components
3 |  * This is useful when tests need a lighter-weight DOM than the full index.html
4 |  */
5 | export function createMinimalDOM() {
6 |   document.body.innerHTML = `
      ^
ReferenceError: document is not defined
      at createMinimalDOM (/Users/justin/Documents/Github/Megabonk/tests/helpers/dom-setup.js:6:3)
      at <anonymous> (/Users/justin/Documents/Github/Megabonk/tests/unit/toast.test.js:8:9)
(fail) ToastManager > show() > should default to 3000ms duration [1284279838.08ms]

# Unhandled error between tests
-------------------------------
10 |         vi.useFakeTimers();
11 |     });
12 | 
13 |     afterEach(() => {
14 |         ToastManager.reset();
15 |         vi.useRealTimers();
                ^
TypeError: vi.useRealTimers is not a function. (In 'vi.useRealTimers()', 'vi.useRealTimers' is undefined)
      at <anonymous> (/Users/justin/Documents/Github/Megabonk/tests/unit/toast.test.js:15:12)
-------------------------------

(fail) ToastManager > show() > should default to 3000ms duration
1 | /**
2 |  * Creates a minimal DOM structure for testing specific components
3 |  * This is useful when tests need a lighter-weight DOM than the full index.html
4 |  */
5 | export function createMinimalDOM() {
6 |   document.body.innerHTML = `
      ^
ReferenceError: document is not defined
      at createMinimalDOM (/Users/justin/Documents/Github/Megabonk/tests/helpers/dom-setup.js:6:3)
      at <anonymous> (/Users/justin/Documents/Github/Megabonk/tests/unit/toast.test.js:8:9)
(fail) ToastManager > show() > should add toast to container [1284279838.10ms]

# Unhandled error between tests
-------------------------------
10 |         vi.useFakeTimers();
11 |     });
12 | 
13 |     afterEach(() => {
14 |         ToastManager.reset();
15 |         vi.useRealTimers();
                ^
TypeError: vi.useRealTimers is not a function. (In 'vi.useRealTimers()', 'vi.useRealTimers' is undefined)
      at <anonymous> (/Users/justin/Documents/Github/Megabonk/tests/unit/toast.test.js:15:12)
-------------------------------

(fail) ToastManager > show() > should add toast to container
1 | /**
2 |  * Creates a minimal DOM structure for testing specific components
3 |  * This is useful when tests need a lighter-weight DOM than the full index.html
4 |  */
5 | export function createMinimalDOM() {
6 |   document.body.innerHTML = `
      ^
ReferenceError: document is not defined
      at createMinimalDOM (/Users/justin/Documents/Github/Megabonk/tests/helpers/dom-setup.js:6:3)
      at <anonymous> (/Users/justin/Documents/Github/Megabonk/tests/unit/toast.test.js:8:9)
(fail) ToastManager > show() > should support custom duration [1284279838.12ms]

# Unhandled error between tests
-------------------------------
10 |         vi.useFakeTimers();
11 |     });
12 | 
13 |     afterEach(() => {
14 |         ToastManager.reset();
15 |         vi.useRealTimers();
                ^
TypeError: vi.useRealTimers is not a function. (In 'vi.useRealTimers()', 'vi.useRealTimers' is undefined)
      at <anonymous> (/Users/justin/Documents/Github/Megabonk/tests/unit/toast.test.js:15:12)
-------------------------------

(fail) ToastManager >  @/  upport custom duration
1 | /**
2 |  * Creates a minimal DOM structure for testing specific components
3 |  * This is useful when tests need a lighter-weight DOM than the full index.html
4 |  */
5 | export function createMinimalDOM() {
6 |   document.body.innerHTML = `
      ^
ReferenceError: document is not defined
      at createMinimalDOM (/Users/justin/Documents/Github/Megabonk/tests/helpers/dom-setup.js:6:3)
      at <anonymous> (/Users/justin/Documents/Github/Megabonk/tests/unit/toast.test.js:8:9)
(fail) ToastManager > info() > should create toast with toast-info class [1284279838.15ms]

# Unhandled error between tests
-------------------------------
10 |         vi.useFakeTimers();
11 |     });
12 | 
13 |     afterEach(() => {
14 |         ToastManager.reset();
15 |         vi.useRealTimers();
                ^
TypeError: vi.useRealTimers is not a function. (In 'vi.useRealTimers()', 'vi.useRealTimers' is undefined)
      at <anonymous> (/Users/justin/Documents/Github/Megabonk/tests/unit/toast.test.js:15:12)
-------------------------------

(fail) ToastManager > info() > should create toast with toast-info class
1 | /**
2 |  * Creates a minimal DOM structure for testing specific components
3 |  * This is useful when tests need a lighter-weight DOM than the full index.html
4 |  */
5 | export function createMinimalDOM() {
6 |   document.body.innerHTML = `
      ^
ReferenceError: document is not defined
      at createMinimalDOM (/Users/justin/Documents/Github/Megabonk/tests/helpers/dom-setup.js:6:3)
      at <anonymous> (/Users/justin/Documents/Github/Megabonk/tests/unit/toast.test.js:8:9)
(fail) ToastManager > info() > should display the message [1284279838.18ms]

# Unhandled error between tests
-------------------------------
10 |         vi.useFakeTimers();
11 |     });
12 | 
13 |     afterEach(() => {
14 |         ToastManager.reset();
15 |         vi.useRealTimers();
                ^
TypeError: vi.useRealTimers is not a function. (In 'vi.useRealTimers()', 'vi.useRealTimers' is undefined)
      at <anonymous> (/Users/justin/Documents/Github/Megabonk/tests/unit/toast.test.js:15:12)
-------------------------------

(fail) ToastManager >  @/  isplay the message
1 | /**
2 |  * Creates a minimal DOM structure for testing specific components
3 |  * This is useful when tests need a lighter-weight DOM than the full index.html
4 |  */
5 | export function createMinimalDOM() {
6 |   document.body.innerHTML = `
      ^
ReferenceError: document is not defined
      at createMinimalDOM (/Users/justin/Documents/Github/Megabonk/tests/helpers/dom-setup.js:6:3)
      at <anonymous> (/Users/justin/Documents/Github/Megabonk/tests/unit/toast.test.js:8:9)
(fail) ToastManager > success() > should create toast with toast-success class [1284279838.20ms]

# Unhandled error between tests
-------------------------------
10 |         vi.useFakeTimers();
11 |     });
12 | 
13 |     afterEach(() => {
14 |         ToastManager.reset();
15 |         vi.useRealTimers();
                ^
TypeError: vi.useRealTimers is not a function. (In 'vi.useRealTimers()', 'vi.useRealTimers' is undefined)
      at <anonymous> (/Users/justin/Documents/Github/Megabonk/tests/unit/toast.test.js:15:12)
-------------------------------

(fail) ToastManager > success() > should create toast with toast-success class
1 | /**
2 |  * Creates a minimal DOM structure for testing specific components
3 |  * This is useful when tests need a lighter-weight DOM than the full index.html
4 |  */
5 | export function createMinimalDOM() {
6 |   document.body.innerHTML = `
      ^
ReferenceError: document is not defined
      at createMinimalDOM (/Users/justin/Documents/Github/Megabonk/tests/helpers/dom-setup.js:6:3)
      at <anonymous> (/Users/justin/Documents/Github/Megabonk/tests/unit/toast.test.js:8:9)
(fail) ToastManager > success() > should display the message [1284279838.22ms]

# Unhandled error between tests
-------------------------------
10 |         vi.useFakeTimers();
11 |     });
12 | 
13 |     afterEach(() => {
14 |         ToastManager.reset();
15 |         vi.useRealTimers();
                ^
TypeError: vi.useRealTimers is not a function. (In 'vi.useRealTimers()', 'vi.useRealTimers' is undefined)
      at <anonymous> (/Users/justin/Documents/Github/Megabonk/tests/unit/toast.test.js:15:12)
-------------------------------

(fail) ToastManager > @@/  isplay the message
1 | /**
2 |  * Creates a minimal DOM structure for testing specific components
3 |  * This is useful when tests need a lighter-weight DOM than the full index.html
4 |  */
5 | export function createMinimalDOM() {
6 |   document.body.innerHTML = `
      ^
ReferenceError: document is not defined
      at createMinimalDOM (/Users/justin/Documents/Github/Megabonk/tests/helpers/dom-setup.js:6:3)
      at <anonymous> (/Users/justin/Documents/Github/Megabonk/tests/unit/toast.test.js:8:9)
(fail) ToastManager > warning() > should create toast with toast-warning class [1284279838.25ms]

# Unhandled error between tests
-------------------------------
10 |         vi.useFakeTimers();
11 |     });
12 | 
13 |     afterEach(() => {
14 |         ToastManager.reset();
15 |         vi.useRealTimers();
                ^
TypeError: vi.useRealTimers is not a function. (In 'vi.useRealTimers()', 'vi.useRealTimers' is undefined)
      at <anonymous> (/Users/justin/Documents/Github/Megabonk/tests/unit/toast.test.js:15:12)
-------------------------------

(fail) ToastManager > warning() > should create toast with toast-warning class
1 | /**
2 |  * Creates a minimal DOM structure for testing specific components
3 |  * This is useful when tests need a lighter-weight DOM than the full index.html
4 |  */
5 | export function createMinimalDOM() {
6 |   document.body.innerHTML = `
      ^
ReferenceError: document is not defined
      at createMinimalDOM (/Users/justin/Documents/Github/Megabonk/tests/helpers/dom-setup.js:6:3)
      at <anonymous> (/Users/justin/Documents/Github/Megabonk/tests/unit/toast.test.js:8:9)
(fail) ToastManager > warning() > should display the message [1284279838.30ms]

# Unhandled error between tests
-------------------------------
10 |         vi.useFakeTimers();
11 |     });
12 | 
13 |     afterEach(() => {
14 |         ToastManager.reset();
15 |         vi.useRealTimers();
                ^
TypeError: vi.useRealTimers is not a function. (In 'vi.useRealTimers()', 'vi.useRealTimers' is undefined)
      at <anonymous> (/Users/justin/Documents/Github/Megabonk/tests/unit/toast.test.js:15:12)
-------------------------------

(fail) ToastManager > `@/  isplay the message
1 | /**
2 |  * Creates a minimal DOM structure for testing specific components
3 |  * This is useful when tests need a lighter-weight DOM than the full index.html
4 |  */
5 | export function createMinimalDOM() {
6 |   document.body.innerHTML = `
      ^
ReferenceError: document is not defined
      at createMinimalDOM (/Users/justin/Documents/Github/Megabonk/tests/helpers/dom-setup.js:6:3)
      at <anonymous> (/Users/justin/Documents/Github/Megabonk/tests/unit/toast.test.js:8:9)
(fail) ToastManager > error() > should create toast with toast-error class [1284279838.33ms]

# Unhandled error between tests
-------------------------------
10 |         vi.useFakeTimers();
11 |     });
12 | 
13 |     afterEach(() => {
14 |         ToastManager.reset();
15 |         vi.useRealTimers();
                ^
TypeError: vi.useRealTimers is not a function. (In 'vi.useRealTimers()', 'vi.useRealTimers' is undefined)
      at <anonymous> (/Users/justin/Documents/Github/Megabonk/tests/unit/toast.test.js:15:12)
-------------------------------

(fail) ToastManager > error() > should create toast with toast-error class
1 | /**
2 |  * Creates a minimal DOM structure for testing specific components
3 |  * This is useful when tests need a lighter-weight DOM than the full index.html
4 |  */
5 | export function createMinimalDOM() {
6 |   document.body.innerHTML = `
      ^
ReferenceError: document is not defined
      at createMinimalDOM (/Users/justin/Documents/Github/Megabonk/tests/helpers/dom-setup.js:6:3)
      at <anonymous> (/Users/justin/Documents/Github/Megabonk/tests/unit/toast.test.js:8:9)
(fail) ToastManager > error() > should display the message [1284279838.36ms]

# Unhandled error between tests
-------------------------------
10 |         vi.useFakeTimers();
11 |     });
12 | 
13 |     afterEach(() => {
14 |         ToastManager.reset();
15 |         vi.useRealTimers();
                ^
TypeError: vi.useRealTimers is not a function. (In 'vi.useRealTimers()', 'vi.useRealTimers' is undefined)
      at <anonymous> (/Users/justin/Documents/Github/Megabonk/tests/unit/toast.test.js:15:12)
-------------------------------

(fail) ToastManager > Ä@/  isplay the message
1 | /**
2 |  * Creates a minimal DOM structure for testing specific components
3 |  * This is useful when tests need a lighter-weight DOM than the full index.html
4 |  */
5 | export function createMinimalDOM() {
6 |   document.body.innerHTML = `
      ^
ReferenceError: document is not defined
      at createMinimalDOM (/Users/justin/Documents/Github/Megabonk/tests/helpers/dom-setup.js:6:3)
      at <anonymous> (/Users/justin/Documents/Github/Megabonk/tests/unit/toast.test.js:8:9)
(fail) ToastManager > accessibility > should set role=alert on toast elements [1284279838.39ms]

# Unhandled error between tests
-------------------------------
10 |         vi.useFakeTimers();
11 |     });
12 | 
13 |     afterEach(() => {
14 |         ToastManager.reset();
15 |         vi.useRealTimers();
                ^
TypeError: vi.useRealTimers is not a function. (In 'vi.useRealTimers()', 'vi.useRealTimers' is undefined)
      at <anonymous> (/Users/justin/Documents/Github/Megabonk/tests/unit/toast.test.js:15:12)
-------------------------------

(fail) ToastManager > accessibility > should set role=alert on toast elements
1 | /**
2 |  * Creates a minimal DOM structure for testing specific components
3 |  * This is useful when tests need a lighter-weight DOM than the full index.html
4 |  */
5 | export function createMinimalDOM() {
6 |   document.body.innerHTML = `
      ^
ReferenceError: document is not defined
      at createMinimalDOM (/Users/justin/Documents/Github/Megabonk/tests/helpers/dom-setup.js:6:3)
      at <anonymous> (/Users/justin/Documents/Github/Megabonk/tests/unit/toast.test.js:8:9)
(fail) ToastManager > accessibility > should have aria-atomic=true on container [1284279838.42ms]

# Unhandled error between tests
-------------------------------
10 |         vi.useFakeTimers();
11 |     });
12 | 
13 |     afterEach(() => {
14 |         ToastManager.reset();
15 |         vi.useRealTimers();
                ^
TypeError: vi.useRealTimers is not a function. (In 'vi.useRealTimers()', 'vi.useRealTimers' is undefined)
      at <anonymous> (/Users/justin/Documents/Github/Megabonk/tests/unit/toast.test.js:15:12)
-------------------------------

(fail) ToastManager > accessibility > should have aria-atomic=true on container
1 | /**
2 |  * Creates a minimal DOM structure for testing specific components
3 |  * This is useful when tests need a lighter-weight DOM than the full index.html
4 |  */
5 | export function createMinimalDOM() {
6 |   document.body.innerHTML = `
      ^
ReferenceError: document is not defined
      at createMinimalDOM (/Users/justin/Documents/Github/Megabonk/tests/helpers/dom-setup.js:6:3)
      at <anonymous> (/Users/justin/Documents/Github/Megabonk/tests/unit/toast.test.js:8:9)
(fail) ToastManager > accessibility > should have aria-live=polite on container for non-urgent messages [1284279838.43ms]

# Unhandled error between tests
-------------------------------
10 |         vi.useFakeTimers();
11 |     });
12 | 
13 |     afterEach(() => {
14 |         ToastManager.reset();
15 |         vi.useRealTimers();
                ^
TypeError: vi.useRealTimers is not a function. (In 'vi.useRealTimers()', 'vi.useRealTimers' is undefined)
      at <anonymous> (/Users/justin/Documents/Github/Megabonk/tests/unit/toast.test.js:15:12)
-------------------------------

(fail) ToastManager > ‡T@/  ave aria-live=polite on container for non-urgent messages
1 | /**
2 |  * Creates a minimal DOM structure for testing specific components
3 |  * This is useful when tests need a lighter-weight DOM than the full index.html
4 |  */
5 | export function createMinimalDOM() {
6 |   document.body.innerHTML = `
      ^
ReferenceError: document is not defined
      at createMinimalDOM (/Users/justin/Documents/Github/Megabonk/tests/helpers/dom-setup.js:6:3)
      at <anonymous> (/Users/justin/Documents/Github/Megabonk/tests/unit/toast.test.js:8:9)
(fail) ToastManager > multiple toasts > should allow multiple toasts at once [1284279838.47ms]

# Unhandled error between tests
-------------------------------
10 |         vi.useFakeTimers();
11 |     });
12 | 
13 |     afterEach(() => {
14 |         ToastManager.reset();
15 |         vi.useRealTimers();
                ^
TypeError: vi.useRealTimers is not a function. (In 'vi.useRealTimers()', 'vi.useRealTimers' is undefined)
      at <anonymous> (/Users/justin/Documents/Github/Megabonk/tests/unit/toast.test.js:15:12)
-------------------------------

(fail) ToastManager > multiple toasts > should allow multiple toasts at once
1 | /**
2 |  * Creates a minimal DOM structure for testing specific components
3 |  * This is useful when tests need a lighter-weight DOM than the full index.html
4 |  */
5 | export function createMinimalDOM() {
6 |   document.body.innerHTML = `
      ^
ReferenceError: document is not defined
      at createMinimalDOM (/Users/justin/Documents/Github/Megabonk/tests/helpers/dom-setup.js:6:3)
      at <anonymous> (/Users/justin/Documents/Github/Megabonk/tests/unit/toast.test.js:8:9)
(fail) ToastManager > multiple toasts > should dismiss toasts independently [1284279838.48ms]

# Unhandled error between tests
-------------------------------
10 |         vi.useFakeTimers();
11 |     });
12 | 
13 |     afterEach(() => {
14 |         ToastManager.reset();
15 |         vi.useRealTimers();
                ^
TypeError: vi.useRealTimers is not a function. (In 'vi.useRealTimers()', 'vi.useRealTimers' is undefined)
      at <anonymous> (/Users/justin/Documents/Github/Megabonk/tests/unit/toast.test.js:15:12)
-------------------------------

(fail) ToastManager > @&@/  ismiss toasts independently
1 | /**
2 |  * Creates a minimal DOM structure for testing specific components
3 |  * This is useful when tests need a lighter-weight DOM than the full index.html
4 |  */
5 | export function createMinimalDOM() {
6 |   document.body.innerHTML = `
      ^
ReferenceError: document is not defined
      at createMinimalDOM (/Users/justin/Documents/Github/Megabonk/tests/helpers/dom-setup.js:6:3)
      at <anonymous> (/Users/justin/Documents/Github/Megabonk/tests/unit/toast.test.js:8:9)
(fail) ToastManager > edge cases > should handle empty message [1284279838.52ms]

# Unhandled error between tests
-------------------------------
10 |         vi.useFakeTimers();
11 |     });
12 | 
13 |     afterEach(() => {
14 |         ToastManager.reset();
15 |         vi.useRealTimers();
                ^
TypeError: vi.useRealTimers is not a function. (In 'vi.useRealTimers()', 'vi.useRealTimers' is undefined)
      at <anonymous> (/Users/justin/Documents/Github/Megabonk/tests/unit/toast.test.js:15:12)
-------------------------------

(fail) ToastManager > edge cases > should handle empty message
1 | /**
2 |  * Creates a minimal DOM structure for testing specific components
3 |  * This is useful when tests need a lighter-weight DOM than the full index.html
4 |  */
5 | export function createMinimalDOM() {
6 |   document.body.innerHTML = `
      ^
ReferenceError: document is not defined
      at createMinimalDOM (/Users/justin/Documents/Github/Megabonk/tests/helpers/dom-setup.js:6:3)
      at <anonymous> (/Users/justin/Documents/Github/Megabonk/tests/unit/toast.test.js:8:9)
(fail) ToastManager > edge cases > should handle special characters in message [1284279838.55ms]

# Unhandled error between tests
-------------------------------
10 |         vi.useFakeTimers();
11 |     });
12 | 
13 |     afterEach(() => {
14 |         ToastManager.reset();
15 |         vi.useRealTimers();
                ^
TypeError: vi.useRealTimers is not a function. (In 'vi.useRealTimers()', 'vi.useRealTimers' is undefined)
      at <anonymous> (/Users/justin/Documents/Github/Megabonk/tests/unit/toast.test.js:15:12)
-------------------------------

(fail) ToastManager > edge cases > should handle special characters in message
1 | /**
2 |  * Creates a minimal DOM structure for testing specific components
3 |  * This is useful when tests need a lighter-weight DOM than the full index.html
4 |  */
5 | export function createMinimalDOM() {
6 |   document.body.innerHTML = `
      ^
ReferenceError: document is not defined
      at createMinimalDOM (/Users/justin/Documents/Github/Megabonk/tests/helpers/dom-setup.js:6:3)
      at <anonymous> (/Users/justin/Documents/Github/Megabonk/tests/unit/toast.test.js:8:9)
(fail) ToastManager > edge cases > should handle very long messages [1284279838.62ms]

# Unhandled error between tests
-------------------------------
10 |         vi.useFakeTimers();
11 |     });
12 | 
13 |     afterEach(() => {
14 |         ToastManager.reset();
15 |         vi.useRealTimers();
                ^
TypeError: vi.useRealTimers is not a function. (In 'vi.useRealTimers()', 'vi.useRealTimers' is undefined)
      at <anonymous> (/Users/justin/Documents/Github/Megabonk/tests/unit/toast.test.js:15:12)
-------------------------------

(fail) ToastManager > edge cases > should handle very long messages
1 | /**
2 |  * Creates a minimal DOM structure for testing specific components
3 |  * This is useful when tests need a lighter-weight DOM than the full index.html
4 |  */
5 | export function createMinimalDOM() {
6 |   document.body.innerHTML = `
      ^
ReferenceError: document is not defined
      at createMinimalDOM (/Users/justin/Documents/Github/Megabonk/tests/helpers/dom-setup.js:6:3)
      at <anonymous> (/Users/justin/Documents/Github/Megabonk/tests/unit/toast.test.js:8:9)
(fail) ToastManager > edge cases > should handle unicode characters [1284279838.66ms]

# Unhandled error between tests
-------------------------------
10 |         vi.useFakeTimers();
11 |     });
12 | 
13 |     afterEach(() => {
14 |         ToastManager.reset();
15 |         vi.useRealTimers();
                ^
TypeError: vi.useRealTimers is not a function. (In 'vi.useRealTimers()', 'vi.useRealTimers' is undefined)
      at <anonymous> (/Users/justin/Documents/Github/Megabonk/tests/unit/toast.test.js:15:12)
-------------------------------

(fail) ToastManager > †@/  andle unicode characters

tests/unit/schema-validator.test.js:
(pass) Schema Validator Module > validateItems() > should accept valid items data [1.18ms]
[ERROR] schema.validate {
  operation: "schema.validate",
  error: {
    name: "ZodError",
    message: "[\n  {\n    \"code\": \"invalid_value\",\n    \"values\": [\n      \"common\",\n      \"uncommon\",\n      \"rare\",\n      \"epic\",\n      \"legendary\"\n    ],\n    \"path\": [\n      \"items\",\n      0,\n      \"rarity\"\n    ],\n    \"message\": \"Invalid option: expected one of \\\"common\\\"|\\\"uncommon\\\"|\\\"rare\\\"|\\\"epic\\\"|\\\"legendary\\\"\"\n  }\n]",
    module: "schema-validator",
  },
  data: {
    dataType: "items",
  },
  timestamp: 1768156281176,
  sessionId: "1768156280964-b60b1e1z3",
  correlationId: undefined,
  context: {
    sessionId: "1768156280964-b60b1e1z3",
    online: undefined,
  },
}
(pass) Schema Validator Module > validateItems() > should reject items with invalid rarity [0.36ms]
[ERROR] schema.validate {
  operation: "schema.validate",
  error: {
    name: "ZodError",
    message: "[\n  {\n    \"code\": \"invalid_value\",\n    \"values\": [\n      \"SS\",\n      \"S\",\n      \"A\",\n      \"B\",\n      \"C\"\n    ],\n    \"path\": [\n      \"items\",\n      0,\n      \"tier\"\n    ],\n    \"message\": \"Invalid option: expected one of \\\"SS\\\"|\\\"S\\\"|\\\"A\\\"|\\\"B\\\"|\\\"C\\\"\"\n  }\n]",
    module: "schema-validator",
  },
  data: {
    dataType: "items",
  },
  timestamp: 1768156281176,
  sessionId: "1768156280964-b60b1e1z3",
  correlationId: undefined,
  context: {
    sessionId: "1768156280964-b60b1e1z3",
    online: undefined,
  },
}
(pass) Schema Validator Module > validateItems() > should reject items with invalid tier [0.07ms]
(pass) Schema Validator Module > validateItems() > should accept items with optional fields missing [0.01ms]
(pass) Schema Validator Module > validateItems() > should accept items with null unlock_requirement [0.02ms]
(pass) Schema Validator Module > validateItems() > should accept all valid rarities [0.04ms]
(pass) Schema Validator Module > validateItems() > should accept all valid tiers [0.02ms]
[ERROR] schema.validate {
  operation: "schema.validate",
  error: {
    name: "ZodError",
    message: "[\n  {\n    \"expected\": \"string\",\n    \"code\": \"invalid_type\",\n    \"path\": [\n      \"version\"\n    ],\n    \"message\": \"Invalid input: expected string, received undefined\"\n  }\n]",
    module: "schema-validator",
  },
  data: {
    dataType: "items",
  },
  timestamp: 1768156281176,
  sessionId: "1768156280964-b60b1e1z3",
  correlationId: undefined,
  context: {
    sessionId: "1768156280964-b60b1e1z3",
    online: undefined,
  },
}
(pass) Schema Validator Module > validateItems() > should reject data missing required version field [0.06ms]
(pass) Schema Validator Module > validateItems() > should accept items with scaling_per_stack array [0.03ms]
(pass) Schema Validator Module > validateWeapons() > should accept valid weapons data [0.18ms]
[ERROR] schema.validate {
  operation: "schema.validate",
  error: {
    name: "ZodError",
    message: "[\n  {\n    \"code\": \"invalid_value\",\n    \"values\": [\n      \"SS\",\n      \"S\",\n      \"A\",\n      \"B\",\n      \"C\"\n    ],\n    \"path\": [\n      \"weapons\",\n      0,\n      \"tier\"\n    ],\n    \"message\": \"Invalid option: expected one of \\\"SS\\\"|\\\"S\\\"|\\\"A\\\"|\\\"B\\\"|\\\"C\\\"\"\n  }\n]",
    module: "schema-validator",
  },
  data: {
    dataType: "weapons",
  },
  timestamp: 1768156281177,
  sessionId: "1768156280964-b60b1e1z3",
  correlationId: undefined,
  context: {
    sessionId: "1768156280964-b60b1e1z3",
    online: undefined,
  },
}
(pass) Schema Validator Module > validateWeapons() > should reject weapons with invalid tier [0.32ms]
(pass) Schema Validator Module > validateWeapons() > should accept weapons with synergies arrays [0.02ms]
(pass) Schema Validator Module > validateTomes() > should accept valid tomes data [0.04ms]
(pass) Schema Validator Module > validateTomes() > should accept tomes with priority field [0.35ms]
(pass) Schema Validator Module > validateCharacters() > should accept valid characters data [0.03ms]
(pass) Schema Validator Module > validateCharacters() > should accept characters with all optional fields [0.36ms]
(pass) Schema Validator Module > validateShrines() > should accept valid shrines data [0.25ms]
(pass) Schema Validator Module > validateShrines() > should accept shrines with reusable boolean [0.16ms]
(pass) Schema Validator Module > validateStats() > should accept valid stats data [0.03ms]
(pass) Schema Validator Module > validateStats() > should accept stats with mechanics object [0.02ms]
(pass) Schema Validator Module > validateAllData() > should return allValid true when all validations pass [0.05ms]
[ERROR] schema.validate {
  operation: "schema.validate",
  error: {
    name: "ZodError",
    message: "[\n  {\n    \"code\": \"invalid_value\",\n    \"values\": [\n      \"common\",\n      \"uncommon\",\n      \"rare\",\n      \"epic\",\n      \"legendary\"\n    ],\n    \"path\": [\n      \"items\",\n      0,\n      \"rarity\"\n    ],\n    \"message\": \"Invalid option: expected one of \\\"common\\\"|\\\"uncommon\\\"|\\\"rare\\\"|\\\"epic\\\"|\\\"legendary\\\"\"\n  }\n]",
    module: "schema-validator",
  },
  data: {
    dataType: "items",
  },
  timestamp: 1768156281178,
  sessionId: "1768156280964-b60b1e1z3",
  correlationId: undefined,
  context: {
    sessionId: "1768156280964-b60b1e1z3",
    online: undefined,
  },
}
(pass) Schema Validator Module > validateAllData() > should return allValid false if any validation fails [0.05ms]
(pass) Schema Validator Module > validateAllData() > should handle empty allData object
(pass) Schema Validator Module > validateAllData() > should validate only provided data types
(pass) Schema Validator Module > schemas export > should export all schemas
(pass) Schema Validator Module > schemas export > should allow direct schema validation [0.02ms]
(pass) Schema Validator Module > schemas export > should reject invalid data with direct schema [0.02ms]

tests/unit/calculator.test.js:
1 | /**
2 |  * Creates a minimal DOM structure for testing specific components
3 |  * This is useful when tests need a lighter-weight DOM than the full index.html
4 |  */
5 | export function createMinimalDOM() {
6 |   document.body.innerHTML = `
      ^
ReferenceError: document is not defined
      at createMinimalDOM (/Users/justin/Documents/Github/Megabonk/tests/helpers/dom-setup.js:6:3)
      at <anonymous> (/Users/justin/Documents/Github/Megabonk/tests/unit/calculator.test.js:13:9)
(fail) calculateBreakpoint() > basic calculations > should calculate stacks needed for linear scaling item [1284279844.48ms]
(fail) calculateBreakpoint() > basic calculations > should calculate stacks needed for linear scaling item
1 | /**
2 |  * Creates a minimal DOM structure for testing specific components
3 |  * This is useful when tests need a lighter-weight DOM than the full index.html
4 |  */
5 | export function createMinimalDOM() {
6 |   document.body.innerHTML = `
      ^
ReferenceError: document is not defined
      at createMinimalDOM (/Users/justin/Documents/Github/Megabonk/tests/helpers/dom-setup.js:6:3)
      at <anonymous> (/Users/justin/Documents/Github/Megabonk/tests/unit/calculator.test.js:13:9)
(fail) calculateBreakpoint() > basic calculations > should calculate stacks for Big Bonk at 100% target [1284279844.64ms]
(fail) calculateBreakpoint() > basic calculations > should calculate stacks for Big Bonk at 100% target
1 | /**
2 |  * Creates a minimal DOM structure for testing specific components
3 |  * This is useful when tests need a lighter-weight DOM than the full index.html
4 |  */
5 | export function createMinimalDOM() {
6 |   document.body.innerHTML = `
      ^
ReferenceError: document is not defined
      at createMinimalDOM (/Users/justin/Documents/Github/Megabonk/tests/helpers/dom-setup.js:6:3)
      at <anonymous> (/Users/justin/Documents/Github/Megabonk/tests/unit/calculator.test.js:13:9)
(fail) calculateBreakpoint() > basic calculations > should calculate stacks for Forbidden Juice at 100% target [1284279844.66ms]
(fail) calculateBreakpoint() > basic calculations > should calculate stacks for Forbidden Juice at 100% target
1 | /**
2 |  * Creates a minimal DOM structure for testing specific components
3 |  * This is useful when tests need a lighter-weight DOM than the full index.html
4 |  */
5 | export function createMinimalDOM() {
6 |   document.body.innerHTML = `
      ^
ReferenceError: document is not defined
      at createMinimalDOM (/Users/justin/Documents/Github/Megabonk/tests/helpers/dom-setup.js:6:3)
      at <anonymous> (/Users/justin/Documents/Github/Megabonk/tests/unit/calculator.test.js:13:9)
(fail) calculateBreakpoint() > basic calculations > should round up stacks needed [1284279844.68ms]
(fail) calculateBreakpoint() > basic calculations > should round up stacks needed
1 | /**
2 |  * Creates a minimal DOM structure for testing specific components
3 |  * This is useful when tests need a lighter-weight DOM than the full index.html
4 |  */
5 | export function createMinimalDOM() {
6 |   document.body.innerHTML = `
      ^
ReferenceError: document is not defined
      at createMinimalDOM (/Users/justin/Documents/Github/Megabonk/tests/helpers/dom-setup.js:6:3)
      at <anonymous> (/Users/justin/Documents/Github/Megabonk/tests/unit/calculator.test.js:13:9)
(fail) calculateBreakpoint() > basic calculations > should handle target of 1 [1284279844.69ms]
(fail) calculateBreakpoint() > †@/  andle target of 1
1 | /**
2 |  * Creates a minimal DOM structure for testing specific components
3 |  * This is useful when tests need a lighter-weight DOM than the full index.html
4 |  */
5 | export function createMinimalDOM() {
6 |   document.body.innerHTML = `
      ^
ReferenceError: document is not defined
      at createMinimalDOM (/Users/justin/Documents/Github/Megabonk/tests/helpers/dom-setup.js:6:3)
      at <anonymous> (/Users/justin/Documents/Github/Megabonk/tests/unit/calculator.test.js:13:9)
(fail) calculateBreakpoint() > stack cap handling > should respect stack cap for Spicy Meatball [1284279844.70ms]
(fail) calculateBreakpoint() > stack cap handling > should respect stack cap for Spicy Meatball
1 | /**
2 |  * Creates a minimal DOM structure for testing specific components
3 |  * This is useful when tests need a lighter-weight DOM than the full index.html
4 |  */
5 | export function createMinimalDOM() {
6 |   document.body.innerHTML = `
      ^
ReferenceError: document is not defined
      at createMinimalDOM (/Users/justin/Documents/Github/Megabonk/tests/helpers/dom-setup.js:6:3)
      at <anonymous> (/Users/justin/Documents/Github/Megabonk/tests/unit/calculator.test.js:13:9)
(fail) calculateBreakpoint() > stack cap handling > should not cap when target is within stack cap [1284279844.71ms]
(fail) calculateBreakpoint() > stack cap handling > should not cap when target is within stack cap
1 | /**
2 |  * Creates a minimal DOM structure for testing specific components
3 |  * This is useful when tests need a lighter-weight DOM than the full index.html
4 |  */
5 | export function createMinimalDOM() {
6 |   document.body.innerHTML = `
      ^
ReferenceError: document is not defined
      at createMinimalDOM (/Users/justin/Documents/Github/Megabonk/tests/helpers/dom-setup.js:6:3)
      at <anonymous> (/Users/justin/Documents/Github/Megabonk/tests/unit/calculator.test.js:13:9)
(fail) calculateBreakpoint() > stack cap handling > should cap Anvil at 1 stack [1284279844.73ms]
(fail) calculateBreakpoint() > ¿@/  ap Anvil at 1 stack
1 | /**
2 |  * Creates a minimal DOM structure for testing specific components
3 |  * This is useful when tests need a lighter-weight DOM than the full index.html
4 |  */
5 | export function createMinimalDOM() {
6 |   document.body.innerHTML = `
      ^
ReferenceError: document is not defined
      at createMinimalDOM (/Users/justin/Documents/Github/Megabonk/tests/helpers/dom-setup.js:6:3)
      at <anonymous> (/Users/justin/Documents/Github/Megabonk/tests/unit/calculator.test.js:13:9)
(fail) calculateBreakpoint() > warning flags > should set hasWarning for one-and-done items [1284279844.73ms]
(fail) calculateBreakpoint() > warning flags > should set hasWarning for one-and-done items
1 | /**
2 |  * Creates a minimal DOM structure for testing specific components
3 |  * This is useful when tests need a lighter-weight DOM than the full index.html
4 |  */
5 | export function createMinimalDOM() {
6 |   document.body.innerHTML = `
      ^
ReferenceError: document is not defined
      at createMinimalDOM (/Users/justin/Documents/Github/Megabonk/tests/helpers/dom-setup.js:6:3)
      at <anonymous> (/Users/justin/Documents/Github/Megabonk/tests/unit/calculator.test.js:13:9)
(fail) calculateBreakpoint() > warning flags > should set hasWarning for capped items [1284279844.75ms]
(fail) calculateBreakpoint() > warning flags > should set hasWarning for capped items
1 | /**
2 |  * Creates a minimal DOM structure for testing specific components
3 |  * This is useful when tests need a lighter-weight DOM than the full index.html
4 |  */
5 | export function createMinimalDOM() {
6 |   document.body.innerHTML = `
      ^
ReferenceError: document is not defined
      at createMinimalDOM (/Users/justin/Documents/Github/Megabonk/tests/helpers/dom-setup.js:6:3)
      at <anonymous> (/Users/justin/Documents/Github/Megabonk/tests/unit/calculator.test.js:13:9)
(fail) calculateBreakpoint() > warning flags > should not set hasWarning for normal stacking items [1284279844.77ms]
(fail) calculateBreakpoint() > ¿»n@/  ot set hasWarning for normal stacking items
1 | /**
2 |  * Creates a minimal DOM structure for testing specific components
3 |  * This is useful when tests need a lighter-weight DOM than the full index.html
4 |  */
5 | export function createMinimalDOM() {
6 |   document.body.innerHTML = `
      ^
ReferenceError: document is not defined
      at createMinimalDOM (/Users/justin/Documents/Github/Megabonk/tests/helpers/dom-setup.js:6:3)
      at <anonymous> (/Users/justin/Documents/Github/Megabonk/tests/unit/calculator.test.js:13:9)
(fail) calculateBreakpoint() > validation > should return error when no item selected [1284279844.78ms]
(fail) calculateBreakpoint() > validation > should return error when no item selected
1 | /**
2 |  * Creates a minimal DOM structure for testing specific components
3 |  * This is useful when tests need a lighter-weight DOM than the full index.html
4 |  */
5 | export function createMinimalDOM() {
6 |   document.body.innerHTML = `
      ^
ReferenceError: document is not defined
      at createMinimalDOM (/Users/justin/Documents/Github/Megabonk/tests/helpers/dom-setup.js:6:3)
      at <anonymous> (/Users/justin/Documents/Github/Megabonk/tests/unit/calculator.test.js:13:9)
(fail) calculateBreakpoint() > validation > should return error when no target entered [1284279844.79ms]
(fail) calculateBreakpoint() > validation > should return error when no target entered
1 | /**
2 |  * Creates a minimal DOM structure for testing specific components
3 |  * This is useful when tests need a lighter-weight DOM than the full index.html
4 |  */
5 | export function createMinimalDOM() {
6 |   document.body.innerHTML = `
      ^
ReferenceError: document is not defined
      at createMinimalDOM (/Users/justin/Documents/Github/Megabonk/tests/helpers/dom-setup.js:6:3)
      at <anonymous> (/Users/justin/Documents/Github/Megabonk/tests/unit/calculator.test.js:13:9)
(fail) calculateBreakpoint() > validation > should return error for negative target [1284279844.80ms]
(fail) calculateBreakpoint() > validation > should return error for negative target
1 | /**
2 |  * Creates a minimal DOM structure for testing specific components
3 |  * This is useful when tests need a lighter-weight DOM than the full index.html
4 |  */
5 | export function createMinimalDOM() {
6 |   document.body.innerHTML = `
      ^
ReferenceError: document is not defined
      at createMinimalDOM (/Users/justin/Documents/Github/Megabonk/tests/helpers/dom-setup.js:6:3)
      at <anonymous> (/Users/justin/Documents/Github/Megabonk/tests/unit/calculator.test.js:13:9)
(fail) calculateBreakpoint() > validation > should return error for non-existent item [1284279844.82ms]
(fail) calculateBreakpoint() > ê*@/  eturn error for non-existent item
1 | /**
2 |  * Creates a minimal DOM structure for testing specific components
3 |  * This is useful when tests need a lighter-weight DOM than the full index.html
4 |  */
5 | export function createMinimalDOM() {
6 |   document.body.innerHTML = `
      ^
ReferenceError: document is not defined
      at createMinimalDOM (/Users/justin/Documents/Github/Megabonk/tests/helpers/dom-setup.js:6:3)
      at <anonymous> (/Users/justin/Documents/Github/Megabonk/tests/unit/calculator.test.js:13:9)
(fail) calculateBreakpoint() > result data > should include item details in result [1284279844.83ms]
(fail) calculateBreakpoint() > result data > should include item details in result
1 | /**
2 |  * Creates a minimal DOM structure for testing specific components
3 |  * This is useful when tests need a lighter-weight DOM than the full index.html
4 |  */
5 | export function createMinimalDOM() {
6 |   document.body.innerHTML = `
      ^
ReferenceError: document is not defined
      at createMinimalDOM (/Users/justin/Documents/Github/Megabonk/tests/helpers/dom-setup.js:6:3)
      at <anonymous> (/Users/justin/Documents/Github/Megabonk/tests/unit/calculator.test.js:13:9)
(fail) calculateBreakpoint() > result data > should include perStack value in result [1284279844.84ms]
(fail) calculateBreakpoint() >  +@/  nclude perStack value in result
1 | /**
2 |  * Creates a minimal DOM structure for testing specific components
3 |  * This is useful when tests need a lighter-weight DOM than the full index.html
4 |  */
5 | export function createMinimalDOM() {
6 |   document.body.innerHTML = `
      ^
ReferenceError: document is not defined
      at createMinimalDOM (/Users/justin/Documents/Github/Megabonk/tests/helpers/dom-setup.js:6:3)
      at <anonymous> (/Users/justin/Documents/Github/Megabonk/tests/unit/calculator.test.js:13:9)
(fail) calculateBreakpoint() > edge cases > should handle very large target values [1284279844.85ms]
(fail) calculateBreakpoint() > edge cases > should handle very large target values
1 | /**
2 |  * Creates a minimal DOM structure for testing specific components
3 |  * This is useful when tests need a lighter-weight DOM than the full index.html
4 |  */
5 | export function createMinimalDOM() {
6 |   document.body.innerHTML = `
      ^
ReferenceError: document is not defined
      at createMinimalDOM (/Users/justin/Documents/Github/Megabonk/tests/helpers/dom-setup.js:6:3)
      at <anonymous> (/Users/justin/Documents/Github/Megabonk/tests/unit/calculator.test.js:13:9)
(fail) calculateBreakpoint() > edge cases > should handle decimal targets [1284279844.87ms]
(fail) calculateBreakpoint() > edge cases > should handle decimal targets
1 | /**
2 |  * Creates a minimal DOM structure for testing specific components
3 |  * This is useful when tests need a lighter-weight DOM than the full index.html
4 |  */
5 | export function createMinimalDOM() {
6 |   document.body.innerHTML = `
      ^
ReferenceError: document is not defined
      at createMinimalDOM (/Users/justin/Documents/Github/Megabonk/tests/helpers/dom-setup.js:6:3)
      at <anonymous> (/Users/justin/Documents/Github/Megabonk/tests/unit/calculator.test.js:13:9)
(fail) calculateBreakpoint() > edge cases > should handle exactly hitting a stack boundary [1284279844.87ms]
(fail) calculateBreakpoint() > Ä+@/  andle exactly hitting a stack boundary
(pass) Quick calculation shortcuts > Big Bonk 100% proc rate requires 50 stacks
(pass) Quick calculation shortcuts > Spicy Meatball 100% explosions requires 4 stacks
(pass) Quick calculation shortcuts > Forbidden Juice 100% crit requires 10 stacks

tests/unit/expandable-text.test.js:
1 | /**
2 |  * Creates a minimal DOM structure for testing specific components
3 |  * This is useful when tests need a lighter-weight DOM than the full index.html
4 |  */
5 | export function createMinimalDOM() {
6 |   document.body.innerHTML = `
      ^
ReferenceError: document is not defined
      at createMinimalDOM (/Users/justin/Documents/Github/Megabonk/tests/helpers/dom-setup.js:6:3)
      at <anonymous> (/Users/justin/Documents/Github/Megabonk/tests/unit/expandable-text.test.js:36:5)
(fail) Expandable Text > escapeHtml() > should escape HTML special characters [1284279845.52ms]
(fail) Expandable Text > escapeHtml() > should escape HTML special characters
1 | /**
2 |  * Creates a minimal DOM structure for testing specific components
3 |  * This is useful when tests need a lighter-weight DOM than the full index.html
4 |  */
5 | export function createMinimalDOM() {
6 |   document.body.innerHTML = `
      ^
ReferenceError: document is not defined
      at createMinimalDOM (/Users/justin/Documents/Github/Megabonk/tests/helpers/dom-setup.js:6:3)
      at <anonymous> (/Users/justin/Documents/Github/Megabonk/tests/unit/expandable-text.test.js:36:5)
(fail) Expandable Text > escapeHtml() > should escape quotes for data attributes [1284279845.55ms]
(fail) Expandable Text > escapeHtml() > should escape quotes for data attributes
1 | /**
2 |  * Creates a minimal DOM structure for testing specific components
3 |  * This is useful when tests need a lighter-weight DOM than the full index.html
4 |  */
5 | export function createMinimalDOM() {
6 |   document.body.innerHTML = `
      ^
ReferenceError: document is not defined
      at createMinimalDOM (/Users/justin/Documents/Github/Megabonk/tests/helpers/dom-setup.js:6:3)
      at <anonymous> (/Users/justin/Documents/Github/Megabonk/tests/unit/expandable-text.test.js:36:5)
(fail) Expandable Text > escapeHtml() > should handle empty text [1284279845.57ms]
(fail) Expandable Text > escapeHtml() > should handle empty text
1 | /**
2 |  * Creates a minimal DOM structure for testing specific components
3 |  * This is useful when tests need a lighter-weight DOM than the full index.html
4 |  */
5 | export function createMinimalDOM() {
6 |   document.body.innerHTML = `
      ^
ReferenceError: document is not defined
      at createMinimalDOM (/Users/justin/Documents/Github/Megabonk/tests/helpers/dom-setup.js:6:3)
      at <anonymous> (/Users/justin/Documents/Github/Megabonk/tests/unit/expandable-text.test.js:36:5)
(fail) Expandable Text > escapeHtml() > should preserve normal text [1284279845.58ms]
(fail) Expandable Text > @@/  reserve normal text
1 | /**
2 |  * Creates a minimal DOM structure for testing specific components
3 |  * This is useful when tests need a lighter-weight DOM than the full index.html
4 |  */
5 | export function createMinimalDOM() {
6 |   document.body.innerHTML = `
      ^
ReferenceError: document is not defined
      at createMinimalDOM (/Users/justin/Documents/Github/Megabonk/tests/helpers/dom-setup.js:6:3)
      at <anonymous> (/Users/justin/Documents/Github/Megabonk/tests/unit/expandable-text.test.js:36:5)
(fail) Expandable Text > toggleTextExpand() > should expand truncated text on click [1284279845.59ms]
(fail) Expandable Text > toggleTextExpand() > should expand truncated text on click
1 | /**
2 |  * Creates a minimal DOM structure for testing specific components
3 |  * This is useful when tests need a lighter-weight DOM than the full index.html
4 |  */
5 | export function createMinimalDOM() {
6 |   document.body.innerHTML = `
      ^
ReferenceError: document is not defined
      at createMinimalDOM (/Users/justin/Documents/Github/Megabonk/tests/helpers/dom-setup.js:6:3)
      at <anonymous> (/Users/justin/Documents/Github/Megabonk/tests/unit/expandable-text.test.js:36:5)
(fail) Expandable Text > toggleTextExpand() > should collapse expanded text on second click [1284279845.60ms]
(fail) Expandable Text > toggleTextExpand() > should collapse expanded text on second click
1 | /**
2 |  * Creates a minimal DOM structure for testing specific components
3 |  * This is useful when tests need a lighter-weight DOM than the full index.html
4 |  */
5 | export function createMinimalDOM() {
6 |   document.body.innerHTML = `
      ^
ReferenceError: document is not defined
      at createMinimalDOM (/Users/justin/Documents/Github/Megabonk/tests/helpers/dom-setup.js:6:3)
      at <anonymous> (/Users/justin/Documents/Github/Megabonk/tests/unit/expandable-text.test.js:36:5)
(fail) Expandable Text > toggleTextExpand() > should not modify element without fullText data [1284279845.61ms]
(fail) Expandable Text > toggleTextExpand() > should not modify element without fullText data
1 | /**
2 |  * Creates a minimal DOM structure for testing specific components
3 |  * This is useful when tests need a lighter-weight DOM than the full index.html
4 |  */
5 | export function createMinimalDOM() {
6 |   document.body.innerHTML = `
      ^
ReferenceError: document is not defined
      at createMinimalDOM (/Users/justin/Documents/Github/Megabonk/tests/helpers/dom-setup.js:6:3)
      at <anonymous> (/Users/justin/Documents/Github/Megabonk/tests/unit/expandable-text.test.js:36:5)
(fail) Expandable Text > toggleTextExpand() > should handle short text that does not need truncation [1284279845.62ms]
(fail) Expandable Text > toggleTextExpand() > should handle short text that does not need truncation
1 | /**
2 |  * Creates a minimal DOM structure for testing specific components
3 |  * This is useful when tests need a lighter-weight DOM than the full index.html
4 |  */
5 | export function createMinimalDOM() {
6 |   document.body.innerHTML = `
      ^
ReferenceError: document is not defined
      at createMinimalDOM (/Users/justin/Documents/Github/Megabonk/tests/helpers/dom-setup.js:6:3)
      at <anonymous> (/Users/justin/Documents/Github/Megabonk/tests/unit/expandable-text.test.js:36:5)
(fail) Expandable Text > toggleTextExpand() > should toggle expanded class correctly [1284279845.64ms]
(fail) Expandable Text > 0-@/  oggle expanded class correctly
1 | /**
2 |  * Creates a minimal DOM structure for testing specific components
3 |  * This is useful when tests need a lighter-weight DOM than the full index.html
4 |  */
5 | export function createMinimalDOM() {
6 |   document.body.innerHTML = `
      ^
ReferenceError: document is not defined
      at createMinimalDOM (/Users/justin/Documents/Github/Megabonk/tests/helpers/dom-setup.js:6:3)
      at <anonymous> (/Users/justin/Documents/Github/Megabonk/tests/unit/expandable-text.test.js:36:5)
(fail) Expandable Text > Expandable Text Integration > should create expandable description for long text [1284279845.65ms]
(fail) Expandable Text > Expandable Text Integration > should create expandable description for long text
1 | /**
2 |  * Creates a minimal DOM structure for testing specific components
3 |  * This is useful when tests need a lighter-weight DOM than the full index.html
4 |  */
5 | export function createMinimalDOM() {
6 |   document.body.innerHTML = `
      ^
ReferenceError: document is not defined
      at createMinimalDOM (/Users/justin/Documents/Github/Megabonk/tests/helpers/dom-setup.js:6:3)
      at <anonymous> (/Users/justin/Documents/Github/Megabonk/tests/unit/expandable-text.test.js:36:5)
(fail) Expandable Text > Expandable Text Integration > should not create expandable description for short text [1284279845.66ms]
(fail) Expandable Text >  ∞n@/  ot create expandable description for short text

tests/unit/keyboard-shortcuts.test.js:
1 | /**
2 |  * Creates a minimal DOM structure for testing specific components
3 |  * This is useful when tests need a lighter-weight DOM than the full index.html
4 |  */
5 | export function createMinimalDOM() {
6 |   document.body.innerHTML = `
      ^
ReferenceError: document is not defined
      at createMinimalDOM (/Users/justin/Documents/Github/Megabonk/tests/helpers/dom-setup.js:6:3)
      at <anonymous> (/Users/justin/Documents/Github/Megabonk/tests/unit/keyboard-shortcuts.test.js:8:9)
(fail) Keyboard Shortcuts Module > getAllShortcuts() > should return all shortcut categories [1284279864.66ms]

# Unhandled error between tests
-------------------------------
 9 |         vi.clearAllMocks();
10 |     });
11 | 
12 |     afterEach(() => {
13 |         // Clean up any modals
14 |         const modal = document.getElementById('shortcuts-modal');
                           ^
ReferenceError: document is not defined
      at <anonymous> (/Users/justin/Documents/Github/Megabonk/tests/unit/keyboard-shortcuts.test.js:14:23)
-------------------------------

(fail) Keyboard Shortcuts Module > getAllShortcuts() > should return all shortcut categories
1 | /**
2 |  * Creates a minimal DOM structure for testing specific components
3 |  * This is useful when tests need a lighter-weight DOM than the full index.html
4 |  */
5 | export function createMinimalDOM() {
6 |   document.body.innerHTML = `
      ^
ReferenceError: document is not defined
      at createMinimalDOM (/Users/justin/Documents/Github/Megabonk/tests/helpers/dom-setup.js:6:3)
      at <anonymous> (/Users/justin/Documents/Github/Megabonk/tests/unit/keyboard-shortcuts.test.js:8:9)
(fail) Keyboard Shortcuts Module > getAllShortcuts() > should include Navigation category [1284279864.93ms]

# Unhandled error between tests
-------------------------------
 9 |         vi.clearAllMocks();
10 |     });
11 | 
12 |     afterEach(() => {
13 |         // Clean up any modals
14 |         const modal = document.getElementById('shortcuts-modal');
                           ^
ReferenceError: document is not defined
      at <anonymous> (/Users/justin/Documents/Github/Megabonk/tests/unit/keyboard-shortcuts.test.js:14:23)
-------------------------------

(fail) Keyboard Shortcuts Module > getAllShortcuts() > should include Navigation category
1 | /**
2 |  * Creates a minimal DOM structure for testing specific components
3 |  * This is useful when tests need a lighter-weight DOM than the full index.html
4 |  */
5 | export function createMinimalDOM() {
6 |   document.body.innerHTML = `
      ^
ReferenceError: document is not defined
      at createMinimalDOM (/Users/justin/Documents/Github/Megabonk/tests/helpers/dom-setup.js:6:3)
      at <anonymous> (/Users/justin/Documents/Github/Megabonk/tests/unit/keyboard-shortcuts.test.js:8:9)
(fail) Keyboard Shortcuts Module > getAllShortcuts() > should include Search & Filter category [1284279864.96ms]

# Unhandled error between tests
-------------------------------
 9 |         vi.clearAllMocks();
10 |     });
11 | 
12 |     afterEach(() => {
13 |         // Clean up any modals
14 |         const modal = document.getElementById('shortcuts-modal');
                           ^
ReferenceError: document is not defined
      at <anonymous> (/Users/justin/Documents/Github/Megabonk/tests/unit/keyboard-shortcuts.test.js:14:23)
-------------------------------

(fail) Keyboard Shortcuts Module > getAllShortcuts() > should include Search & Filter category
1 | /**
2 |  * Creates a minimal DOM structure for testing specific components
3 |  * This is useful when tests need a lighter-weight DOM than the full index.html
4 |  */
5 | export function createMinimalDOM() {
6 |   document.body.innerHTML = `
      ^
ReferenceError: document is not defined
      at createMinimalDOM (/Users/justin/Documents/Github/Megabonk/tests/helpers/dom-setup.js:6:3)
      at <anonymous> (/Users/justin/Documents/Github/Megabonk/tests/unit/keyboard-shortcuts.test.js:8:9)
(fail) Keyboard Shortcuts Module > getAllShortcuts() > should include View category [1284279865.00ms]

# Unhandled error between tests
-------------------------------
 9 |         vi.clearAllMocks();
10 |     });
11 | 
12 |     afterEach(() => {
13 |         // Clean up any modals
14 |         const modal = document.getElementById('shortcuts-modal');
                           ^
ReferenceError: document is not defined
      at <anonymous> (/Users/justin/Documents/Github/Megabonk/tests/unit/keyboard-shortcuts.test.js:14:23)
-------------------------------

(fail) Keyboard Shortcuts Module > getAllShortcuts() > should include View category
1 | /**
2 |  * Creates a minimal DOM structure for testing specific components
3 |  * This is useful when tests need a lighter-weight DOM than the full index.html
4 |  */
5 | export function createMinimalDOM() {
6 |   document.body.innerHTML = `
      ^
ReferenceError: document is not defined
      at createMinimalDOM (/Users/justin/Documents/Github/Megabonk/tests/helpers/dom-setup.js:6:3)
      at <anonymous> (/Users/justin/Documents/Github/Megabonk/tests/unit/keyboard-shortcuts.test.js:8:9)
(fail) Keyboard Shortcuts Module > getAllShortcuts() > should include Modal category [1284279865.03ms]

# Unhandled error between tests
-------------------------------
 9 |         vi.clearAllMocks();
10 |     });
11 | 
12 |     afterEach(() => {
13 |         // Clean up any modals
14 |         const modal = document.getElementById('shortcuts-modal');
                           ^
ReferenceError: document is not defined
      at <anonymous> (/Users/justin/Documents/Github/Megabonk/tests/unit/keyboard-shortcuts.test.js:14:23)
-------------------------------

(fail) Keyboard Shortcuts Module > getAllShortcuts() > should include Modal category
1 | /**
2 |  * Creates a minimal DOM structure for testing specific components
3 |  * This is useful when tests need a lighter-weight DOM than the full index.html
4 |  */
5 | export function createMinimalDOM() {
6 |   document.body.innerHTML = `
      ^
ReferenceError: document is not defined
      at createMinimalDOM (/Users/justin/Documents/Github/Megabonk/tests/helpers/dom-setup.js:6:3)
      at <anonymous> (/Users/justin/Documents/Github/Megabonk/tests/unit/keyboard-shortcuts.test.js:8:9)
(fail) Keyboard Shortcuts Module > getAllShortcuts() > should include Help category [1284279865.06ms]

# Unhandled error between tests
-------------------------------
 9 |         vi.clearAllMocks();
10 |     });
11 | 
12 |     afterEach(() => {
13 |         // Clean up any modals
14 |         const modal = document.getElementById('shortcuts-modal');
                           ^
ReferenceError: document is not defined
      at <anonymous> (/Users/justin/Documents/Github/Megabonk/tests/unit/keyboard-shortcuts.test.js:14:23)
-------------------------------

(fail) Keyboard Shortcuts Module > getAllShortcuts() > should include Help category
1 | /**
2 |  * Creates a minimal DOM structure for testing specific components
3 |  * This is useful when tests need a lighter-weight DOM than the full index.html
4 |  */
5 | export function createMinimalDOM() {
6 |   document.body.innerHTML = `
      ^
ReferenceError: document is not defined
      at createMinimalDOM (/Users/justin/Documents/Github/Megabonk/tests/helpers/dom-setup.js:6:3)
      at <anonymous> (/Users/justin/Documents/Github/Megabonk/tests/unit/keyboard-shortcuts.test.js:8:9)
(fail) Keyboard Shortcuts Module > getAllShortcuts() > should have valid shortcut structure [1284279865.10ms]

# Unhandled error between tests
-------------------------------
 9 |         vi.clearAllMocks();
10 |     });
11 | 
12 |     afterEach(() => {
13 |         // Clean up any modals
14 |         const modal = document.getElementById('shortcuts-modal');
                           ^
ReferenceError: document is not defined
      at <anonymous> (/Users/justin/Documents/Github/Megabonk/tests/unit/keyboard-shortcuts.test.js:14:23)
-------------------------------

(fail) Keyboard Shortcuts Module > getAllShortcuts() > should have valid shortcut structure
1 | /**
2 |  * Creates a minimal DOM structure for testing specific components
3 |  * This is useful when tests need a lighter-weight DOM than the full index.html
4 |  */
5 | export function createMinimalDOM() {
6 |   document.body.innerHTML = `
      ^
ReferenceError: document is not defined
      at createMinimalDOM (/Users/justin/Documents/Github/Megabonk/tests/helpers/dom-setup.js:6:3)
      at <anonymous> (/Users/justin/Documents/Github/Megabonk/tests/unit/keyboard-shortcuts.test.js:8:9)
(fail) Keyboard Shortcuts Module > getAllShortcuts() > should be frozen (immutable) [1284279865.12ms]

# Unhandled error between tests
-------------------------------
 9 |         vi.clearAllMocks();
10 |     });
11 | 
12 |     afterEach(() => {
13 |         // Clean up any modals
14 |         const modal = document.getElementById('shortcuts-modal');
                           ^
ReferenceError: document is not defined
      at <anonymous> (/Users/justin/Documents/Github/Megabonk/tests/unit/keyboard-shortcuts.test.js:14:23)
-------------------------------

(fail) Keyboard Shortcuts Module >  	@/  e frozen (immutable)
(skip) Keyboard Shortcuts Module > showShortcutsModal() > should create modal element - skipped due to jsdom AbortSignal limitation
(skip) Keyboard Shortcuts Module > showShortcutsModal() > should add modal class - skipped due to jsdom AbortSignal limitation
(skip) Keyboard Shortcuts Module > showShortcutsModal() > should include modal header - skipped due to jsdom AbortSignal limitation
(skip) Keyboard Shortcuts Module > showShortcutsModal() > should include close button - skipped due to jsdom AbortSignal limitation
(skip) Keyboard Shortcuts Module > showShortcutsModal() > should include all shortcut categories - skipped due to jsdom AbortSignal limitation
(skip) Keyboard Shortcuts Module > showShortcutsModal() > should display category titles - skipped due to jsdom AbortSignal limitation
(skip) Keyboard Shortcuts Module > showShortcutsModal() > should display shortcut keys in kbd elements - skipped due to jsdom AbortSignal limitation
(skip) Keyboard Shortcuts Module > showShortcutsModal() > should display shortcut descriptions - skipped due to jsdom AbortSignal limitation
(skip) Keyboard Shortcuts Module > showShortcutsModal() > should include tip in footer - skipped due to jsdom AbortSignal limitation
(skip) Keyboard Shortcuts Module > showShortcutsModal() > should toggle modal when called twice - skipped due to jsdom AbortSignal limitation
(skip) Keyboard Shortcuts Module > showShortcutsModal() > should add show class via requestAnimationFrame - skipped due to jsdom AbortSignal limitation
1 | /**
2 |  * Creates a minimal DOM structure for testing specific components
3 |  * This is useful when tests need a lighter-weight DOM than the full index.html
4 |  */
5 | export function createMinimalDOM() {
6 |   document.body.innerHTML = `
      ^
ReferenceError: document is not defined
      at createMinimalDOM (/Users/justin/Documents/Github/Megabonk/tests/helpers/dom-setup.js:6:3)
      at <anonymous> (/Users/justin/Documents/Github/Megabonk/tests/unit/keyboard-shortcuts.test.js:8:9)
(fail) Keyboard Shortcuts Module > setupKeyboardShortcuts() > input field exclusion > should ignore shortcuts when focused on input [1284279865.16ms]

# Unhandled error between tests
-------------------------------
 9 |         vi.clearAllMocks();
10 |     });
11 | 
12 |     afterEach(() => {
13 |         // Clean up any modals
14 |         const modal = document.getElementById('shortcuts-modal');
                           ^
ReferenceError: document is not defined
      at <anonymous> (/Users/justin/Documents/Github/Megabonk/tests/unit/keyboard-shortcuts.test.js:14:23)
-------------------------------

(fail) Keyboard Shortcuts Module > setupKeyboardShortcuts() > input field exclusion > should ignore shortcuts when focused on input
1 | /**
2 |  * Creates a minimal DOM structure for testing specific components
3 |  * This is useful when tests need a lighter-weight DOM than the full index.html
4 |  */
5 | export function createMinimalDOM() {
6 |   document.body.innerHTML = `
      ^
ReferenceError: document is not defined
      at createMinimalDOM (/Users/justin/Documents/Github/Megabonk/tests/helpers/dom-setup.js:6:3)
      at <anonymous> (/Users/justin/Documents/Github/Megabonk/tests/unit/keyboard-shortcuts.test.js:8:9)
(fail) Keyboard Shortcuts Module > setupKeyboardShortcuts() > input field exclusion > should ignore shortcuts when focused on textarea [1284279865.20ms]

# Unhandled error between tests
-------------------------------
 9 |         vi.clearAllMocks();
10 |     });
11 | 
12 |     afterEach(() => {
13 |         // Clean up any modals
14 |         const modal = document.getElementById('shortcuts-modal');
                           ^
ReferenceError: document is not defined
      at <anonymous> (/Users/justin/Documents/Github/Megabonk/tests/unit/keyboard-shortcuts.test.js:14:23)
-------------------------------

(fail) Keyboard Shortcuts Module > setupKeyboardShortcuts() > 00@/  gnore shortcuts when focused on textarea
1 | /**
2 |  * Creates a minimal DOM structure for testing specific components
3 |  * This is useful when tests need a lighter-weight DOM than the full index.html
4 |  */
5 | export function createMinimalDOM() {
6 |   document.body.innerHTML = `
      ^
ReferenceError: document is not defined
      at createMinimalDOM (/Users/justin/Documents/Github/Megabonk/tests/helpers/dom-setup.js:6:3)
      at <anonymous> (/Users/justin/Documents/Github/Megabonk/tests/unit/keyboard-shortcuts.test.js:8:9)
(fail) Keyboard Shortcuts Module > setupKeyboardShortcuts() > tab navigation (1-8) > should switch to items tab on key 1 [1284279865.22ms]

# Unhandled error between tests
-------------------------------
 9 |         vi.clearAllMocks();
10 |     });
11 | 
12 |     afterEach(() => {
13 |         // Clean up any modals
14 |         const modal = document.getElementById('shortcuts-modal');
                           ^
ReferenceError: document is not defined
      at <anonymous> (/Users/justin/Documents/Github/Megabonk/tests/unit/keyboard-shortcuts.test.js:14:23)
-------------------------------

(fail) Keyboard Shortcuts Module > setupKeyboardShortcuts() > tab navigation (1-8) > should switch to items tab on key 1
1 | /**
2 |  * Creates a minimal DOM structure for testing specific components
3 |  * This is useful when tests need a lighter-weight DOM than the full index.html
4 |  */
5 | export function createMinimalDOM() {
6 |   document.body.innerHTML = `
      ^
ReferenceError: document is not defined
      at createMinimalDOM (/Users/justin/Documents/Github/Megabonk/tests/helpers/dom-setup.js:6:3)
      at <anonymous> (/Users/justin/Documents/Github/Megabonk/tests/unit/keyboard-shortcuts.test.js:8:9)
(fail) Keyboard Shortcuts Module > setupKeyboardShortcuts() > tab navigation (1-8) > should switch to weapons tab on key 2 [1284279865.25ms]

# Unhandled error between tests
-------------------------------
 9 |         vi.clearAllMocks();
10 |     });
11 | 
12 |     afterEach(() => {
13 |         // Clean up any modals
14 |         const modal = document.getElementById('shortcuts-modal');
                           ^
ReferenceError: document is not defined
      at <anonymous> (/Users/justin/Documents/Github/Megabonk/tests/unit/keyboard-shortcuts.test.js:14:23)
-------------------------------

(fail) Keyboard Shortcuts Module > setupKeyboardShortcuts() > tab navigation (1-8) > should switch to weapons tab on key 2
1 | /**
2 |  * Creates a minimal DOM structure for testing specific components
3 |  * This is useful when tests need a lighter-weight DOM than the full index.html
4 |  */
5 | export function createMinimalDOM() {
6 |   document.body.innerHTML = `
      ^
ReferenceError: document is not defined
      at createMinimalDOM (/Users/justin/Documents/Github/Megabonk/tests/helpers/dom-setup.js:6:3)
      at <anonymous> (/Users/justin/Documents/Github/Megabonk/tests/unit/keyboard-shortcuts.test.js:8:9)
(fail) Keyboard Shortcuts Module > setupKeyboardShortcuts() > tab navigation (1-8) > should switch to tomes tab on key 3 [1284279865.28ms]

# Unhandled error between tests
-------------------------------
 9 |         vi.clearAllMocks();
10 |     });
11 | 
12 |     afterEach(() => {
13 |         // Clean up any modals
14 |         const modal = document.getElementById('shortcuts-modal');
                           ^
ReferenceError: document is not defined
      at <anonymous> (/Users/justin/Documents/Github/Megabonk/tests/unit/keyboard-shortcuts.test.js:14:23)
-------------------------------

(fail) Keyboard Shortcuts Module > setupKeyboardShortcuts() > tab navigation (1-8) > should switch to tomes tab on key 3
1 | /**
2 |  * Creates a minimal DOM structure for testing specific components
3 |  * This is useful when tests need a lighter-weight DOM than the full index.html
4 |  */
5 | export function createMinimalDOM() {
6 |   document.body.innerHTML = `
      ^
ReferenceError: document is not defined
      at createMinimalDOM (/Users/justin/Documents/Github/Megabonk/tests/helpers/dom-setup.js:6:3)
      at <anonymous> (/Users/justin/Documents/Github/Megabonk/tests/unit/keyboard-shortcuts.test.js:8:9)
(fail) Keyboard Shortcuts Module > setupKeyboardShortcuts() > tab navigation (1-8) > should switch to characters tab on key 4 [1284279865.31ms]

# Unhandled error between tests
-------------------------------
 9 |         vi.clearAllMocks();
10 |     });
11 | 
12 |     afterEach(() => {
13 |         // Clean up any modals
14 |         const modal = document.getElementById('shortcuts-modal');
                           ^
ReferenceError: document is not defined
      at <anonymous> (/Users/justin/Documents/Github/Megabonk/tests/unit/keyboard-shortcuts.test.js:14:23)
-------------------------------

(fail) Keyboard Shortcuts Module > setupKeyboardShortcuts() > tab navigation (1-8) > should switch to characters tab on key 4
1 | /**
2 |  * Creates a minimal DOM structure for testing specific components
3 |  * This is useful when tests need a lighter-weight DOM than the full index.html
4 |  */
5 | export function createMinimalDOM() {
6 |   document.body.innerHTML = `
      ^
ReferenceError: document is not defined
      at createMinimalDOM (/Users/justin/Documents/Github/Megabonk/tests/helpers/dom-setup.js:6:3)
      at <anonymous> (/Users/justin/Documents/Github/Megabonk/tests/unit/keyboard-shortcuts.test.js:8:9)
(fail) Keyboard Shortcuts Module > setupKeyboardShortcuts() > tab navigation (1-8) > should switch to shrines tab on key 5 [1284279865.35ms]

# Unhandled error between tests
-------------------------------
 9 |         vi.clearAllMocks();
10 |     });
11 | 
12 |     afterEach(() => {
13 |         // Clean up any modals
14 |         const modal = document.getElementById('shortcuts-modal');
                           ^
ReferenceError: document is not defined
      at <anonymous> (/Users/justin/Documents/Github/Megabonk/tests/unit/keyboard-shortcuts.test.js:14:23)
-------------------------------

(fail) Keyboard Shortcuts Module > setupKeyboardShortcuts() > tab navigation (1-8) > should switch to shrines tab on key 5
(skip) Keyboard Shortcuts Module > setupKeyboardShortcuts() > tab navigation (1-8) > should switch to build-planner tab on key 6 - not in minimal DOM fixture
1 | /**
2 |  * Creates a minimal DOM structure for testing specific components
3 |  * This is useful when tests need a lighter-weight DOM than the full index.html
4 |  */
5 | export function createMinimalDOM() {
6 |   document.body.innerHTML = `
      ^
ReferenceError: document is not defined
      at createMinimalDOM (/Users/justin/Documents/Github/Megabonk/tests/helpers/dom-setup.js:6:3)
      at <anonymous> (/Users/justin/Documents/Github/Megabonk/tests/unit/keyboard-shortcuts.test.js:8:9)
(fail) Keyboard Shortcuts Module > setupKeyboardShortcuts() > tab navigation (1-8) > should not trigger tab switch with Ctrl modifier [1284279865.37ms]

# Unhandled error between tests
-------------------------------
 9 |         vi.clearAllMocks();
10 |     });
11 | 
12 |     afterEach(() => {
13 |         // Clean up any modals
14 |         const modal = document.getElementById('shortcuts-modal');
                           ^
ReferenceError: document is not defined
      at <anonymous> (/Users/justin/Documents/Github/Megabonk/tests/unit/keyboard-shortcuts.test.js:14:23)
-------------------------------

(fail) Keyboard Shortcuts Module > setupKeyboardShortcuts() > tab navigation (1-8) > should not trigger tab switch with Ctrl modifier
1 | /**
2 |  * Creates a minimal DOM structure for testing specific components
3 |  * This is useful when tests need a lighter-weight DOM than the full index.html
4 |  */
5 | export function createMinimalDOM() {
6 |   document.body.innerHTML = `
      ^
ReferenceError: document is not defined
      at createMinimalDOM (/Users/justin/Documents/Github/Megabonk/tests/helpers/dom-setup.js:6:3)
      at <anonymous> (/Users/justin/Documents/Github/Megabonk/tests/unit/keyboard-shortcuts.test.js:8:9)
(fail) Keyboard Shortcuts Module > setupKeyboardShortcuts() > tab navigation (1-8) > should not trigger tab switch with Meta modifier [1284279865.41ms]

# Unhandled error between tests
-------------------------------
 9 |         vi.clearAllMocks();
10 |     });
11 | 
12 |     afterEach(() => {
13 |         // Clean up any modals
14 |         const modal = document.getElementById('shortcuts-modal');
                           ^
ReferenceError: document is not defined
      at <anonymous> (/Users/justin/Documents/Github/Megabonk/tests/unit/keyboard-shortcuts.test.js:14:23)
-------------------------------

(fail) Keyboard Shortcuts Module > setupKeyboardShortcuts() > ‡.@/  ot trigger tab switch with Meta modifier
1 | /**
2 |  * Creates a minimal DOM structure for testing specific components
3 |  * This is useful when tests need a lighter-weight DOM than the full index.html
4 |  */
5 | export function createMinimalDOM() {
6 |   document.body.innerHTML = `
      ^
ReferenceError: document is not defined
      at createMinimalDOM (/Users/justin/Documents/Github/Megabonk/tests/helpers/dom-setup.js:6:3)
      at <anonymous> (/Users/justin/Documents/Github/Megabonk/tests/unit/keyboard-shortcuts.test.js:8:9)
(fail) Keyboard Shortcuts Module > setupKeyboardShortcuts() > search focus > should focus search on / key [1284279865.44ms]

# Unhandled error between tests
-------------------------------
 9 |         vi.clearAllMocks();
10 |     });
11 | 
12 |     afterEach(() => {
13 |         // Clean up any modals
14 |         const modal = document.getElementById('shortcuts-modal');
                           ^
ReferenceError: document is not defined
      at <anonymous> (/Users/justin/Documents/Github/Megabonk/tests/unit/keyboard-shortcuts.test.js:14:23)
-------------------------------

(fail) Keyboard Shortcuts Module > setupKeyboardShortcuts() > search focus > should focus search on / key
1 | /**
2 |  * Creates a minimal DOM structure for testing specific components
3 |  * This is useful when tests need a lighter-weight DOM than the full index.html
4 |  */
5 | export function createMinimalDOM() {
6 |   document.body.innerHTML = `
      ^
ReferenceError: document is not defined
      at createMinimalDOM (/Users/justin/Documents/Github/Megabonk/tests/helpers/dom-setup.js:6:3)
      at <anonymous> (/Users/justin/Documents/Github/Megabonk/tests/unit/keyboard-shortcuts.test.js:8:9)
(fail) Keyboard Shortcuts Module > setupKeyboardShortcuts() > search focus > should focus search on Ctrl+F [1284279865.47ms]

# Unhandled error between tests
-------------------------------
 9 |         vi.clearAllMocks();
10 |     });
11 | 
12 |     afterEach(() => {
13 |         // Clean up any modals
14 |         const modal = document.getElementById('shortcuts-modal');
                           ^
ReferenceError: document is not defined
      at <anonymous> (/Users/justin/Documents/Github/Megabonk/tests/unit/keyboard-shortcuts.test.js:14:23)
-------------------------------

(fail) Keyboard Shortcuts Module > setupKeyboardShortcuts() > search focus > should focus search on Ctrl+F
1 | /**
2 |  * Creates a minimal DOM structure for testing specific components
3 |  * This is useful when tests need a lighter-weight DOM than the full index.html
4 |  */
5 | export function createMinimalDOM() {
6 |   document.body.innerHTML = `
      ^
ReferenceError: document is not defined
      at createMinimalDOM (/Users/justin/Documents/Github/Megabonk/tests/helpers/dom-setup.js:6:3)
      at <anonymous> (/Users/justin/Documents/Github/Megabonk/tests/unit/keyboard-shortcuts.test.js:8:9)
(fail) Keyboard Shortcuts Module > setupKeyboardShortcuts() > search focus > should select search text when focusing [1284279865.50ms]

# Unhandled error between tests
-------------------------------
 9 |         vi.clearAllMocks();
10 |     });
11 | 
12 |     afterEach(() => {
13 |         // Clean up any modals
14 |         const modal = document.getElementById('shortcuts-modal');
                           ^
ReferenceError: document is not defined
      at <anonymous> (/Users/justin/Documents/Github/Megabonk/tests/unit/keyboard-shortcuts.test.js:14:23)
-------------------------------

(fail) Keyboard Shortcuts Module > setupKeyboardShortcuts() > `-@/  elect search text when focusing
1 | /**
2 |  * Creates a minimal DOM structure for testing specific components
3 |  * This is useful when tests need a lighter-weight DOM than the full index.html
4 |  */
5 | export function createMinimalDOM() {
6 |   document.body.innerHTML = `
      ^
ReferenceError: document is not defined
      at createMinimalDOM (/Users/justin/Documents/Github/Megabonk/tests/helpers/dom-setup.js:6:3)
      at <anonymous> (/Users/justin/Documents/Github/Megabonk/tests/unit/keyboard-shortcuts.test.js:8:9)
(fail) Keyboard Shortcuts Module > setupKeyboardShortcuts() > clear filters (Ctrl+K) > should click clear filters button on Ctrl+K [1284279865.54ms]

# Unhandled error between tests
-------------------------------
 9 |         vi.clearAllMocks();
10 |     });
11 | 
12 |     afterEach(() => {
13 |         // Clean up any modals
14 |         const modal = document.getElementById('shortcuts-modal');
                           ^
ReferenceError: document is not defined
      at <anonymous> (/Users/justin/Documents/Github/Megabonk/tests/unit/keyboard-shortcuts.test.js:14:23)
-------------------------------

(fail) Keyboard Shortcuts Module > setupKeyboardShortcuts() > 0-@/  lick clear filters button on Ctrl+K
1 | /**
2 |  * Creates a minimal DOM structure for testing specific components
3 |  * This is useful when tests need a lighter-weight DOM than the full index.html
4 |  */
5 | export function createMinimalDOM() {
6 |   document.body.innerHTML = `
      ^
ReferenceError: document is not defined
      at createMinimalDOM (/Users/justin/Documents/Github/Megabonk/tests/helpers/dom-setup.js:6:3)
      at <anonymous> (/Users/justin/Documents/Github/Megabonk/tests/unit/keyboard-shortcuts.test.js:8:9)
(fail) Keyboard Shortcuts Module > setupKeyboardShortcuts() > Escape key > should clear search input and blur on Escape [1284279865.57ms]

# Unhandled error between tests
-------------------------------
 9 |         vi.clearAllMocks();
10 |     });
11 | 
12 |     afterEach(() => {
13 |         // Clean up any modals
14 |         const modal = document.getElementById('shortcuts-modal');
                           ^
ReferenceError: document is not defined
      at <anonymous> (/Users/justin/Documents/Github/Megabonk/tests/unit/keyboard-shortcuts.test.js:14:23)
-------------------------------

(fail) Keyboard Shortcuts Module > setupKeyboardShortcuts() > Escape key > should clear search input and blur on Escape
1 | /**
2 |  * Creates a minimal DOM structure for testing specific components
3 |  * This is useful when tests need a lighter-weight DOM than the full index.html
4 |  */
5 | export function createMinimalDOM() {
6 |   document.body.innerHTML = `
      ^
ReferenceError: document is not defined
      at createMinimalDOM (/Users/justin/Documents/Github/Megabonk/tests/helpers/dom-setup.js:6:3)
      at <anonymous> (/Users/justin/Documents/Github/Megabonk/tests/unit/keyboard-shortcuts.test.js:8:9)
(fail) Keyboard Shortcuts Module > setupKeyboardShortcuts() > Escape key > should dispatch input event when clearing search [1284279865.60ms]

# Unhandled error between tests
-------------------------------
 9 |         vi.clearAllMocks();
10 |     });
11 | 
12 |     afterEach(() => {
13 |         // Clean up any modals
14 |         const modal = document.getElementById('shortcuts-modal');
                           ^
ReferenceError: document is not defined
      at <anonymous> (/Users/justin/Documents/Github/Megabonk/tests/unit/keyboard-shortcuts.test.js:14:23)
-------------------------------

(fail) Keyboard Shortcuts Module > setupKeyboardShortcuts() > Escape key > should dispatch input event when clearing search
1 | /**
2 |  * Creates a minimal DOM structure for testing specific components
3 |  * This is useful when tests need a lighter-weight DOM than the full index.html
4 |  */
5 | export function createMinimalDOM() {
6 |   document.body.innerHTML = `
      ^
ReferenceError: document is not defined
      at createMinimalDOM (/Users/justin/Documents/Github/Megabonk/tests/helpers/dom-setup.js:6:3)
      at <anonymous> (/Users/justin/Documents/Github/Megabonk/tests/unit/keyboard-shortcuts.test.js:8:9)
(fail) Keyboard Shortcuts Module > setupKeyboardShortcuts() > Escape key > should not act if search input is empty [1284279865.62ms]

# Unhandled error between tests
-------------------------------
 9 |         vi.clearAllMocks();
10 |     });
11 | 
12 |     afterEach(() => {
13 |         // Clean up any modals
14 |         const modal = document.getElementById('shortcuts-modal');
                           ^
ReferenceError: document is not defined
      at <anonymous> (/Users/justin/Documents/Github/Megabonk/tests/unit/keyboard-shortcuts.test.js:14:23)
-------------------------------

(fail) Keyboard Shortcuts Module > setupKeyboardShortcuts() > †,@/  ot act if search input is empty
1 | /**
2 |  * Creates a minimal DOM structure for testing specific components
3 |  * This is useful when tests need a lighter-weight DOM than the full index.html
4 |  */
5 | export function createMinimalDOM() {
6 |   document.body.innerHTML = `
      ^
ReferenceError: document is not defined
      at createMinimalDOM (/Users/justin/Documents/Github/Megabonk/tests/helpers/dom-setup.js:6:3)
      at <anonymous> (/Users/justin/Documents/Github/Megabonk/tests/unit/keyboard-shortcuts.test.js:8:9)
(fail) Keyboard Shortcuts Module > setupKeyboardShortcuts() > view toggles > should toggle grid view on G key [1284279865.65ms]

# Unhandled error between tests
-------------------------------
420 |                 compareBtn.id = 'compare-mode-toggle';
421 |                 document.body.appendChild(compareBtn);
422 |             });
423 | 
424 |             afterEach(() => {
425 |                 document.querySelector('[data-view="grid"]')?.remove();
                      ^
ReferenceError: document is not defined
      at <anonymous> (/Users/justin/Documents/Github/Megabonk/tests/unit/keyboard-shortcuts.test.js:425:17)
-------------------------------

(fail) Keyboard Shortcuts Module > setupKeyboardShortcuts() > view toggles > should toggle grid view on G key
1 | /**
2 |  * Creates a minimal DOM structure for testing specific components
3 |  * This is useful when tests need a lighter-weight DOM than the full index.html
4 |  */
5 | export function createMinimalDOM() {
6 |   document.body.innerHTML = `
      ^
ReferenceError: document is not defined
      at createMinimalDOM (/Users/justin/Documents/Github/Megabonk/tests/helpers/dom-setup.js:6:3)
      at <anonymous> (/Users/justin/Documents/Github/Megabonk/tests/unit/keyboard-shortcuts.test.js:8:9)
(fail) Keyboard Shortcuts Module > setupKeyboardShortcuts() > view toggles > should toggle grid view on uppercase G key [1284279865.71ms]

# Unhandled error between tests
-------------------------------
420 |                 compareBtn.id = 'compare-mode-toggle';
421 |                 document.body.appendChild(compareBtn);
422 |             });
423 | 
424 |             afterEach(() => {
425 |                 document.querySelector('[data-view="grid"]')?.remove();
                      ^
ReferenceError: document is not defined
      at <anonymous> (/Users/justin/Documents/Github/Megabonk/tests/unit/keyboard-shortcuts.test.js:425:17)
-------------------------------

(fail) Keyboard Shortcuts Module > setupKeyboardShortcuts() > view toggles > should toggle grid view on uppercase G key
1 | /**
2 |  * Creates a minimal DOM structure for testing specific components
3 |  * This is useful when tests need a lighter-weight DOM than the full index.html
4 |  */
5 | export function createMinimalDOM() {
6 |   document.body.innerHTML = `
      ^
ReferenceError: document is not defined
      at createMinimalDOM (/Users/justin/Documents/Github/Megabonk/tests/helpers/dom-setup.js:6:3)
      at <anonymous> (/Users/justin/Documents/Github/Megabonk/tests/unit/keyboard-shortcuts.test.js:8:9)
(fail) Keyboard Shortcuts Module > setupKeyboardShortcuts() > view toggles > should toggle list view on L key [1284279865.77ms]

# Unhandled error between tests
-------------------------------
420 |                 compareBtn.id = 'compare-mode-toggle';
421 |                 document.body.appendChild(compareBtn);
422 |             });
423 | 
424 |             afterEach(() => {
425 |                 document.querySelector('[data-view="grid"]')?.remove();
                      ^
ReferenceError: document is not defined
      at <anonymous> (/Users/justin/Documents/Github/Megabonk/tests/unit/keyboard-shortcuts.test.js:425:17)
-------------------------------

(fail) Keyboard Shortcuts Module > setupKeyboardShortcuts() > view toggles > should toggle list view on L key
1 | /**
2 |  * Creates a minimal DOM structure for testing specific components
3 |  * This is useful when tests need a lighter-weight DOM than the full index.html
4 |  */
5 | export function createMinimalDOM() {
6 |   document.body.innerHTML = `
      ^
ReferenceError: document is not defined
      at createMinimalDOM (/Users/justin/Documents/Github/Megabonk/tests/helpers/dom-setup.js:6:3)
      at <anonymous> (/Users/justin/Documents/Github/Megabonk/tests/unit/keyboard-shortcuts.test.js:8:9)
(fail) Keyboard Shortcuts Module > setupKeyboardShortcuts() > view toggles > should toggle compare mode on C key [1284279865.80ms]

# Unhandled error between tests
-------------------------------
420 |                 compareBtn.id = 'compare-mode-toggle';
421 |                 document.body.appendChild(compareBtn);
422 |             });
423 | 
424 |             afterEach(() => {
425 |                 document.querySelector('[data-view="grid"]')?.remove();
                      ^
ReferenceError: document is not defined
      at <anonymous> (/Users/justin/Documents/Github/Megabonk/tests/unit/keyboard-shortcuts.test.js:425:17)
-------------------------------

(fail) Keyboard Shortcuts Module > setupKeyboardShortcuts() > @,@/  oggle compare mode on C key
1 | /**
2 |  * Creates a minimal DOM structure for testing specific components
3 |  * This is useful when tests need a lighter-weight DOM than the full index.html
4 |  */
5 | export function createMinimalDOM() {
6 |   document.body.innerHTML = `
      ^
ReferenceError: document is not defined
      at createMinimalDOM (/Users/justin/Documents/Github/Megabonk/tests/helpers/dom-setup.js:6:3)
      at <anonymous> (/Users/justin/Documents/Github/Megabonk/tests/unit/keyboard-shortcuts.test.js:8:9)
(fail) Keyboard Shortcuts Module > setupKeyboardShortcuts() > theme toggle > should toggle theme on T key [1284279865.84ms]

# Unhandled error between tests
-------------------------------
486 |                 themeBtn.id = 'theme-toggle';
487 |                 document.body.appendChild(themeBtn);
488 |             });
489 | 
490 |             afterEach(() => {
491 |                 document.getElementById('theme-toggle')?.remove();
                      ^
ReferenceError: document is not defined
      at <anonymous> (/Users/justin/Documents/Github/Megabonk/tests/unit/keyboard-shortcuts.test.js:491:17)
-------------------------------

(fail) Keyboard Shortcuts Module > setupKeyboardShortcuts() > theme toggle > should toggle theme on T key
1 | /**
2 |  * Creates a minimal DOM structure for testing specific components
3 |  * This is useful when tests need a lighter-weight DOM than the full index.html
4 |  */
5 | export function createMinimalDOM() {
6 |   document.body.innerHTML = `
      ^
ReferenceError: document is not defined
      at createMinimalDOM (/Users/justin/Documents/Github/Megabonk/tests/helpers/dom-setup.js:6:3)
      at <anonymous> (/Users/justin/Documents/Github/Megabonk/tests/unit/keyboard-shortcuts.test.js:8:9)
(fail) Keyboard Shortcuts Module > setupKeyboardShortcuts() > theme toggle > should toggle theme on uppercase T key [1284279865.89ms]

# Unhandled error between tests
-------------------------------
486 |                 themeBtn.id = 'theme-toggle';
487 |                 document.body.appendChild(themeBtn);
488 |             });
489 | 
490 |             afterEach(() => {
491 |                 document.getElementById('theme-toggle')?.remove();
                      ^
ReferenceError: document is not defined
      at <anonymous> (/Users/justin/Documents/Github/Megabonk/tests/unit/keyboard-shortcuts.test.js:491:17)
-------------------------------

(fail) Keyboard Shortcuts Module > setupKeyboardShortcuts() > ,@/  oggle theme on uppercase T key
1 | /**
2 |  * Creates a minimal DOM structure for testing specific components
3 |  * This is useful when tests need a lighter-weight DOM than the full index.html
4 |  */
5 | export function createMinimalDOM() {
6 |   document.body.innerHTML = `
      ^
ReferenceError: document is not defined
      at createMinimalDOM (/Users/justin/Documents/Github/Megabonk/tests/helpers/dom-setup.js:6:3)
      at <anonymous> (/Users/justin/Documents/Github/Megabonk/tests/unit/keyboard-shortcuts.test.js:8:9)
(fail) Keyboard Shortcuts Module > setupKeyboardShortcuts() > help modal > should show shortcuts modal on ? key [1284279865.95ms]

# Unhandled error between tests
-------------------------------
518 |             });
519 |         });
520 | 
521 |         describe('help modal', () => {
522 |             afterEach(() => {
523 |                 const modal = document.getElementById('shortcuts-modal');
                                    ^
ReferenceError: document is not defined
      at <anonymous> (/Users/justin/Documents/Github/Megabonk/tests/unit/keyboard-shortcuts.test.js:523:31)
-------------------------------

(fail) Keyboard Shortcuts Module > setupKeyboardShortcuts() > help modal > should show shortcuts modal on ? key
1 | /**
2 |  * Creates a minimal DOM structure for testing specific components
3 |  * This is useful when tests need a lighter-weight DOM than the full index.html
4 |  */
5 | export function createMinimalDOM() {
6 |   document.body.innerHTML = `
      ^
ReferenceError: document is not defined
      at createMinimalDOM (/Users/justin/Documents/Github/Megabonk/tests/helpers/dom-setup.js:6:3)
      at <anonymous> (/Users/justin/Documents/Github/Megabonk/tests/unit/keyboard-shortcuts.test.js:8:9)
(fail) Keyboard Shortcuts Module > setupKeyboardShortcuts() > help modal > should show shortcuts modal on Shift+? key [1284279865.99ms]

# Unhandled error between tests
-------------------------------
518 |             });
519 |         });
520 | 
521 |         describe('help modal', () => {
522 |             afterEach(() => {
523 |                 const modal = document.getElementById('shortcuts-modal');
                                    ^
ReferenceError: document is not defined
      at <anonymous> (/Users/justin/Documents/Github/Megabonk/tests/unit/keyboard-shortcuts.test.js:523:31)
-------------------------------

(fail) Keyboard Shortcuts Module > setupKeyboardShortcuts() > ∞+@/  how shortcuts modal on Shift+? key
1 | /**
2 |  * Creates a minimal DOM structure for testing specific components
3 |  * This is useful when tests need a lighter-weight DOM than the full index.html
4 |  */
5 | export function createMinimalDOM() {
6 |   document.body.innerHTML = `
      ^
ReferenceError: document is not defined
      at createMinimalDOM (/Users/justin/Documents/Github/Megabonk/tests/helpers/dom-setup.js:6:3)
      at <anonymous> (/Users/justin/Documents/Github/Megabonk/tests/unit/keyboard-shortcuts.test.js:8:9)
(fail) Keyboard Shortcuts Module > setupKeyboardShortcuts() > prevent default behavior > should prevent default on handled keys [1284279866.04ms]

# Unhandled error between tests
-------------------------------
 9 |         vi.clearAllMocks();
10 |     });
11 | 
12 |     afterEach(() => {
13 |         // Clean up any modals
14 |         const modal = document.getElementById('shortcuts-modal');
                           ^
ReferenceError: document is not defined
      at <anonymous> (/Users/justin/Documents/Github/Megabonk/tests/unit/keyboard-shortcuts.test.js:14:23)
-------------------------------

(fail) Keyboard Shortcuts Module > setupKeyboardShortcuts() > Ä+@/  revent default on handled keys

tests/unit/build-stats.test.js:
1 | /**
2 |  * Creates a minimal DOM structure for testing specific components
3 |  * This is useful when tests need a lighter-weight DOM than the full index.html
4 |  */
5 | export function createMinimalDOM() {
6 |   document.body.innerHTML = `
      ^
ReferenceError: document is not defined
      at createMinimalDOM (/Users/justin/Documents/Github/Megabonk/tests/helpers/dom-setup.js:6:3)
      at <anonymous> (/Users/justin/Documents/Github/Megabonk/tests/unit/build-stats.test.js:12:9)
(fail) calculateBuildStats() > base stats > should return default stats with empty build [1284279866.75ms]
(fail) calculateBuildStats() > base stats > should return default stats with empty build
1 | /**
2 |  * Creates a minimal DOM structure for testing specific components
3 |  * This is useful when tests need a lighter-weight DOM than the full index.html
4 |  */
5 | export function createMinimalDOM() {
6 |   document.body.innerHTML = `
      ^
ReferenceError: document is not defined
      at createMinimalDOM (/Users/justin/Documents/Github/Megabonk/tests/helpers/dom-setup.js:6:3)
      at <anonymous> (/Users/justin/Documents/Github/Megabonk/tests/unit/build-stats.test.js:12:9)
(fail) calculateBuildStats() > base stats > should not have overcrit with base crit chance [1284279867.09ms]
(fail) calculateBuildStats() >  +@/  ot have overcrit with base crit chance
1 | /**
2 |  * Creates a minimal DOM structure for testing specific components
3 |  * This is useful when tests need a lighter-weight DOM than the full index.html
4 |  */
5 | export function createMinimalDOM() {
6 |   document.body.innerHTML = `
      ^
ReferenceError: document is not defined
      at createMinimalDOM (/Users/justin/Documents/Github/Megabonk/tests/helpers/dom-setup.js:6:3)
      at <anonymous> (/Users/justin/Documents/Github/Megabonk/tests/unit/build-stats.test.js:12:9)
(fail) calculateBuildStats() > character passive bonuses > should add crit chance for CL4NK-type passive [1284279867.11ms]
(fail) calculateBuildStats() > character passive bonuses > should add crit chance for CL4NK-type passive
1 | /**
2 |  * Creates a minimal DOM structure for testing specific components
3 |  * This is useful when tests need a lighter-weight DOM than the full index.html
4 |  */
5 | export function createMinimalDOM() {
6 |   document.body.innerHTML = `
      ^
ReferenceError: document is not defined
      at createMinimalDOM (/Users/justin/Documents/Github/Megabonk/tests/helpers/dom-setup.js:6:3)
      at <anonymous> (/Users/justin/Documents/Github/Megabonk/tests/unit/build-stats.test.js:12:9)
(fail) calculateBuildStats() > character passive bonuses > should add HP for HP-based passive [1284279867.13ms]
(fail) calculateBuildStats() > character passive bonuses > should add HP for HP-based passive
1 | /**
2 |  * Creates a minimal DOM structure for testing specific components
3 |  * This is useful when tests need a lighter-weight DOM than the full index.html
4 |  */
5 | export function createMinimalDOM() {
6 |   document.body.innerHTML = `
      ^
ReferenceError: document is not defined
      at createMinimalDOM (/Users/justin/Documents/Github/Megabonk/tests/helpers/dom-setup.js:6:3)
      at <anonymous> (/Users/justin/Documents/Github/Megabonk/tests/unit/build-stats.test.js:12:9)
(fail) calculateBuildStats() > character passive bonuses > should add damage for damage-based passive [1284279867.14ms]
(fail) calculateBuildStats() > character passive bonuses > should add damage for damage-based passive
1 | /**
2 |  * Creates a minimal DOM structure for testing specific components
3 |  * This is useful when tests need a lighter-weight DOM than the full index.html
4 |  */
5 | export function createMinimalDOM() {
6 |   document.body.innerHTML = `
      ^
ReferenceError: document is not defined
      at createMinimalDOM (/Users/justin/Documents/Github/Megabonk/tests/helpers/dom-setup.js:6:3)
      at <anonymous> (/Users/justin/Documents/Github/Megabonk/tests/unit/build-stats.test.js:12:9)
(fail) calculateBuildStats() > character passive bonuses > should add armor for armor-based passive [1284279867.15ms]
(fail) calculateBuildStats() > ¿*@/  dd armor for armor-based passive
1 | /**
2 |  * Creates a minimal DOM structure for testing specific components
3 |  * This is useful when tests need a lighter-weight DOM than the full index.html
4 |  */
5 | export function createMinimalDOM() {
6 |   document.body.innerHTML = `
      ^
ReferenceError: document is not defined
      at createMinimalDOM (/Users/justin/Documents/Github/Megabonk/tests/helpers/dom-setup.js:6:3)
      at <anonymous> (/Users/justin/Documents/Github/Megabonk/tests/unit/build-stats.test.js:12:9)
(fail) calculateBuildStats() > weapon damage > should add weapon base damage [1284279867.16ms]
(fail) calculateBuildStats() > weapon damage > should add weapon base damage
1 | /**
2 |  * Creates a minimal DOM structure for testing specific components
3 |  * This is useful when tests need a lighter-weight DOM than the full index.html
4 |  */
5 | export function createMinimalDOM() {
6 |   document.body.innerHTML = `
      ^
ReferenceError: document is not defined
      at createMinimalDOM (/Users/justin/Documents/Github/Megabonk/tests/helpers/dom-setup.js:6:3)
      at <anonymous> (/Users/justin/Documents/Github/Megabonk/tests/unit/build-stats.test.js:12:9)
(fail) calculateBuildStats() > weapon damage > should handle weapons with string base_damage [1284279867.18ms]
(fail) calculateBuildStats() > weapon damage > should handle weapons with string base_damage
1 | /**
2 |  * Creates a minimal DOM structure for testing specific components
3 |  * This is useful when tests need a lighter-weight DOM than the full index.html
4 |  */
5 | export function createMinimalDOM() {
6 |   document.body.innerHTML = `
      ^
ReferenceError: document is not defined
      at createMinimalDOM (/Users/justin/Documents/Github/Megabonk/tests/helpers/dom-setup.js:6:3)
      at <anonymous> (/Users/justin/Documents/Github/Megabonk/tests/unit/build-stats.test.js:12:9)
(fail) calculateBuildStats() > weapon damage > should handle weapons without base_damage [1284279867.19ms]
(fail) calculateBuildStats() > weapon damage > should handle weapons without base_damage
1 | /**
2 |  * Creates a minimal DOM structure for testing specific components
3 |  * This is useful when tests need a lighter-weight DOM than the full index.html
4 |  */
5 | export function createMinimalDOM() {
6 |   document.body.innerHTML = `
      ^
ReferenceError: document is not defined
      at createMinimalDOM (/Users/justin/Documents/Github/Megabonk/tests/helpers/dom-setup.js:6:3)
      at <anonymous> (/Users/justin/Documents/Github/Megabonk/tests/unit/build-stats.test.js:12:9)
(fail) calculateBuildStats() > weapon damage > should handle weapons with zero base_damage [1284279867.20ms]
(fail) calculateBuildStats() > †)@/  andle weapons with zero base_damage
1 | /**
2 |  * Creates a minimal DOM structure for testing specific components
3 |  * This is useful when tests need a lighter-weight DOM than the full index.html
4 |  */
5 | export function createMinimalDOM() {
6 |   document.body.innerHTML = `
      ^
ReferenceError: document is not defined
      at createMinimalDOM (/Users/justin/Documents/Github/Megabonk/tests/helpers/dom-setup.js:6:3)
      at <anonymous> (/Users/justin/Documents/Github/Megabonk/tests/unit/build-stats.test.js:12:9)
(fail) calculateBuildStats() > item effects > should apply gym_sauce damage bonus [1284279867.22ms]
(fail) calculateBuildStats() > item effects > should apply gym_sauce damage bonus
1 | /**
2 |  * Creates a minimal DOM structure for testing specific components
3 |  * This is useful when tests need a lighter-weight DOM than the full index.html
4 |  */
5 | export function createMinimalDOM() {
6 |   document.body.innerHTML = `
      ^
ReferenceError: document is not defined
      at createMinimalDOM (/Users/justin/Documents/Github/Megabonk/tests/helpers/dom-setup.js:6:3)
      at <anonymous> (/Users/justin/Documents/Github/Megabonk/tests/unit/build-stats.test.js:12:9)
(fail) calculateBuildStats() > item effects > should apply forbidden_juice crit bonus [1284279867.23ms]
(fail) calculateBuildStats() > item effects > should apply forbidden_juice crit bonus
1 | /**
2 |  * Creates a minimal DOM structure for testing specific components
3 |  * This is useful when tests need a lighter-weight DOM than the full index.html
4 |  */
5 | export function createMinimalDOM() {
6 |   document.body.innerHTML = `
      ^
ReferenceError: document is not defined
      at createMinimalDOM (/Users/justin/Documents/Github/Megabonk/tests/helpers/dom-setup.js:6:3)
      at <anonymous> (/Users/justin/Documents/Github/Megabonk/tests/unit/build-stats.test.js:12:9)
(fail) calculateBuildStats() > item effects > should apply oats HP bonus [1284279867.24ms]
(fail) calculateBuildStats() > item effects > should apply oats HP bonus
1 | /**
2 |  * Creates a minimal DOM structure for testing specific components
3 |  * This is useful when tests need a lighter-weight DOM than the full index.html
4 |  */
5 | export function createMinimalDOM() {
6 |   document.body.innerHTML = `
      ^
ReferenceError: document is not defined
      at createMinimalDOM (/Users/justin/Documents/Github/Megabonk/tests/helpers/dom-setup.js:6:3)
      at <anonymous> (/Users/justin/Documents/Github/Megabonk/tests/unit/build-stats.test.js:12:9)
(fail) calculateBuildStats() > item effects > should apply battery attack speed bonus [1284279867.25ms]
(fail) calculateBuildStats() > item effects > should apply battery attack speed bonus
1 | /**
2 |  * Creates a minimal DOM structure for testing specific components
3 |  * This is useful when tests need a lighter-weight DOM than the full index.html
4 |  */
5 | export function createMinimalDOM() {
6 |   document.body.innerHTML = `
      ^
ReferenceError: document is not defined
      at createMinimalDOM (/Users/justin/Documents/Github/Megabonk/tests/helpers/dom-setup.js:6:3)
      at <anonymous> (/Users/justin/Documents/Github/Megabonk/tests/unit/build-stats.test.js:12:9)
(fail) calculateBuildStats() > item effects > should apply turbo_socks movement speed bonus [1284279867.26ms]
(fail) calculateBuildStats() > item effects > should apply turbo_socks movement speed bonus
1 | /**
2 |  * Creates a minimal DOM structure for testing specific components
3 |  * This is useful when tests need a lighter-weight DOM than the full index.html
4 |  */
5 | export function createMinimalDOM() {
6 |   document.body.innerHTML = `
      ^
ReferenceError: document is not defined
      at createMinimalDOM (/Users/justin/Documents/Github/Megabonk/tests/helpers/dom-setup.js:6:3)
      at <anonymous> (/Users/justin/Documents/Github/Megabonk/tests/unit/build-stats.test.js:12:9)
(fail) calculateBuildStats() > item effects > should apply beer damage bonus [1284279867.28ms]
(fail) calculateBuildStats() > item effects > should apply beer damage bonus
1 | /**
2 |  * Creates a minimal DOM structure for testing specific components
3 |  * This is useful when tests need a lighter-weight DOM than the full index.html
4 |  */
5 | export function createMinimalDOM() {
6 |   document.body.innerHTML = `
      ^
ReferenceError: document is not defined
      at createMinimalDOM (/Users/justin/Documents/Github/Megabonk/tests/helpers/dom-setup.js:6:3)
      at <anonymous> (/Users/justin/Documents/Github/Megabonk/tests/unit/build-stats.test.js:12:9)
(fail) calculateBuildStats() > item effects > should apply backpack projectile bonus [1284279867.29ms]
(fail) calculateBuildStats() > item effects > should apply backpack projectile bonus
1 | /**
2 |  * Creates a minimal DOM structure for testing specific components
3 |  * This is useful when tests need a lighter-weight DOM than the full index.html
4 |  */
5 | export function createMinimalDOM() {
6 |   document.body.innerHTML = `
      ^
ReferenceError: document is not defined
      at createMinimalDOM (/Users/justin/Documents/Github/Megabonk/tests/helpers/dom-setup.js:6:3)
      at <anonymous> (/Users/justin/Documents/Github/Megabonk/tests/unit/build-stats.test.js:12:9)
(fail) calculateBuildStats() > item effects > should apply beefy_ring scaling with HP [1284279867.30ms]
(fail) calculateBuildStats() > item effects > should apply beefy_ring scaling with HP
1 | /**
2 |  * Creates a minimal DOM structure for testing specific components
3 |  * This is useful when tests need a lighter-weight DOM than the full index.html
4 |  */
5 | export function createMinimalDOM() {
6 |   document.body.innerHTML = `
      ^
ReferenceError: document is not defined
      at createMinimalDOM (/Users/justin/Documents/Github/Megabonk/tests/helpers/dom-setup.js:6:3)
      at <anonymous> (/Users/justin/Documents/Github/Megabonk/tests/unit/build-stats.test.js:12:9)
(fail) calculateBuildStats() > item effects > should apply beefy_ring with higher HP [1284279867.31ms]
(fail) calculateBuildStats() > item effects > should apply beefy_ring with higher HP
1 | /**
2 |  * Creates a minimal DOM structure for testing specific components
3 |  * This is useful when tests need a lighter-weight DOM than the full index.html
4 |  */
5 | export function createMinimalDOM() {
6 |   document.body.innerHTML = `
      ^
ReferenceError: document is not defined
      at createMinimalDOM (/Users/justin/Documents/Github/Megabonk/tests/helpers/dom-setup.js:6:3)
      at <anonymous> (/Users/justin/Documents/Github/Megabonk/tests/unit/build-stats.test.js:12:9)
(fail) calculateBuildStats() > item effects > should apply leeching_crystal HP multiplier [1284279867.32ms]
(fail) calculateBuildStats() > item effects > should apply leeching_crystal HP multiplier
1 | /**
2 |  * Creates a minimal DOM structure for testing specific components
3 |  * This is useful when tests need a lighter-weight DOM than the full index.html
4 |  */
5 | export function createMinimalDOM() {
6 |   document.body.innerHTML = `
      ^
ReferenceError: document is not defined
      at createMinimalDOM (/Users/justin/Documents/Github/Megabonk/tests/helpers/dom-setup.js:6:3)
      at <anonymous> (/Users/justin/Documents/Github/Megabonk/tests/unit/build-stats.test.js:12:9)
(fail) calculateBuildStats() > item effects > should apply brass_knuckles damage bonus [1284279867.33ms]
(fail) calculateBuildStats() > item effects > should apply brass_knuckles damage bonus
1 | /**
2 |  * Creates a minimal DOM structure for testing specific components
3 |  * This is useful when tests need a lighter-weight DOM than the full index.html
4 |  */
5 | export function createMinimalDOM() {
6 |   document.body.innerHTML = `
      ^
ReferenceError: document is not defined
      at createMinimalDOM (/Users/justin/Documents/Github/Megabonk/tests/helpers/dom-setup.js:6:3)
      at <anonymous> (/Users/justin/Documents/Github/Megabonk/tests/unit/build-stats.test.js:12:9)
(fail) calculateBuildStats() > item effects > should apply boss_buster damage bonus [1284279867.35ms]
(fail) calculateBuildStats() > item effects > should apply boss_buster damage bonus
1 | /**
2 |  * Creates a minimal DOM structure for testing specific components
3 |  * This is useful when tests need a lighter-weight DOM than the full index.html
4 |  */
5 | export function createMinimalDOM() {
6 |   document.body.innerHTML = `
      ^
ReferenceError: document is not defined
      at createMinimalDOM (/Users/justin/Documents/Github/Megabonk/tests/helpers/dom-setup.js:6:3)
      at <anonymous> (/Users/justin/Documents/Github/Megabonk/tests/unit/build-stats.test.js:12:9)
(fail) calculateBuildStats() > item effects > should stack multiple items correctly [1284279867.36ms]
(fail) calculateBuildStats() > ¿'@/  tack multiple items correctly
1 | /**
2 |  * Creates a minimal DOM structure for testing specific components
3 |  * This is useful when tests need a lighter-weight DOM than the full index.html
4 |  */
5 | export function createMinimalDOM() {
6 |   document.body.innerHTML = `
      ^
ReferenceError: document is not defined
      at createMinimalDOM (/Users/justin/Documents/Github/Megabonk/tests/helpers/dom-setup.js:6:3)
      at <anonymous> (/Users/justin/Documents/Github/Megabonk/tests/unit/build-stats.test.js:12:9)
(fail) calculateBuildStats() > evasion calculation (hyperbolic) > should apply hyperbolic scaling to evasion [1284279867.37ms]
(fail) calculateBuildStats() > evasion calculation (hyperbolic) > should apply hyperbolic scaling to evasion
1 | /**
2 |  * Creates a minimal DOM structure for testing specific components
3 |  * This is useful when tests need a lighter-weight DOM than the full index.html
4 |  */
5 | export function createMinimalDOM() {
6 |   document.body.innerHTML = `
      ^
ReferenceError: document is not defined
      at createMinimalDOM (/Users/justin/Documents/Github/Megabonk/tests/helpers/dom-setup.js:6:3)
      at <anonymous> (/Users/justin/Documents/Github/Megabonk/tests/unit/build-stats.test.js:12:9)
(fail) calculateBuildStats() > evasion calculation (hyperbolic) > should stack evasion with hyperbolic scaling [1284279867.38ms]
(fail) calculateBuildStats() > evasion calculation (hyperbolic) > should stack evasion with hyperbolic scaling
1 | /**
2 |  * Creates a minimal DOM structure for testing specific components
3 |  * This is useful when tests need a lighter-weight DOM than the full index.html
4 |  */
5 | export function createMinimalDOM() {
6 |   document.body.innerHTML = `
      ^
ReferenceError: document is not defined
      at createMinimalDOM (/Users/justin/Documents/Github/Megabonk/tests/helpers/dom-setup.js:6:3)
      at <anonymous> (/Users/justin/Documents/Github/Megabonk/tests/unit/build-stats.test.js:12:9)
(fail) calculateBuildStats() > evasion calculation (hyperbolic) > should handle zero evasion [1284279867.40ms]
(fail) calculateBuildStats() > †@/  andle zero evasion
1 | /**
2 |  * Creates a minimal DOM structure for testing specific components
3 |  * This is useful when tests need a lighter-weight DOM than the full index.html
4 |  */
5 | export function createMinimalDOM() {
6 |   document.body.innerHTML = `
      ^
ReferenceError: document is not defined
      at createMinimalDOM (/Users/justin/Documents/Github/Megabonk/tests/helpers/dom-setup.js:6:3)
      at <anonymous> (/Users/justin/Documents/Github/Megabonk/tests/unit/build-stats.test.js:12:9)
(fail) calculateBuildStats() > overcrit detection > should detect overcrit when crit > 100 [1284279867.41ms]
(fail) calculateBuildStats() > overcrit detection > should detect overcrit when crit > 100
1 | /**
2 |  * Creates a minimal DOM structure for testing specific components
3 |  * This is useful when tests need a lighter-weight DOM than the full index.html
4 |  */
5 | export function createMinimalDOM() {
6 |   document.body.innerHTML = `
      ^
ReferenceError: document is not defined
      at createMinimalDOM (/Users/justin/Documents/Github/Megabonk/tests/helpers/dom-setup.js:6:3)
      at <anonymous> (/Users/justin/Documents/Github/Megabonk/tests/unit/build-stats.test.js:12:9)
(fail) calculateBuildStats() > overcrit detection > should not have overcrit at exactly 100 [1284279867.42ms]
(fail) calculateBuildStats() >  '@/  ot have overcrit at exactly 100
1 | /**
2 |  * Creates a minimal DOM structure for testing specific components
3 |  * This is useful when tests need a lighter-weight DOM than the full index.html
4 |  */
5 | export function createMinimalDOM() {
6 |   document.body.innerHTML = `
      ^
ReferenceError: document is not defined
      at createMinimalDOM (/Users/justin/Documents/Github/Megabonk/tests/helpers/dom-setup.js:6:3)
      at <anonymous> (/Users/justin/Documents/Github/Megabonk/tests/unit/build-stats.test.js:12:9)
(fail) calculateBuildStats() > combined build > should correctly combine character, weapon, and items [1284279867.43ms]
(fail) calculateBuildStats() >         orrectly combine character, weapon, and items
1 | /**
2 |  * Creates a minimal DOM structure for testing specific components
3 |  * This is useful when tests need a lighter-weight DOM than the full index.html
4 |  */
5 | export function createMinimalDOM() {
6 |   document.body.innerHTML = `
      ^
ReferenceError: document is not defined
      at createMinimalDOM (/Users/justin/Documents/Github/Megabonk/tests/helpers/dom-setup.js:6:3)
      at <anonymous> (/Users/justin/Documents/Github/Megabonk/tests/unit/build-stats.test.js:12:9)
(fail) calculateBuildStats() > tome effects > should apply damage tome bonus [1284279867.45ms]
(fail) calculateBuildStats() > tome effects > should apply damage tome bonus
1 | /**
2 |  * Creates a minimal DOM structure for testing specific components
3 |  * This is useful when tests need a lighter-weight DOM than the full index.html
4 |  */
5 | export function createMinimalDOM() {
6 |   document.body.innerHTML = `
      ^
ReferenceError: document is not defined
      at createMinimalDOM (/Users/justin/Documents/Github/Megabonk/tests/helpers/dom-setup.js:6:3)
      at <anonymous> (/Users/justin/Documents/Github/Megabonk/tests/unit/build-stats.test.js:12:9)
(fail) calculateBuildStats() > tome effects > should apply precision tome crit bonus [1284279867.46ms]
(fail) calculateBuildStats() > –&@/  pply precision tome crit bonus

tests/unit/changelog.test.js:
1 | /**
2 |  * Creates a minimal DOM structure for testing specific components
3 |  * This is useful when tests need a lighter-weight DOM than the full index.html
4 |  */
5 | export function createMinimalDOM() {
6 |   document.body.innerHTML = `
      ^
ReferenceError: document is not defined
      at createMinimalDOM (/Users/justin/Documents/Github/Megabonk/tests/helpers/dom-setup.js:6:3)
      at <anonymous> (/Users/justin/Documents/Github/Megabonk/tests/unit/changelog.test.js:154:9)
(fail) Changelog Module > findEntityInData() > should find item by type and id [1284279868.63ms]
(fail) Changelog Module > findEntityInData() > should find item by type and id
1 | /**
2 |  * Creates a minimal DOM structure for testing specific components
3 |  * This is useful when tests need a lighter-weight DOM than the full index.html
4 |  */
5 | export function createMinimalDOM() {
6 |   document.body.innerHTML = `
      ^
ReferenceError: document is not defined
      at createMinimalDOM (/Users/justin/Documents/Github/Megabonk/tests/helpers/dom-setup.js:6:3)
      at <anonymous> (/Users/justin/Documents/Github/Megabonk/tests/unit/changelog.test.js:154:9)
(fail) Changelog Module > findEntityInData() > should find weapon by type and id [1284279868.81ms]
(fail) Changelog Module > findEntityInData() > should find weapon by type and id
1 | /**
2 |  * Creates a minimal DOM structure for testing specific components
3 |  * This is useful when tests need a lighter-weight DOM than the full index.html
4 |  */
5 | export function createMinimalDOM() {
6 |   document.body.innerHTML = `
      ^
ReferenceError: document is not defined
      at createMinimalDOM (/Users/justin/Documents/Github/Megabonk/tests/helpers/dom-setup.js:6:3)
      at <anonymous> (/Users/justin/Documents/Github/Megabonk/tests/unit/changelog.test.js:154:9)
(fail) Changelog Module > findEntityInData() > should find tome by type and id [1284279868.83ms]
(fail) Changelog Module > findEntityInData() > should find tome by type and id
1 | /**
2 |  * Creates a minimal DOM structure for testing specific components
3 |  * This is useful when tests need a lighter-weight DOM than the full index.html
4 |  */
5 | export function createMinimalDOM() {
6 |   document.body.innerHTML = `
      ^
ReferenceError: document is not defined
      at createMinimalDOM (/Users/justin/Documents/Github/Megabonk/tests/helpers/dom-setup.js:6:3)
      at <anonymous> (/Users/justin/Documents/Github/Megabonk/tests/unit/changelog.test.js:154:9)
(fail) Changelog Module > findEntityInData() > should find character by type and id [1284279868.84ms]
(fail) Changelog Module > findEntityInData() > should find character by type and id
1 | /**
2 |  * Creates a minimal DOM structure for testing specific components
3 |  * This is useful when tests need a lighter-weight DOM than the full index.html
4 |  */
5 | export function createMinimalDOM() {
6 |   document.body.innerHTML = `
      ^
ReferenceError: document is not defined
      at createMinimalDOM (/Users/justin/Documents/Github/Megabonk/tests/helpers/dom-setup.js:6:3)
      at <anonymous> (/Users/justin/Documents/Github/Megabonk/tests/unit/changelog.test.js:154:9)
(fail) Changelog Module > findEntityInData() > should find shrine by type and id [1284279868.85ms]
(fail) Changelog Module > findEntityInData() > should find shrine by type and id
1 | /**
2 |  * Creates a minimal DOM structure for testing specific components
3 |  * This is useful when tests need a lighter-weight DOM than the full index.html
4 |  */
5 | export function createMinimalDOM() {
6 |   document.body.innerHTML = `
      ^
ReferenceError: document is not defined
      at createMinimalDOM (/Users/justin/Documents/Github/Megabonk/tests/helpers/dom-setup.js:6:3)
      at <anonymous> (/Users/justin/Documents/Github/Megabonk/tests/unit/changelog.test.js:154:9)
(fail) Changelog Module > findEntityInData() > should return null for invalid type [1284279868.86ms]
(fail) Changelog Module > findEntityInData() > should return null for invalid type
1 | /**
2 |  * Creates a minimal DOM structure for testing specific components
3 |  * This is useful when tests need a lighter-weight DOM than the full index.html
4 |  */
5 | export function createMinimalDOM() {
6 |   document.body.innerHTML = `
      ^
ReferenceError: document is not defined
      at createMinimalDOM (/Users/justin/Documents/Github/Megabonk/tests/helpers/dom-setup.js:6:3)
      at <anonymous> (/Users/justin/Documents/Github/Megabonk/tests/unit/changelog.test.js:154:9)
(fail) Changelog Module > findEntityInData() > should return null for non-existent id [1284279868.88ms]
(fail) Changelog Module > findEntityInData() > should return null for non-existent id
1 | /**
2 |  * Creates a minimal DOM structure for testing specific components
3 |  * This is useful when tests need a lighter-weight DOM than the full index.html
4 |  */
5 | export function createMinimalDOM() {
6 |   document.body.innerHTML = `
      ^
ReferenceError: document is not defined
      at createMinimalDOM (/Users/justin/Documents/Github/Megabonk/tests/helpers/dom-setup.js:6:3)
      at <anonymous> (/Users/justin/Documents/Github/Megabonk/tests/unit/changelog.test.js:154:9)
(fail) Changelog Module > findEntityInData() > should return null when collection is undefined [1284279868.89ms]
(fail) Changelog Module > findEntityInData() > should return null when collection is undefined
1 | /**
2 |  * Creates a minimal DOM structure for testing specific components
3 |  * This is useful when tests need a lighter-weight DOM than the full index.html
4 |  */
5 | export function createMinimalDOM() {
6 |   document.body.innerHTML = `
      ^
ReferenceError: document is not defined
      at createMinimalDOM (/Users/justin/Documents/Github/Megabonk/tests/helpers/dom-setup.js:6:3)
      at <anonymous> (/Users/justin/Documents/Github/Megabonk/tests/unit/changelog.test.js:154:9)
(fail) Changelog Module > findEntityInData() > should return null when collection key is missing [1284279868.90ms]
(fail) Changelog Module >         eturn null when collection key is missing
1 | /**
2 |  * Creates a minimal DOM structure for testing specific components
3 |  * This is useful when tests need a lighter-weight DOM than the full index.html
4 |  */
5 | export function createMinimalDOM() {
6 |   document.body.innerHTML = `
      ^
ReferenceError: document is not defined
      at createMinimalDOM (/Users/justin/Documents/Github/Megabonk/tests/helpers/dom-setup.js:6:3)
      at <anonymous> (/Users/justin/Documents/Github/Megabonk/tests/unit/changelog.test.js:154:9)
(fail) Changelog Module > parseChangelogLinks() > should convert [[item:id|label]] to anchor tag [1284279868.92ms]
(fail) Changelog Module > parseChangelogLinks() > should convert [[item:id|label]] to anchor tag
1 | /**
2 |  * Creates a minimal DOM structure for testing specific components
3 |  * This is useful when tests need a lighter-weight DOM than the full index.html
4 |  */
5 | export function createMinimalDOM() {
6 |   document.body.innerHTML = `
      ^
ReferenceError: document is not defined
      at createMinimalDOM (/Users/justin/Documents/Github/Megabonk/tests/helpers/dom-setup.js:6:3)
      at <anonymous> (/Users/justin/Documents/Github/Megabonk/tests/unit/changelog.test.js:154:9)
(fail) Changelog Module > parseChangelogLinks() > should preserve label text in link [1284279868.93ms]
(fail) Changelog Module > parseChangelogLinks() > should preserve label text in link
1 | /**
2 |  * Creates a minimal DOM structure for testing specific components
3 |  * This is useful when tests need a lighter-weight DOM than the full index.html
4 |  */
5 | export function createMinimalDOM() {
6 |   document.body.innerHTML = `
      ^
ReferenceError: document is not defined
      at createMinimalDOM (/Users/justin/Documents/Github/Megabonk/tests/helpers/dom-setup.js:6:3)
      at <anonymous> (/Users/justin/Documents/Github/Megabonk/tests/unit/changelog.test.js:154:9)
(fail) Changelog Module > parseChangelogLinks() > should add correct data attributes [1284279868.94ms]
(fail) Changelog Module > parseChangelogLinks() > should add correct data attributes
1 | /**
2 |  * Creates a minimal DOM structure for testing specific components
3 |  * This is useful when tests need a lighter-weight DOM than the full index.html
4 |  */
5 | export function createMinimalDOM() {
6 |   document.body.innerHTML = `
      ^
ReferenceError: document is not defined
      at createMinimalDOM (/Users/justin/Documents/Github/Megabonk/tests/helpers/dom-setup.js:6:3)
      at <anonymous> (/Users/justin/Documents/Github/Megabonk/tests/unit/changelog.test.js:154:9)
(fail) Changelog Module > parseChangelogLinks() > should add title attribute [1284279868.95ms]
(fail) Changelog Module > parseChangelogLinks() > should add title attribute
1 | /**
2 |  * Creates a minimal DOM structure for testing specific components
3 |  * This is useful when tests need a lighter-weight DOM than the full index.html
4 |  */
5 | export function createMinimalDOM() {
6 |   document.body.innerHTML = `
      ^
ReferenceError: document is not defined
      at createMinimalDOM (/Users/justin/Documents/Github/Megabonk/tests/helpers/dom-setup.js:6:3)
      at <anonymous> (/Users/justin/Documents/Github/Megabonk/tests/unit/changelog.test.js:154:9)
(fail) Changelog Module > parseChangelogLinks() > should return plain label for invalid entity type [1284279868.96ms]
(fail) Changelog Module > parseChangelogLinks() > should return plain label for invalid entity type
1 | /**
2 |  * Creates a minimal DOM structure for testing specific components
3 |  * This is useful when tests need a lighter-weight DOM than the full index.html
4 |  */
5 | export function createMinimalDOM() {
6 |   document.body.innerHTML = `
      ^
ReferenceError: document is not defined
      at createMinimalDOM (/Users/justin/Documents/Github/Megabonk/tests/helpers/dom-setup.js:6:3)
      at <anonymous> (/Users/justin/Documents/Github/Megabonk/tests/unit/changelog.test.js:154:9)
(fail) Changelog Module > parseChangelogLinks() > should return plain label for non-existent entity [1284279868.97ms]
(fail) Changelog Module > parseChangelogLinks() > should return plain label for non-existent entity
1 | /**
2 |  * Creates a minimal DOM structure for testing specific components
3 |  * This is useful when tests need a lighter-weight DOM than the full index.html
4 |  */
5 | export function createMinimalDOM() {
6 |   document.body.innerHTML = `
      ^
ReferenceError: document is not defined
      at createMinimalDOM (/Users/justin/Documents/Github/Megabonk/tests/helpers/dom-setup.js:6:3)
      at <anonymous> (/Users/justin/Documents/Github/Megabonk/tests/unit/changelog.test.js:154:9)
(fail) Changelog Module > parseChangelogLinks() > should handle multiple links in same text [1284279868.99ms]
(fail) Changelog Module > parseChangelogLinks() > should handle multiple links in same text
1 | /**
2 |  * Creates a minimal DOM structure for testing specific components
3 |  * This is useful when tests need a lighter-weight DOM than the full index.html
4 |  */
5 | export function createMinimalDOM() {
6 |   document.body.innerHTML = `
      ^
ReferenceError: document is not defined
      at createMinimalDOM (/Users/justin/Documents/Github/Megabonk/tests/helpers/dom-setup.js:6:3)
      at <anonymous> (/Users/justin/Documents/Github/Megabonk/tests/unit/changelog.test.js:154:9)
(fail) Changelog Module > parseChangelogLinks() > should return empty string for null/undefined input [1284279869.00ms]
(fail) Changelog Module > parseChangelogLinks() > should return empty string for null/undefined input
1 | /**
2 |  * Creates a minimal DOM structure for testing specific components
3 |  * This is useful when tests need a lighter-weight DOM than the full index.html
4 |  */
5 | export function createMinimalDOM() {
6 |   document.body.innerHTML = `
      ^
ReferenceError: document is not defined
      at createMinimalDOM (/Users/justin/Documents/Github/Megabonk/tests/helpers/dom-setup.js:6:3)
      at <anonymous> (/Users/justin/Documents/Github/Megabonk/tests/unit/changelog.test.js:154:9)
(fail) Changelog Module > parseChangelogLinks() > should not modify text without link markup [1284279869.01ms]
(fail) Changelog Module > parseChangelogLinks() > should not modify text without link markup
1 | /**
2 |  * Creates a minimal DOM structure for testing specific components
3 |  * This is useful when tests need a lighter-weight DOM than the full index.html
4 |  */
5 | export function createMinimalDOM() {
6 |   document.body.innerHTML = `
      ^
ReferenceError: document is not defined
      at createMinimalDOM (/Users/justin/Documents/Github/Megabonk/tests/helpers/dom-setup.js:6:3)
      at <anonymous> (/Users/justin/Documents/Github/Megabonk/tests/unit/changelog.test.js:154:9)
(fail) Changelog Module > parseChangelogLinks() > should handle text with only partial markup [1284279869.02ms]
(fail) Changelog Module > ê$@/  andle text with only partial markup
1 | /**
2 |  * Creates a minimal DOM structure for testing specific components
3 |  * This is useful when tests need a lighter-weight DOM than the full index.html
4 |  */
5 | export function createMinimalDOM() {
6 |   document.body.innerHTML = `
      ^
ReferenceError: document is not defined
      at createMinimalDOM (/Users/justin/Documents/Github/Megabonk/tests/helpers/dom-setup.js:6:3)
      at <anonymous> (/Users/justin/Documents/Github/Megabonk/tests/unit/changelog.test.js:154:9)
(fail) Changelog Module > formatCategoryName() > should format balance as "Balance Changes" [1284279869.04ms]
(fail) Changelog Module > formatCategoryName() > should format balance as "Balance Changes"
1 | /**
2 |  * Creates a minimal DOM structure for testing specific components
3 |  * This is useful when tests need a lighter-weight DOM than the full index.html
4 |  */
5 | export function createMinimalDOM() {
6 |   document.body.innerHTML = `
      ^
ReferenceError: document is not defined
      at createMinimalDOM (/Users/justin/Documents/Github/Megabonk/tests/helpers/dom-setup.js:6:3)
      at <anonymous> (/Users/justin/Documents/Github/Megabonk/tests/unit/changelog.test.js:154:9)
(fail) Changelog Module > formatCategoryName() > should format new_content as "New Content" [1284279869.05ms]
(fail) Changelog Module > formatCategoryName() > should format new_content as "New Content"
1 | /**
2 |  * Creates a minimal DOM structure for testing specific components
3 |  * This is useful when tests need a lighter-weight DOM than the full index.html
4 |  */
5 | export function createMinimalDOM() {
6 |   document.body.innerHTML = `
      ^
ReferenceError: document is not defined
      at createMinimalDOM (/Users/justin/Documents/Github/Megabonk/tests/helpers/dom-setup.js:6:3)
      at <anonymous> (/Users/justin/Documents/Github/Megabonk/tests/unit/changelog.test.js:154:9)
(fail) Changelog Module > formatCategoryName() > should format bug_fixes as "Bug Fixes" [1284279869.07ms]
(fail) Changelog Module > formatCategoryName() > should format bug_fixes as "Bug Fixes"
1 | /**
2 |  * Creates a minimal DOM structure for testing specific components
3 |  * This is useful when tests need a lighter-weight DOM than the full index.html
4 |  */
5 | export function createMinimalDOM() {
6 |   document.body.innerHTML = `
      ^
ReferenceError: document is not defined
      at createMinimalDOM (/Users/justin/Documents/Github/Megabonk/tests/helpers/dom-setup.js:6:3)
      at <anonymous> (/Users/justin/Documents/Github/Megabonk/tests/unit/changelog.test.js:154:9)
(fail) Changelog Module > formatCategoryName() > should format removed as "Removed" [1284279869.08ms]
(fail) Changelog Module > formatCategoryName() > should format removed as "Removed"
1 | /**
2 |  * Creates a minimal DOM structure for testing specific components
3 |  * This is useful when tests need a lighter-weight DOM than the full index.html
4 |  */
5 | export function createMinimalDOM() {
6 |   document.body.innerHTML = `
      ^
ReferenceError: document is not defined
      at createMinimalDOM (/Users/justin/Documents/Github/Megabonk/tests/helpers/dom-setup.js:6:3)
      at <anonymous> (/Users/justin/Documents/Github/Megabonk/tests/unit/changelog.test.js:154:9)
(fail) Changelog Module > formatCategoryName() > should format other as "Other Changes" [1284279869.09ms]
(fail) Changelog Module > formatCategoryName() > should format other as "Other Changes"
1 | /**
2 |  * Creates a minimal DOM structure for testing specific components
3 |  * This is useful when tests need a lighter-weight DOM than the full index.html
4 |  */
5 | export function createMinimalDOM() {
6 |   document.body.innerHTML = `
      ^
ReferenceError: document is not defined
      at createMinimalDOM (/Users/justin/Documents/Github/Megabonk/tests/helpers/dom-setup.js:6:3)
      at <anonymous> (/Users/justin/Documents/Github/Megabonk/tests/unit/changelog.test.js:154:9)
(fail) Changelog Module > formatCategoryName() > should return original string for unknown category [1284279869.10ms]
(fail) Changelog Module > formatCategoryName() > should return original string for unknown category
1 | /**
2 |  * Creates a minimal DOM structure for testing specific components
3 |  * This is useful when tests need a lighter-weight DOM than the full index.html
4 |  */
5 | export function createMinimalDOM() {
6 |   document.body.innerHTML = `
      ^
ReferenceError: document is not defined
      at createMinimalDOM (/Users/justin/Documents/Github/Megabonk/tests/helpers/dom-setup.js:6:3)
      at <anonymous> (/Users/justin/Documents/Github/Megabonk/tests/unit/changelog.test.js:154:9)
(fail) Changelog Module > formatCategoryName() > should handle empty string [1284279869.11ms]
(fail) Changelog Module > ‡@/  andle empty string
1 | /**
2 |  * Creates a minimal DOM structure for testing specific components
3 |  * This is useful when tests need a lighter-weight DOM than the full index.html
4 |  */
5 | export function createMinimalDOM() {
6 |   document.body.innerHTML = `
      ^
ReferenceError: document is not defined
      at createMinimalDOM (/Users/justin/Documents/Github/Megabonk/tests/helpers/dom-setup.js:6:3)
      at <anonymous> (/Users/justin/Documents/Github/Megabonk/tests/unit/changelog.test.js:154:9)
(fail) Changelog Module > formatChangelogDate() > should format ISO date to human readable [1284279869.13ms]
(fail) Changelog Module > formatChangelogDate() > should format ISO date to human readable
1 | /**
2 |  * Creates a minimal DOM structure for testing specific components
3 |  * This is useful when tests need a lighter-weight DOM than the full index.html
4 |  */
5 | export function createMinimalDOM() {
6 |   document.body.innerHTML = `
      ^
ReferenceError: document is not defined
      at createMinimalDOM (/Users/justin/Documents/Github/Megabonk/tests/helpers/dom-setup.js:6:3)
      at <anonymous> (/Users/justin/Documents/Github/Megabonk/tests/unit/changelog.test.js:154:9)
(fail) Changelog Module > formatChangelogDate() > should return empty string for null/undefined [1284279869.14ms]
(fail) Changelog Module > formatChangelogDate() > should return empty string for null/undefined
1 | /**
2 |  * Creates a minimal DOM structure for testing specific components
3 |  * This is useful when tests need a lighter-weight DOM than the full index.html
4 |  */
5 | export function createMinimalDOM() {
6 |   document.body.innerHTML = `
      ^
ReferenceError: document is not defined
      at createMinimalDOM (/Users/justin/Documents/Github/Megabonk/tests/helpers/dom-setup.js:6:3)
      at <anonymous> (/Users/justin/Documents/Github/Megabonk/tests/unit/changelog.test.js:154:9)
(fail) Changelog Module > formatChangelogDate() > should return empty string for empty string input [1284279869.15ms]
(fail) Changelog Module > formatChangelogDate() > should return empty string for empty string input
1 | /**
2 |  * Creates a minimal DOM structure for testing specific components
3 |  * This is useful when tests need a lighter-weight DOM than the full index.html
4 |  */
5 | export function createMinimalDOM() {
6 |   document.body.innerHTML = `
      ^
ReferenceError: document is not defined
      at createMinimalDOM (/Users/justin/Documents/Github/Megabonk/tests/helpers/dom-setup.js:6:3)
      at <anonymous> (/Users/justin/Documents/Github/Megabonk/tests/unit/changelog.test.js:154:9)
(fail) Changelog Module > formatChangelogDate() > should handle different valid date formats [1284279869.16ms]
(fail) Changelog Module > #@/  andle different valid date formats
1 | /**
2 |  * Creates a minimal DOM structure for testing specific components
3 |  * This is useful when tests need a lighter-weight DOM than the full index.html
4 |  */
5 | export function createMinimalDOM() {
6 |   document.body.innerHTML = `
      ^
ReferenceError: document is not defined
      at createMinimalDOM (/Users/justin/Documents/Github/Megabonk/tests/helpers/dom-setup.js:6:3)
      at <anonymous> (/Users/justin/Documents/Github/Megabonk/tests/unit/changelog.test.js:154:9)
(fail) Changelog Module > renderChangesSections() > entity links in raw_notes (regression) > should parse entity links in raw_notes fallback when categories are empty objects [1284279869.17ms]
(fail) Changelog Module > renderChangesSections() > entity links in raw_notes (regression) > should parse entity links in raw_notes fallback when categories are empty objects
1 | /**
2 |  * Creates a minimal DOM structure for testing specific components
3 |  * This is useful when tests need a lighter-weight DOM than the full index.html
4 |  */
5 | export function createMinimalDOM() {
6 |   document.body.innerHTML = `
      ^
ReferenceError: document is not defined
      at createMinimalDOM (/Users/justin/Documents/Github/Megabonk/tests/helpers/dom-setup.js:6:3)
      at <anonymous> (/Users/justin/Documents/Github/Megabonk/tests/unit/changelog.test.js:154:9)
(fail) Changelog Module > renderChangesSections() > entity links in raw_notes (regression) > should parse multiple entity links in raw_notes [1284279869.19ms]
(fail) Changelog Module > renderChangesSections() > entity links in raw_notes (regression) > should parse multiple entity links in raw_notes
1 | /**
2 |  * Creates a minimal DOM structure for testing specific components
3 |  * This is useful when tests need a lighter-weight DOM than the full index.html
4 |  */
5 | export function createMinimalDOM() {
6 |   document.body.innerHTML = `
      ^
ReferenceError: document is not defined
      at createMinimalDOM (/Users/justin/Documents/Github/Megabonk/tests/helpers/dom-setup.js:6:3)
      at <anonymous> (/Users/justin/Documents/Github/Megabonk/tests/unit/changelog.test.js:154:9)
(fail) Changelog Module > renderChangesSections() > entity links in raw_notes (regression) > should parse character entity links in raw_notes [1284279869.20ms]
(fail) Changelog Module > renderChangesSections() > entity links in raw_notes (regression) > should parse character entity links in raw_notes
1 | /**
2 |  * Creates a minimal DOM structure for testing specific components
3 |  * This is useful when tests need a lighter-weight DOM than the full index.html
4 |  */
5 | export function createMinimalDOM() {
6 |   document.body.innerHTML = `
      ^
ReferenceError: document is not defined
      at createMinimalDOM (/Users/justin/Documents/Github/Megabonk/tests/helpers/dom-setup.js:6:3)
      at <anonymous> (/Users/justin/Documents/Github/Megabonk/tests/unit/changelog.test.js:154:9)
(fail) Changelog Module > renderChangesSections() > entity links in raw_notes (regression) > should parse tome entity links in raw_notes [1284279869.21ms]
(fail) Changelog Module > renderChangesSections() > entity links in raw_notes (regression) > should parse tome entity links in raw_notes
1 | /**
2 |  * Creates a minimal DOM structure for testing specific components
3 |  * This is useful when tests need a lighter-weight DOM than the full index.html
4 |  */
5 | export function createMinimalDOM() {
6 |   document.body.innerHTML = `
      ^
ReferenceError: document is not defined
      at createMinimalDOM (/Users/justin/Documents/Github/Megabonk/tests/helpers/dom-setup.js:6:3)
      at <anonymous> (/Users/justin/Documents/Github/Megabonk/tests/unit/changelog.test.js:154:9)
(fail) Changelog Module > renderChangesSections() > entity links in raw_notes (regression) > should handle mixed valid and invalid entity links in raw_notes [1284279869.22ms]
(fail) Changelog Module > renderChangesSections() > entity links in raw_notes (regression) > should handle mixed valid and invalid entity links in raw_notes
1 | /**
2 |  * Creates a minimal DOM structure for testing specific components
3 |  * This is useful when tests need a lighter-weight DOM than the full index.html
4 |  */
5 | export function createMinimalDOM() {
6 |   document.body.innerHTML = `
      ^
ReferenceError: document is not defined
      at createMinimalDOM (/Users/justin/Documents/Github/Megabonk/tests/helpers/dom-setup.js:6:3)
      at <anonymous> (/Users/justin/Documents/Github/Megabonk/tests/unit/changelog.test.js:154:9)
(fail) Changelog Module > renderChangesSections() > entity links in raw_notes (regression) > should preserve entity links while escaping HTML in complex raw_notes [1284279869.23ms]
(fail) Changelog Module > renderChangesSections() > entity links in raw_notes (regression) > should preserve entity links while escaping HTML in complex raw_notes
1 | /**
2 |  * Creates a minimal DOM structure for testing specific components
3 |  * This is useful when tests need a lighter-weight DOM than the full index.html
4 |  */
5 | export function createMinimalDOM() {
6 |   document.body.innerHTML = `
      ^
ReferenceError: document is not defined
      at createMinimalDOM (/Users/justin/Documents/Github/Megabonk/tests/helpers/dom-setup.js:6:3)
      at <anonymous> (/Users/justin/Documents/Github/Megabonk/tests/unit/changelog.test.js:154:9)
(fail) Changelog Module > renderChangesSections() > entity links in raw_notes (regression) > should handle raw_notes with only entity links and no other text [1284279869.24ms]
(fail) Changelog Module > renderChangesSections() > entity links in raw_notes (regression) > should handle raw_notes with only entity links and no other text
1 | /**
2 |  * Creates a minimal DOM structure for testing specific components
3 |  * This is useful when tests need a lighter-weight DOM than the full index.html
4 |  */
5 | export function createMinimalDOM() {
6 |   document.body.innerHTML = `
      ^
ReferenceError: document is not defined
      at createMinimalDOM (/Users/justin/Documents/Github/Megabonk/tests/helpers/dom-setup.js:6:3)
      at <anonymous> (/Users/justin/Documents/Github/Megabonk/tests/unit/changelog.test.js:154:9)
(fail) Changelog Module > renderChangesSections() > entity links in raw_notes (regression) > should handle entity links at start, middle, and end of raw_notes [1284279869.25ms]
(fail) Changelog Module > renderChangesSections() >   T@/  andle entity links at start, middle, and end of raw_notes
1 | /**
2 |  * Creates a minimal DOM structure for testing specific components
3 |  * This is useful when tests need a lighter-weight DOM than the full index.html
4 |  */
5 | export function createMinimalDOM() {
6 |   document.body.innerHTML = `
      ^
ReferenceError: document is not defined
      at createMinimalDOM (/Users/justin/Documents/Github/Megabonk/tests/helpers/dom-setup.js:6:3)
      at <anonymous> (/Users/justin/Documents/Github/Megabonk/tests/unit/changelog.test.js:154:9)
(fail) Changelog Module > renderChangesSections() > should render sections in correct order [1284279869.27ms]
(fail) Changelog Module > renderChangesSections() > should render sections in correct order
1 | /**
2 |  * Creates a minimal DOM structure for testing specific components
3 |  * This is useful when tests need a lighter-weight DOM than the full index.html
4 |  */
5 | export function createMinimalDOM() {
6 |   document.body.innerHTML = `
      ^
ReferenceError: document is not defined
      at createMinimalDOM (/Users/justin/Documents/Github/Megabonk/tests/helpers/dom-setup.js:6:3)
      at <anonymous> (/Users/justin/Documents/Github/Megabonk/tests/unit/changelog.test.js:154:9)
(fail) Changelog Module > renderChangesSections() > should skip empty categories [1284279869.28ms]
(fail) Changelog Module > renderChangesSections() > should skip empty categories
1 | /**
2 |  * Creates a minimal DOM structure for testing specific components
3 |  * This is useful when tests need a lighter-weight DOM than the full index.html
4 |  */
5 | export function createMinimalDOM() {
6 |   document.body.innerHTML = `
      ^
ReferenceError: document is not defined
      at createMinimalDOM (/Users/justin/Documents/Github/Megabonk/tests/helpers/dom-setup.js:6:3)
      at <anonymous> (/Users/justin/Documents/Github/Megabonk/tests/unit/changelog.test.js:154:9)
(fail) Changelog Module > renderChangesSections() > should include change_type class on items [1284279869.29ms]
(fail) Changelog Module > renderChangesSections() > should include change_type class on items
1 | /**
2 |  * Creates a minimal DOM structure for testing specific components
3 |  * This is useful when tests need a lighter-weight DOM than the full index.html
4 |  */
5 | export function createMinimalDOM() {
6 |   document.body.innerHTML = `
      ^
ReferenceError: document is not defined
      at createMinimalDOM (/Users/justin/Documents/Github/Megabonk/tests/helpers/dom-setup.js:6:3)
      at <anonymous> (/Users/justin/Documents/Github/Megabonk/tests/unit/changelog.test.js:154:9)
(fail) Changelog Module > renderChangesSections() > should fall back to raw notes when no categories [1284279869.30ms]
(fail) Changelog Module > renderChangesSections() > should fall back to raw notes when no categories
1 | /**
2 |  * Creates a minimal DOM structure for testing specific components
3 |  * This is useful when tests need a lighter-weight DOM than the full index.html
4 |  */
5 | export function createMinimalDOM() {
6 |   document.body.innerHTML = `
      ^
ReferenceError: document is not defined
      at createMinimalDOM (/Users/justin/Documents/Github/Megabonk/tests/helpers/dom-setup.js:6:3)
      at <anonymous> (/Users/justin/Documents/Github/Megabonk/tests/unit/changelog.test.js:154:9)
(fail) Changelog Module > renderChangesSections() > should escape HTML in raw notes [1284279869.31ms]
(fail) Changelog Module > renderChangesSections() > should escape HTML in raw notes
1 | /**
2 |  * Creates a minimal DOM structure for testing specific components
3 |  * This is useful when tests need a lighter-weight DOM than the full index.html
4 |  */
5 | export function createMinimalDOM() {
6 |   document.body.innerHTML = `
      ^
ReferenceError: document is not defined
      at createMinimalDOM (/Users/justin/Documents/Github/Megabonk/tests/helpers/dom-setup.js:6:3)
      at <anonymous> (/Users/justin/Documents/Github/Megabonk/tests/unit/changelog.test.js:154:9)
(fail) Changelog Module > renderChangesSections() > should parse entity links in raw notes [1284279869.32ms]
(fail) Changelog Module > renderChangesSections() > should parse entity links in raw notes
1 | /**
2 |  * Creates a minimal DOM structure for testing specific components
3 |  * This is useful when tests need a lighter-weight DOM than the full index.html
4 |  */
5 | export function createMinimalDOM() {
6 |   document.body.innerHTML = `
      ^
ReferenceError: document is not defined
      at createMinimalDOM (/Users/justin/Documents/Github/Megabonk/tests/helpers/dom-setup.js:6:3)
      at <anonymous> (/Users/justin/Documents/Github/Megabonk/tests/unit/changelog.test.js:154:9)
(fail) Changelog Module > renderChangesSections() > should escape HTML while preserving entity links in raw notes [1284279869.34ms]
(fail) Changelog Module > renderChangesSections() > should escape HTML while preserving entity links in raw notes
1 | /**
2 |  * Creates a minimal DOM structure for testing specific components
3 |  * This is useful when tests need a lighter-weight DOM than the full index.html
4 |  */
5 | export function createMinimalDOM() {
6 |   document.body.innerHTML = `
      ^
ReferenceError: document is not defined
      at createMinimalDOM (/Users/justin/Documents/Github/Megabonk/tests/helpers/dom-setup.js:6:3)
      at <anonymous> (/Users/justin/Documents/Github/Megabonk/tests/unit/changelog.test.js:154:9)
(fail) Changelog Module > renderChangesSections() > should parse entity links within changes [1284279869.35ms]
(fail) Changelog Module > renderChangesSections() > should parse entity links within changes
1 | /**
2 |  * Creates a minimal DOM structure for testing specific components
3 |  * This is useful when tests need a lighter-weight DOM than the full index.html
4 |  */
5 | export function createMinimalDOM() {
6 |   document.body.innerHTML = `
      ^
ReferenceError: document is not defined
      at createMinimalDOM (/Users/justin/Documents/Github/Megabonk/tests/helpers/dom-setup.js:6:3)
      at <anonymous> (/Users/justin/Documents/Github/Megabonk/tests/unit/changelog.test.js:154:9)
(fail) Changelog Module > renderChangesSections() > should return empty string when no categories and no raw notes [1284279869.36ms]
(fail) Changelog Module > renderChangesSections() > should return empty string when no categories and no raw notes
1 | /**
2 |  * Creates a minimal DOM structure for testing specific components
3 |  * This is useful when tests need a lighter-weight DOM than the full index.html
4 |  */
5 | export function createMinimalDOM() {
6 |   document.body.innerHTML = `
      ^
ReferenceError: document is not defined
      at createMinimalDOM (/Users/justin/Documents/Github/Megabonk/tests/helpers/dom-setup.js:6:3)
      at <anonymous> (/Users/justin/Documents/Github/Megabonk/tests/unit/changelog.test.js:154:9)
(fail) Changelog Module > renderChangesSections() > should fall back to raw notes when categories are empty [1284279869.38ms]
(fail) Changelog Module > renderChangesSections() > should fall back to raw notes when categories are empty
1 | /**
2 |  * Creates a minimal DOM structure for testing specific components
3 |  * This is useful when tests need a lighter-weight DOM than the full index.html
4 |  */
5 | export function createMinimalDOM() {
6 |   document.body.innerHTML = `
      ^
ReferenceError: document is not defined
      at createMinimalDOM (/Users/justin/Documents/Github/Megabonk/tests/helpers/dom-setup.js:6:3)
      at <anonymous> (/Users/justin/Documents/Github/Megabonk/tests/unit/changelog.test.js:154:9)
(fail) Changelog Module > renderChangesSections() > should handle changes without change_type [1284279869.39ms]
(fail) Changelog Module > !@/  andle changes without change_type

tests/unit/events.test.js:

# Unhandled error between tests
-------------------------------
14 |     switchTab,
15 |     getSavedTab,
16 | } from '../../src/modules/events.ts';
17 | 
18 | // Mock dependencies
19 | vi.mock('../../src/modules/charts.ts', () => ({
        ^
TypeError: vi.mock is not a function. (In 'vi.mock("../../src/modules/charts.ts", () => ({
  destroyAllCharts: vi.fn()
}))', 'vi.mock' is undefined)
      at /Users/justin/Documents/Github/Megabonk/tests/unit/events.test.js:19:4
      at loadAndEvaluateModule (2:1)
-------------------------------


tests/unit/xss-prevention.test.js:
1 | /**
2 |  * Creates a minimal DOM structure for testing specific components
3 |  * This is useful when tests need a lighter-weight DOM than the full index.html
4 |  */
5 | export function createMinimalDOM() {
6 |   document.body.innerHTML = `
      ^
ReferenceError: document is not defined
      at createMinimalDOM (/Users/justin/Documents/Github/Megabonk/tests/helpers/dom-setup.js:6:3)
      at <anonymous> (/Users/justin/Documents/Github/Megabonk/tests/unit/xss-prevention.test.js:62:5)
(fail) XSS Prevention > escapeHtml() > should escape script tags [1284279884.42ms]
(fail) XSS Prevention > escapeHtml() > should escape script tags
1 | /**
2 |  * Creates a minimal DOM structure for testing specific components
3 |  * This is useful when tests need a lighter-weight DOM than the full index.html
4 |  */
5 | export function createMinimalDOM() {
6 |   document.body.innerHTML = `
      ^
ReferenceError: document is not defined
      at createMinimalDOM (/Users/justin/Documents/Github/Megabonk/tests/helpers/dom-setup.js:6:3)
      at <anonymous> (/Users/justin/Documents/Github/Megabonk/tests/unit/xss-prevention.test.js:62:5)
(fail) XSS Prevention > escapeHtml() > should escape inline event handlers by escaping the tag [1284279884.47ms]
(fail) XSS Prevention > escapeHtml() > should escape inline event handlers by escaping the tag
1 | /**
2 |  * Creates a minimal DOM structure for testing specific components
3 |  * This is useful when tests need a lighter-weight DOM than the full index.html
4 |  */
5 | export function createMinimalDOM() {
6 |   document.body.innerHTML = `
      ^
ReferenceError: document is not defined
      at createMinimalDOM (/Users/justin/Documents/Github/Megabonk/tests/helpers/dom-setup.js:6:3)
      at <anonymous> (/Users/justin/Documents/Github/Megabonk/tests/unit/xss-prevention.test.js:62:5)
(fail) XSS Prevention > escapeHtml() > should escape onclick handlers by escaping the tag [1284279884.47ms]
(fail) XSS Prevention > escapeHtml() > should escape onclick handlers by escaping the tag
1 | /**
2 |  * Creates a minimal DOM structure for testing specific components
3 |  * This is useful when tests need a lighter-weight DOM than the full index.html
4 |  */
5 | export function createMinimalDOM() {
6 |   document.body.innerHTML = `
      ^
ReferenceError: document is not defined
      at createMinimalDOM (/Users/justin/Documents/Github/Megabonk/tests/helpers/dom-setup.js:6:3)
      at <anonymous> (/Users/justin/Documents/Github/Megabonk/tests/unit/xss-prevention.test.js:62:5)
(fail) XSS Prevention > escapeHtml() > should escape javascript: URLs by escaping the tag [1284279884.51ms]
(fail) XSS Prevention > escapeHtml() > should escape javascript: URLs by escaping the tag
1 | /**
2 |  * Creates a minimal DOM structure for testing specific components
3 |  * This is useful when tests need a lighter-weight DOM than the full index.html
4 |  */
5 | export function createMinimalDOM() {
6 |   document.body.innerHTML = `
      ^
ReferenceError: document is not defined
      at createMinimalDOM (/Users/justin/Documents/Github/Megabonk/tests/helpers/dom-setup.js:6:3)
      at <anonymous> (/Users/justin/Documents/Github/Megabonk/tests/unit/xss-prevention.test.js:62:5)
(fail) XSS Prevention > escapeHtml() > should escape data: URLs by escaping the tag [1284279884.52ms]
(fail) XSS Prevention > escapeHtml() > should escape data: URLs by escaping the tag
1 | /**
2 |  * Creates a minimal DOM structure for testing specific components
3 |  * This is useful when tests need a lighter-weight DOM than the full index.html
4 |  */
5 | export function createMinimalDOM() {
6 |   document.body.innerHTML = `
      ^
ReferenceError: document is not defined
      at createMinimalDOM (/Users/justin/Documents/Github/Megabonk/tests/helpers/dom-setup.js:6:3)
      at <anonymous> (/Users/justin/Documents/Github/Megabonk/tests/unit/xss-prevention.test.js:62:5)
(fail) XSS Prevention > escapeHtml() > should handle nested escaping attempts [1284279884.54ms]
(fail) XSS Prevention > escapeHtml() > should handle nested escaping attempts
1 | /**
2 |  * Creates a minimal DOM structure for testing specific components
3 |  * This is useful when tests need a lighter-weight DOM than the full index.html
4 |  */
5 | export function createMinimalDOM() {
6 |   document.body.innerHTML = `
      ^
ReferenceError: document is not defined
      at createMinimalDOM (/Users/justin/Documents/Github/Megabonk/tests/helpers/dom-setup.js:6:3)
      at <anonymous> (/Users/justin/Documents/Github/Megabonk/tests/unit/xss-prevention.test.js:62:5)
(fail) XSS Prevention > escapeHtml() > should escape all HTML entities [1284279884.54ms]
(fail) XSS Prevention > escapeHtml() > should escape all HTML entities
1 | /**
2 |  * Creates a minimal DOM structure for testing specific components
3 |  * This is useful when tests need a lighter-weight DOM than the full index.html
4 |  */
5 | export function createMinimalDOM() {
6 |   document.body.innerHTML = `
      ^
ReferenceError: document is not defined
      at createMinimalDOM (/Users/justin/Documents/Github/Megabonk/tests/helpers/dom-setup.js:6:3)
      at <anonymous> (/Users/justin/Documents/Github/Megabonk/tests/unit/xss-prevention.test.js:62:5)
(fail) XSS Prevention > escapeHtml() > should handle SVG-based XSS [1284279884.56ms]
(fail) XSS Prevention > escapeHtml() > should handle SVG-based XSS
1 | /**
2 |  * Creates a minimal DOM structure for testing specific components
3 |  * This is useful when tests need a lighter-weight DOM than the full index.html
4 |  */
5 | export function createMinimalDOM() {
6 |   document.body.innerHTML = `
      ^
ReferenceError: document is not defined
      at createMinimalDOM (/Users/justin/Documents/Github/Megabonk/tests/helpers/dom-setup.js:6:3)
      at <anonymous> (/Users/justin/Documents/Github/Megabonk/tests/unit/xss-prevention.test.js:62:5)
(fail) XSS Prevention > escapeHtml() > should handle iframe injection [1284279884.56ms]
(fail) XSS Prevention > escapeHtml() > should handle iframe injection
1 | /**
2 |  * Creates a minimal DOM structure for testing specific components
3 |  * This is useful when tests need a lighter-weight DOM than the full index.html
4 |  */
5 | export function createMinimalDOM() {
6 |   document.body.innerHTML = `
      ^
ReferenceError: document is not defined
      at createMinimalDOM (/Users/justin/Documents/Github/Megabonk/tests/helpers/dom-setup.js:6:3)
      at <anonymous> (/Users/justin/Documents/Github/Megabonk/tests/unit/xss-prevention.test.js:62:5)
(fail) XSS Prevention > escapeHtml() > should handle style-based XSS [1284279884.62ms]
(fail) XSS Prevention > `@/  andle style-based XSS
1 | /**
2 |  * Creates a minimal DOM structure for testing specific components
3 |  * This is useful when tests need a lighter-weight DOM than the full index.html
4 |  */
5 | export function createMinimalDOM() {
6 |   document.body.innerHTML = `
      ^
ReferenceError: document is not defined
      at createMinimalDOM (/Users/justin/Documents/Github/Megabonk/tests/helpers/dom-setup.js:6:3)
      at <anonymous> (/Users/justin/Documents/Github/Megabonk/tests/unit/xss-prevention.test.js:62:5)
(fail) XSS Prevention > renderItemContent() > should escape item names with HTML [1284279884.65ms]
(fail) XSS Prevention > renderItemContent() > should escape item names with HTML
1 | /**
2 |  * Creates a minimal DOM structure for testing specific components
3 |  * This is useful when tests need a lighter-weight DOM than the full index.html
4 |  */
5 | export function createMinimalDOM() {
6 |   document.body.innerHTML = `
      ^
ReferenceError: document is not defined
      at createMinimalDOM (/Users/justin/Documents/Github/Megabonk/tests/helpers/dom-setup.js:6:3)
      at <anonymous> (/Users/justin/Documents/Github/Megabonk/tests/unit/xss-prevention.test.js:62:5)
(fail) XSS Prevention > renderItemContent() > should escape descriptions with HTML [1284279884.66ms]
(fail) XSS Prevention > renderItemContent() > should escape descriptions with HTML
1 | /**
2 |  * Creates a minimal DOM structure for testing specific components
3 |  * This is useful when tests need a lighter-weight DOM than the full index.html
4 |  */
5 | export function createMinimalDOM() {
6 |   document.body.innerHTML = `
      ^
ReferenceError: document is not defined
      at createMinimalDOM (/Users/justin/Documents/Github/Megabonk/tests/helpers/dom-setup.js:6:3)
      at <anonymous> (/Users/justin/Documents/Github/Megabonk/tests/unit/xss-prevention.test.js:62:5)
(fail) XSS Prevention > renderItemContent() > should escape notes with HTML [1284279884.66ms]
(fail) XSS Prevention > renderItemContent() > should escape notes with HTML
1 | /**
2 |  * Creates a minimal DOM structure for testing specific components
3 |  * This is useful when tests need a lighter-weight DOM than the full index.html
4 |  */
5 | export function createMinimalDOM() {
6 |   document.body.innerHTML = `
      ^
ReferenceError: document is not defined
      at createMinimalDOM (/Users/justin/Documents/Github/Megabonk/tests/helpers/dom-setup.js:6:3)
      at <anonymous> (/Users/justin/Documents/Github/Megabonk/tests/unit/xss-prevention.test.js:62:5)
(fail) XSS Prevention > renderItemContent() > should handle all fields containing XSS attempts [1284279884.69ms]
(fail) XSS Prevention > –@/  andle all fields containing XSS attempts
1 | /**
2 |  * Creates a minimal DOM structure for testing specific components
3 |  * This is useful when tests need a lighter-weight DOM than the full index.html
4 |  */
5 | export function createMinimalDOM() {
6 |   document.body.innerHTML = `
      ^
ReferenceError: document is not defined
      at createMinimalDOM (/Users/justin/Documents/Github/Megabonk/tests/helpers/dom-setup.js:6:3)
      at <anonymous> (/Users/justin/Documents/Github/Megabonk/tests/unit/xss-prevention.test.js:62:5)
(fail) XSS Prevention > parseChangelogLinks() > should not execute scripts in link labels [1284279884.70ms]
(fail) XSS Prevention > parseChangelogLinks() > should not execute scripts in link labels
1 | /**
2 |  * Creates a minimal DOM structure for testing specific components
3 |  * This is useful when tests need a lighter-weight DOM than the full index.html
4 |  */
5 | export function createMinimalDOM() {
6 |   document.body.innerHTML = `
      ^
ReferenceError: document is not defined
      at createMinimalDOM (/Users/justin/Documents/Github/Megabonk/tests/helpers/dom-setup.js:6:3)
      at <anonymous> (/Users/justin/Documents/Github/Megabonk/tests/unit/xss-prevention.test.js:62:5)
(fail) XSS Prevention > parseChangelogLinks() > should escape entity IDs [1284279884.71ms]
(fail) XSS Prevention > parseChangelogLinks() > should escape entity IDs
1 | /**
2 |  * Creates a minimal DOM structure for testing specific components
3 |  * This is useful when tests need a lighter-weight DOM than the full index.html
4 |  */
5 | export function createMinimalDOM() {
6 |   document.body.innerHTML = `
      ^
ReferenceError: document is not defined
      at createMinimalDOM (/Users/justin/Documents/Github/Megabonk/tests/helpers/dom-setup.js:6:3)
      at <anonymous> (/Users/justin/Documents/Github/Megabonk/tests/unit/xss-prevention.test.js:62:5)
(fail) XSS Prevention > parseChangelogLinks() > should escape entity types [1284279884.73ms]
(fail) XSS Prevention > parseChangelogLinks() > should escape entity types
1 | /**
2 |  * Creates a minimal DOM structure for testing specific components
3 |  * This is useful when tests need a lighter-weight DOM than the full index.html
4 |  */
5 | export function createMinimalDOM() {
6 |   document.body.innerHTML = `
      ^
ReferenceError: document is not defined
      at createMinimalDOM (/Users/justin/Documents/Github/Megabonk/tests/helpers/dom-setup.js:6:3)
      at <anonymous> (/Users/justin/Documents/Github/Megabonk/tests/unit/xss-prevention.test.js:62:5)
(fail) XSS Prevention > parseChangelogLinks() > should handle XSS in title attribute [1284279884.74ms]
(fail) XSS Prevention > p@/  andle XSS in title attribute
1 | /**
2 |  * Creates a minimal DOM structure for testing specific components
3 |  * This is useful when tests need a lighter-weight DOM than the full index.html
4 |  */
5 | export function createMinimalDOM() {
6 |   document.body.innerHTML = `
      ^
ReferenceError: document is not defined
      at createMinimalDOM (/Users/justin/Documents/Github/Megabonk/tests/helpers/dom-setup.js:6:3)
      at <anonymous> (/Users/justin/Documents/Github/Megabonk/tests/unit/xss-prevention.test.js:62:5)
(fail) XSS Prevention > DOM-based XSS prevention > should not allow innerHTML injection via textContent [1284279884.76ms]
(fail) XSS Prevention > DOM-based XSS prevention > should not allow innerHTML injection via textContent
1 | /**
2 |  * Creates a minimal DOM structure for testing specific components
3 |  * This is useful when tests need a lighter-weight DOM than the full index.html
4 |  */
5 | export function createMinimalDOM() {
6 |   document.body.innerHTML = `
      ^
ReferenceError: document is not defined
      at createMinimalDOM (/Users/justin/Documents/Github/Megabonk/tests/helpers/dom-setup.js:6:3)
      at <anonymous> (/Users/justin/Documents/Github/Megabonk/tests/unit/xss-prevention.test.js:62:5)
(fail) XSS Prevention > DOM-based XSS prevention > should prevent XSS when using createElement approach [1284279884.77ms]
(fail) XSS Prevention > ¿˚n@/  revent XSS when using createElement approach
1 | /**
2 |  * Creates a minimal DOM structure for testing specific components
3 |  * This is useful when tests need a lighter-weight DOM than the full index.html
4 |  */
5 | export function createMinimalDOM() {
6 |   document.body.innerHTML = `
      ^
ReferenceError: document is not defined
      at createMinimalDOM (/Users/justin/Documents/Github/Megabonk/tests/helpers/dom-setup.js:6:3)
      at <anonymous> (/Users/justin/Documents/Github/Megabonk/tests/unit/xss-prevention.test.js:62:5)
(fail) XSS Prevention > URL parameter XSS prevention > should escape search parameters in URLs [1284279884.79ms]
(fail) XSS Prevention > URL parameter XSS prevention > should escape search parameters in URLs
1 | /**
2 |  * Creates a minimal DOM structure for testing specific components
3 |  * This is useful when tests need a lighter-weight DOM than the full index.html
4 |  */
5 | export function createMinimalDOM() {
6 |   document.body.innerHTML = `
      ^
ReferenceError: document is not defined
      at createMinimalDOM (/Users/justin/Documents/Github/Megabonk/tests/helpers/dom-setup.js:6:3)
      at <anonymous> (/Users/justin/Documents/Github/Megabonk/tests/unit/xss-prevention.test.js:62:5)
(fail) XSS Prevention > URL parameter XSS prevention > should escape hash parameters [1284279884.80ms]
(fail) XSS Prevention > †@/  scape hash parameters
1 | /**
2 |  * Creates a minimal DOM structure for testing specific components
3 |  * This is useful when tests need a lighter-weight DOM than the full index.html
4 |  */
5 | export function createMinimalDOM() {
6 |   document.body.innerHTML = `
      ^
ReferenceError: document is not defined
      at createMinimalDOM (/Users/justin/Documents/Github/Megabonk/tests/helpers/dom-setup.js:6:3)
      at <anonymous> (/Users/justin/Documents/Github/Megabonk/tests/unit/xss-prevention.test.js:62:5)
(fail) XSS Prevention > JSON data XSS prevention > should safely parse JSON without executing code [1284279884.82ms]
(fail) XSS Prevention > @/  afely parse JSON without executing code
1 | /**
2 |  * Creates a minimal DOM structure for testing specific components
3 |  * This is useful when tests need a lighter-weight DOM than the full index.html
4 |  */
5 | export function createMinimalDOM() {
6 |   document.body.innerHTML = `
      ^
ReferenceError: document is not defined
      at createMinimalDOM (/Users/justin/Documents/Github/Megabonk/tests/helpers/dom-setup.js:6:3)
      at <anonymous> (/Users/justin/Documents/Github/Megabonk/tests/unit/xss-prevention.test.js:62:5)
(fail) XSS Prevention > Edge cases and bypass attempts > should handle null byte injection [1284279884.83ms]
(fail) XSS Prevention > Edge cases and bypass attempts > should handle null byte injection
1 | /**
2 |  * Creates a minimal DOM structure for testing specific components
3 |  * This is useful when tests need a lighter-weight DOM than the full index.html
4 |  */
5 | export function createMinimalDOM() {
6 |   document.body.innerHTML = `
      ^
ReferenceError: document is not defined
      at createMinimalDOM (/Users/justin/Documents/Github/Megabonk/tests/helpers/dom-setup.js:6:3)
      at <anonymous> (/Users/justin/Documents/Github/Megabonk/tests/unit/xss-prevention.test.js:62:5)
(fail) XSS Prevention > Edge cases and bypass attempts > should handle case variation [1284279884.84ms]
(fail) XSS Prevention > Edge cases and bypass attempts > should handle case variation
1 | /**
2 |  * Creates a minimal DOM structure for testing specific components
3 |  * This is useful when tests need a lighter-weight DOM than the full index.html
4 |  */
5 | export function createMinimalDOM() {
6 |   document.body.innerHTML = `
      ^
ReferenceError: document is not defined
      at createMinimalDOM (/Users/justin/Documents/Github/Megabonk/tests/helpers/dom-setup.js:6:3)
      at <anonymous> (/Users/justin/Documents/Github/Megabonk/tests/unit/xss-prevention.test.js:62:5)
(fail) XSS Prevention > Edge cases and bypass attempts > should handle encoded entities [1284279884.86ms]
(fail) XSS Prevention > Edge cases and bypass attempts > should handle encoded entities
1 | /**
2 |  * Creates a minimal DOM structure for testing specific components
3 |  * This is useful when tests need a lighter-weight DOM than the full index.html
4 |  */
5 | export function createMinimalDOM() {
6 |   document.body.innerHTML = `
      ^
ReferenceError: document is not defined
      at createMinimalDOM (/Users/justin/Documents/Github/Megabonk/tests/helpers/dom-setup.js:6:3)
      at <anonymous> (/Users/justin/Documents/Github/Megabonk/tests/unit/xss-prevention.test.js:62:5)
(fail) XSS Prevention > Edge cases and bypass attempts > should handle Unicode escapes [1284279884.93ms]
(fail) XSS Prevention > Edge cases and bypass attempts > should handle Unicode escapes
1 | /**
2 |  * Creates a minimal DOM structure for testing specific components
3 |  * This is useful when tests need a lighter-weight DOM than the full index.html
4 |  */
5 | export function createMinimalDOM() {
6 |   document.body.innerHTML = `
      ^
ReferenceError: document is not defined
      at createMinimalDOM (/Users/justin/Documents/Github/Megabonk/tests/helpers/dom-setup.js:6:3)
      at <anonymous> (/Users/justin/Documents/Github/Megabonk/tests/unit/xss-prevention.test.js:62:5)
(fail) XSS Prevention > Edge cases and bypass attempts > should handle base64 encoded payloads [1284279884.95ms]
(fail) XSS Prevention > Edge cases and bypass attempts > should handle base64 encoded payloads
1 | /**
2 |  * Creates a minimal DOM structure for testing specific components
3 |  * This is useful when tests need a lighter-weight DOM than the full index.html
4 |  */
5 | export function createMinimalDOM() {
6 |   document.body.innerHTML = `
      ^
ReferenceError: document is not defined
      at createMinimalDOM (/Users/justin/Documents/Github/Megabonk/tests/helpers/dom-setup.js:6:3)
      at <anonymous> (/Users/justin/Documents/Github/Megabonk/tests/unit/xss-prevention.test.js:62:5)
(fail) XSS Prevention > Edge cases and bypass attempts > should handle URL encoding bypass attempts [1284279884.97ms]
(fail) XSS Prevention > Ä@/  andle URL encoding bypass attempts

tests/unit/data-validation.test.js:
(pass) Item Validation > validateItem() > should validate correct item [0.05ms]
(pass) Item Validation > validateItem() > should reject item without id [0.01ms]
(pass) Item Validation > validateItem() > should reject item without name [0.01ms]
(pass) Item Validation > validateItem() > should reject invalid tier [0.06ms]
(pass) Item Validation > validateItem() > should reject invalid rarity [0.02ms]
(pass) Item Validation > validateItem() > should reject invalid stack_cap
(pass) Item Validation > validateItem() > should reject invalid stacks_well type [0.02ms]
(pass) Item Validation > validateItem() > should accept all valid tiers [0.02ms]
(pass) Item Validation > validateItem() > should accept all valid rarities
(pass) Item Validation > validateItem() > should accept all valid scaling types [0.01ms]
(pass) Weapon Validation > validateWeapon() > should validate correct weapon [0.03ms]
(pass) Weapon Validation > validateWeapon() > should reject weapon without id
(pass) Weapon Validation > validateWeapon() > should reject negative damage [0.01ms]
(pass) Weapon Validation > validateWeapon() > should reject crit_chance over 100 [0.01ms]
(pass) Weapon Validation > validateWeapon() > should reject negative crit_chance
(pass) Weapon Validation > validateWeapon() > should accept zero damage
(pass) Weapon Validation > validateWeapon() > should accept zero crit_chance
(pass) Character Validation > validateCharacter() > should validate correct character [0.02ms]
(pass) Character Validation > validateCharacter() > should reject character without id
(pass) Character Validation > validateCharacter() > should reject zero hp
(pass) Character Validation > validateCharacter() > should reject negative hp
(pass) Character Validation > validateCharacter() > should reject crit_damage below 100
(pass) Character Validation > validateCharacter() > should accept crit_damage of exactly 100
(pass) Tome Validation > validateTome() > should validate correct tome [0.02ms]
(pass) Tome Validation > validateTome() > should reject tome without id
(pass) Tome Validation > validateTome() > should reject zero max_level
(pass) Tome Validation > validateTome() > should reject negative max_level
(pass) Shrine Validation > validateShrine() > should validate correct shrine [0.02ms]
(pass) Shrine Validation > validateShrine() > should reject shrine without id
(pass) Shrine Validation > validateShrine() > should reject invalid shrine type [0.01ms]
(pass) Shrine Validation > validateShrine() > should accept all valid shrine types [0.01ms]
(pass) Dataset Validation > validateDataSet() > should validate array of items [0.02ms]
(pass) Dataset Validation > validateDataSet() > should report invalid entries
(pass) Dataset Validation > validateDataSet() > should handle empty dataset
(pass) Dataset Validation > validateDataSet() > should handle unknown type
(pass) Dataset Validation > validateDataSet() > should validate mixed valid/invalid dataset
(pass) Edge Cases > should handle null values
(pass) Edge Cases > should handle undefined values
(pass) Edge Cases > should handle empty strings
(pass) Edge Cases > should handle numeric id
(pass) Edge Cases > should handle array as name

tests/unit/chart.test.js:
1 | /**
2 |  * Creates a minimal DOM structure for testing specific components
3 |  * This is useful when tests need a lighter-weight DOM than the full index.html
4 |  */
5 | export function createMinimalDOM() {
6 |   document.body.innerHTML = `
      ^
ReferenceError: document is not defined
      at createMinimalDOM (/Users/justin/Documents/Github/Megabonk/tests/helpers/dom-setup.js:6:3)
      at <anonymous> (/Users/justin/Documents/Github/Megabonk/tests/unit/chart.test.js:198:5)
(fail) Chart Functionality > createScalingChart() > should return null if canvas not found [1284279888.37ms]
(fail) Chart Functionality > createScalingChart() > should return null if canvas not found
1 | /**
2 |  * Creates a minimal DOM structure for testing specific components
3 |  * This is useful when tests need a lighter-weight DOM than the full index.html
4 |  */
5 | export function createMinimalDOM() {
6 |   document.body.innerHTML = `
      ^
ReferenceError: document is not defined
      at createMinimalDOM (/Users/justin/Documents/Github/Megabonk/tests/helpers/dom-setup.js:6:3)
      at <anonymous> (/Users/justin/Documents/Github/Megabonk/tests/unit/chart.test.js:198:5)
(fail) Chart Functionality > createScalingChart() > should create chart with correct data [1284279888.66ms]
(fail) Chart Functionality > createScalingChart() > should create chart with correct data
1 | /**
2 |  * Creates a minimal DOM structure for testing specific components
3 |  * This is useful when tests need a lighter-weight DOM than the full index.html
4 |  */
5 | export function createMinimalDOM() {
6 |   document.body.innerHTML = `
      ^
ReferenceError: document is not defined
      at createMinimalDOM (/Users/justin/Documents/Github/Megabonk/tests/helpers/dom-setup.js:6:3)
      at <anonymous> (/Users/justin/Documents/Github/Megabonk/tests/unit/chart.test.js:198:5)
(fail) Chart Functionality > createScalingChart() > should generate correct labels for data points [1284279888.69ms]
(fail) Chart Functionality > createScalingChart() > should generate correct labels for data points
1 | /**
2 |  * Creates a minimal DOM structure for testing specific components
3 |  * This is useful when tests need a lighter-weight DOM than the full index.html
4 |  */
5 | export function createMinimalDOM() {
6 |   document.body.innerHTML = `
      ^
ReferenceError: document is not defined
      at createMinimalDOM (/Users/justin/Documents/Github/Megabonk/tests/helpers/dom-setup.js:6:3)
      at <anonymous> (/Users/justin/Documents/Github/Megabonk/tests/unit/chart.test.js:198:5)
(fail) Chart Functionality > createScalingChart() > should apply stack cap to limit displayed data [1284279888.70ms]
(fail) Chart Functionality > createScalingChart() > should apply stack cap to limit displayed data
1 | /**
2 |  * Creates a minimal DOM structure for testing specific components
3 |  * This is useful when tests need a lighter-weight DOM than the full index.html
4 |  */
5 | export function createMinimalDOM() {
6 |   document.body.innerHTML = `
      ^
ReferenceError: document is not defined
      at createMinimalDOM (/Users/justin/Documents/Github/Megabonk/tests/helpers/dom-setup.js:6:3)
      at <anonymous> (/Users/justin/Documents/Github/Megabonk/tests/unit/chart.test.js:198:5)
(fail) Chart Functionality > createScalingChart() > should use larger point radius for modal charts [1284279888.73ms]
(fail) Chart Functionality > createScalingChart() > should use larger point radius for modal charts
1 | /**
2 |  * Creates a minimal DOM structure for testing specific components
3 |  * This is useful when tests need a lighter-weight DOM than the full index.html
4 |  */
5 | export function createMinimalDOM() {
6 |   document.body.innerHTML = `
      ^
ReferenceError: document is not defined
      at createMinimalDOM (/Users/justin/Documents/Github/Megabonk/tests/helpers/dom-setup.js:6:3)
      at <anonymous> (/Users/justin/Documents/Github/Megabonk/tests/unit/chart.test.js:198:5)
(fail) Chart Functionality > createScalingChart() > should add secondary dataset when provided [1284279888.75ms]
(fail) Chart Functionality > createScalingChart() > should add secondary dataset when provided
1 | /**
2 |  * Creates a minimal DOM structure for testing specific components
3 |  * This is useful when tests need a lighter-weight DOM than the full index.html
4 |  */
5 | export function createMinimalDOM() {
6 |   document.body.innerHTML = `
      ^
ReferenceError: document is not defined
      at createMinimalDOM (/Users/justin/Documents/Github/Megabonk/tests/helpers/dom-setup.js:6:3)
      at <anonymous> (/Users/justin/Documents/Github/Megabonk/tests/unit/chart.test.js:198:5)
(fail) Chart Functionality > createScalingChart() > should show legend when secondary data is present [1284279888.76ms]
(fail) Chart Functionality > createScalingChart() > should show legend when secondary data is present
1 | /**
2 |  * Creates a minimal DOM structure for testing specific components
3 |  * This is useful when tests need a lighter-weight DOM than the full index.html
4 |  */
5 | export function createMinimalDOM() {
6 |   document.body.innerHTML = `
      ^
ReferenceError: document is not defined
      at createMinimalDOM (/Users/justin/Documents/Github/Megabonk/tests/helpers/dom-setup.js:6:3)
      at <anonymous> (/Users/justin/Documents/Github/Megabonk/tests/unit/chart.test.js:198:5)
(fail) Chart Functionality > createScalingChart() > should hide legend when no secondary data [1284279888.78ms]
(fail) Chart Functionality > createScalingChart() > should hide legend when no secondary data
1 | /**
2 |  * Creates a minimal DOM structure for testing specific components
3 |  * This is useful when tests need a lighter-weight DOM than the full index.html
4 |  */
5 | export function createMinimalDOM() {
6 |   document.body.innerHTML = `
      ^
ReferenceError: document is not defined
      at createMinimalDOM (/Users/justin/Documents/Github/Megabonk/tests/helpers/dom-setup.js:6:3)
      at <anonymous> (/Users/justin/Documents/Github/Megabonk/tests/unit/chart.test.js:198:5)
(fail) Chart Functionality > createScalingChart() > should store chart instance for cleanup [1284279888.80ms]
(fail) Chart Functionality > createScalingChart() > should store chart instance for cleanup
1 | /**
2 |  * Creates a minimal DOM structure for testing specific components
3 |  * This is useful when tests need a lighter-weight DOM than the full index.html
4 |  */
5 | export function createMinimalDOM() {
6 |   document.body.innerHTML = `
      ^
ReferenceError: document is not defined
      at createMinimalDOM (/Users/justin/Documents/Github/Megabonk/tests/helpers/dom-setup.js:6:3)
      at <anonymous> (/Users/justin/Documents/Github/Megabonk/tests/unit/chart.test.js:198:5)
(fail) Chart Functionality > createScalingChart() > should destroy existing chart before creating new one [1284279888.82ms]
(fail) Chart Functionality > Ä[@/  estroy existing chart before creating new one
1 | /**
2 |  * Creates a minimal DOM structure for testing specific components
3 |  * This is useful when tests need a lighter-weight DOM than the full index.html
4 |  */
5 | export function createMinimalDOM() {
6 |   document.body.innerHTML = `
      ^
ReferenceError: document is not defined
      at createMinimalDOM (/Users/justin/Documents/Github/Megabonk/tests/helpers/dom-setup.js:6:3)
      at <anonymous> (/Users/justin/Documents/Github/Megabonk/tests/unit/chart.test.js:198:5)
(fail) Chart Functionality > getEffectiveStackCap() > should use max_stacks if set [1284279888.83ms]
(fail) Chart Functionality > getEffectiveStackCap() > should use max_stacks if set
1 | /**
2 |  * Creates a minimal DOM structure for testing specific components
3 |  * This is useful when tests need a lighter-weight DOM than the full index.html
4 |  */
5 | export function createMinimalDOM() {
6 |   document.body.innerHTML = `
      ^
ReferenceError: document is not defined
      at createMinimalDOM (/Users/justin/Documents/Github/Megabonk/tests/helpers/dom-setup.js:6:3)
      at <anonymous> (/Users/justin/Documents/Github/Megabonk/tests/unit/chart.test.js:198:5)
(fail) Chart Functionality > getEffectiveStackCap() > should use stack_cap if max_stacks not set [1284279888.84ms]
(fail) Chart Functionality > getEffectiveStackCap() > should use stack_cap if max_stacks not set
1 | /**
2 |  * Creates a minimal DOM structure for testing specific components
3 |  * This is useful when tests need a lighter-weight DOM than the full index.html
4 |  */
5 | export function createMinimalDOM() {
6 |   document.body.innerHTML = `
      ^
ReferenceError: document is not defined
      at createMinimalDOM (/Users/justin/Documents/Github/Megabonk/tests/helpers/dom-setup.js:6:3)
      at <anonymous> (/Users/justin/Documents/Github/Megabonk/tests/unit/chart.test.js:198:5)
(fail) Chart Functionality > getEffectiveStackCap() > should ignore stack_cap over 100 [1284279888.86ms]
(fail) Chart Functionality > getEffectiveStackCap() > should ignore stack_cap over 100
1 | /**
2 |  * Creates a minimal DOM structure for testing specific components
3 |  * This is useful when tests need a lighter-weight DOM than the full index.html
4 |  */
5 | export function createMinimalDOM() {
6 |   document.body.innerHTML = `
      ^
ReferenceError: document is not defined
      at createMinimalDOM (/Users/justin/Documents/Github/Megabonk/tests/helpers/dom-setup.js:6:3)
      at <anonymous> (/Users/justin/Documents/Github/Megabonk/tests/unit/chart.test.js:198:5)
(fail) Chart Functionality > getEffectiveStackCap() > should detect plateau in scaling data [1284279888.87ms]
(fail) Chart Functionality > getEffectiveStackCap() > should detect plateau in scaling data
1 | /**
2 |  * Creates a minimal DOM structure for testing specific components
3 |  * This is useful when tests need a lighter-weight DOM than the full index.html
4 |  */
5 | export function createMinimalDOM() {
6 |   document.body.innerHTML = `
      ^
ReferenceError: document is not defined
      at createMinimalDOM (/Users/justin/Documents/Github/Megabonk/tests/helpers/dom-setup.js:6:3)
      at <anonymous> (/Users/justin/Documents/Github/Megabonk/tests/unit/chart.test.js:198:5)
(fail) Chart Functionality > getEffectiveStackCap() > should default to array length if no plateau [1284279888.89ms]
(fail) Chart Functionality > getEffectiveStackCap() > should default to array length if no plateau
1 | /**
2 |  * Creates a minimal DOM structure for testing specific components
3 |  * This is useful when tests need a lighter-weight DOM than the full index.html
4 |  */
5 | export function createMinimalDOM() {
6 |   document.body.innerHTML = `
      ^
ReferenceError: document is not defined
      at createMinimalDOM (/Users/justin/Documents/Github/Megabonk/tests/helpers/dom-setup.js:6:3)
      at <anonymous> (/Users/justin/Documents/Github/Megabonk/tests/unit/chart.test.js:198:5)
(fail) Chart Functionality > getEffectiveStackCap() > should return 10 for empty scaling array [1284279888.90ms]
(fail) Chart Functionality >  @/  eturn 10 for empty scaling array
1 | /**
2 |  * Creates a minimal DOM structure for testing specific components
3 |  * This is useful when tests need a lighter-weight DOM than the full index.html
4 |  */
5 | export function createMinimalDOM() {
6 |   document.body.innerHTML = `
      ^
ReferenceError: document is not defined
      at createMinimalDOM (/Users/justin/Documents/Github/Megabonk/tests/helpers/dom-setup.js:6:3)
      at <anonymous> (/Users/justin/Documents/Github/Megabonk/tests/unit/chart.test.js:198:5)
(fail) Chart Functionality > calculateTomeProgression() > should calculate linear progression [1284279888.91ms]
(fail) Chart Functionality > calculateTomeProgression() > should calculate linear progression
1 | /**
2 |  * Creates a minimal DOM structure for testing specific components
3 |  * This is useful when tests need a lighter-weight DOM than the full index.html
4 |  */
5 | export function createMinimalDOM() {
6 |   document.body.innerHTML = `
      ^
ReferenceError: document is not defined
      at createMinimalDOM (/Users/justin/Documents/Github/Megabonk/tests/helpers/dom-setup.js:6:3)
      at <anonymous> (/Users/justin/Documents/Github/Megabonk/tests/unit/chart.test.js:198:5)
(fail) Chart Functionality > calculateTomeProgression() > should handle multiplier format [1284279888.92ms]
(fail) Chart Functionality > calculateTomeProgression() > should handle multiplier format
1 | /**
2 |  * Creates a minimal DOM structure for testing specific components
3 |  * This is useful when tests need a lighter-weight DOM than the full index.html
4 |  */
5 | export function createMinimalDOM() {
6 |   document.body.innerHTML = `
      ^
ReferenceError: document is not defined
      at createMinimalDOM (/Users/justin/Documents/Github/Megabonk/tests/helpers/dom-setup.js:6:3)
      at <anonymous> (/Users/justin/Documents/Github/Megabonk/tests/unit/chart.test.js:198:5)
(fail) Chart Functionality > calculateTomeProgression() > should return null for unparseable value [1284279888.93ms]
(fail) Chart Functionality > calculateTomeProgression() > should return null for unparseable value
1 | /**
2 |  * Creates a minimal DOM structure for testing specific components
3 |  * This is useful when tests need a lighter-weight DOM than the full index.html
4 |  */
5 | export function createMinimalDOM() {
6 |   document.body.innerHTML = `
      ^
ReferenceError: document is not defined
      at createMinimalDOM (/Users/justin/Documents/Github/Megabonk/tests/helpers/dom-setup.js:6:3)
      at <anonymous> (/Users/justin/Documents/Github/Megabonk/tests/unit/chart.test.js:198:5)
(fail) Chart Functionality > calculateTomeProgression() > should apply hyperbolic formula for evasion [1284279888.95ms]
(fail) Chart Functionality > calculateTomeProgression() > should apply hyperbolic formula for evasion
1 | /**
2 |  * Creates a minimal DOM structure for testing specific components
3 |  * This is useful when tests need a lighter-weight DOM than the full index.html
4 |  */
5 | export function createMinimalDOM() {
6 |   document.body.innerHTML = `
      ^
ReferenceError: document is not defined
      at createMinimalDOM (/Users/justin/Documents/Github/Megabonk/tests/helpers/dom-setup.js:6:3)
      at <anonymous> (/Users/justin/Documents/Github/Megabonk/tests/unit/chart.test.js:198:5)
(fail) Chart Functionality > calculateTomeProgression() > should apply hyperbolic formula for armor [1284279888.96ms]
(fail) Chart Functionality > calculateTomeProgression() > should apply hyperbolic formula for armor
1 | /**
2 |  * Creates a minimal DOM structure for testing specific components
3 |  * This is useful when tests need a lighter-weight DOM than the full index.html
4 |  */
5 | export function createMinimalDOM() {
6 |   document.body.innerHTML = `
      ^
ReferenceError: document is not defined
      at createMinimalDOM (/Users/justin/Documents/Github/Megabonk/tests/helpers/dom-setup.js:6:3)
      at <anonymous> (/Users/justin/Documents/Github/Megabonk/tests/unit/chart.test.js:198:5)
(fail) Chart Functionality > calculateTomeProgression() > should respect maxLevels parameter [1284279888.97ms]
(fail) Chart Functionality > calculateTomeProgression() > should respect maxLevels parameter
1 | /**
2 |  * Creates a minimal DOM structure for testing specific components
3 |  * This is useful when tests need a lighter-weight DOM than the full index.html
4 |  */
5 | export function createMinimalDOM() {
6 |   document.body.innerHTML = `
      ^
ReferenceError: document is not defined
      at createMinimalDOM (/Users/justin/Documents/Github/Megabonk/tests/helpers/dom-setup.js:6:3)
      at <anonymous> (/Users/justin/Documents/Github/Megabonk/tests/unit/chart.test.js:198:5)
(fail) Chart Functionality > calculateTomeProgression() > should handle decimal values correctly [1284279888.99ms]
(fail) Chart Functionality > @@/  andle decimal values correctly
(pass) Chart cleanup > destroyAllCharts should call destroy on all instances [0.03ms]
(pass) Hyperbolic Scaling for Items > applyHyperbolicScaling > should apply standard hyperbolic formula (constant=1) [0.03ms]
(pass) Hyperbolic Scaling for Items > applyHyperbolicScaling > should never exceed theoretical max (50% for constant=1) [0.01ms]
(pass) Hyperbolic Scaling for Items > applyHyperbolicScaling > should handle different constants
(pass) Hyperbolic Scaling for Items > applyHyperbolicScaling > should return empty array for empty input [0.01ms]
(pass) Hyperbolic Scaling for Items > generateHyperbolicValues > should generate correct values for Key item (10% per stack) [0.09ms]
(pass) Hyperbolic Scaling for Items > generateHyperbolicValues > should generate correct values for Cursed Grabbies (5% per stack) [0.01ms]
(pass) Hyperbolic Scaling for Items > generateHyperbolicValues > should respect maxStacks parameter
(pass) Hyperbolic Scaling for Items > max_stacks cap behavior > should respect max_stacks for items like Grandmas Tonic [0.04ms]
(pass) Hyperbolic Scaling for Items > max_stacks cap behavior > should detect plateau for capped chance items [0.02ms]
(pass) Hyperbolic Scaling for Items > Item with scaling_tracks > should have multiple scaling tracks for complex items [0.02ms]
(pass) Hyperbolic Scaling for Items > Item with hidden_mechanics > should contain hidden mechanics array [0.02ms]
(pass) Hyperbolic Scaling for Items > createCompareChart hyperbolic handling > should apply hyperbolic transformation to items with scaling_formula_type hyperbolic [0.08ms]
(pass) Hyperbolic Scaling for Items > createCompareChart hyperbolic handling > should not transform items without scaling_formula_type hyperbolic [0.06ms]

tests/unit/theme-manager.test.js:

# Unhandled error between tests
-------------------------------
163 |     /**
164 |      * Get system theme preference
165 |      * @returns System theme (dark or light)
166 |      */
167 |     getSystemTheme(): Theme {
168 |         if (window.matchMedia && window.matchMedia('(prefers-color-scheme: dark)').matches) {
                  ^
ReferenceError: window is not defined
      at getSystemTheme (/Users/justin/Documents/Github/Megabonk/src/modules/theme-manager.ts:168:13)
      at new ThemeManager (/Users/justin/Documents/Github/Megabonk/src/modules/theme-manager.ts:144:59)
      at /Users/justin/Documents/Github/Megabonk/src/modules/theme-manager.ts:295:22
      at loadAndEvaluateModule (2:1)
-------------------------------


tests/unit/compare.test.js:
1 | /**
2 |  * Creates a minimal DOM structure for testing specific components
3 |  * This is useful when tests need a lighter-weight DOM than the full index.html
4 |  */
5 | export function createMinimalDOM() {
6 |   document.body.innerHTML = `
      ^
ReferenceError: document is not defined
      at createMinimalDOM (/Users/justin/Documents/Github/Megabonk/tests/helpers/dom-setup.js:6:3)
      at <anonymous> (/Users/justin/Documents/Github/Megabonk/tests/unit/compare.test.js:12:9)
(fail) Compare Module > toggleCompareItem() > should add item to compare list when not present [1284279921.83ms]
(fail) Compare Module > toggleCompareItem() > should add item to compare list when not present
1 | /**
2 |  * Creates a minimal DOM structure for testing specific components
3 |  * This is useful when tests need a lighter-weight DOM than the full index.html
4 |  */
5 | export function createMinimalDOM() {
6 |   document.body.innerHTML = `
      ^
ReferenceError: document is not defined
      at createMinimalDOM (/Users/justin/Documents/Github/Megabonk/tests/helpers/dom-setup.js:6:3)
      at <anonymous> (/Users/justin/Documents/Github/Megabonk/tests/unit/compare.test.js:12:9)
(fail) Compare Module > toggleCompareItem() > should remove item from compare list when present [1284279922.03ms]
(fail) Compare Module > toggleCompareItem() > should remove item from compare list when present
1 | /**
2 |  * Creates a minimal DOM structure for testing specific components
3 |  * This is useful when tests need a lighter-weight DOM than the full index.html
4 |  */
5 | export function createMinimalDOM() {
6 |   document.body.innerHTML = `
      ^
ReferenceError: document is not defined
      at createMinimalDOM (/Users/justin/Documents/Github/Megabonk/tests/helpers/dom-setup.js:6:3)
      at <anonymous> (/Users/justin/Documents/Github/Megabonk/tests/unit/compare.test.js:12:9)
(fail) Compare Module > toggleCompareItem() > should handle adding multiple items [1284279922.04ms]
(fail) Compare Module > toggleCompareItem() > should handle adding multiple items
1 | /**
2 |  * Creates a minimal DOM structure for testing specific components
3 |  * This is useful when tests need a lighter-weight DOM than the full index.html
4 |  */
5 | export function createMinimalDOM() {
6 |   document.body.innerHTML = `
      ^
ReferenceError: document is not defined
      at createMinimalDOM (/Users/justin/Documents/Github/Megabonk/tests/helpers/dom-setup.js:6:3)
      at <anonymous> (/Users/justin/Documents/Github/Megabonk/tests/unit/compare.test.js:12:9)
(fail) Compare Module > toggleCompareItem() > should not exceed maximum compare items [1284279922.06ms]
(fail) Compare Module > toggleCompareItem() > should not exceed maximum compare items
1 | /**
2 |  * Creates a minimal DOM structure for testing specific components
3 |  * This is useful when tests need a lighter-weight DOM than the full index.html
4 |  */
5 | export function createMinimalDOM() {
6 |   document.body.innerHTML = `
      ^
ReferenceError: document is not defined
      at createMinimalDOM (/Users/justin/Documents/Github/Megabonk/tests/helpers/dom-setup.js:6:3)
      at <anonymous> (/Users/justin/Documents/Github/Megabonk/tests/unit/compare.test.js:12:9)
(fail) Compare Module > toggleCompareItem() > should allow adding after removing from full list [1284279922.08ms]
(fail) Compare Module >  [@/  llow adding after removing from full list
1 | /**
2 |  * Creates a minimal DOM structure for testing specific components
3 |  * This is useful when tests need a lighter-weight DOM than the full index.html
4 |  */
5 | export function createMinimalDOM() {
6 |   document.body.innerHTML = `
      ^
ReferenceError: document is not defined
      at createMinimalDOM (/Users/justin/Documents/Github/Megabonk/tests/helpers/dom-setup.js:6:3)
      at <anonymous> (/Users/justin/Documents/Github/Megabonk/tests/unit/compare.test.js:12:9)
(fail) Compare Module > getCompareItems() > should return empty array when no items selected [1284279922.09ms]
(fail) Compare Module > getCompareItems() > should return empty array when no items selected
1 | /**
2 |  * Creates a minimal DOM structure for testing specific components
3 |  * This is useful when tests need a lighter-weight DOM than the full index.html
4 |  */
5 | export function createMinimalDOM() {
6 |   document.body.innerHTML = `
      ^
ReferenceError: document is not defined
      at createMinimalDOM (/Users/justin/Documents/Github/Megabonk/tests/helpers/dom-setup.js:6:3)
      at <anonymous> (/Users/justin/Documents/Github/Megabonk/tests/unit/compare.test.js:12:9)
(fail) Compare Module > getCompareItems() > should return a copy of the compare items array [1284279922.11ms]
(fail) Compare Module > getCompareItems() > should return a copy of the compare items array
1 | /**
2 |  * Creates a minimal DOM structure for testing specific components
3 |  * This is useful when tests need a lighter-weight DOM than the full index.html
4 |  */
5 | export function createMinimalDOM() {
6 |   document.body.innerHTML = `
      ^
ReferenceError: document is not defined
      at createMinimalDOM (/Users/justin/Documents/Github/Megabonk/tests/helpers/dom-setup.js:6:3)
      at <anonymous> (/Users/justin/Documents/Github/Megabonk/tests/unit/compare.test.js:12:9)
(fail) Compare Module > getCompareItems() > should not allow external mutation of compare items [1284279922.12ms]
(fail) Compare Module > @[@/  ot allow external mutation of compare items
1 | /**
2 |  * Creates a minimal DOM structure for testing specific components
3 |  * This is useful when tests need a lighter-weight DOM than the full index.html
4 |  */
5 | export function createMinimalDOM() {
6 |   document.body.innerHTML = `
      ^
ReferenceError: document is not defined
      at createMinimalDOM (/Users/justin/Documents/Github/Megabonk/tests/helpers/dom-setup.js:6:3)
      at <anonymous> (/Users/justin/Documents/Github/Megabonk/tests/unit/compare.test.js:12:9)
(fail) Compare Module > clearCompare() > should clear all compare items [1284279922.13ms]
(fail) Compare Module > clearCompare() > should clear all compare items
1 | /**
2 |  * Creates a minimal DOM structure for testing specific components
3 |  * This is useful when tests need a lighter-weight DOM than the full index.html
4 |  */
5 | export function createMinimalDOM() {
6 |   document.body.innerHTML = `
      ^
ReferenceError: document is not defined
      at createMinimalDOM (/Users/justin/Documents/Github/Megabonk/tests/helpers/dom-setup.js:6:3)
      at <anonymous> (/Users/justin/Documents/Github/Megabonk/tests/unit/compare.test.js:12:9)
(fail) Compare Module > clearCompare() > should handle clearing empty list [1284279922.15ms]
(fail) Compare Module > `!@/  andle clearing empty list
1 | /**
2 |  * Creates a minimal DOM structure for testing specific components
3 |  * This is useful when tests need a lighter-weight DOM than the full index.html
4 |  */
5 | export function createMinimalDOM() {
6 |   document.body.innerHTML = `
      ^
ReferenceError: document is not defined
      at createMinimalDOM (/Users/justin/Documents/Github/Megabonk/tests/helpers/dom-setup.js:6:3)
      at <anonymous> (/Users/justin/Documents/Github/Megabonk/tests/unit/compare.test.js:12:9)
(fail) Compare Module > updateCompareButton() > should hide compare button when fewer than 2 items selected [1284279922.16ms]
(fail) Compare Module > updateCompareButton() > should hide compare button when fewer than 2 items selected
1 | /**
2 |  * Creates a minimal DOM structure for testing specific components
3 |  * This is useful when tests need a lighter-weight DOM than the full index.html
4 |  */
5 | export function createMinimalDOM() {
6 |   document.body.innerHTML = `
      ^
ReferenceError: document is not defined
      at createMinimalDOM (/Users/justin/Documents/Github/Megabonk/tests/helpers/dom-setup.js:6:3)
      at <anonymous> (/Users/justin/Documents/Github/Megabonk/tests/unit/compare.test.js:12:9)
(fail) Compare Module > updateCompareButton() > should show compare button when 2 or more items selected [1284279922.18ms]
(fail) Compare Module > updateCompareButton() > should show compare button when 2 or more items selected
1 | /**
2 |  * Creates a minimal DOM structure for testing specific components
3 |  * This is useful when tests need a lighter-weight DOM than the full index.html
4 |  */
5 | export function createMinimalDOM() {
6 |   document.body.innerHTML = `
      ^
ReferenceError: document is not defined
      at createMinimalDOM (/Users/justin/Documents/Github/Megabonk/tests/helpers/dom-setup.js:6:3)
      at <anonymous> (/Users/justin/Documents/Github/Megabonk/tests/unit/compare.test.js:12:9)
(fail) Compare Module > updateCompareButton() > should update count display [1284279922.19ms]
(fail) Compare Module > updateCompareButton() > should update count display
1 | /**
2 |  * Creates a minimal DOM structure for testing specific components
3 |  * This is useful when tests need a lighter-weight DOM than the full index.html
4 |  */
5 | export function createMinimalDOM() {
6 |   document.body.innerHTML = `
      ^
ReferenceError: document is not defined
      at createMinimalDOM (/Users/justin/Documents/Github/Megabonk/tests/helpers/dom-setup.js:6:3)
      at <anonymous> (/Users/justin/Documents/Github/Megabonk/tests/unit/compare.test.js:12:9)
(fail) Compare Module > updateCompareButton() > should update checkbox states [1284279922.21ms]
(fail) Compare Module > updateCompareButton() > should update checkbox states
1 | /**
2 |  * Creates a minimal DOM structure for testing specific components
3 |  * This is useful when tests need a lighter-weight DOM than the full index.html
4 |  */
5 | export function createMinimalDOM() {
6 |   document.body.innerHTML = `
      ^
ReferenceError: document is not defined
      at createMinimalDOM (/Users/justin/Documents/Github/Megabonk/tests/helpers/dom-setup.js:6:3)
      at <anonymous> (/Users/justin/Documents/Github/Megabonk/tests/unit/compare.test.js:12:9)
(fail) Compare Module > updateCompareButton() > should handle missing compare button gracefully [1284279922.22ms]
(fail) Compare Module > ê!@/  andle missing compare button gracefully
1 | /**
2 |  * Creates a minimal DOM structure for testing specific components
3 |  * This is useful when tests need a lighter-weight DOM than the full index.html
4 |  */
5 | export function createMinimalDOM() {
6 |   document.body.innerHTML = `
      ^
ReferenceError: document is not defined
      at createMinimalDOM (/Users/justin/Documents/Github/Megabonk/tests/helpers/dom-setup.js:6:3)
      at <anonymous> (/Users/justin/Documents/Github/Megabonk/tests/unit/compare.test.js:12:9)
(fail) Compare Module > edge cases > should handle empty string item ID [1284279922.24ms]
(fail) Compare Module > edge cases > should handle empty string item ID
1 | /**
2 |  * Creates a minimal DOM structure for testing specific components
3 |  * This is useful when tests need a lighter-weight DOM than the full index.html
4 |  */
5 | export function createMinimalDOM() {
6 |   document.body.innerHTML = `
      ^
ReferenceError: document is not defined
      at createMinimalDOM (/Users/justin/Documents/Github/Megabonk/tests/helpers/dom-setup.js:6:3)
      at <anonymous> (/Users/justin/Documents/Github/Megabonk/tests/unit/compare.test.js:12:9)
(fail) Compare Module > edge cases > should handle special characters in item ID [1284279922.25ms]
(fail) Compare Module > edge cases > should handle special characters in item ID
1 | /**
2 |  * Creates a minimal DOM structure for testing specific components
3 |  * This is useful when tests need a lighter-weight DOM than the full index.html
4 |  */
5 | export function createMinimalDOM() {
6 |   document.body.innerHTML = `
      ^
ReferenceError: document is not defined
      at createMinimalDOM (/Users/justin/Documents/Github/Megabonk/tests/helpers/dom-setup.js:6:3)
      at <anonymous> (/Users/justin/Documents/Github/Megabonk/tests/unit/compare.test.js:12:9)
(fail) Compare Module > edge cases > should toggle same item multiple times correctly [1284279922.27ms]
(fail) Compare Module > @#@/  oggle same item multiple times correctly

tests/unit/utils.test.js:
1 | /**
2 |  * Creates a minimal DOM structure for testing specific components
3 |  * This is useful when tests need a lighter-weight DOM than the full index.html
4 |  */
5 | export function createMinimalDOM() {
6 |   document.body.innerHTML = `
      ^
ReferenceError: document is not defined
      at createMinimalDOM (/Users/justin/Documents/Github/Megabonk/tests/helpers/dom-setup.js:6:3)
      at <anonymous> (/Users/justin/Documents/Github/Megabonk/tests/unit/utils.test.js:32:9)
(fail) Utils Module > safeGetElementById() > should return element when exists [1284279923.79ms]
(fail) Utils Module > safeGetElementById() > should return element when exists
1 | /**
2 |  * Creates a minimal DOM structure for testing specific components
3 |  * This is useful when tests need a lighter-weight DOM than the full index.html
4 |  */
5 | export function createMinimalDOM() {
6 |   document.body.innerHTML = `
      ^
ReferenceError: document is not defined
      at createMinimalDOM (/Users/justin/Documents/Github/Megabonk/tests/helpers/dom-setup.js:6:3)
      at <anonymous> (/Users/justin/Documents/Github/Megabonk/tests/unit/utils.test.js:32:9)
(fail) Utils Module > safeGetElementById() > should return null when element not found [1284279923.90ms]
(fail) Utils Module > safeGetElementById() > should return null when element not found
1 | /**
2 |  * Creates a minimal DOM structure for testing specific components
3 |  * This is useful when tests need a lighter-weight DOM than the full index.html
4 |  */
5 | export function createMinimalDOM() {
6 |   document.body.innerHTML = `
      ^
ReferenceError: document is not defined
      at createMinimalDOM (/Users/justin/Documents/Github/Megabonk/tests/helpers/dom-setup.js:6:3)
      at <anonymous> (/Users/justin/Documents/Github/Megabonk/tests/unit/utils.test.js:32:9)
(fail) Utils Module > safeGetElementById() > should return fallback when element not found [1284279923.92ms]
(fail) Utils Module > safeGetElementById() > should return fallback when element not found
1 | /**
2 |  * Creates a minimal DOM structure for testing specific components
3 |  * This is useful when tests need a lighter-weight DOM than the full index.html
4 |  */
5 | export function createMinimalDOM() {
6 |   document.body.innerHTML = `
      ^
ReferenceError: document is not defined
      at createMinimalDOM (/Users/justin/Documents/Github/Megabonk/tests/helpers/dom-setup.js:6:3)
      at <anonymous> (/Users/justin/Documents/Github/Megabonk/tests/unit/utils.test.js:32:9)
(fail) Utils Module > safeGetElementById() > should return element even when fallback provided [1284279923.94ms]
(fail) Utils Module >         eturn element even when fallback provided
1 | /**
2 |  * Creates a minimal DOM structure for testing specific components
3 |  * This is useful when tests need a lighter-weight DOM than the full index.html
4 |  */
5 | export function createMinimalDOM() {
6 |   document.body.innerHTML = `
      ^
ReferenceError: document is not defined
      at createMinimalDOM (/Users/justin/Documents/Github/Megabonk/tests/helpers/dom-setup.js:6:3)
      at <anonymous> (/Users/justin/Documents/Github/Megabonk/tests/unit/utils.test.js:32:9)
(fail) Utils Module > safeQuerySelector() > should return element when exists [1284279923.96ms]
(fail) Utils Module > safeQuerySelector() > should return element when exists
1 | /**
2 |  * Creates a minimal DOM structure for testing specific components
3 |  * This is useful when tests need a lighter-weight DOM than the full index.html
4 |  */
5 | export function createMinimalDOM() {
6 |   document.body.innerHTML = `
      ^
ReferenceError: document is not defined
      at createMinimalDOM (/Users/justin/Documents/Github/Megabonk/tests/helpers/dom-setup.js:6:3)
      at <anonymous> (/Users/justin/Documents/Github/Megabonk/tests/unit/utils.test.js:32:9)
(fail) Utils Module > safeQuerySelector() > should return fallback when not found [1284279923.98ms]
(fail) Utils Module > safeQuerySelector() > should return fallback when not found
1 | /**
2 |  * Creates a minimal DOM structure for testing specific components
3 |  * This is useful when tests need a lighter-weight DOM than the full index.html
4 |  */
5 | export function createMinimalDOM() {
6 |   document.body.innerHTML = `
      ^
ReferenceError: document is not defined
      at createMinimalDOM (/Users/justin/Documents/Github/Megabonk/tests/helpers/dom-setup.js:6:3)
      at <anonymous> (/Users/justin/Documents/Github/Megabonk/tests/unit/utils.test.js:32:9)
(fail) Utils Module > safeQuerySelector() > should search within context element [1284279923.99ms]
(fail) Utils Module > safeQuerySelector() > should search within context element
1 | /**
2 |  * Creates a minimal DOM structure for testing specific components
3 |  * This is useful when tests need a lighter-weight DOM than the full index.html
4 |  */
5 | export function createMinimalDOM() {
6 |   document.body.innerHTML = `
      ^
ReferenceError: document is not defined
      at createMinimalDOM (/Users/justin/Documents/Github/Megabonk/tests/helpers/dom-setup.js:6:3)
      at <anonymous> (/Users/justin/Documents/Github/Megabonk/tests/unit/utils.test.js:32:9)
(fail) Utils Module > safeQuerySelector() > should return null when not found and no fallback [1284279924.03ms]
(fail) Utils Module > Ä[@/  eturn null when not found and no fallback
1 | /**
2 |  * Creates a minimal DOM structure for testing specific components
3 |  * This is useful when tests need a lighter-weight DOM than the full index.html
4 |  */
5 | export function createMinimalDOM() {
6 |   document.body.innerHTML = `
      ^
ReferenceError: document is not defined
      at createMinimalDOM (/Users/justin/Documents/Github/Megabonk/tests/helpers/dom-setup.js:6:3)
      at <anonymous> (/Users/justin/Documents/Github/Megabonk/tests/unit/utils.test.js:32:9)
(fail) Utils Module > safeQuerySelectorAll() > should return NodeList-like object [1284279924.04ms]
(fail) Utils Module > safeQuerySelectorAll() > should return NodeList-like object
1 | /**
2 |  * Creates a minimal DOM structure for testing specific components
3 |  * This is useful when tests need a lighter-weight DOM than the full index.html
4 |  */
5 | export function createMinimalDOM() {
6 |   document.body.innerHTML = `
      ^
ReferenceError: document is not defined
      at createMinimalDOM (/Users/justin/Documents/Github/Megabonk/tests/helpers/dom-setup.js:6:3)
      at <anonymous> (/Users/justin/Documents/Github/Megabonk/tests/unit/utils.test.js:32:9)
(fail) Utils Module > safeQuerySelectorAll() > should return empty collection when none found [1284279924.06ms]
(fail) Utils Module > safeQuerySelectorAll() > should return empty collection when none found
1 | /**
2 |  * Creates a minimal DOM structure for testing specific components
3 |  * This is useful when tests need a lighter-weight DOM than the full index.html
4 |  */
5 | export function createMinimalDOM() {
6 |   document.body.innerHTML = `
      ^
ReferenceError: document is not defined
      at createMinimalDOM (/Users/justin/Documents/Github/Megabonk/tests/helpers/dom-setup.js:6:3)
      at <anonymous> (/Users/justin/Documents/Github/Megabonk/tests/unit/utils.test.js:32:9)
(fail) Utils Module > safeQuerySelectorAll() > should search within context element [1284279924.07ms]
(fail) Utils Module >  %@/  earch within context element
1 | /**
2 |  * Creates a minimal DOM structure for testing specific components
3 |  * This is useful when tests need a lighter-weight DOM than the full index.html
4 |  */
5 | export function createMinimalDOM() {
6 |   document.body.innerHTML = `
      ^
ReferenceError: document is not defined
      at createMinimalDOM (/Users/justin/Documents/Github/Megabonk/tests/helpers/dom-setup.js:6:3)
      at <anonymous> (/Users/justin/Documents/Github/Megabonk/tests/unit/utils.test.js:32:9)
(fail) Utils Module > safeSetValue() > should set value on input element [1284279924.09ms]
(fail) Utils Module > safeSetValue() > should set value on input element
1 | /**
2 |  * Creates a minimal DOM structure for testing specific components
3 |  * This is useful when tests need a lighter-weight DOM than the full index.html
4 |  */
5 | export function createMinimalDOM() {
6 |   document.body.innerHTML = `
      ^
ReferenceError: document is not defined
      at createMinimalDOM (/Users/justin/Documents/Github/Megabonk/tests/helpers/dom-setup.js:6:3)
      at <anonymous> (/Users/justin/Documents/Github/Megabonk/tests/unit/utils.test.js:32:9)
(fail) Utils Module > safeSetValue() > should convert number to string [1284279924.11ms]
(fail) Utils Module > safeSetValue() > should convert number to string
1 | /**
2 |  * Creates a minimal DOM structure for testing specific components
3 |  * This is useful when tests need a lighter-weight DOM than the full index.html
4 |  */
5 | export function createMinimalDOM() {
6 |   document.body.innerHTML = `
      ^
ReferenceError: document is not defined
      at createMinimalDOM (/Users/justin/Documents/Github/Megabonk/tests/helpers/dom-setup.js:6:3)
      at <anonymous> (/Users/justin/Documents/Github/Megabonk/tests/unit/utils.test.js:32:9)
(fail) Utils Module > safeSetValue() > should not throw when element not found [1284279924.12ms]
(fail) Utils Module > Ä%@/  ot throw when element not found
1 | /**
2 |  * Creates a minimal DOM structure for testing specific components
3 |  * This is useful when tests need a lighter-weight DOM than the full index.html
4 |  */
5 | export function createMinimalDOM() {
6 |   document.body.innerHTML = `
      ^
ReferenceError: document is not defined
      at createMinimalDOM (/Users/justin/Documents/Github/Megabonk/tests/helpers/dom-setup.js:6:3)
      at <anonymous> (/Users/justin/Documents/Github/Megabonk/tests/unit/utils.test.js:32:9)
(fail) Utils Module > safeSetHTML() > should set innerHTML on element [1284279924.13ms]
(fail) Utils Module > safeSetHTML() > should set innerHTML on element
1 | /**
2 |  * Creates a minimal DOM structure for testing specific components
3 |  * This is useful when tests need a lighter-weight DOM than the full index.html
4 |  */
5 | export function createMinimalDOM() {
6 |   document.body.innerHTML = `
      ^
ReferenceError: document is not defined
      at createMinimalDOM (/Users/justin/Documents/Github/Megabonk/tests/helpers/dom-setup.js:6:3)
      at <anonymous> (/Users/justin/Documents/Github/Megabonk/tests/unit/utils.test.js:32:9)
(fail) Utils Module > safeSetHTML() > should not throw when element not found [1284279924.14ms]
(fail) Utils Module > ∞%@/  ot throw when element not found
1 | /**
2 |  * Creates a minimal DOM structure for testing specific components
3 |  * This is useful when tests need a lighter-weight DOM than the full index.html
4 |  */
5 | export function createMinimalDOM() {
6 |   document.body.innerHTML = `
      ^
ReferenceError: document is not defined
      at createMinimalDOM (/Users/justin/Documents/Github/Megabonk/tests/helpers/dom-setup.js:6:3)
      at <anonymous> (/Users/justin/Documents/Github/Megabonk/tests/unit/utils.test.js:32:9)
(fail) Utils Module > escapeHtml() > should escape < and > characters [1284279924.16ms]
(fail) Utils Module > escapeHtml() > should escape < and > characters
1 | /**
2 |  * Creates a minimal DOM structure for testing specific components
3 |  * This is useful when tests need a lighter-weight DOM than the full index.html
4 |  */
5 | export function createMinimalDOM() {
6 |   document.body.innerHTML = `
      ^
ReferenceError: document is not defined
      at createMinimalDOM (/Users/justin/Documents/Github/Megabonk/tests/helpers/dom-setup.js:6:3)
      at <anonymous> (/Users/justin/Documents/Github/Megabonk/tests/unit/utils.test.js:32:9)
(fail) Utils Module > escapeHtml() > should escape & character [1284279924.17ms]
(fail) Utils Module > escapeHtml() > should escape & character
1 | /**
2 |  * Creates a minimal DOM structure for testing specific components
3 |  * This is useful when tests need a lighter-weight DOM than the full index.html
4 |  */
5 | export function createMinimalDOM() {
6 |   document.body.innerHTML = `
      ^
ReferenceError: document is not defined
      at createMinimalDOM (/Users/justin/Documents/Github/Megabonk/tests/helpers/dom-setup.js:6:3)
      at <anonymous> (/Users/justin/Documents/Github/Megabonk/tests/unit/utils.test.js:32:9)
(fail) Utils Module > escapeHtml() > should escape double quotes [1284279924.19ms]
(fail) Utils Module > escapeHtml() > should escape double quotes
1 | /**
2 |  * Creates a minimal DOM structure for testing specific components
3 |  * This is useful when tests need a lighter-weight DOM than the full index.html
4 |  */
5 | export function createMinimalDOM() {
6 |   document.body.innerHTML = `
      ^
ReferenceError: document is not defined
      at createMinimalDOM (/Users/justin/Documents/Github/Megabonk/tests/helpers/dom-setup.js:6:3)
      at <anonymous> (/Users/justin/Documents/Github/Megabonk/tests/unit/utils.test.js:32:9)
(fail) Utils Module > escapeHtml() > should return empty string for null/undefined [1284279924.21ms]
(fail) Utils Module > escapeHtml() > should return empty string for null/undefined
1 | /**
2 |  * Creates a minimal DOM structure for testing specific components
3 |  * This is useful when tests need a lighter-weight DOM than the full index.html
4 |  */
5 | export function createMinimalDOM() {
6 |   document.body.innerHTML = `
      ^
ReferenceError: document is not defined
      at createMinimalDOM (/Users/justin/Documents/Github/Megabonk/tests/helpers/dom-setup.js:6:3)
      at <anonymous> (/Users/justin/Documents/Github/Megabonk/tests/unit/utils.test.js:32:9)
(fail) Utils Module > escapeHtml() > should return empty string for empty string [1284279924.22ms]
(fail) Utils Module > escapeHtml() > should return empty string for empty string
1 | /**
2 |  * Creates a minimal DOM structure for testing specific components
3 |  * This is useful when tests need a lighter-weight DOM than the full index.html
4 |  */
5 | export function createMinimalDOM() {
6 |   document.body.innerHTML = `
      ^
ReferenceError: document is not defined
      at createMinimalDOM (/Users/justin/Documents/Github/Megabonk/tests/helpers/dom-setup.js:6:3)
      at <anonymous> (/Users/justin/Documents/Github/Megabonk/tests/unit/utils.test.js:32:9)
(fail) Utils Module > escapeHtml() > should handle plain text without special characters [1284279924.23ms]
(fail) Utils Module > ¿[@/  andle plain text without special characters
1 | /**
2 |  * Creates a minimal DOM structure for testing specific components
3 |  * This is useful when tests need a lighter-weight DOM than the full index.html
4 |  */
5 | export function createMinimalDOM() {
6 |   document.body.innerHTML = `
      ^
ReferenceError: document is not defined
      at createMinimalDOM (/Users/justin/Documents/Github/Megabonk/tests/helpers/dom-setup.js:6:3)
      at <anonymous> (/Users/justin/Documents/Github/Megabonk/tests/unit/utils.test.js:32:9)
(fail) Utils Module > truncateText() > should not truncate short text [1284279924.24ms]
(fail) Utils Module > truncateText() > should not truncate short text
1 | /**
2 |  * Creates a minimal DOM structure for testing specific components
3 |  * This is useful when tests need a lighter-weight DOM than the full index.html
4 |  */
5 | export function createMinimalDOM() {
6 |   document.body.innerHTML = `
      ^
ReferenceError: document is not defined
      at createMinimalDOM (/Users/justin/Documents/Github/Megabonk/tests/helpers/dom-setup.js:6:3)
      at <anonymous> (/Users/justin/Documents/Github/Megabonk/tests/unit/utils.test.js:32:9)
(fail) Utils Module > truncateText() > should truncate long text with ellipsis [1284279924.26ms]
(fail) Utils Module > truncateText() > should truncate long text with ellipsis
1 | /**
2 |  * Creates a minimal DOM structure for testing specific components
3 |  * This is useful when tests need a lighter-weight DOM than the full index.html
4 |  */
5 | export function createMinimalDOM() {
6 |   document.body.innerHTML = `
      ^
ReferenceError: document is not defined
      at createMinimalDOM (/Users/justin/Documents/Github/Megabonk/tests/helpers/dom-setup.js:6:3)
      at <anonymous> (/Users/justin/Documents/Github/Megabonk/tests/unit/utils.test.js:32:9)
(fail) Utils Module > truncateText() > should return needsExpand flag [1284279924.28ms]
(fail) Utils Module > truncateText() > should return needsExpand flag
1 | /**
2 |  * Creates a minimal DOM structure for testing specific components
3 |  * This is useful when tests need a lighter-weight DOM than the full index.html
4 |  */
5 | export function createMinimalDOM() {
6 |   document.body.innerHTML = `
      ^
ReferenceError: document is not defined
      at createMinimalDOM (/Users/justin/Documents/Github/Megabonk/tests/helpers/dom-setup.js:6:3)
      at <anonymous> (/Users/justin/Documents/Github/Megabonk/tests/unit/utils.test.js:32:9)
(fail) Utils Module > truncateText() > should preserve fullText [1284279924.29ms]
(fail) Utils Module > truncateText() > should preserve fullText
1 | /**
2 |  * Creates a minimal DOM structure for testing specific components
3 |  * This is useful when tests need a lighter-weight DOM than the full index.html
4 |  */
5 | export function createMinimalDOM() {
6 |   document.body.innerHTML = `
      ^
ReferenceError: document is not defined
      at createMinimalDOM (/Users/justin/Documents/Github/Megabonk/tests/helpers/dom-setup.js:6:3)
      at <anonymous> (/Users/justin/Documents/Github/Megabonk/tests/unit/utils.test.js:32:9)
(fail) Utils Module > truncateText() > should handle empty/null input [1284279924.31ms]
(fail) Utils Module > truncateText() > should handle empty/null input
1 | /**
2 |  * Creates a minimal DOM structure for testing specific components
3 |  * This is useful when tests need a lighter-weight DOM than the full index.html
4 |  */
5 | export function createMinimalDOM() {
6 |   document.body.innerHTML = `
      ^
ReferenceError: document is not defined
      at createMinimalDOM (/Users/justin/Documents/Github/Megabonk/tests/helpers/dom-setup.js:6:3)
      at <anonymous> (/Users/justin/Documents/Github/Megabonk/tests/unit/utils.test.js:32:9)
(fail) Utils Module > truncateText() > should use default maxLength of 120 [1284279924.32ms]
(fail) Utils Module > truncateText() > should use default maxLength of 120
1 | /**
2 |  * Creates a minimal DOM structure for testing specific components
3 |  * This is useful when tests need a lighter-weight DOM than the full index.html
4 |  */
5 | export function createMinimalDOM() {
6 |   document.body.innerHTML = `
      ^
ReferenceError: document is not defined
      at createMinimalDOM (/Users/justin/Documents/Github/Megabonk/tests/helpers/dom-setup.js:6:3)
      at <anonymous> (/Users/justin/Documents/Github/Megabonk/tests/unit/utils.test.js:32:9)
(fail) Utils Module > truncateText() > should not truncate text at exactly maxLength [1284279924.34ms]
(fail) Utils Module > †&@/  ot truncate text at exactly maxLength
1 | /**
2 |  * Creates a minimal DOM structure for testing specific components
3 |  * This is useful when tests need a lighter-weight DOM than the full index.html
4 |  */
5 | export function createMinimalDOM() {
6 |   document.body.innerHTML = `
      ^
ReferenceError: document is not defined
      at createMinimalDOM (/Users/justin/Documents/Github/Megabonk/tests/helpers/dom-setup.js:6:3)
      at <anonymous> (/Users/justin/Documents/Github/Megabonk/tests/unit/utils.test.js:32:9)
(fail) Utils Module > generateExpandableText() > should return simple div for short text [1284279924.35ms]
(fail) Utils Module > generateExpandableText() > should return simple div for short text
1 | /**
2 |  * Creates a minimal DOM structure for testing specific components
3 |  * This is useful when tests need a lighter-weight DOM than the full index.html
4 |  */
5 | export function createMinimalDOM() {
6 |   document.body.innerHTML = `
      ^
ReferenceError: document is not defined
      at createMinimalDOM (/Users/justin/Documents/Github/Megabonk/tests/helpers/dom-setup.js:6:3)
      at <anonymous> (/Users/justin/Documents/Github/Megabonk/tests/unit/utils.test.js:32:9)
(fail) Utils Module > generateExpandableText() > should return expandable div for long text [1284279924.37ms]
(fail) Utils Module > generateExpandableText() > should return expandable div for long text
1 | /**
2 |  * Creates a minimal DOM structure for testing specific components
3 |  * This is useful when tests need a lighter-weight DOM than the full index.html
4 |  */
5 | export function createMinimalDOM() {
6 |   document.body.innerHTML = `
      ^
ReferenceError: document is not defined
      at createMinimalDOM (/Users/justin/Documents/Github/Megabonk/tests/helpers/dom-setup.js:6:3)
      at <anonymous> (/Users/justin/Documents/Github/Megabonk/tests/unit/utils.test.js:32:9)
(fail) Utils Module > generateExpandableText() > should include data-full-text attribute [1284279924.37ms]
(fail) Utils Module > generateExpandableText() > should include data-full-text attribute
1 | /**
2 |  * Creates a minimal DOM structure for testing specific components
3 |  * This is useful when tests need a lighter-weight DOM than the full index.html
4 |  */
5 | export function createMinimalDOM() {
6 |   document.body.innerHTML = `
      ^
ReferenceError: document is not defined
      at createMinimalDOM (/Users/justin/Documents/Github/Megabonk/tests/helpers/dom-setup.js:6:3)
      at <anonymous> (/Users/justin/Documents/Github/Megabonk/tests/unit/utils.test.js:32:9)
(fail) Utils Module > generateExpandableText() > should include expand indicator [1284279924.39ms]
(fail) Utils Module > generateExpandableText() > should include expand indicator
1 | /**
2 |  * Creates a minimal DOM structure for testing specific components
3 |  * This is useful when tests need a lighter-weight DOM than the full index.html
4 |  */
5 | export function createMinimalDOM() {
6 |   document.body.innerHTML = `
      ^
ReferenceError: document is not defined
      at createMinimalDOM (/Users/justin/Documents/Github/Megabonk/tests/helpers/dom-setup.js:6:3)
      at <anonymous> (/Users/justin/Documents/Github/Megabonk/tests/unit/utils.test.js:32:9)
(fail) Utils Module > generateExpandableText() > should include data-action attribute for event delegation [1284279924.41ms]
(fail) Utils Module > generateExpandableText() > should include data-action attribute for event delegation
1 | /**
2 |  * Creates a minimal DOM structure for testing specific components
3 |  * This is useful when tests need a lighter-weight DOM than the full index.html
4 |  */
5 | export function createMinimalDOM() {
6 |   document.body.innerHTML = `
      ^
ReferenceError: document is not defined
      at createMinimalDOM (/Users/justin/Documents/Github/Megabonk/tests/helpers/dom-setup.js:6:3)
      at <anonymous> (/Users/justin/Documents/Github/Megabonk/tests/unit/utils.test.js:32:9)
(fail) Utils Module > generateExpandableText() > should escape HTML in full text data attribute [1284279924.42ms]
(fail) Utils Module > `'@/  scape HTML in full text data attribute
1 | /**
2 |  * Creates a minimal DOM structure for testing specific components
3 |  * This is useful when tests need a lighter-weight DOM than the full index.html
4 |  */
5 | export function createMinimalDOM() {
6 |   document.body.innerHTML = `
      ^
ReferenceError: document is not defined
      at createMinimalDOM (/Users/justin/Documents/Github/Megabonk/tests/helpers/dom-setup.js:6:3)
      at <anonymous> (/Users/justin/Documents/Github/Megabonk/tests/unit/utils.test.js:32:9)
(fail) Utils Module > findEntityById() > should find entity in collection [1284279924.44ms]
(fail) Utils Module > findEntityById() > should find entity in collection
1 | /**
2 |  * Creates a minimal DOM structure for testing specific components
3 |  * This is useful when tests need a lighter-weight DOM than the full index.html
4 |  */
5 | export function createMinimalDOM() {
6 |   document.body.innerHTML = `
      ^
ReferenceError: document is not defined
      at createMinimalDOM (/Users/justin/Documents/Github/Megabonk/tests/helpers/dom-setup.js:6:3)
      at <anonymous> (/Users/justin/Documents/Github/Megabonk/tests/unit/utils.test.js:32:9)
(fail) Utils Module > findEntityById() > should return undefined when not found [1284279924.45ms]
(fail) Utils Module > findEntityById() > should return undefined when not found
1 | /**
2 |  * Creates a minimal DOM structure for testing specific components
3 |  * This is useful when tests need a lighter-weight DOM than the full index.html
4 |  */
5 | export function createMinimalDOM() {
6 |   document.body.innerHTML = `
      ^
ReferenceError: document is not defined
      at createMinimalDOM (/Users/justin/Documents/Github/Megabonk/tests/helpers/dom-setup.js:6:3)
      at <anonymous> (/Users/justin/Documents/Github/Megabonk/tests/unit/utils.test.js:32:9)
(fail) Utils Module > findEntityById() > should handle null/undefined collection [1284279924.46ms]
(fail) Utils Module > findEntityById() > should handle null/undefined collection
1 | /**
2 |  * Creates a minimal DOM structure for testing specific components
3 |  * This is useful when tests need a lighter-weight DOM than the full index.html
4 |  */
5 | export function createMinimalDOM() {
6 |   document.body.innerHTML = `
      ^
ReferenceError: document is not defined
      at createMinimalDOM (/Users/justin/Documents/Github/Megabonk/tests/helpers/dom-setup.js:6:3)
      at <anonymous> (/Users/justin/Documents/Github/Megabonk/tests/unit/utils.test.js:32:9)
(fail) Utils Module > findEntityById() > should handle missing key in collection [1284279924.47ms]
(fail) Utils Module > findEntityById() > should handle missing key in collection
1 | /**
2 |  * Creates a minimal DOM structure for testing specific components
3 |  * This is useful when tests need a lighter-weight DOM than the full index.html
4 |  */
5 | export function createMinimalDOM() {
6 |   document.body.innerHTML = `
      ^
ReferenceError: document is not defined
      at createMinimalDOM (/Users/justin/Documents/Github/Megabonk/tests/helpers/dom-setup.js:6:3)
      at <anonymous> (/Users/justin/Documents/Github/Megabonk/tests/unit/utils.test.js:32:9)
(fail) Utils Module > findEntityById() > should handle empty array [1284279924.48ms]
(fail) Utils Module >  
@/  andle empty array
1 | /**
2 |  * Creates a minimal DOM structure for testing specific components
3 |  * This is useful when tests need a lighter-weight DOM than the full index.html
4 |  */
5 | export function createMinimalDOM() {
6 |   document.body.innerHTML = `
      ^
ReferenceError: document is not defined
      at createMinimalDOM (/Users/justin/Documents/Github/Megabonk/tests/helpers/dom-setup.js:6:3)
      at <anonymous> (/Users/justin/Documents/Github/Megabonk/tests/unit/utils.test.js:32:9)
(fail) Utils Module > generateEmptyState() > should include icon [1284279924.50ms]
(fail) Utils Module > generateEmptyState() > should include icon
1 | /**
2 |  * Creates a minimal DOM structure for testing specific components
3 |  * This is useful when tests need a lighter-weight DOM than the full index.html
4 |  */
5 | export function createMinimalDOM() {
6 |   document.body.innerHTML = `
      ^
ReferenceError: document is not defined
      at createMinimalDOM (/Users/justin/Documents/Github/Megabonk/tests/helpers/dom-setup.js:6:3)
      at <anonymous> (/Users/justin/Documents/Github/Megabonk/tests/unit/utils.test.js:32:9)
(fail) Utils Module > generateEmptyState() > should include entity type in heading [1284279924.51ms]
(fail) Utils Module > generateEmptyState() > should include entity type in heading
1 | /**
2 |  * Creates a minimal DOM structure for testing specific components
3 |  * This is useful when tests need a lighter-weight DOM than the full index.html
4 |  */
5 | export function createMinimalDOM() {
6 |   document.body.innerHTML = `
      ^
ReferenceError: document is not defined
      at createMinimalDOM (/Users/justin/Documents/Github/Megabonk/tests/helpers/dom-setup.js:6:3)
      at <anonymous> (/Users/justin/Documents/Github/Megabonk/tests/unit/utils.test.js:32:9)
(fail) Utils Module > generateEmptyState() > should include clear filters button [1284279924.52ms]
(fail) Utils Module > generateEmptyState() > should include clear filters button
1 | /**
2 |  * Creates a minimal DOM structure for testing specific components
3 |  * This is useful when tests need a lighter-weight DOM than the full index.html
4 |  */
5 | export function createMinimalDOM() {
6 |   document.body.innerHTML = `
      ^
ReferenceError: document is not defined
      at createMinimalDOM (/Users/justin/Documents/Github/Megabonk/tests/helpers/dom-setup.js:6:3)
      at <anonymous> (/Users/justin/Documents/Github/Megabonk/tests/unit/utils.test.js:32:9)
(fail) Utils Module > generateEmptyState() > should have correct CSS classes [1284279924.53ms]
(fail) Utils Module > generateEmptyState() > should have correct CSS classes
1 | /**
2 |  * Creates a minimal DOM structure for testing specific components
3 |  * This is useful when tests need a lighter-weight DOM than the full index.html
4 |  */
5 | export function createMinimalDOM() {
6 |   document.body.innerHTML = `
      ^
ReferenceError: document is not defined
      at createMinimalDOM (/Users/justin/Documents/Github/Megabonk/tests/helpers/dom-setup.js:6:3)
      at <anonymous> (/Users/justin/Documents/Github/Megabonk/tests/unit/utils.test.js:32:9)
(fail) Utils Module > generateEmptyState() > should include helpful message [1284279924.55ms]
(fail) Utils Module > @@/  nclude helpful message
1 | /**
2 |  * Creates a minimal DOM structure for testing specific components
3 |  * This is useful when tests need a lighter-weight DOM than the full index.html
4 |  */
5 | export function createMinimalDOM() {
6 |   document.body.innerHTML = `
      ^
ReferenceError: document is not defined
      at createMinimalDOM (/Users/justin/Documents/Github/Megabonk/tests/helpers/dom-setup.js:6:3)
      at <anonymous> (/Users/justin/Documents/Github/Megabonk/tests/unit/utils.test.js:32:9)
(fail) Utils Module > sortData() > should sort by name alphabetically [1284279924.56ms]
(fail) Utils Module > sortData() > should sort by name alphabetically
1 | /**
2 |  * Creates a minimal DOM structure for testing specific components
3 |  * This is useful when tests need a lighter-weight DOM than the full index.html
4 |  */
5 | export function createMinimalDOM() {
6 |   document.body.innerHTML = `
      ^
ReferenceError: document is not defined
      at createMinimalDOM (/Users/justin/Documents/Github/Megabonk/tests/helpers/dom-setup.js:6:3)
      at <anonymous> (/Users/justin/Documents/Github/Megabonk/tests/unit/utils.test.js:32:9)
(fail) Utils Module > sortData() > should sort by tier (SS first) [1284279924.57ms]
(fail) Utils Module > sortData() > should sort by tier (SS first)
1 | /**
2 |  * Creates a minimal DOM structure for testing specific components
3 |  * This is useful when tests need a lighter-weight DOM than the full index.html
4 |  */
5 | export function createMinimalDOM() {
6 |   document.body.innerHTML = `
      ^
ReferenceError: document is not defined
      at createMinimalDOM (/Users/justin/Documents/Github/Megabonk/tests/helpers/dom-setup.js:6:3)
      at <anonymous> (/Users/justin/Documents/Github/Megabonk/tests/unit/utils.test.js:32:9)
(fail) Utils Module > sortData() > should sort by rarity (legendary first) [1284279924.58ms]
(fail) Utils Module > sortData() > should sort by rarity (legendary first)
1 | /**
2 |  * Creates a minimal DOM structure for testing specific components
3 |  * This is useful when tests need a lighter-weight DOM than the full index.html
4 |  */
5 | export function createMinimalDOM() {
6 |   document.body.innerHTML = `
      ^
ReferenceError: document is not defined
      at createMinimalDOM (/Users/justin/Documents/Github/Megabonk/tests/helpers/dom-setup.js:6:3)
      at <anonymous> (/Users/justin/Documents/Github/Megabonk/tests/unit/utils.test.js:32:9)
(fail) Utils Module > sortData() > should handle unknown tier/rarity values [1284279924.60ms]
(fail) Utils Module > sortData() > should handle unknown tier/rarity values
1 | /**
2 |  * Creates a minimal DOM structure for testing specific components
3 |  * This is useful when tests need a lighter-weight DOM than the full index.html
4 |  */
5 | export function createMinimalDOM() {
6 |   document.body.innerHTML = `
      ^
ReferenceError: document is not defined
      at createMinimalDOM (/Users/justin/Documents/Github/Megabonk/tests/helpers/dom-setup.js:6:3)
      at <anonymous> (/Users/justin/Documents/Github/Megabonk/tests/unit/utils.test.js:32:9)
(fail) Utils Module > sortData() > should not modify original array [1284279924.61ms]
(fail) Utils Module > sortData() > should not modify original array
1 | /**
2 |  * Creates a minimal DOM structure for testing specific components
3 |  * This is useful when tests need a lighter-weight DOM than the full index.html
4 |  */
5 | export function createMinimalDOM() {
6 |   document.body.innerHTML = `
      ^
ReferenceError: document is not defined
      at createMinimalDOM (/Users/justin/Documents/Github/Megabonk/tests/helpers/dom-setup.js:6:3)
      at <anonymous> (/Users/justin/Documents/Github/Megabonk/tests/unit/utils.test.js:32:9)
(fail) Utils Module > sortData() > should return same order for unknown sort type [1284279924.62ms]
(fail) Utils Module > sortData() > should return same order for unknown sort type
1 | /**
2 |  * Creates a minimal DOM structure for testing specific components
3 |  * This is useful when tests need a lighter-weight DOM than the full index.html
4 |  */
5 | export function createMinimalDOM() {
6 |   document.body.innerHTML = `
      ^
ReferenceError: document is not defined
      at createMinimalDOM (/Users/justin/Documents/Github/Megabonk/tests/helpers/dom-setup.js:6:3)
      at <anonymous> (/Users/justin/Documents/Github/Megabonk/tests/unit/utils.test.js:32:9)
(fail) Utils Module > sortData() > should handle empty array [1284279924.63ms]
(fail) Utils Module > ‡@/  andle empty array
1 | /**
2 |  * Creates a minimal DOM structure for testing specific components
3 |  * This is useful when tests need a lighter-weight DOM than the full index.html
4 |  */
5 | export function createMinimalDOM() {
6 |   document.body.innerHTML = `
      ^
ReferenceError: document is not defined
      at createMinimalDOM (/Users/justin/Documents/Github/Megabonk/tests/helpers/dom-setup.js:6:3)
      at <anonymous> (/Users/justin/Documents/Github/Megabonk/tests/unit/utils.test.js:32:9)
(fail) Utils Module > generateTierLabel() > should generate correct tier label HTML [1284279924.65ms]
(fail) Utils Module > generateTierLabel() > should generate correct tier label HTML
1 | /**
2 |  * Creates a minimal DOM structure for testing specific components
3 |  * This is useful when tests need a lighter-weight DOM than the full index.html
4 |  */
5 | export function createMinimalDOM() {
6 |   document.body.innerHTML = `
      ^
ReferenceError: document is not defined
      at createMinimalDOM (/Users/justin/Documents/Github/Megabonk/tests/helpers/dom-setup.js:6:3)
      at <anonymous> (/Users/justin/Documents/Github/Megabonk/tests/unit/utils.test.js:32:9)
(fail) Utils Module > generateTierLabel() > should handle all tier values [1284279924.66ms]
(fail) Utils Module > †@/  andle all tier values
1 | /**
2 |  * Creates a minimal DOM structure for testing specific components
3 |  * This is useful when tests need a lighter-weight DOM than the full index.html
4 |  */
5 | export function createMinimalDOM() {
6 |   document.body.innerHTML = `
      ^
ReferenceError: document is not defined
      at createMinimalDOM (/Users/justin/Documents/Github/Megabonk/tests/helpers/dom-setup.js:6:3)
      at <anonymous> (/Users/justin/Documents/Github/Megabonk/tests/unit/utils.test.js:32:9)
(fail) Utils Module > generateBadge() > should generate badge with text [1284279924.67ms]
(fail) Utils Module > generateBadge() > should generate badge with text
1 | /**
2 |  * Creates a minimal DOM structure for testing specific components
3 |  * This is useful when tests need a lighter-weight DOM than the full index.html
4 |  */
5 | export function createMinimalDOM() {
6 |   document.body.innerHTML = `
      ^
ReferenceError: document is not defined
      at createMinimalDOM (/Users/justin/Documents/Github/Megabonk/tests/helpers/dom-setup.js:6:3)
      at <anonymous> (/Users/justin/Documents/Github/Megabonk/tests/unit/utils.test.js:32:9)
(fail) Utils Module > generateBadge() > should include additional class [1284279924.68ms]
(fail) Utils Module > Ä@/  nclude additional class
1 | /**
2 |  * Creates a minimal DOM structure for testing specific components
3 |  * This is useful when tests need a lighter-weight DOM than the full index.html
4 |  */
5 | export function createMinimalDOM() {
6 |   document.body.innerHTML = `
      ^
ReferenceError: document is not defined
      at createMinimalDOM (/Users/justin/Documents/Github/Megabonk/tests/helpers/dom-setup.js:6:3)
      at <anonymous> (/Users/justin/Documents/Github/Megabonk/tests/unit/utils.test.js:32:9)
(fail) Utils Module > generateMetaTags() > should generate tags from array [1284279924.69ms]
(fail) Utils Module > generateMetaTags() > should generate tags from array
1 | /**
2 |  * Creates a minimal DOM structure for testing specific components
3 |  * This is useful when tests need a lighter-weight DOM than the full index.html
4 |  */
5 | export function createMinimalDOM() {
6 |   document.body.innerHTML = `
      ^
ReferenceError: document is not defined
      at createMinimalDOM (/Users/justin/Documents/Github/Megabonk/tests/helpers/dom-setup.js:6:3)
      at <anonymous> (/Users/justin/Documents/Github/Megabonk/tests/unit/utils.test.js:32:9)
(fail) Utils Module > generateMetaTags() > should limit tags when specified [1284279924.70ms]
(fail) Utils Module > generateMetaTags() > should limit tags when specified
1 | /**
2 |  * Creates a minimal DOM structure for testing specific components
3 |  * This is useful when tests need a lighter-weight DOM than the full index.html
4 |  */
5 | export function createMinimalDOM() {
6 |   document.body.innerHTML = `
      ^
ReferenceError: document is not defined
      at createMinimalDOM (/Users/justin/Documents/Github/Megabonk/tests/helpers/dom-setup.js:6:3)
      at <anonymous> (/Users/justin/Documents/Github/Megabonk/tests/unit/utils.test.js:32:9)
(fail) Utils Module > generateMetaTags() > should return empty string for null/undefined [1284279924.72ms]
(fail) Utils Module > generateMetaTags() > should return empty string for null/undefined
1 | /**
2 |  * Creates a minimal DOM structure for testing specific components
3 |  * This is useful when tests need a lighter-weight DOM than the full index.html
4 |  */
5 | export function createMinimalDOM() {
6 |   document.body.innerHTML = `
      ^
ReferenceError: document is not defined
      at createMinimalDOM (/Users/justin/Documents/Github/Megabonk/tests/helpers/dom-setup.js:6:3)
      at <anonymous> (/Users/justin/Documents/Github/Megabonk/tests/unit/utils.test.js:32:9)
(fail) Utils Module > generateMetaTags() > should return empty string for empty array [1284279924.73ms]
(fail) Utils Module > generateMetaTags() > should return empty string for empty array
1 | /**
2 |  * Creates a minimal DOM structure for testing specific components
3 |  * This is useful when tests need a lighter-weight DOM than the full index.html
4 |  */
5 | export function createMinimalDOM() {
6 |   document.body.innerHTML = `
      ^
ReferenceError: document is not defined
      at createMinimalDOM (/Users/justin/Documents/Github/Megabonk/tests/helpers/dom-setup.js:6:3)
      at <anonymous> (/Users/justin/Documents/Github/Megabonk/tests/unit/utils.test.js:32:9)
(fail) Utils Module > generateMetaTags() > should show all tags when limit is 0 [1284279924.74ms]
(fail) Utils Module > †)@/  how all tags when limit is 0
1 | /**
2 |  * Creates a minimal DOM structure for testing specific components
3 |  * This is useful when tests need a lighter-weight DOM than the full index.html
4 |  */
5 | export function createMinimalDOM() {
6 |   document.body.innerHTML = `
      ^
ReferenceError: document is not defined
      at createMinimalDOM (/Users/justin/Documents/Github/Megabonk/tests/helpers/dom-setup.js:6:3)
      at <anonymous> (/Users/justin/Documents/Github/Megabonk/tests/unit/utils.test.js:32:9)
(fail) Utils Module > generateModalImage() > should generate modal image HTML for entity with image [1284279924.75ms]
(fail) Utils Module > generateModalImage() > should generate modal image HTML for entity with image
1 | /**
2 |  * Creates a minimal DOM structure for testing specific components
3 |  * This is useful when tests need a lighter-weight DOM than the full index.html
4 |  */
5 | export function createMinimalDOM() {
6 |   document.body.innerHTML = `
      ^
ReferenceError: document is not defined
      at createMinimalDOM (/Users/justin/Documents/Github/Megabonk/tests/helpers/dom-setup.js:6:3)
      at <anonymous> (/Users/justin/Documents/Github/Megabonk/tests/unit/utils.test.js:32:9)
(fail) Utils Module > generateModalImage() > should return empty string for null entity [1284279924.77ms]
(fail) Utils Module > generateModalImage() > should return empty string for null entity
1 | /**
2 |  * Creates a minimal DOM structure for testing specific components
3 |  * This is useful when tests need a lighter-weight DOM than the full index.html
4 |  */
5 | export function createMinimalDOM() {
6 |   document.body.innerHTML = `
      ^
ReferenceError: document is not defined
      at createMinimalDOM (/Users/justin/Documents/Github/Megabonk/tests/helpers/dom-setup.js:6:3)
      at <anonymous> (/Users/justin/Documents/Github/Megabonk/tests/unit/utils.test.js:32:9)
(fail) Utils Module > generateModalImage() > should return empty string for entity without image [1284279924.78ms]
(fail) Utils Module > Ä([@/  eturn empty string for entity without image
1 | /**
2 |  * Creates a minimal DOM structure for testing specific components
3 |  * This is useful when tests need a lighter-weight DOM than the full index.html
4 |  */
5 | export function createMinimalDOM() {
6 |   document.body.innerHTML = `
      ^
ReferenceError: document is not defined
      at createMinimalDOM (/Users/justin/Documents/Github/Megabonk/tests/helpers/dom-setup.js:6:3)
      at <anonymous> (/Users/justin/Documents/Github/Megabonk/tests/unit/utils.test.js:32:9)
(fail) Utils Module > debounce() > should delay function execution [1284279924.79ms]

# Unhandled error between tests
-------------------------------
519 |         beforeEach(() => {
520 |             vi.useFakeTimers();
521 |         });
522 | 
523 |         afterEach(() => {
524 |             vi.useRealTimers();
                     ^
TypeError: vi.useRealTimers is not a function. (In 'vi.useRealTimers()', 'vi.useRealTimers' is undefined)
      at <anonymous> (/Users/justin/Documents/Github/Megabonk/tests/unit/utils.test.js:524:16)
-------------------------------

(fail) Utils Module > debounce() > should delay function execution
1 | /**
2 |  * Creates a minimal DOM structure for testing specific components
3 |  * This is useful when tests need a lighter-weight DOM than the full index.html
4 |  */
5 | export function createMinimalDOM() {
6 |   document.body.innerHTML = `
      ^
ReferenceError: document is not defined
      at createMinimalDOM (/Users/justin/Documents/Github/Megabonk/tests/helpers/dom-setup.js:6:3)
      at <anonymous> (/Users/justin/Documents/Github/Megabonk/tests/unit/utils.test.js:32:9)
(fail) Utils Module > debounce() > should only call function once after rapid calls [1284279924.83ms]

# Unhandled error between tests
-------------------------------
519 |         beforeEach(() => {
520 |             vi.useFakeTimers();
521 |         });
522 | 
523 |         afterEach(() => {
524 |             vi.useRealTimers();
                     ^
TypeError: vi.useRealTimers is not a function. (In 'vi.useRealTimers()', 'vi.useRealTimers' is undefined)
      at <anonymous> (/Users/justin/Documents/Github/Megabonk/tests/unit/utils.test.js:524:16)
-------------------------------

(fail) Utils Module > debounce() > should only call function once after rapid calls
1 | /**
2 |  * Creates a minimal DOM structure for testing specific components
3 |  * This is useful when tests need a lighter-weight DOM than the full index.html
4 |  */
5 | export function createMinimalDOM() {
6 |   document.body.innerHTML = `
      ^
ReferenceError: document is not defined
      at createMinimalDOM (/Users/justin/Documents/Github/Megabonk/tests/helpers/dom-setup.js:6:3)
      at <anonymous> (/Users/justin/Documents/Github/Megabonk/tests/unit/utils.test.js:32:9)
(fail) Utils Module > debounce() > should pass arguments to debounced function [1284279924.87ms]

# Unhandled error between tests
-------------------------------
519 |         beforeEach(() => {
520 |             vi.useFakeTimers();
521 |         });
522 | 
523 |         afterEach(() => {
524 |             vi.useRealTimers();
                     ^
TypeError: vi.useRealTimers is not a function. (In 'vi.useRealTimers()', 'vi.useRealTimers' is undefined)
      at <anonymous> (/Users/justin/Documents/Github/Megabonk/tests/unit/utils.test.js:524:16)
-------------------------------

(fail) Utils Module > ¿*@/  ass arguments to debounced function
1 | /**
2 |  * Creates a minimal DOM structure for testing specific components
3 |  * This is useful when tests need a lighter-weight DOM than the full index.html
4 |  */
5 | export function createMinimalDOM() {
6 |   document.body.innerHTML = `
      ^
ReferenceError: document is not defined
      at createMinimalDOM (/Users/justin/Documents/Github/Megabonk/tests/helpers/dom-setup.js:6:3)
      at <anonymous> (/Users/justin/Documents/Github/Megabonk/tests/unit/utils.test.js:32:9)
(fail) Utils Module > isValidExternalUrl() > should accept https URLs [1284279924.89ms]
(fail) Utils Module > isValidExternalUrl() > should accept https URLs
1 | /**
2 |  * Creates a minimal DOM structure for testing specific components
3 |  * This is useful when tests need a lighter-weight DOM than the full index.html
4 |  */
5 | export function createMinimalDOM() {
6 |   document.body.innerHTML = `
      ^
ReferenceError: document is not defined
      at createMinimalDOM (/Users/justin/Documents/Github/Megabonk/tests/helpers/dom-setup.js:6:3)
      at <anonymous> (/Users/justin/Documents/Github/Megabonk/tests/unit/utils.test.js:32:9)
(fail) Utils Module > isValidExternalUrl() > should accept http URLs [1284279924.91ms]
(fail) Utils Module > isValidExternalUrl() > should accept http URLs
1 | /**
2 |  * Creates a minimal DOM structure for testing specific components
3 |  * This is useful when tests need a lighter-weight DOM than the full index.html
4 |  */
5 | export function createMinimalDOM() {
6 |   document.body.innerHTML = `
      ^
ReferenceError: document is not defined
      at createMinimalDOM (/Users/justin/Documents/Github/Megabonk/tests/helpers/dom-setup.js:6:3)
      at <anonymous> (/Users/justin/Documents/Github/Megabonk/tests/unit/utils.test.js:32:9)
(fail) Utils Module > isValidExternalUrl() > should reject javascript: URLs [1284279924.92ms]
(fail) Utils Module > isValidExternalUrl() > should reject javascript: URLs
1 | /**
2 |  * Creates a minimal DOM structure for testing specific components
3 |  * This is useful when tests need a lighter-weight DOM than the full index.html
4 |  */
5 | export function createMinimalDOM() {
6 |   document.body.innerHTML = `
      ^
ReferenceError: document is not defined
      at createMinimalDOM (/Users/justin/Documents/Github/Megabonk/tests/helpers/dom-setup.js:6:3)
      at <anonymous> (/Users/justin/Documents/Github/Megabonk/tests/unit/utils.test.js:32:9)
(fail) Utils Module > isValidExternalUrl() > should reject data: URLs [1284279924.93ms]
(fail) Utils Module > isValidExternalUrl() > should reject data: URLs
1 | /**
2 |  * Creates a minimal DOM structure for testing specific components
3 |  * This is useful when tests need a lighter-weight DOM than the full index.html
4 |  */
5 | export function createMinimalDOM() {
6 |   document.body.innerHTML = `
      ^
ReferenceError: document is not defined
      at createMinimalDOM (/Users/justin/Documents/Github/Megabonk/tests/helpers/dom-setup.js:6:3)
      at <anonymous> (/Users/justin/Documents/Github/Megabonk/tests/unit/utils.test.js:32:9)
(fail) Utils Module > isValidExternalUrl() > should reject null/undefined [1284279924.94ms]
(fail) Utils Module > isValidExternalUrl() > should reject null/undefined
1 | /**
2 |  * Creates a minimal DOM structure for testing specific components
3 |  * This is useful when tests need a lighter-weight DOM than the full index.html
4 |  */
5 | export function createMinimalDOM() {
6 |   document.body.innerHTML = `
      ^
ReferenceError: document is not defined
      at createMinimalDOM (/Users/justin/Documents/Github/Megabonk/tests/helpers/dom-setup.js:6:3)
      at <anonymous> (/Users/justin/Documents/Github/Megabonk/tests/unit/utils.test.js:32:9)
(fail) Utils Module > isValidExternalUrl() > should reject invalid URLs [1284279924.96ms]
(fail) Utils Module >  @/  eject invalid URLs

tests/unit/dom-cache.test.js:
1 | /**
2 |  * Creates a minimal DOM structure for testing specific components
3 |  * This is useful when tests need a lighter-weight DOM than the full index.html
4 |  */
5 | export function createMinimalDOM() {
6 |   document.body.innerHTML = `
      ^
ReferenceError: document is not defined
      at createMinimalDOM (/Users/justin/Documents/Github/Megabonk/tests/helpers/dom-setup.js:6:3)
      at <anonymous> (/Users/justin/Documents/Github/Megabonk/tests/unit/dom-cache.test.js:20:9)
(fail) DOM Cache Module > domCache class > init() > should initialize cache with common elements [1284279941.01ms]
(fail) DOM Cache Module > domCache class > init() > should initialize cache with common elements
1 | /**
2 |  * Creates a minimal DOM structure for testing specific components
3 |  * This is useful when tests need a lighter-weight DOM than the full index.html
4 |  */
5 | export function createMinimalDOM() {
6 |   document.body.innerHTML = `
      ^
ReferenceError: document is not defined
      at createMinimalDOM (/Users/justin/Documents/Github/Megabonk/tests/helpers/dom-setup.js:6:3)
      at <anonymous> (/Users/justin/Documents/Github/Megabonk/tests/unit/dom-cache.test.js:20:9)
(fail) DOM Cache Module > domCache class > init() > should not reinitialize if already initialized [1284279941.12ms]
(fail) DOM Cache Module > domCache class > ê*@/  ot reinitialize if already initialized
1 | /**
2 |  * Creates a minimal DOM structure for testing specific components
3 |  * This is useful when tests need a lighter-weight DOM than the full index.html
4 |  */
5 | export function createMinimalDOM() {
6 |   document.body.innerHTML = `
      ^
ReferenceError: document is not defined
      at createMinimalDOM (/Users/justin/Documents/Github/Megabonk/tests/helpers/dom-setup.js:6:3)
      at <anonymous> (/Users/justin/Documents/Github/Megabonk/tests/unit/dom-cache.test.js:20:9)
(fail) DOM Cache Module > domCache class > get() > should return cached element by key [1284279941.13ms]
(fail) DOM Cache Module > domCache class > get() > should return cached element by key
1 | /**
2 |  * Creates a minimal DOM structure for testing specific components
3 |  * This is useful when tests need a lighter-weight DOM than the full index.html
4 |  */
5 | export function createMinimalDOM() {
6 |   document.body.innerHTML = `
      ^
ReferenceError: document is not defined
      at createMinimalDOM (/Users/justin/Documents/Github/Megabonk/tests/helpers/dom-setup.js:6:3)
      at <anonymous> (/Users/justin/Documents/Github/Megabonk/tests/unit/dom-cache.test.js:20:9)
(fail) DOM Cache Module > domCache class > get() > should return null for uncached key [1284279941.15ms]
(fail) DOM Cache Module > domCache class > get() > should return null for uncached key
1 | /**
2 |  * Creates a minimal DOM structure for testing specific components
3 |  * This is useful when tests need a lighter-weight DOM than the full index.html
4 |  */
5 | export function createMinimalDOM() {
6 |   document.body.innerHTML = `
      ^
ReferenceError: document is not defined
      at createMinimalDOM (/Users/justin/Documents/Github/Megabonk/tests/helpers/dom-setup.js:6:3)
      at <anonymous> (/Users/justin/Documents/Github/Megabonk/tests/unit/dom-cache.test.js:20:9)
(fail) DOM Cache Module > domCache class > get() > should auto-initialize if not initialized [1284279941.17ms]
(fail) DOM Cache Module > domCache class > P+@/  uto-initialize if not initialized
1 | /**
2 |  * Creates a minimal DOM structure for testing specific components
3 |  * This is useful when tests need a lighter-weight DOM than the full index.html
4 |  */
5 | export function createMinimalDOM() {
6 |   document.body.innerHTML = `
      ^
ReferenceError: document is not defined
      at createMinimalDOM (/Users/justin/Documents/Github/Megabonk/tests/helpers/dom-setup.js:6:3)
      at <anonymous> (/Users/justin/Documents/Github/Megabonk/tests/unit/dom-cache.test.js:20:9)
(fail) DOM Cache Module > domCache class > set() > should set custom cached element [1284279941.19ms]
(fail) DOM Cache Module > domCache class > set() > should set custom cached element
1 | /**
2 |  * Creates a minimal DOM structure for testing specific components
3 |  * This is useful when tests need a lighter-weight DOM than the full index.html
4 |  */
5 | export function createMinimalDOM() {
6 |   document.body.innerHTML = `
      ^
ReferenceError: document is not defined
      at createMinimalDOM (/Users/justin/Documents/Github/Megabonk/tests/helpers/dom-setup.js:6:3)
      at <anonymous> (/Users/justin/Documents/Github/Megabonk/tests/unit/dom-cache.test.js:20:9)
(fail) DOM Cache Module > domCache class > set() > should overwrite existing cached element [1284279941.20ms]
(fail) DOM Cache Module > domCache class > Ä+@/  verwrite existing cached element
1 | /**
2 |  * Creates a minimal DOM structure for testing specific components
3 |  * This is useful when tests need a lighter-weight DOM than the full index.html
4 |  */
5 | export function createMinimalDOM() {
6 |   document.body.innerHTML = `
      ^
ReferenceError: document is not defined
      at createMinimalDOM (/Users/justin/Documents/Github/Megabonk/tests/helpers/dom-setup.js:6:3)
      at <anonymous> (/Users/justin/Documents/Github/Megabonk/tests/unit/dom-cache.test.js:20:9)
(fail) DOM Cache Module > domCache class > invalidate() > should remove specific cache entry [1284279941.22ms]
(fail) DOM Cache Module > domCache class > invalidate() > should remove specific cache entry
1 | /**
2 |  * Creates a minimal DOM structure for testing specific components
3 |  * This is useful when tests need a lighter-weight DOM than the full index.html
4 |  */
5 | export function createMinimalDOM() {
6 |   document.body.innerHTML = `
      ^
ReferenceError: document is not defined
      at createMinimalDOM (/Users/justin/Documents/Github/Megabonk/tests/helpers/dom-setup.js:6:3)
      at <anonymous> (/Users/justin/Documents/Github/Megabonk/tests/unit/dom-cache.test.js:20:9)
(fail) DOM Cache Module > domCache class > invalidate() > should not affect other cache entries [1284279941.24ms]
(fail) DOM Cache Module > domCache class > ‡+@/  ot affect other cache entries
1 | /**
2 |  * Creates a minimal DOM structure for testing specific components
3 |  * This is useful when tests need a lighter-weight DOM than the full index.html
4 |  */
5 | export function createMinimalDOM() {
6 |   document.body.innerHTML = `
      ^
ReferenceError: document is not defined
      at createMinimalDOM (/Users/justin/Documents/Github/Megabonk/tests/helpers/dom-setup.js:6:3)
      at <anonymous> (/Users/justin/Documents/Github/Megabonk/tests/unit/dom-cache.test.js:20:9)
(fail) DOM Cache Module > domCache class > invalidateAll() > should clear all cache entries [1284279941.25ms]
(fail) DOM Cache Module > domCache class > invalidateAll() > should clear all cache entries
1 | /**
2 |  * Creates a minimal DOM structure for testing specific components
3 |  * This is useful when tests need a lighter-weight DOM than the full index.html
4 |  */
5 | export function createMinimalDOM() {
6 |   document.body.innerHTML = `
      ^
ReferenceError: document is not defined
      at createMinimalDOM (/Users/justin/Documents/Github/Megabonk/tests/helpers/dom-setup.js:6:3)
      at <anonymous> (/Users/justin/Documents/Github/Megabonk/tests/unit/dom-cache.test.js:20:9)
(fail) DOM Cache Module > domCache class > invalidateAll() > should reset initialized state [1284279941.27ms]
(fail) DOM Cache Module > domCache class > ¿@/  eset initialized state
1 | /**
2 |  * Creates a minimal DOM structure for testing specific components
3 |  * This is useful when tests need a lighter-weight DOM than the full index.html
4 |  */
5 | export function createMinimalDOM() {
6 |   document.body.innerHTML = `
      ^
ReferenceError: document is not defined
      at createMinimalDOM (/Users/justin/Documents/Github/Megabonk/tests/helpers/dom-setup.js:6:3)
      at <anonymous> (/Users/justin/Documents/Github/Megabonk/tests/unit/dom-cache.test.js:20:9)
(fail) DOM Cache Module > domCache class > refresh() > should refresh specific element by ID [1284279941.28ms]
(fail) DOM Cache Module > domCache class > refresh() > should refresh specific element by ID
1 | /**
2 |  * Creates a minimal DOM structure for testing specific components
3 |  * This is useful when tests need a lighter-weight DOM than the full index.html
4 |  */
5 | export function createMinimalDOM() {
6 |   document.body.innerHTML = `
      ^
ReferenceError: document is not defined
      at createMinimalDOM (/Users/justin/Documents/Github/Megabonk/tests/helpers/dom-setup.js:6:3)
      at <anonymous> (/Users/justin/Documents/Github/Megabonk/tests/unit/dom-cache.test.js:20:9)
(fail) DOM Cache Module > domCache class > refresh() > should refresh by CSS selector when isId is false [1284279941.30ms]
(fail) DOM Cache Module > domCache class > refresh() > should refresh by CSS selector when isId is false
1 | /**
2 |  * Creates a minimal DOM structure for testing specific components
3 |  * This is useful when tests need a lighter-weight DOM than the full index.html
4 |  */
5 | export function createMinimalDOM() {
6 |   document.body.innerHTML = `
      ^
ReferenceError: document is not defined
      at createMinimalDOM (/Users/justin/Documents/Github/Megabonk/tests/helpers/dom-setup.js:6:3)
      at <anonymous> (/Users/justin/Documents/Github/Megabonk/tests/unit/dom-cache.test.js:20:9)
(fail) DOM Cache Module > domCache class > refresh() > should delete cache entry if element not found [1284279941.31ms]
(fail) DOM Cache Module > domCache class > @,@/  elete cache entry if element not found
1 | /**
2 |  * Creates a minimal DOM structure for testing specific components
3 |  * This is useful when tests need a lighter-weight DOM than the full index.html
4 |  */
5 | export function createMinimalDOM() {
6 |   document.body.innerHTML = `
      ^
ReferenceError: document is not defined
      at createMinimalDOM (/Users/justin/Documents/Github/Megabonk/tests/helpers/dom-setup.js:6:3)
      at <anonymous> (/Users/justin/Documents/Github/Megabonk/tests/unit/dom-cache.test.js:20:9)
(fail) DOM Cache Module > Helper functions > getSearchInput() > should return search input element [1284279941.33ms]
(fail) DOM Cache Module > Helper functions > p,@/  eturn search input element
1 | /**
2 |  * Creates a minimal DOM structure for testing specific components
3 |  * This is useful when tests need a lighter-weight DOM than the full index.html
4 |  */
5 | export function createMinimalDOM() {
6 |   document.body.innerHTML = `
      ^
ReferenceError: document is not defined
      at createMinimalDOM (/Users/justin/Documents/Github/Megabonk/tests/helpers/dom-setup.js:6:3)
      at <anonymous> (/Users/justin/Documents/Github/Megabonk/tests/unit/dom-cache.test.js:20:9)
(fail) DOM Cache Module > Helper functions > getFavoritesCheckbox() > should return favorites checkbox element [1284279941.34ms]
(fail) DOM Cache Module > Helper functions > getFavoritesCheckbox() > should return favorites checkbox element
1 | /**
2 |  * Creates a minimal DOM structure for testing specific components
3 |  * This is useful when tests need a lighter-weight DOM than the full index.html
4 |  */
5 | export function createMinimalDOM() {
6 |   document.body.innerHTML = `
      ^
ReferenceError: document is not defined
      at createMinimalDOM (/Users/justin/Documents/Github/Megabonk/tests/helpers/dom-setup.js:6:3)
      at <anonymous> (/Users/justin/Documents/Github/Megabonk/tests/unit/dom-cache.test.js:20:9)
(fail) DOM Cache Module > Helper functions > getFavoritesCheckbox() > should return null when element not in DOM [1284279941.35ms]
(fail) DOM Cache Module > Helper functions > –,@/  eturn null when element not in DOM
1 | /**
2 |  * Creates a minimal DOM structure for testing specific components
3 |  * This is useful when tests need a lighter-weight DOM than the full index.html
4 |  */
5 | export function createMinimalDOM() {
6 |   document.body.innerHTML = `
      ^
ReferenceError: document is not defined
      at createMinimalDOM (/Users/justin/Documents/Github/Megabonk/tests/helpers/dom-setup.js:6:3)
      at <anonymous> (/Users/justin/Documents/Github/Megabonk/tests/unit/dom-cache.test.js:20:9)
(fail) DOM Cache Module > Helper functions > getFiltersContainer() > should return filters container [1284279941.36ms]
(fail) DOM Cache Module > Helper functions > `@/  eturn filters container
1 | /**
2 |  * Creates a minimal DOM structure for testing specific components
3 |  * This is useful when tests need a lighter-weight DOM than the full index.html
4 |  */
5 | export function createMinimalDOM() {
6 |   document.body.innerHTML = `
      ^
ReferenceError: document is not defined
      at createMinimalDOM (/Users/justin/Documents/Github/Megabonk/tests/helpers/dom-setup.js:6:3)
      at <anonymous> (/Users/justin/Documents/Github/Megabonk/tests/unit/dom-cache.test.js:20:9)
(fail) DOM Cache Module > Helper functions > getStatsSummary() > should return stats summary element [1284279941.39ms]
(fail) DOM Cache Module > Helper functions >  -@/  eturn stats summary element
1 | /**
2 |  * Creates a minimal DOM structure for testing specific components
3 |  * This is useful when tests need a lighter-weight DOM than the full index.html
4 |  */
5 | export function createMinimalDOM() {
6 |   document.body.innerHTML = `
      ^
ReferenceError: document is not defined
      at createMinimalDOM (/Users/justin/Documents/Github/Megabonk/tests/helpers/dom-setup.js:6:3)
      at <anonymous> (/Users/justin/Documents/Github/Megabonk/tests/unit/dom-cache.test.js:20:9)
(fail) DOM Cache Module > Helper functions > getTabButtons() > should return NodeList of tab buttons [1284279941.40ms]
(fail) DOM Cache Module > Helper functions > getTabButtons() > should return NodeList of tab buttons
1 | /**
2 |  * Creates a minimal DOM structure for testing specific components
3 |  * This is useful when tests need a lighter-weight DOM than the full index.html
4 |  */
5 | export function createMinimalDOM() {
6 |   document.body.innerHTML = `
      ^
ReferenceError: document is not defined
      at createMinimalDOM (/Users/justin/Documents/Github/Megabonk/tests/helpers/dom-setup.js:6:3)
      at <anonymous> (/Users/justin/Documents/Github/Megabonk/tests/unit/dom-cache.test.js:20:9)
(fail) DOM Cache Module > Helper functions > getTabButtons() > should return all tab buttons [1284279941.41ms]
(fail) DOM Cache Module > Helper functions > @@/  eturn all tab buttons
1 | /**
2 |  * Creates a minimal DOM structure for testing specific components
3 |  * This is useful when tests need a lighter-weight DOM than the full index.html
4 |  */
5 | export function createMinimalDOM() {
6 |   document.body.innerHTML = `
      ^
ReferenceError: document is not defined
      at createMinimalDOM (/Users/justin/Documents/Github/Megabonk/tests/helpers/dom-setup.js:6:3)
      at <anonymous> (/Users/justin/Documents/Github/Megabonk/tests/unit/dom-cache.test.js:20:9)
(fail) DOM Cache Module > Helper functions > getTabContainer() > should return container for items tab [1284279941.43ms]
(fail) DOM Cache Module > Helper functions > getTabContainer() > should return container for items tab
1 | /**
2 |  * Creates a minimal DOM structure for testing specific components
3 |  * This is useful when tests need a lighter-weight DOM than the full index.html
4 |  */
5 | export function createMinimalDOM() {
6 |   document.body.innerHTML = `
      ^
ReferenceError: document is not defined
      at createMinimalDOM (/Users/justin/Documents/Github/Megabonk/tests/helpers/dom-setup.js:6:3)
      at <anonymous> (/Users/justin/Documents/Github/Megabonk/tests/unit/dom-cache.test.js:20:9)
(fail) DOM Cache Module > Helper functions > getTabContainer() > should return container for weapons tab [1284279941.44ms]
(fail) DOM Cache Module > Helper functions > getTabContainer() > should return container for weapons tab
1 | /**
2 |  * Creates a minimal DOM structure for testing specific components
3 |  * This is useful when tests need a lighter-weight DOM than the full index.html
4 |  */
5 | export function createMinimalDOM() {
6 |   document.body.innerHTML = `
      ^
ReferenceError: document is not defined
      at createMinimalDOM (/Users/justin/Documents/Github/Megabonk/tests/helpers/dom-setup.js:6:3)
      at <anonymous> (/Users/justin/Documents/Github/Megabonk/tests/unit/dom-cache.test.js:20:9)
(fail) DOM Cache Module > Helper functions > getTabContainer() > should return null for unknown tab [1284279941.46ms]
(fail) DOM Cache Module > Helper functions > /@/  eturn null for unknown tab
1 | /**
2 |  * Creates a minimal DOM structure for testing specific components
3 |  * This is useful when tests need a lighter-weight DOM than the full index.html
4 |  */
5 | export function createMinimalDOM() {
6 |   document.body.innerHTML = `
      ^
ReferenceError: document is not defined
      at createMinimalDOM (/Users/justin/Documents/Github/Megabonk/tests/helpers/dom-setup.js:6:3)
      at <anonymous> (/Users/justin/Documents/Github/Megabonk/tests/unit/dom-cache.test.js:20:9)
(fail) DOM Cache Module > Helper functions > getModalOverlay() > should return null when overlay not in DOM [1284279941.47ms]
(fail) DOM Cache Module > Helper functions > getModalOverlay() > should return null when overlay not in DOM
1 | /**
2 |  * Creates a minimal DOM structure for testing specific components
3 |  * This is useful when tests need a lighter-weight DOM than the full index.html
4 |  */
5 | export function createMinimalDOM() {
6 |   document.body.innerHTML = `
      ^
ReferenceError: document is not defined
      at createMinimalDOM (/Users/justin/Documents/Github/Megabonk/tests/helpers/dom-setup.js:6:3)
      at <anonymous> (/Users/justin/Documents/Github/Megabonk/tests/unit/dom-cache.test.js:20:9)
(fail) DOM Cache Module > Helper functions > getModalOverlay() > should return overlay when present [1284279941.49ms]
(fail) DOM Cache Module > Helper functions > p/@/  eturn overlay when present
1 | /**
2 |  * Creates a minimal DOM structure for testing specific components
3 |  * This is useful when tests need a lighter-weight DOM than the full index.html
4 |  */
5 | export function createMinimalDOM() {
6 |   document.body.innerHTML = `
      ^
ReferenceError: document is not defined
      at createMinimalDOM (/Users/justin/Documents/Github/Megabonk/tests/helpers/dom-setup.js:6:3)
      at <anonymous> (/Users/justin/Documents/Github/Megabonk/tests/unit/dom-cache.test.js:20:9)
(fail) DOM Cache Module > Helper functions > getCompareButton() > should return null when button not in DOM [1284279941.50ms]
(fail) DOM Cache Module > Helper functions > getCompareButton() > should return null when button not in DOM
1 | /**
2 |  * Creates a minimal DOM structure for testing specific components
3 |  * This is useful when tests need a lighter-weight DOM than the full index.html
4 |  */
5 | export function createMinimalDOM() {
6 |   document.body.innerHTML = `
      ^
ReferenceError: document is not defined
      at createMinimalDOM (/Users/justin/Documents/Github/Megabonk/tests/helpers/dom-setup.js:6:3)
      at <anonymous> (/Users/justin/Documents/Github/Megabonk/tests/unit/dom-cache.test.js:20:9)
(fail) DOM Cache Module > Helper functions > getCompareButton() > should return button when present [1284279941.52ms]
(fail) DOM Cache Module > Helper functions > –/@/  eturn button when present
1 | /**
2 |  * Creates a minimal DOM structure for testing specific components
3 |  * This is useful when tests need a lighter-weight DOM than the full index.html
4 |  */
5 | export function createMinimalDOM() {
6 |   document.body.innerHTML = `
      ^
ReferenceError: document is not defined
      at createMinimalDOM (/Users/justin/Documents/Github/Megabonk/tests/helpers/dom-setup.js:6:3)
      at <anonymous> (/Users/justin/Documents/Github/Megabonk/tests/unit/dom-cache.test.js:20:9)
(fail) DOM Cache Module > Helper functions > getFilterElement() > should return and cache filter element [1284279941.53ms]
(fail) DOM Cache Module > Helper functions > getFilterElement() > should return and cache filter element
1 | /**
2 |  * Creates a minimal DOM structure for testing specific components
3 |  * This is useful when tests need a lighter-weight DOM than the full index.html
4 |  */
5 | export function createMinimalDOM() {
6 |   document.body.innerHTML = `
      ^
ReferenceError: document is not defined
      at createMinimalDOM (/Users/justin/Documents/Github/Megabonk/tests/helpers/dom-setup.js:6:3)
      at <anonymous> (/Users/justin/Documents/Github/Megabonk/tests/unit/dom-cache.test.js:20:9)
(fail) DOM Cache Module > Helper functions > getFilterElement() > should return null for non-existent filter [1284279941.54ms]
(fail) DOM Cache Module > Helper functions > 00@/  eturn null for non-existent filter
1 | /**
2 |  * Creates a minimal DOM structure for testing specific components
3 |  * This is useful when tests need a lighter-weight DOM than the full index.html
4 |  */
5 | export function createMinimalDOM() {
6 |   document.body.innerHTML = `
      ^
ReferenceError: document is not defined
      at createMinimalDOM (/Users/justin/Documents/Github/Megabonk/tests/helpers/dom-setup.js:6:3)
      at <anonymous> (/Users/justin/Documents/Github/Megabonk/tests/unit/dom-cache.test.js:20:9)
(fail) DOM Cache Module > Cache management functions > invalidateDOMCache() > should invalidate entire cache [1284279941.56ms]
(fail) DOM Cache Module > Cache management functions > `@/  nvalidate entire cache
1 | /**
2 |  * Creates a minimal DOM structure for testing specific components
3 |  * This is useful when tests need a lighter-weight DOM than the full index.html
4 |  */
5 | export function createMinimalDOM() {
6 |   document.body.innerHTML = `
      ^
ReferenceError: document is not defined
      at createMinimalDOM (/Users/justin/Documents/Github/Megabonk/tests/helpers/dom-setup.js:6:3)
      at <anonymous> (/Users/justin/Documents/Github/Megabonk/tests/unit/dom-cache.test.js:20:9)
(fail) DOM Cache Module > Cache management functions > refreshFilterCache() > should invalidate filter-related entries [1284279941.57ms]
(fail) DOM Cache Module > Cache management functions > refreshFilterCache() > should invalidate filter-related entries
1 | /**
2 |  * Creates a minimal DOM structure for testing specific components
3 |  * This is useful when tests need a lighter-weight DOM than the full index.html
4 |  */
5 | export function createMinimalDOM() {
6 |   document.body.innerHTML = `
      ^
ReferenceError: document is not defined
      at createMinimalDOM (/Users/justin/Documents/Github/Megabonk/tests/helpers/dom-setup.js:6:3)
      at <anonymous> (/Users/justin/Documents/Github/Megabonk/tests/unit/dom-cache.test.js:20:9)
(fail) DOM Cache Module > Cache management functions > refreshFilterCache() > should not affect non-filter cache entries [1284279941.59ms]
(fail) DOM Cache Module > Cache management functions > -@/  ot affect non-filter cache entries
1 | /**
2 |  * Creates a minimal DOM structure for testing specific components
3 |  * This is useful when tests need a lighter-weight DOM than the full index.html
4 |  */
5 | export function createMinimalDOM() {
6 |   document.body.innerHTML = `
      ^
ReferenceError: document is not defined
      at createMinimalDOM (/Users/justin/Documents/Github/Megabonk/tests/helpers/dom-setup.js:6:3)
      at <anonymous> (/Users/justin/Documents/Github/Megabonk/tests/unit/dom-cache.test.js:20:9)
(fail) DOM Cache Module > Cache performance > should cache elements for quick access [1284279941.60ms]
(fail) DOM Cache Module > Cache performance > should cache elements for quick access
1 | /**
2 |  * Creates a minimal DOM structure for testing specific components
3 |  * This is useful when tests need a lighter-weight DOM than the full index.html
4 |  */
5 | export function createMinimalDOM() {
6 |   document.body.innerHTML = `
      ^
ReferenceError: document is not defined
      at createMinimalDOM (/Users/justin/Documents/Github/Megabonk/tests/helpers/dom-setup.js:6:3)
      at <anonymous> (/Users/justin/Documents/Github/Megabonk/tests/unit/dom-cache.test.js:20:9)
(fail) DOM Cache Module > Cache performance > should avoid DOM queries after initialization [1284279941.61ms]
(fail) DOM Cache Module > ê-@/  void DOM queries after initialization

tests/unit/filters-advanced.test.js:
1 | /**
2 |  * Creates a minimal DOM structure for testing specific components
3 |  * This is useful when tests need a lighter-weight DOM than the full index.html
4 |  */
5 | export function createMinimalDOM() {
6 |   document.body.innerHTML = `
      ^
ReferenceError: document is not defined
      at createMinimalDOM (/Users/justin/Documents/Github/Megabonk/tests/helpers/dom-setup.js:6:3)
      at <anonymous> (/Users/justin/Documents/Github/Megabonk/tests/unit/filters-advanced.test.js:22:9)
(fail) Search History Management > getSearchHistory() > should return empty array when no history exists [1284279942.96ms]

# Unhandled error between tests
-------------------------------
22 |         createMinimalDOM();
23 |         localStorage.clear();
24 |     });
25 | 
26 |     afterEach(() => {
27 |         localStorage.clear();
             ^
ReferenceError: localStorage is not defined
      at <anonymous> (/Users/justin/Documents/Github/Megabonk/tests/unit/filters-advanced.test.js:27:9)
-------------------------------

(fail) Search History Management > getSearchHistory() > should return empty array when no history exists
1 | /**
2 |  * Creates a minimal DOM structure for testing specific components
3 |  * This is useful when tests need a lighter-weight DOM than the full index.html
4 |  */
5 | export function createMinimalDOM() {
6 |   document.body.innerHTML = `
      ^
ReferenceError: document is not defined
      at createMinimalDOM (/Users/justin/Documents/Github/Megabonk/tests/helpers/dom-setup.js:6:3)
      at <anonymous> (/Users/justin/Documents/Github/Megabonk/tests/unit/filters-advanced.test.js:22:9)
(fail) Search History Management > getSearchHistory() > should return stored history [1284279943.27ms]

# Unhandled error between tests
-------------------------------
22 |         createMinimalDOM();
23 |         localStorage.clear();
24 |     });
25 | 
26 |     afterEach(() => {
27 |         localStorage.clear();
             ^
ReferenceError: localStorage is not defined
      at <anonymous> (/Users/justin/Documents/Github/Megabonk/tests/unit/filters-advanced.test.js:27:9)
-------------------------------

(fail) Search History Management > getSearchHistory() > should return stored history
1 | /**
2 |  * Creates a minimal DOM structure for testing specific components
3 |  * This is useful when tests need a lighter-weight DOM than the full index.html
4 |  */
5 | export function createMinimalDOM() {
6 |   document.body.innerHTML = `
      ^
ReferenceError: document is not defined
      at createMinimalDOM (/Users/justin/Documents/Github/Megabonk/tests/helpers/dom-setup.js:6:3)
      at <anonymous> (/Users/justin/Documents/Github/Megabonk/tests/unit/filters-advanced.test.js:22:9)
(fail) Search History Management > getSearchHistory() > should return empty array for invalid JSON [1284279943.31ms]

# Unhandled error between tests
-------------------------------
22 |         createMinimalDOM();
23 |         localStorage.clear();
24 |     });
25 | 
26 |     afterEach(() => {
27 |         localStorage.clear();
             ^
ReferenceError: localStorage is not defined
      at <anonymous> (/Users/justin/Documents/Github/Megabonk/tests/unit/filters-advanced.test.js:27:9)
-------------------------------

(fail) Search History Management > ¿*@/  eturn empty array for invalid JSON
1 | /**
2 |  * Creates a minimal DOM structure for testing specific components
3 |  * This is useful when tests need a lighter-weight DOM than the full index.html
4 |  */
5 | export function createMinimalDOM() {
6 |   document.body.innerHTML = `
      ^
ReferenceError: document is not defined
      at createMinimalDOM (/Users/justin/Documents/Github/Megabonk/tests/helpers/dom-setup.js:6:3)
      at <anonymous> (/Users/justin/Documents/Github/Megabonk/tests/unit/filters-advanced.test.js:22:9)
(fail) Search History Management > addToSearchHistory() > should add search term to history [1284279943.34ms]

# Unhandled error between tests
-------------------------------
22 |         createMinimalDOM();
23 |         localStorage.clear();
24 |     });
25 | 
26 |     afterEach(() => {
27 |         localStorage.clear();
             ^
ReferenceError: localStorage is not defined
      at <anonymous> (/Users/justin/Documents/Github/Megabonk/tests/unit/filters-advanced.test.js:27:9)
-------------------------------

(fail) Search History Management > addToSearchHistory() > should add search term to history
1 | /**
2 |  * Creates a minimal DOM structure for testing specific components
3 |  * This is useful when tests need a lighter-weight DOM than the full index.html
4 |  */
5 | export function createMinimalDOM() {
6 |   document.body.innerHTML = `
      ^
ReferenceError: document is not defined
      at createMinimalDOM (/Users/justin/Documents/Github/Megabonk/tests/helpers/dom-setup.js:6:3)
      at <anonymous> (/Users/justin/Documents/Github/Megabonk/tests/unit/filters-advanced.test.js:22:9)
(fail) Search History Management > addToSearchHistory() > should not add empty strings [1284279943.37ms]

# Unhandled error between tests
-------------------------------
22 |         createMinimalDOM();
23 |         localStorage.clear();
24 |     });
25 | 
26 |     afterEach(() => {
27 |         localStorage.clear();
             ^
ReferenceError: localStorage is not defined
      at <anonymous> (/Users/justin/Documents/Github/Megabonk/tests/unit/filters-advanced.test.js:27:9)
-------------------------------

(fail) Search History Management > addToSearchHistory() > should not add empty strings
1 | /**
2 |  * Creates a minimal DOM structure for testing specific components
3 |  * This is useful when tests need a lighter-weight DOM than the full index.html
4 |  */
5 | export function createMinimalDOM() {
6 |   document.body.innerHTML = `
      ^
ReferenceError: document is not defined
      at createMinimalDOM (/Users/justin/Documents/Github/Megabonk/tests/helpers/dom-setup.js:6:3)
      at <anonymous> (/Users/justin/Documents/Github/Megabonk/tests/unit/filters-advanced.test.js:22:9)
(fail) Search History Management > addToSearchHistory() > should not add strings shorter than 2 characters [1284279943.41ms]

# Unhandled error between tests
-------------------------------
22 |         createMinimalDOM();
23 |         localStorage.clear();
24 |     });
25 | 
26 |     afterEach(() => {
27 |         localStorage.clear();
             ^
ReferenceError: localStorage is not defined
      at <anonymous> (/Users/justin/Documents/Github/Megabonk/tests/unit/filters-advanced.test.js:27:9)
-------------------------------

(fail) Search History Management > addToSearchHistory() > should not add strings shorter than 2 characters
1 | /**
2 |  * Creates a minimal DOM structure for testing specific components
3 |  * This is useful when tests need a lighter-weight DOM than the full index.html
4 |  */
5 | export function createMinimalDOM() {
6 |   document.body.innerHTML = `
      ^
ReferenceError: document is not defined
      at createMinimalDOM (/Users/justin/Documents/Github/Megabonk/tests/helpers/dom-setup.js:6:3)
      at <anonymous> (/Users/justin/Documents/Github/Megabonk/tests/unit/filters-advanced.test.js:22:9)
(fail) Search History Management > addToSearchHistory() > should not add whitespace-only strings [1284279943.44ms]

# Unhandled error between tests
-------------------------------
22 |         createMinimalDOM();
23 |         localStorage.clear();
24 |     });
25 | 
26 |     afterEach(() => {
27 |         localStorage.clear();
             ^
ReferenceError: localStorage is not defined
      at <anonymous> (/Users/justin/Documents/Github/Megabonk/tests/unit/filters-advanced.test.js:27:9)
-------------------------------

(fail) Search History Management > addToSearchHistory() > should not add whitespace-only strings
1 | /**
2 |  * Creates a minimal DOM structure for testing specific components
3 |  * This is useful when tests need a lighter-weight DOM than the full index.html
4 |  */
5 | export function createMinimalDOM() {
6 |   document.body.innerHTML = `
      ^
ReferenceError: document is not defined
      at createMinimalDOM (/Users/justin/Documents/Github/Megabonk/tests/helpers/dom-setup.js:6:3)
      at <anonymous> (/Users/justin/Documents/Github/Megabonk/tests/unit/filters-advanced.test.js:22:9)
(fail) Search History Management > addToSearchHistory() > should add new terms to the front [1284279943.47ms]

# Unhandled error between tests
-------------------------------
22 |         createMinimalDOM();
23 |         localStorage.clear();
24 |     });
25 | 
26 |     afterEach(() => {
27 |         localStorage.clear();
             ^
ReferenceError: localStorage is not defined
      at <anonymous> (/Users/justin/Documents/Github/Megabonk/tests/unit/filters-advanced.test.js:27:9)
-------------------------------

(fail) Search History Management > addToSearchHistory() > should add new terms to the front
1 | /**
2 |  * Creates a minimal DOM structure for testing specific components
3 |  * This is useful when tests need a lighter-weight DOM than the full index.html
4 |  */
5 | export function createMinimalDOM() {
6 |   document.body.innerHTML = `
      ^
ReferenceError: document is not defined
      at createMinimalDOM (/Users/justin/Documents/Github/Megabonk/tests/helpers/dom-setup.js:6:3)
      at <anonymous> (/Users/justin/Documents/Github/Megabonk/tests/unit/filters-advanced.test.js:22:9)
(fail) Search History Management > addToSearchHistory() > should remove duplicates when adding existing term [1284279943.50ms]

# Unhandled error between tests
-------------------------------
22 |         createMinimalDOM();
23 |         localStorage.clear();
24 |     });
25 | 
26 |     afterEach(() => {
27 |         localStorage.clear();
             ^
ReferenceError: localStorage is not defined
      at <anonymous> (/Users/justin/Documents/Github/Megabonk/tests/unit/filters-advanced.test.js:27:9)
-------------------------------

(fail) Search History Management > addToSearchHistory() > should remove duplicates when adding existing term
1 | /**
2 |  * Creates a minimal DOM structure for testing specific components
3 |  * This is useful when tests need a lighter-weight DOM than the full index.html
4 |  */
5 | export function createMinimalDOM() {
6 |   document.body.innerHTML = `
      ^
ReferenceError: document is not defined
      at createMinimalDOM (/Users/justin/Documents/Github/Megabonk/tests/helpers/dom-setup.js:6:3)
      at <anonymous> (/Users/justin/Documents/Github/Megabonk/tests/unit/filters-advanced.test.js:22:9)
(fail) Search History Management > addToSearchHistory() > should limit history to MAX_SEARCH_HISTORY items [1284279943.53ms]

# Unhandled error between tests
-------------------------------
22 |         createMinimalDOM();
23 |         localStorage.clear();
24 |     });
25 | 
26 |     afterEach(() => {
27 |         localStorage.clear();
             ^
ReferenceError: localStorage is not defined
      at <anonymous> (/Users/justin/Documents/Github/Megabonk/tests/unit/filters-advanced.test.js:27:9)
-------------------------------

(fail) Search History Management > 0*@/  imit history to MAX_SEARCH_HISTORY items
1 | /**
2 |  * Creates a minimal DOM structure for testing specific components
3 |  * This is useful when tests need a lighter-weight DOM than the full index.html
4 |  */
5 | export function createMinimalDOM() {
6 |   document.body.innerHTML = `
      ^
ReferenceError: document is not defined
      at createMinimalDOM (/Users/justin/Documents/Github/Megabonk/tests/helpers/dom-setup.js:6:3)
      at <anonymous> (/Users/justin/Documents/Github/Megabonk/tests/unit/filters-advanced.test.js:22:9)
(fail) Search History Management > clearSearchHistory() > should clear all search history [1284279943.56ms]

# Unhandled error between tests
-------------------------------
22 |         createMinimalDOM();
23 |         localStorage.clear();
24 |     });
25 | 
26 |     afterEach(() => {
27 |         localStorage.clear();
             ^
ReferenceError: localStorage is not defined
      at <anonymous> (/Users/justin/Documents/Github/Megabonk/tests/unit/filters-advanced.test.js:27:9)
-------------------------------

(fail) Search History Management > clearSearchHistory() > should clear all search history
1 | /**
2 |  * Creates a minimal DOM structure for testing specific components
3 |  * This is useful when tests need a lighter-weight DOM than the full index.html
4 |  */
5 | export function createMinimalDOM() {
6 |   document.body.innerHTML = `
      ^
ReferenceError: document is not defined
      at createMinimalDOM (/Users/justin/Documents/Github/Megabonk/tests/helpers/dom-setup.js:6:3)
      at <anonymous> (/Users/justin/Documents/Github/Megabonk/tests/unit/filters-advanced.test.js:22:9)
(fail) Search History Management > clearSearchHistory() > should not throw when history is empty [1284279943.59ms]

# Unhandled error between tests
-------------------------------
22 |         createMinimalDOM();
23 |         localStorage.clear();
24 |     });
25 | 
26 |     afterEach(() => {
27 |         localStorage.clear();
             ^
ReferenceError: localStorage is not defined
      at <anonymous> (/Users/justin/Documents/Github/Megabonk/tests/unit/filters-advanced.test.js:27:9)
-------------------------------

(fail) Search History Management > @)@/  ot throw when history is empty
1 | /**
2 |  * Creates a minimal DOM structure for testing specific components
3 |  * This is useful when tests need a lighter-weight DOM than the full index.html
4 |  */
5 | export function createMinimalDOM() {
6 |   document.body.innerHTML = `
      ^
ReferenceError: document is not defined
      at createMinimalDOM (/Users/justin/Documents/Github/Megabonk/tests/helpers/dom-setup.js:6:3)
      at <anonymous> (/Users/justin/Documents/Github/Megabonk/tests/unit/filters-advanced.test.js:118:9)
(fail) Filter State Persistence > getAllFilterStates() > should return empty object when no states saved [1284279943.62ms]

# Unhandled error between tests
-------------------------------
119 |         createItemsFilterUI();
120 |         window.sessionStorage.clear();
121 |     });
122 | 
123 |     afterEach(() => {
124 |         window.sessionStorage.clear();
              ^
ReferenceError: window is not defined
      at <anonymous> (/Users/justin/Documents/Github/Megabonk/tests/unit/filters-advanced.test.js:124:9)
-------------------------------

(fail) Filter State Persistence > getAllFilterStates() > should return empty object when no states saved
1 | /**
2 |  * Creates a minimal DOM structure for testing specific components
3 |  * This is useful when tests need a lighter-weight DOM than the full index.html
4 |  */
5 | export function createMinimalDOM() {
6 |   document.body.innerHTML = `
      ^
ReferenceError: document is not defined
      at createMinimalDOM (/Users/justin/Documents/Github/Megabonk/tests/helpers/dom-setup.js:6:3)
      at <anonymous> (/Users/justin/Documents/Github/Megabonk/tests/unit/filters-advanced.test.js:118:9)
(fail) Filter State Persistence > getAllFilterStates() > should return saved states [1284279943.66ms]

# Unhandled error between tests
-------------------------------
119 |         createItemsFilterUI();
120 |         window.sessionStorage.clear();
121 |     });
122 | 
123 |     afterEach(() => {
124 |         window.sessionStorage.clear();
              ^
ReferenceError: window is not defined
      at <anonymous> (/Users/justin/Documents/Github/Megabonk/tests/unit/filters-advanced.test.js:124:9)
-------------------------------

(fail) Filter State Persistence > getAllFilterStates() > should return saved states
1 | /**
2 |  * Creates a minimal DOM structure for testing specific components
3 |  * This is useful when tests need a lighter-weight DOM than the full index.html
4 |  */
5 | export function createMinimalDOM() {
6 |   document.body.innerHTML = `
      ^
ReferenceError: document is not defined
      at createMinimalDOM (/Users/justin/Documents/Github/Megabonk/tests/helpers/dom-setup.js:6:3)
      at <anonymous> (/Users/justin/Documents/Github/Megabonk/tests/unit/filters-advanced.test.js:118:9)
(fail) Filter State Persistence > getAllFilterStates() > should return empty object for invalid JSON [1284279943.69ms]

# Unhandled error between tests
-------------------------------
119 |         createItemsFilterUI();
120 |         window.sessionStorage.clear();
121 |     });
122 | 
123 |     afterEach(() => {
124 |         window.sessionStorage.clear();
              ^
ReferenceError: window is not defined
      at <anonymous> (/Users/justin/Documents/Github/Megabonk/tests/unit/filters-advanced.test.js:124:9)
-------------------------------

(fail) Filter State Persistence > ‡(@/  eturn empty object for invalid JSON
1 | /**
2 |  * Creates a minimal DOM structure for testing specific components
3 |  * This is useful when tests need a lighter-weight DOM than the full index.html
4 |  */
5 | export function createMinimalDOM() {
6 |   document.body.innerHTML = `
      ^
ReferenceError: document is not defined
      at createMinimalDOM (/Users/justin/Documents/Github/Megabonk/tests/helpers/dom-setup.js:6:3)
      at <anonymous> (/Users/justin/Documents/Github/Megabonk/tests/unit/filters-advanced.test.js:118:9)
(fail) Filter State Persistence > saveFilterState() > should save filter state for items tab [1284279943.72ms]

# Unhandled error between tests
-------------------------------
119 |         createItemsFilterUI();
120 |         window.sessionStorage.clear();
121 |     });
122 | 
123 |     afterEach(() => {
124 |         window.sessionStorage.clear();
              ^
ReferenceError: window is not defined
      at <anonymous> (/Users/justin/Documents/Github/Megabonk/tests/unit/filters-advanced.test.js:124:9)
-------------------------------

(fail) Filter State Persistence > saveFilterState() > should save filter state for items tab
1 | /**
2 |  * Creates a minimal DOM structure for testing specific components
3 |  * This is useful when tests need a lighter-weight DOM than the full index.html
4 |  */
5 | export function createMinimalDOM() {
6 |   document.body.innerHTML = `
      ^
ReferenceError: document is not defined
      at createMinimalDOM (/Users/justin/Documents/Github/Megabonk/tests/helpers/dom-setup.js:6:3)
      at <anonymous> (/Users/justin/Documents/Github/Megabonk/tests/unit/filters-advanced.test.js:118:9)
(fail) Filter State Persistence > saveFilterState() > should save items-specific filters (rarity, stacking) [1284279943.75ms]

# Unhandled error between tests
-------------------------------
119 |         createItemsFilterUI();
120 |         window.sessionStorage.clear();
121 |     });
122 | 
123 |     afterEach(() => {
124 |         window.sessionStorage.clear();
              ^
ReferenceError: window is not defined
      at <anonymous> (/Users/justin/Documents/Github/Megabonk/tests/unit/filters-advanced.test.js:124:9)
-------------------------------

(fail) Filter State Persistence > saveFilterState() > should save items-specific filters (rarity, stacking)
1 | /**
2 |  * Creates a minimal DOM structure for testing specific components
3 |  * This is useful when tests need a lighter-weight DOM than the full index.html
4 |  */
5 | export function createMinimalDOM() {
6 |   document.body.innerHTML = `
      ^
ReferenceError: document is not defined
      at createMinimalDOM (/Users/justin/Documents/Github/Megabonk/tests/helpers/dom-setup.js:6:3)
      at <anonymous> (/Users/justin/Documents/Github/Megabonk/tests/unit/filters-advanced.test.js:118:9)
(fail) Filter State Persistence > saveFilterState() > should not save state for build-planner tab [1284279943.78ms]

# Unhandled error between tests
-------------------------------
119 |         createItemsFilterUI();
120 |         window.sessionStorage.clear();
121 |     });
122 | 
123 |     afterEach(() => {
124 |         window.sessionStorage.clear();
              ^
ReferenceError: window is not defined
      at <anonymous> (/Users/justin/Documents/Github/Megabonk/tests/unit/filters-advanced.test.js:124:9)
-------------------------------

(fail) Filter State Persistence > saveFilterState() > should not save state for build-planner tab
1 | /**
2 |  * Creates a minimal DOM structure for testing specific components
3 |  * This is useful when tests need a lighter-weight DOM than the full index.html
4 |  */
5 | export function createMinimalDOM() {
6 |   document.body.innerHTML = `
      ^
ReferenceError: document is not defined
      at createMinimalDOM (/Users/justin/Documents/Github/Megabonk/tests/helpers/dom-setup.js:6:3)
      at <anonymous> (/Users/justin/Documents/Github/Megabonk/tests/unit/filters-advanced.test.js:118:9)
(fail) Filter State Persistence > saveFilterState() > should not save state for calculator tab [1284279943.81ms]

# Unhandled error between tests
-------------------------------
119 |         createItemsFilterUI();
120 |         window.sessionStorage.clear();
121 |     });
122 | 
123 |     afterEach(() => {
124 |         window.sessionStorage.clear();
              ^
ReferenceError: window is not defined
      at <anonymous> (/Users/justin/Documents/Github/Megabonk/tests/unit/filters-advanced.test.js:124:9)
-------------------------------

(fail) Filter State Persistence > saveFilterState() > should not save state for calculator tab
1 | /**
2 |  * Creates a minimal DOM structure for testing specific components
3 |  * This is useful when tests need a lighter-weight DOM than the full index.html
4 |  */
5 | export function createMinimalDOM() {
6 |   document.body.innerHTML = `
      ^
ReferenceError: document is not defined
      at createMinimalDOM (/Users/justin/Documents/Github/Megabonk/tests/helpers/dom-setup.js:6:3)
      at <anonymous> (/Users/justin/Documents/Github/Megabonk/tests/unit/filters-advanced.test.js:118:9)
(fail) Filter State Persistence > saveFilterState() > should not save state for shrines tab [1284279943.84ms]

# Unhandled error between tests
-------------------------------
119 |         createItemsFilterUI();
120 |         window.sessionStorage.clear();
121 |     });
122 | 
123 |     afterEach(() => {
124 |         window.sessionStorage.clear();
              ^
ReferenceError: window is not defined
      at <anonymous> (/Users/justin/Documents/Github/Megabonk/tests/unit/filters-advanced.test.js:124:9)
-------------------------------

(fail) Filter State Persistence > saveFilterState() > should not save state for shrines tab
1 | /**
2 |  * Creates a minimal DOM structure for testing specific components
3 |  * This is useful when tests need a lighter-weight DOM than the full index.html
4 |  */
5 | export function createMinimalDOM() {
6 |   document.body.innerHTML = `
      ^
ReferenceError: document is not defined
      at createMinimalDOM (/Users/justin/Documents/Github/Megabonk/tests/helpers/dom-setup.js:6:3)
      at <anonymous> (/Users/justin/Documents/Github/Megabonk/tests/unit/filters-advanced.test.js:118:9)
(fail) Filter State Persistence > saveFilterState() > should not save state for changelog tab [1284279943.87ms]

# Unhandled error between tests
-------------------------------
119 |         createItemsFilterUI();
120 |         window.sessionStorage.clear();
121 |     });
122 | 
123 |     afterEach(() => {
124 |         window.sessionStorage.clear();
              ^
ReferenceError: window is not defined
      at <anonymous> (/Users/justin/Documents/Github/Megabonk/tests/unit/filters-advanced.test.js:124:9)
-------------------------------

(fail) Filter State Persistence > saveFilterState() > should not save state for changelog tab
1 | /**
2 |  * Creates a minimal DOM structure for testing specific components
3 |  * This is useful when tests need a lighter-weight DOM than the full index.html
4 |  */
5 | export function createMinimalDOM() {
6 |   document.body.innerHTML = `
      ^
ReferenceError: document is not defined
      at createMinimalDOM (/Users/justin/Documents/Github/Megabonk/tests/helpers/dom-setup.js:6:3)
      at <anonymous> (/Users/justin/Documents/Github/Megabonk/tests/unit/filters-advanced.test.js:118:9)
(fail) Filter State Persistence > saveFilterState() > should handle null tabName [1284279943.89ms]

# Unhandled error between tests
-------------------------------
119 |         createItemsFilterUI();
120 |         window.sessionStorage.clear();
121 |     });
122 | 
123 |     afterEach(() => {
124 |         window.sessionStorage.clear();
              ^
ReferenceError: window is not defined
      at <anonymous> (/Users/justin/Documents/Github/Megabonk/tests/unit/filters-advanced.test.js:124:9)
-------------------------------

(fail) Filter State Persistence > @@/  andle null tabName
1 | /**
2 |  * Creates a minimal DOM structure for testing specific components
3 |  * This is useful when tests need a lighter-weight DOM than the full index.html
4 |  */
5 | export function createMinimalDOM() {
6 |   document.body.innerHTML = `
      ^
ReferenceError: document is not defined
      at createMinimalDOM (/Users/justin/Documents/Github/Megabonk/tests/helpers/dom-setup.js:6:3)
      at <anonymous> (/Users/justin/Documents/Github/Megabonk/tests/unit/filters-advanced.test.js:118:9)
(fail) Filter State Persistence > restoreFilterState() > should restore filter state for items tab [1284279943.93ms]

# Unhandled error between tests
-------------------------------
119 |         createItemsFilterUI();
120 |         window.sessionStorage.clear();
121 |     });
122 | 
123 |     afterEach(() => {
124 |         window.sessionStorage.clear();
              ^
ReferenceError: window is not defined
      at <anonymous> (/Users/justin/Documents/Github/Megabonk/tests/unit/filters-advanced.test.js:124:9)
-------------------------------

(fail) Filter State Persistence > restoreFilterState() > should restore filter state for items tab
1 | /**
2 |  * Creates a minimal DOM structure for testing specific components
3 |  * This is useful when tests need a lighter-weight DOM than the full index.html
4 |  */
5 | export function createMinimalDOM() {
6 |   document.body.innerHTML = `
      ^
ReferenceError: document is not defined
      at createMinimalDOM (/Users/justin/Documents/Github/Megabonk/tests/helpers/dom-setup.js:6:3)
      at <anonymous> (/Users/justin/Documents/Github/Megabonk/tests/unit/filters-advanced.test.js:118:9)
(fail) Filter State Persistence > restoreFilterState() > should not restore state for excluded tabs [1284279943.96ms]

# Unhandled error between tests
-------------------------------
119 |         createItemsFilterUI();
120 |         window.sessionStorage.clear();
121 |     });
122 | 
123 |     afterEach(() => {
124 |         window.sessionStorage.clear();
              ^
ReferenceError: window is not defined
      at <anonymous> (/Users/justin/Documents/Github/Megabonk/tests/unit/filters-advanced.test.js:124:9)
-------------------------------

(fail) Filter State Persistence > restoreFilterState() > should not restore state for excluded tabs
1 | /**
2 |  * Creates a minimal DOM structure for testing specific components
3 |  * This is useful when tests need a lighter-weight DOM than the full index.html
4 |  */
5 | export function createMinimalDOM() {
6 |   document.body.innerHTML = `
      ^
ReferenceError: document is not defined
      at createMinimalDOM (/Users/justin/Documents/Github/Megabonk/tests/helpers/dom-setup.js:6:3)
      at <anonymous> (/Users/justin/Documents/Github/Megabonk/tests/unit/filters-advanced.test.js:118:9)
(fail) Filter State Persistence > restoreFilterState() > should handle missing saved state gracefully [1284279943.99ms]

# Unhandled error between tests
-------------------------------
119 |         createItemsFilterUI();
120 |         window.sessionStorage.clear();
121 |     });
122 | 
123 |     afterEach(() => {
124 |         window.sessionStorage.clear();
              ^
ReferenceError: window is not defined
      at <anonymous> (/Users/justin/Documents/Github/Megabonk/tests/unit/filters-advanced.test.js:124:9)
-------------------------------

(fail) Filter State Persistence > restoreFilterState() > should handle missing saved state gracefully
1 | /**
2 |  * Creates a minimal DOM structure for testing specific components
3 |  * This is useful when tests need a lighter-weight DOM than the full index.html
4 |  */
5 | export function createMinimalDOM() {
6 |   document.body.innerHTML = `
      ^
ReferenceError: document is not defined
      at createMinimalDOM (/Users/justin/Documents/Github/Megabonk/tests/helpers/dom-setup.js:6:3)
      at <anonymous> (/Users/justin/Documents/Github/Megabonk/tests/unit/filters-advanced.test.js:118:9)
(fail) Filter State Persistence > restoreFilterState() > should handle null tabName [1284279944.01ms]

# Unhandled error between tests
-------------------------------
119 |         createItemsFilterUI();
120 |         window.sessionStorage.clear();
121 |     });
122 | 
123 |     afterEach(() => {
124 |         window.sessionStorage.clear();
              ^
ReferenceError: window is not defined
      at <anonymous> (/Users/justin/Documents/Github/Megabonk/tests/unit/filters-advanced.test.js:124:9)
-------------------------------

(fail) Filter State Persistence > `@/  andle null tabName
1 | /**
2 |  * Creates a minimal DOM structure for testing specific components
3 |  * This is useful when tests need a lighter-weight DOM than the full index.html
4 |  */
5 | export function createMinimalDOM() {
6 |   document.body.innerHTML = `
      ^
ReferenceError: document is not defined
      at createMinimalDOM (/Users/justin/Documents/Github/Megabonk/tests/helpers/dom-setup.js:6:3)
      at <anonymous> (/Users/justin/Documents/Github/Megabonk/tests/unit/filters-advanced.test.js:118:9)
(fail) Filter State Persistence > clearAllFilterStates() > should clear all saved filter states [1284279944.04ms]

# Unhandled error between tests
-------------------------------
119 |         createItemsFilterUI();
120 |         window.sessionStorage.clear();
121 |     });
122 | 
123 |     afterEach(() => {
124 |         window.sessionStorage.clear();
              ^
ReferenceError: window is not defined
      at <anonymous> (/Users/justin/Documents/Github/Megabonk/tests/unit/filters-advanced.test.js:124:9)
-------------------------------

(fail) Filter State Persistence > 0'@/  lear all saved filter states
(pass) Fuzzy Search Algorithm > fuzzyMatchScore() > should return highest score for exact match [0.02ms]
(pass) Fuzzy Search Algorithm > fuzzyMatchScore() > should return high score for starts_with match [0.07ms]
(pass) Fuzzy Search Algorithm > fuzzyMatchScore() > should return moderate score for contains match [0.02ms]
(pass) Fuzzy Search Algorithm > fuzzyMatchScore() > should return fuzzy score for fuzzy match [0.01ms]
(pass) Fuzzy Search Algorithm > fuzzyMatchScore() > should return zero score for no match [0.01ms]
(pass) Fuzzy Search Algorithm > fuzzyMatchScore() > should be case insensitive
(pass) Fuzzy Search Algorithm > fuzzyMatchScore() > should handle empty search term
(pass) Fuzzy Search Algorithm > fuzzyMatchScore() > should handle empty text
(pass) Fuzzy Search Algorithm > fuzzyMatchScore() > should give bonus for consecutive matches in fuzzy
(pass) Fuzzy Search Algorithm > fuzzyMatchScore() > should use default field name when not provided [0.01ms]
(pass) Advanced Search Syntax > parseAdvancedSearch() > should parse simple text search
(pass) Advanced Search Syntax > parseAdvancedSearch() > should parse multiple text terms [0.17ms]
(pass) Advanced Search Syntax > parseAdvancedSearch() > should parse filter syntax [0.01ms]
(pass) Advanced Search Syntax > parseAdvancedSearch() > should parse multiple filters [0.02ms]
(pass) Advanced Search Syntax > parseAdvancedSearch() > should parse mixed text and filters [0.02ms]
(pass) Advanced Search Syntax > parseAdvancedSearch() > should parse comparison operators [0.02ms]
(pass) Advanced Search Syntax > parseAdvancedSearch() > should parse quoted strings
(pass) Advanced Search Syntax > parseAdvancedSearch() > should handle empty query [0.01ms]
(pass) Advanced Search Syntax > parseAdvancedSearch() > should handle null-like values
(pass) Advanced Search Syntax > parseAdvancedSearch() > should parse not-equal operator [0.01ms]
(pass) Advanced Search Syntax > parseAdvancedSearch() > should parse greater-than-or-equal operator [0.02ms]
(pass) Advanced Search Syntax > parseAdvancedSearch() > should parse less-than-or-equal operator [0.01ms]
(pass) Advanced Search Syntax > matchesAdvancedFilters() > should match exact value [0.01ms]
(pass) Advanced Search Syntax > matchesAdvancedFilters() > should be case insensitive for exact match [0.07ms]
(pass) Advanced Search Syntax > matchesAdvancedFilters() > should match greater-than operator [0.02ms]
(pass) Advanced Search Syntax > matchesAdvancedFilters() > should match less-than operator [0.02ms]
(pass) Advanced Search Syntax > matchesAdvancedFilters() > should match greater-than-or-equal operator [0.01ms]
(pass) Advanced Search Syntax > matchesAdvancedFilters() > should match less-than-or-equal operator [0.02ms]
(pass) Advanced Search Syntax > matchesAdvancedFilters() > should match not-equal operator [0.01ms]
(pass) Advanced Search Syntax > matchesAdvancedFilters() > should return false for undefined property [0.01ms]
(pass) Advanced Search Syntax > matchesAdvancedFilters() > should return false for null property value
(pass) Advanced Search Syntax > matchesAdvancedFilters() > should match multiple filters (AND logic) [0.01ms]
(pass) Advanced Search Syntax > matchesAdvancedFilters() > should handle invalid numeric comparisons [0.01ms]
(pass) Advanced Search Syntax > matchesAdvancedFilters() > should return true for empty filters
1 | /**
2 |  * Creates a minimal DOM structure for testing specific components
3 |  * This is useful when tests need a lighter-weight DOM than the full index.html
4 |  */
5 | export function createMinimalDOM() {
6 |   document.body.innerHTML = `
      ^
ReferenceError: document is not defined
      at createMinimalDOM (/Users/justin/Documents/Github/Megabonk/tests/helpers/dom-setup.js:6:3)
      at <anonymous> (/Users/justin/Documents/Github/Megabonk/tests/unit/filters-advanced.test.js:479:9)
(fail) Search History Dropdown > showSearchHistoryDropdown() > should not create dropdown when history is empty [1284279944.76ms]

# Unhandled error between tests
-------------------------------
479 |         createMinimalDOM();
480 |         localStorage.clear();
481 |     });
482 | 
483 |     afterEach(() => {
484 |         localStorage.clear();
              ^
ReferenceError: localStorage is not defined
      at <anonymous> (/Users/justin/Documents/Github/Megabonk/tests/unit/filters-advanced.test.js:484:9)
-------------------------------

(fail) Search History Dropdown > showSearchHistoryDropdown() > should not create dropdown when history is empty
(skip) Search History Dropdown > showSearchHistoryDropdown() > should create dropdown when history exists (jsdom AbortSignal limitation)
(skip) Search History Dropdown > showSearchHistoryDropdown() > should display history items (jsdom AbortSignal limitation)
(skip) Search History Dropdown > showSearchHistoryDropdown() > should remove existing dropdown before creating new one (jsdom AbortSignal limitation)
(skip) Search History Dropdown > showSearchHistoryDropdown() > should have proper ARIA attributes (jsdom AbortSignal limitation)
(skip) Search History Dropdown > showSearchHistoryDropdown() > should clear history when clear button is clicked (jsdom AbortSignal limitation)
(skip) Search History Dropdown > showSearchHistoryDropdown() > should populate search input when history item is clicked (jsdom AbortSignal limitation)
1 | /**
2 |  * Creates a minimal DOM structure for testing specific components
3 |  * This is useful when tests need a lighter-weight DOM than the full index.html
4 |  */
5 | export function createMinimalDOM() {
6 |   document.body.innerHTML = `
      ^
ReferenceError: document is not defined
      at createMinimalDOM (/Users/justin/Documents/Github/Megabonk/tests/helpers/dom-setup.js:6:3)
      at <anonymous> (/Users/justin/Documents/Github/Megabonk/tests/unit/filters-advanced.test.js:579:9)
(fail) handleSearch() > should add search term to history when length >= 2 [1284279944.83ms]

# Unhandled error between tests
-------------------------------
582 |         window.renderTabContent = vi.fn();
583 |         window.currentTab = 'items';
584 |     });
585 | 
586 |     afterEach(() => {
587 |         localStorage.clear();
              ^
ReferenceError: localStorage is not defined
      at <anonymous> (/Users/justin/Documents/Github/Megabonk/tests/unit/filters-advanced.test.js:587:9)
-------------------------------

(fail) handleSearch() > should add search term to history when length >= 2
1 | /**
2 |  * Creates a minimal DOM structure for testing specific components
3 |  * This is useful when tests need a lighter-weight DOM than the full index.html
4 |  */
5 | export function createMinimalDOM() {
6 |   document.body.innerHTML = `
      ^
ReferenceError: document is not defined
      at createMinimalDOM (/Users/justin/Documents/Github/Megabonk/tests/helpers/dom-setup.js:6:3)
      at <anonymous> (/Users/justin/Documents/Github/Megabonk/tests/unit/filters-advanced.test.js:579:9)
(fail) handleSearch() > should not add search term to history when length < 2 [1284279944.88ms]

# Unhandled error between tests
-------------------------------
582 |         window.renderTabContent = vi.fn();
583 |         window.currentTab = 'items';
584 |     });
585 | 
586 |     afterEach(() => {
587 |         localStorage.clear();
              ^
ReferenceError: localStorage is not defined
      at <anonymous> (/Users/justin/Documents/Github/Megabonk/tests/unit/filters-advanced.test.js:587:9)
-------------------------------

(fail) handleSearch() > should not add search term to history when length < 2
1 | /**
2 |  * Creates a minimal DOM structure for testing specific components
3 |  * This is useful when tests need a lighter-weight DOM than the full index.html
4 |  */
5 | export function createMinimalDOM() {
6 |   document.body.innerHTML = `
      ^
ReferenceError: document is not defined
      at createMinimalDOM (/Users/justin/Documents/Github/Megabonk/tests/helpers/dom-setup.js:6:3)
      at <anonymous> (/Users/justin/Documents/Github/Megabonk/tests/unit/filters-advanced.test.js:579:9)
(fail) handleSearch() > should call renderTabContent [1284279944.92ms]

# Unhandled error between tests
-------------------------------
582 |         window.renderTabContent = vi.fn();
583 |         window.currentTab = 'items';
584 |     });
585 | 
586 |     afterEach(() => {
587 |         localStorage.clear();
              ^
ReferenceError: localStorage is not defined
      at <anonymous> (/Users/justin/Documents/Github/Megabonk/tests/unit/filters-advanced.test.js:587:9)
-------------------------------

(fail) handleSearch() > should call renderTabContent
1 | /**
2 |  * Creates a minimal DOM structure for testing specific components
3 |  * This is useful when tests need a lighter-weight DOM than the full index.html
4 |  */
5 | export function createMinimalDOM() {
6 |   document.body.innerHTML = `
      ^
ReferenceError: document is not defined
      at createMinimalDOM (/Users/justin/Documents/Github/Megabonk/tests/helpers/dom-setup.js:6:3)
      at <anonymous> (/Users/justin/Documents/Github/Megabonk/tests/unit/filters-advanced.test.js:579:9)
(fail) handleSearch() > should save filter state [1284279944.96ms]

# Unhandled error between tests
-------------------------------
582 |         window.renderTabContent = vi.fn();
583 |         window.currentTab = 'items';
584 |     });
585 | 
586 |     afterEach(() => {
587 |         localStorage.clear();
              ^
ReferenceError: localStorage is not defined
      at <anonymous> (/Users/justin/Documents/Github/Megabonk/tests/unit/filters-advanced.test.js:587:9)
-------------------------------

(fail) @@/  ave filter state

tests/unit/compare-stacking.test.js:
1 | /**
2 |  * Creates a minimal DOM structure for testing specific components
3 |  * This is useful when tests need a lighter-weight DOM than the full index.html
4 |  */
5 | export function createMinimalDOM() {
6 |   document.body.innerHTML = `
      ^
ReferenceError: document is not defined
      at createMinimalDOM (/Users/justin/Documents/Github/Megabonk/tests/helpers/dom-setup.js:6:3)
      at <anonymous> (/Users/justin/Documents/Github/Megabonk/tests/unit/compare-stacking.test.js:12:9)
(fail) Compare Modal Stacking Display > stacks_well HTML generation > should generate "Stacks Well" HTML when stacks_well is true [1284280300.51ms]
(fail) Compare Modal Stacking Display > stacks_well HTML generation > should generate "Stacks Well" HTML when stacks_well is true
1 | /**
2 |  * Creates a minimal DOM structure for testing specific components
3 |  * This is useful when tests need a lighter-weight DOM than the full index.html
4 |  */
5 | export function createMinimalDOM() {
6 |   document.body.innerHTML = `
      ^
ReferenceError: document is not defined
      at createMinimalDOM (/Users/justin/Documents/Github/Megabonk/tests/helpers/dom-setup.js:6:3)
      at <anonymous> (/Users/justin/Documents/Github/Megabonk/tests/unit/compare-stacking.test.js:12:9)
(fail) Compare Modal Stacking Display > stacks_well HTML generation > should generate "One-and-Done" HTML when stacks_well is explicitly false [1284280300.60ms]
(fail) Compare Modal Stacking Display > stacks_well HTML generation > should generate "One-and-Done" HTML when stacks_well is explicitly false
1 | /**
2 |  * Creates a minimal DOM structure for testing specific components
3 |  * This is useful when tests need a lighter-weight DOM than the full index.html
4 |  */
5 | export function createMinimalDOM() {
6 |   document.body.innerHTML = `
      ^
ReferenceError: document is not defined
      at createMinimalDOM (/Users/justin/Documents/Github/Megabonk/tests/helpers/dom-setup.js:6:3)
      at <anonymous> (/Users/justin/Documents/Github/Megabonk/tests/unit/compare-stacking.test.js:12:9)
(fail) Compare Modal Stacking Display > stacks_well HTML generation > should generate "unknown" HTML when stacks_well is undefined [1284280300.63ms]
(fail) Compare Modal Stacking Display > stacks_well HTML generation > should generate "unknown" HTML when stacks_well is undefined
1 | /**
2 |  * Creates a minimal DOM structure for testing specific components
3 |  * This is useful when tests need a lighter-weight DOM than the full index.html
4 |  */
5 | export function createMinimalDOM() {
6 |   document.body.innerHTML = `
      ^
ReferenceError: document is not defined
      at createMinimalDOM (/Users/justin/Documents/Github/Megabonk/tests/helpers/dom-setup.js:6:3)
      at <anonymous> (/Users/justin/Documents/Github/Megabonk/tests/unit/compare-stacking.test.js:12:9)
(fail) Compare Modal Stacking Display > stacks_well HTML generation > should treat null stacks_well as undefined (unknown) [1284280300.63ms]
(fail) Compare Modal Stacking Display >  R[@/  reat null stacks_well as undefined (unknown)
1 | /**
2 |  * Creates a minimal DOM structure for testing specific components
3 |  * This is useful when tests need a lighter-weight DOM than the full index.html
4 |  */
5 | export function createMinimalDOM() {
6 |   document.body.innerHTML = `
      ^
ReferenceError: document is not defined
      at createMinimalDOM (/Users/justin/Documents/Github/Megabonk/tests/helpers/dom-setup.js:6:3)
      at <anonymous> (/Users/justin/Documents/Github/Megabonk/tests/unit/compare-stacking.test.js:12:9)
(fail) Compare Modal Stacking Display > stacks_well conditional logic (bug fix verification) > should correctly distinguish between undefined, false, and true [1284280300.66ms]
(fail) Compare Modal Stacking Display > stacks_well conditional logic (bug fix verification) > should correctly distinguish between undefined, false, and true
1 | /**
2 |  * Creates a minimal DOM structure for testing specific components
3 |  * This is useful when tests need a lighter-weight DOM than the full index.html
4 |  */
5 | export function createMinimalDOM() {
6 |   document.body.innerHTML = `
      ^
ReferenceError: document is not defined
      at createMinimalDOM (/Users/justin/Documents/Github/Megabonk/tests/helpers/dom-setup.js:6:3)
      at <anonymous> (/Users/justin/Documents/Github/Megabonk/tests/unit/compare-stacking.test.js:12:9)
(fail) Compare Modal Stacking Display > stacks_well conditional logic (bug fix verification) > should handle missing property vs explicit false [1284280300.71ms]
(fail) Compare Modal Stacking Display >         andle missing property vs explicit false
1 | /**
2 |  * Creates a minimal DOM structure for testing specific components
3 |  * This is useful when tests need a lighter-weight DOM than the full index.html
4 |  */
5 | export function createMinimalDOM() {
6 |   document.body.innerHTML = `
      ^
ReferenceError: document is not defined
      at createMinimalDOM (/Users/justin/Documents/Github/Megabonk/tests/helpers/dom-setup.js:6:3)
      at <anonymous> (/Users/justin/Documents/Github/Megabonk/tests/unit/compare-stacking.test.js:12:9)
(fail) Compare Modal Stacking Display > CSS class assignment > should assign correct CSS classes for each state [1284280300.80ms]
(fail) Compare Modal Stacking Display > †>@/  ssign correct CSS classes for each state
1 | /**
2 |  * Creates a minimal DOM structure for testing specific components
3 |  * This is useful when tests need a lighter-weight DOM than the full index.html
4 |  */
5 | export function createMinimalDOM() {
6 |   document.body.innerHTML = `
      ^
ReferenceError: document is not defined
      at createMinimalDOM (/Users/justin/Documents/Github/Megabonk/tests/helpers/dom-setup.js:6:3)
      at <anonymous> (/Users/justin/Documents/Github/Megabonk/tests/unit/compare-stacking.test.js:12:9)
(fail) Compare Modal Stacking Display > edge cases > should handle empty object (no stacks_well property) [1284280300.83ms]
(fail) Compare Modal Stacking Display > edge cases > should handle empty object (no stacks_well property)
1 | /**
2 |  * Creates a minimal DOM structure for testing specific components
3 |  * This is useful when tests need a lighter-weight DOM than the full index.html
4 |  */
5 | export function createMinimalDOM() {
6 |   document.body.innerHTML = `
      ^
ReferenceError: document is not defined
      at createMinimalDOM (/Users/justin/Documents/Github/Megabonk/tests/helpers/dom-setup.js:6:3)
      at <anonymous> (/Users/justin/Documents/Github/Megabonk/tests/unit/compare-stacking.test.js:12:9)
(fail) Compare Modal Stacking Display > edge cases > should handle item with other properties but no stacks_well [1284280300.86ms]
(fail) Compare Modal Stacking Display > edge cases > should handle item with other properties but no stacks_well
1 | /**
2 |  * Creates a minimal DOM structure for testing specific components
3 |  * This is useful when tests need a lighter-weight DOM than the full index.html
4 |  */
5 | export function createMinimalDOM() {
6 |   document.body.innerHTML = `
      ^
ReferenceError: document is not defined
      at createMinimalDOM (/Users/justin/Documents/Github/Megabonk/tests/helpers/dom-setup.js:6:3)
      at <anonymous> (/Users/justin/Documents/Github/Megabonk/tests/unit/compare-stacking.test.js:12:9)
(fail) Compare Modal Stacking Display > edge cases > should handle boolean coercion correctly [1284280300.88ms]
(fail) Compare Modal Stacking Display > –>@/  andle boolean coercion correctly

tests/unit/renderers.test.js:

# Unhandled error between tests
-------------------------------
1 | import { describe, it, expect, beforeEach, afterEach, vi } from 'vitest';
2 | import { createMinimalDOM } from '../helpers/dom-setup.js';
3 | 
4 | // Mock dependencies before importing module
5 | vi.mock('../../src/modules/logger.ts', () => ({
       ^
TypeError: vi.mock is not a function. (In 'vi.mock("../../src/modules/logger.ts", () => ({
  logger: {
    debug: vi.fn(),
    info: vi.fn(),
    warn: vi.fn(),
    error: vi.fn()
  }
}))', 'vi.mock' is undefined)
      at /Users/justin/Documents/Github/Megabonk/tests/unit/renderers.test.js:5:4
      at loadAndEvaluateModule (2:1)
-------------------------------


tests/unit/service-worker.test.js:
(pass) Service Worker > Install Event > should open the correct cache [0.64ms]
(pass) Service Worker > Install Event > should cache all required URLs [0.02ms]
(pass) Service Worker > Install Event > should cache index.html [0.04ms]
(pass) Service Worker > Install Event > should cache all data JSON files
(pass) Service Worker > Install Event > should cache Chart.js library
(pass) Service Worker > Install Event > should call skipWaiting after caching
(pass) Service Worker > Install Event > should cache exactly 23 URLs [0.02ms]
(pass) Service Worker > Activate Event > should call clients.claim() [0.02ms]
(pass) Service Worker > Activate Event > should delete old caches [0.03ms]
(pass) Service Worker > Activate Event > should not delete current cache [0.03ms]
(pass) Service Worker > Activate Event > should handle empty cache list [0.01ms]
(pass) Service Worker > Activate Event > should handle only current cache existing [0.01ms]
(pass) Service Worker > Fetch Event > should return cached response if available [0.04ms]
(pass) Service Worker > Fetch Event > should fetch from network if not cached [0.07ms]
(pass) Service Worker > Fetch Event > should cache network responses [0.03ms]
(pass) Service Worker > Fetch Event > should check cache first [0.03ms]
(pass) Service Worker > Cache Name > should use versioned cache name [0.04ms]
(pass) Service Worker > Cache Name > should have specific version format
(pass) Service Worker > URLs to Cache > should include root path
(pass) Service Worker > URLs to Cache > should include HTML entry point
(pass) Service Worker > URLs to Cache > should include CSS stylesheet
(pass) Service Worker > URLs to Cache > should include main JavaScript
(pass) Service Worker > URLs to Cache > should include PWA manifest
(pass) Service Worker > URLs to Cache > should include all game data files [0.02ms]
(pass) Service Worker > URLs to Cache > should include constants module in cache list
(pass) Service Worker > Offline Fallback > should provide fallback HTML for navigation requests [0.03ms]
(pass) Service Worker Integration Scenarios > should handle fresh install correctly
(pass) Service Worker Integration Scenarios > should handle update from old version [0.02ms]
(pass) Service Worker Integration Scenarios > should handle multiple old caches during cleanup [0.02ms]

tests/unit/build-codes.test.js:
(pass) Build Code Encoding > encodeBuild() > should encode complete build
(pass) Build Code Encoding > encodeBuild() > should encode build without tomes [0.09ms]
(pass) Build Code Encoding > encodeBuild() > should encode build without items [0.01ms]
(pass) Build Code Encoding > encodeBuild() > should encode minimal build
(pass) Build Code Encoding > encodeBuild() > should return null without character
(pass) Build Code Encoding > encodeBuild() > should return null without weapon [0.01ms]
(pass) Build Code Encoding > encodeBuild() > should handle single tome
(pass) Build Code Encoding > encodeBuild() > should handle many items
(pass) Build Code Encoding > decodeBuild() > should decode complete build [0.04ms]
(pass) Build Code Encoding > decodeBuild() > should decode build without tomes [0.02ms]
(pass) Build Code Encoding > decodeBuild() > should decode build without items
(pass) Build Code Encoding > decodeBuild() > should decode minimal build
(pass) Build Code Encoding > decodeBuild() > should return null for invalid format
(pass) Build Code Encoding > decodeBuild() > should return null for null input [0.01ms]
(pass) Build Code Encoding > decodeBuild() > should return null for undefined input
(pass) Build Code Encoding > decodeBuild() > should return null for non-string input
(pass) Build Code Encoding > decodeBuild() > should return null for missing character
(pass) Build Code Encoding > decodeBuild() > should return null for missing weapon
(pass) Build Code Encoding > Round-trip encoding > should preserve build through encode/decode cycle [0.01ms]
(pass) Build Code Encoding > Round-trip encoding > should preserve minimal build [0.02ms]
(pass) Base64 Encoding > encodeToBase64() > should encode build to base64 [0.03ms]
(pass) Base64 Encoding > encodeToBase64() > should return null for invalid build
(pass) Base64 Encoding > decodeFromBase64() > should decode base64 to build [0.02ms]
(pass) Base64 Encoding > decodeFromBase64() > should return null for invalid base64 [0.04ms]
(pass) Base64 Encoding > decodeFromBase64() > should return null for null input [0.01ms]
(pass) Base64 Encoding > Base64 round-trip > should preserve build through base64 encode/decode
(pass) JSON Encoding > encodeToJSON() > should encode build to JSON [0.03ms]
(pass) JSON Encoding > encodeToJSON() > should use compact keys [0.02ms]
(pass) JSON Encoding > encodeToJSON() > should return null for invalid build
(pass) JSON Encoding > decodeFromJSON() > should decode JSON to build [0.03ms]
(pass) JSON Encoding > decodeFromJSON() > should return null for invalid JSON [0.02ms]
(pass) JSON Encoding > decodeFromJSON() > should return null for JSON missing required fields
(pass) JSON Encoding > decodeFromJSON() > should handle missing optional arrays
(pass) Build Validation > validateBuildCode() > should validate correct build [0.04ms]
(pass) Build Validation > validateBuildCode() > should detect unknown character [0.06ms]
(pass) Build Validation > validateBuildCode() > should detect unknown weapon [0.02ms]
(pass) Build Validation > validateBuildCode() > should detect unknown tome
(pass) Build Validation > validateBuildCode() > should detect unknown item [0.02ms]
(pass) Build Validation > validateBuildCode() > should detect multiple errors [0.02ms]
(pass) Shareable URL > generateShareableURL() > should generate URL with build parameter [0.02ms]
(pass) Shareable URL > generateShareableURL() > should use custom base URL [0.01ms]
(pass) Shareable URL > generateShareableURL() > should return null for invalid build
(pass) Shareable URL > parseShareableURL() > should parse URL and return build [0.02ms]
(pass) Shareable URL > parseShareableURL() > should return null for URL without build parameter [0.01ms]
(pass) Shareable URL > parseShareableURL() > should return null for invalid URL [0.02ms]
(pass) Shareable URL > parseShareableURL() > should return null for invalid build parameter [0.01ms]
(pass) Shareable URL > URL round-trip > should preserve build through URL encode/parse
(pass) Edge Cases > should handle special characters in IDs [0.02ms]
(pass) Edge Cases > should handle empty strings in arrays [0.01ms]
(pass) Edge Cases > should handle unicode characters [0.01ms]
(pass) Edge Cases > should handle very long item lists [0.05ms]

tests/unit/formula-renderer.test.js:
(pass) Formula Renderer Module > renderFormula() > null/empty handling > should return empty string for null [0.03ms]
(pass) Formula Renderer Module > renderFormula() > null/empty handling > should return empty string for undefined [0.04ms]
(pass) Formula Renderer Module > renderFormula() > null/empty handling > should return empty string for empty string
(pass) Formula Renderer Module > renderFormula() > descriptive text formulas > should render descriptive text without math operators as formula-text [0.03ms]
(pass) Formula Renderer Module > renderFormula() > descriptive text formulas > should not apply KaTeX to non-math formulas [0.01ms]
35 |         });
36 | 
37 |         describe('mathematical formulas', () => {
38 |             it('should render formulas with = sign using KaTeX', () => {
39 |                 const result = renderFormula('Damage = 1 + 0.10');
40 |                 expect(result).toContain('katex');
                                    ^
error: expect(received).toContain(expected)

Expected to contain: "katex"
Received: "<span class=\"formula-container\"><span class<span class=\"formula-eq\">=</span>\"formula-var\">Damage</span> <span class=\"formula-eq\">=</span> 1 + 0.10</span>"

      at <anonymous> (/Users/justin/Documents/Github/Megabonk/tests/unit/formula-renderer.test.js:40:32)
(fail) Formula Renderer Module > renderFormula() > mathematical formulas > should render formulas with = sign using KaTeX [0.31ms]
40 |                 expect(result).toContain('katex');
41 |             });
42 | 
43 |             it('should render formulas with multiplication symbol', () => {
44 |                 const result = renderFormula('Damage √ó Stack Count');
45 |                 expect(result).toContain('katex');
                                    ^
error: expect(received).toContain(expected)

Expected to contain: "katex"
Received: "<span class=\"formula-container\"><span class<span class=\"formula-eq\">=</span>\"formula-var\">Damage</span> <span class<span class=\"formula-eq\">=</span>\"formula-op\">√ó</span> <span class<span class=\"formula-eq\">=</span>\"formula-var\">Stack Count</span></span>"

      at <anonymous> (/Users/justin/Documents/Github/Megabonk/tests/unit/formula-renderer.test.js:45:32)
(fail) Formula Renderer Module > renderFormula() > mathematical formulas > should render formulas with multiplication symbol [0.10ms]
45 |                 expect(result).toContain('katex');
46 |             });
47 | 
48 |             it('should render formulas with + operator', () => {
49 |                 const result = renderFormula('Base + 10');
50 |                 expect(result).toContain('katex');
                                    ^
error: expect(received).toContain(expected)

Expected to contain: "katex"
Received: "<span class=\"formula-container\"><span class<span class=\"formula-eq\">=</span>\"formula-var\">Base</span> + 10</span>"

      at <anonymous> (/Users/justin/Documents/Github/Megabonk/tests/unit/formula-renderer.test.js:50:32)
(fail) Formula Renderer Module > renderFormula() > mathematical formulas > should render formulas with + operator [0.04ms]
50 |                 expect(result).toContain('katex');
51 |             });
52 | 
53 |             it('should render formulas with - operator', () => {
54 |                 const result = renderFormula('HP - 50');
55 |                 expect(result).toContain('katex');
                                    ^
error: expect(received).toContain(expected)

Expected to contain: "katex"
Received: "<span class=\"formula-container\"><span class<span class=\"formula-eq\">=</span>\"formula-var\">HP</span> - 50</span>"

      at <anonymous> (/Users/justin/Documents/Github/Megabonk/tests/unit/formula-renderer.test.js:55:32)
(fail) Formula Renderer Module > renderFormula() > mathematical formulas > should render formulas with - operator [0.03ms]
58 | 
59 |         describe('variable highlighting', () => {
60 |             it('should wrap Stack Count in text command', () => {
61 |                 const result = renderFormula('Damage = 1 + Stack Count');
62 |                 // KaTeX renders \text{} with specific class
63 |                 expect(result).toContain('katex');
                                    ^
error: expect(received).toContain(expected)

Expected to contain: "katex"
Received: "<span class=\"formula-container\"><span class<span class=\"formula-eq\">=</span>\"formula-var\">Damage</span> <span class=\"formula-eq\">=</span> 1 + <span class<span class=\"formula-eq\">=</span>\"formula-var\">Stack Count</span></span>"

      at <anonymous> (/Users/justin/Documents/Github/Megabonk/tests/unit/formula-renderer.test.js:63:32)
(fail) Formula Renderer Module > renderFormula() > variable highlighting > should wrap Stack Count in text command [0.03ms]
63 |                 expect(result).toContain('katex');
64 |             });
65 | 
66 |             it('should wrap Max HP in text command', () => {
67 |                 const result = renderFormula('Damage = Max HP √ó 0.20');
68 |                 expect(result).toContain('katex');
                                    ^
error: expect(received).toContain(expected)

Expected to contain: "katex"
Received: "<span class=\"formula-container\"><span class<span class=\"formula-eq\">=</span>\"formula-var\">Damage</span> <span class=\"formula-eq\">=</span> <span class<span class=\"formula-eq\">=</span>\"formula-var\">Max <span class<span class=\"formula-eq\">=</span>\"formula-var\">HP</span></span> <span class<span class=\"formula-eq\">=</span>\"formula-op\">√ó</span> 0.20</span>"

      at <anonymous> (/Users/justin/Documents/Github/Megabonk/tests/unit/formula-renderer.test.js:68:32)
(fail) Formula Renderer Module > renderFormula() > variable highlighting > should wrap Max HP in text command [0.05ms]
68 |                 expect(result).toContain('katex');
69 |             });
70 | 
71 |             it('should handle multiple variables', () => {
72 |                 const result = renderFormula('Damage = Base + (Max HP √ó Stack Count)');
73 |                 expect(result).toContain('katex');
                                    ^
error: expect(received).toContain(expected)

Expected to contain: "katex"
Received: "<span class=\"formula-container\"><span class<span class=\"formula-eq\">=</span>\"formula-var\">Damage</span> <span class=\"formula-eq\">=</span> <span class<span class=\"formula-eq\">=</span>\"formula-var\">Base</span> + (<span class<span class=\"formula-eq\">=</span>\"formula-var\">Max <span class<span class=\"formula-eq\">=</span>\"formula-var\">HP</span></span> <span class<span class=\"formula-eq\">=</span>\"formula-op\">√ó</span> <span class<span class=\"formula-eq\">=</span>\"formula-var\">Stack Count</span>)</span>"

      at <anonymous> (/Users/justin/Documents/Github/Megabonk/tests/unit/formula-renderer.test.js:73:32)
(fail) Formula Renderer Module > renderFormula() > variable highlighting > should handle multiple variables [0.05ms]
76 | 
77 |         describe('symbol conversion', () => {
78 |             it('should convert √ó to times symbol', () => {
79 |                 const result = renderFormula('Damage = 2 √ó 5');
80 |                 // KaTeX renders \times as a specific element
81 |                 expect(result).toContain('katex');
                                    ^
error: expect(received).toContain(expected)

Expected to contain: "katex"
Received: "<span class=\"formula-container\"><span class<span class=\"formula-eq\">=</span>\"formula-var\">Damage</span> <span class=\"formula-eq\">=</span> 2 <span class<span class=\"formula-eq\">=</span>\"formula-op\">√ó</span> 5</span>"

      at <anonymous> (/Users/justin/Documents/Github/Megabonk/tests/unit/formula-renderer.test.js:81:32)
(fail) Formula Renderer Module > renderFormula() > symbol conversion > should convert √ó to times symbol [0.03ms]
81 |                 expect(result).toContain('katex');
82 |             });
83 | 
84 |             it('should convert percentages', () => {
85 |                 const result = renderFormula('Bonus = 20%');
86 |                 expect(result).toContain('katex');
                                    ^
error: expect(received).toContain(expected)

Expected to contain: "katex"
Received: "<span class=\"formula-container\">Bonus <span class=\"formula-eq\">=</span> 20%</span>"

      at <anonymous> (/Users/justin/Documents/Github/Megabonk/tests/unit/formula-renderer.test.js:86:32)
(fail) Formula Renderer Module > renderFormula() > symbol conversion > should convert percentages [0.03ms]
(pass) Formula Renderer Module > renderFormula() > error handling > should fall back gracefully on invalid LaTeX
(pass) Formula Renderer Module > renderFormula() > error handling > should handle complex formulas without crashing [0.02ms]
101 |         });
102 | 
103 |         describe('LaTeX passthrough', () => {
104 |             it('should detect and pass through existing LaTeX', () => {
105 |                 const result = renderFormula('\\frac{1}{2}');
106 |                 expect(result).toContain('katex');
                                     ^
error: expect(received).toContain(expected)

Expected to contain: "katex"
Received: "<span class=\"formula-text\">\\frac{1}{2}</span>"

      at <anonymous> (/Users/justin/Documents/Github/Megabonk/tests/unit/formula-renderer.test.js:106:32)
(fail) Formula Renderer Module > renderFormula() > LaTeX passthrough > should detect and pass through existing LaTeX [0.01ms]
106 |                 expect(result).toContain('katex');
107 |             });
108 | 
109 |             it('should handle LaTeX with text commands', () => {
110 |                 const result = renderFormula('\\text{Damage} = 1 + n');
111 |                 expect(result).toContain('katex');
                                     ^
error: expect(received).toContain(expected)

Expected to contain: "katex"
Received: "<span class=\"formula-container\">\\text{<span class<span class=\"formula-eq\">=</span>\"formula-var\">Damage</span>} <span class=\"formula-eq\">=</span> 1 + n</span>"

      at <anonymous> (/Users/justin/Documents/Github/Megabonk/tests/unit/formula-renderer.test.js:111:32)
(fail) Formula Renderer Module > renderFormula() > LaTeX passthrough > should handle LaTeX with text commands [0.03ms]
(pass) Formula Renderer Module > renderFormulaDisplay() > should return empty string for null
119 |             expect(result).toBe('');
120 |         });
121 | 
122 |         it('should render math formulas in display mode', () => {
123 |             const result = renderFormulaDisplay('Damage = 1 + 0.10');
124 |             expect(result).toContain('katex');
                                 ^
error: expect(received).toContain(expected)

Expected to contain: "katex"
Received: "<div class=\"formula-display\"><span class=\"formula-container\"><span class<span class=\"formula-eq\">=</span>\"formula-var\">Damage</span> <span class=\"formula-eq\">=</span> 1 + 0.10</span></div>"

      at <anonymous> (/Users/justin/Documents/Github/Megabonk/tests/unit/formula-renderer.test.js:124:28)
(fail) Formula Renderer Module > renderFormulaDisplay() > should render math formulas in display mode [0.02ms]
(pass) Formula Renderer Module > renderFormulaDisplay() > should render descriptive text as formula-text
145 | 
146 |         realFormulas.forEach(formula => {
147 |             it(`should render: "${formula.substring(0, 40)}..."`, () => {
148 |                 const result = renderFormula(formula);
149 |                 expect(result).toBeDefined();
150 |                 expect(result).toContain('katex');
                                     ^
error: expect(received).toContain(expected)

Expected to contain: "katex"
Received: "<span class=\"formula-container\"><span class<span class=\"formula-eq\">=</span>\"formula-var\"><span class<span class=\"formula-eq\">=</span>\"formula-var\">Damage</span> Multiplier</span> <span class=\"formula-eq\">=</span> 1 + ((<span class<span class=\"formula-eq\">=</span>\"formula-var\">Max <span class<span class=\"formula-eq\">=</span>\"formula-var\">HP</span></span> / 100) <span class<span class=\"formula-eq\">=</span>\"formula-op\">√ó</span> 0.20 <span class<span class=\"formula-eq\">=</span>\"formula-op\">√ó</span> <span class<span class=\"formula-eq\">=</span>\"formula-var\">Stack Count</span>)</span>"

      at <anonymous> (/Users/justin/Documents/Github/Megabonk/tests/unit/formula-renderer.test.js:150:32)
(fail) Formula Renderer Module > real formula examples > should render: "Damage Multiplier = 1 + ((Max HP / 100) ..." [2.79ms]
145 | 
146 |         realFormulas.forEach(formula => {
147 |             it(`should render: "${formula.substring(0, 40)}..."`, () => {
148 |                 const result = renderFormula(formula);
149 |                 expect(result).toBeDefined();
150 |                 expect(result).toContain('katex');
                                     ^
error: expect(received).toContain(expected)

Expected to contain: "katex"
Received: "<span class=\"formula-container\"><span class<span class=\"formula-eq\">=</span>\"formula-var\">Total Proc Chance</span> <span class=\"formula-eq\">=</span> 0.02 <span class<span class=\"formula-eq\">=</span>\"formula-op\">√ó</span> <span class<span class=\"formula-eq\">=</span>\"formula-var\">Stack Count</span> (capped at 100%)</span>"

      at <anonymous> (/Users/justin/Documents/Github/Megabonk/tests/unit/formula-renderer.test.js:150:32)
(fail) Formula Renderer Module > real formula examples > should render: "Total Proc Chance = 0.02 √ó Stack Count (..." [1.33ms]
145 | 
146 |         realFormulas.forEach(formula => {
147 |             it(`should render: "${formula.substring(0, 40)}..."`, () => {
148 |                 const result = renderFormula(formula);
149 |                 expect(result).toBeDefined();
150 |                 expect(result).toContain('katex');
                                     ^
error: expect(received).toContain(expected)

Expected to contain: "katex"
Received: "<span class=\"formula-container\"><span class<span class=\"formula-eq\">=</span>\"formula-var\">Explosion Chance</span> <span class=\"formula-eq\">=</span> 0.25 <span class<span class=\"formula-eq\">=</span>\"formula-op\">√ó</span> <span class<span class=\"formula-eq\">=</span>\"formula-var\">Stack Count</span> (capped at 100%)</span>"

      at <anonymous> (/Users/justin/Documents/Github/Megabonk/tests/unit/formula-renderer.test.js:150:32)
(fail) Formula Renderer Module > real formula examples > should render: "Explosion Chance = 0.25 √ó Stack Count (c..." [0.72ms]
145 | 
146 |         realFormulas.forEach(formula => {
147 |             it(`should render: "${formula.substring(0, 40)}..."`, () => {
148 |                 const result = renderFormula(formula);
149 |                 expect(result).toBeDefined();
150 |                 expect(result).toContain('katex');
                                     ^
error: expect(received).toContain(expected)

Expected to contain: "katex"
Received: "<span class=\"formula-container\"><span class<span class=\"formula-eq\">=</span>\"formula-var\">Crit Chance</span> <span class=\"formula-eq\">=</span> <span class<span class=\"formula-eq\">=</span>\"formula-var\">Base</span> + (0.10 <span class<span class=\"formula-eq\">=</span>\"formula-op\">√ó</span> <span class<span class=\"formula-eq\">=</span>\"formula-var\">Stack Count</span>). Over 100% enables Overcrits!</span>"

      at <anonymous> (/Users/justin/Documents/Github/Megabonk/tests/unit/formula-renderer.test.js:150:32)
(fail) Formula Renderer Module > real formula examples > should render: "Crit Chance = Base + (0.10 √ó Stack Count..." [19.12ms]
145 | 
146 |         realFormulas.forEach(formula => {
147 |             it(`should render: "${formula.substring(0, 40)}..."`, () => {
148 |                 const result = renderFormula(formula);
149 |                 expect(result).toBeDefined();
150 |                 expect(result).toContain('katex');
                                     ^
error: expect(received).toContain(expected)

Expected to contain: "katex"
Received: "<span class=\"formula-container\"><span class<span class=\"formula-eq\">=</span>\"formula-var\">Max <span class<span class=\"formula-eq\">=</span>\"formula-var\">HP</span></span> <span class=\"formula-eq\">=</span> <span class<span class=\"formula-eq\">=</span>\"formula-var\"><span class<span class=\"formula-eq\">=</span>\"formula-var\">Base</span> <span class<span class=\"formula-eq\">=</span>\"formula-var\">HP</span></span> + (25 <span class<span class=\"formula-eq\">=</span>\"formula-op\">√ó</span> <span class<span class=\"formula-eq\">=</span>\"formula-var\">Stack Count</span>)</span>"

      at <anonymous> (/Users/justin/Documents/Github/Megabonk/tests/unit/formula-renderer.test.js:150:32)
(fail) Formula Renderer Module > real formula examples > should render: "Max HP = Base HP + (25 √ó Stack Count)..." [0.07ms]
145 | 
146 |         realFormulas.forEach(formula => {
147 |             it(`should render: "${formula.substring(0, 40)}..."`, () => {
148 |                 const result = renderFormula(formula);
149 |                 expect(result).toBeDefined();
150 |                 expect(result).toContain('katex');
                                     ^
error: expect(received).toContain(expected)

Expected to contain: "katex"
Received: "<span class=\"formula-container\"><span class<span class=\"formula-eq\">=</span>\"formula-var\"><span class<span class=\"formula-eq\">=</span>\"formula-var\">Attack <span class<span class=\"formula-eq\">=</span>\"formula-var\">Speed</span></span> Bonus</span> <span class=\"formula-eq\">=</span> min(<span class<span class=\"formula-eq\">=</span>\"formula-var\">Movement <span class<span class=\"formula-eq\">=</span>\"formula-var\">Speed</span></span> <span class<span class=\"formula-eq\">=</span>\"formula-op\">√ó</span> <span class<span class=\"formula-eq\">=</span>\"formula-var\">Stack Count</span>, 40% <span class<span class=\"formula-eq\">=</span>\"formula-op\">√ó</span> <span class<span class=\"formula-eq\">=</span>\"formula-var\">Stack Count</span>)</span>"

      at <anonymous> (/Users/justin/Documents/Github/Megabonk/tests/unit/formula-renderer.test.js:150:32)
(fail) Formula Renderer Module > real formula examples > should render: "Attack Speed Bonus = min(Movement Speed ..." [150.29ms]
145 | 
146 |         realFormulas.forEach(formula => {
147 |             it(`should render: "${formula.substring(0, 40)}..."`, () => {
148 |                 const result = renderFormula(formula);
149 |                 expect(result).toBeDefined();
150 |                 expect(result).toContain('katex');
                                     ^
error: expect(received).toContain(expected)

Expected to contain: "katex"
Received: "<span class=\"formula-container\"><span class<span class=\"formula-eq\">=</span>\"formula-var\">Damage</span> <span class=\"formula-eq\">=</span> 1 + (<span class<span class=\"formula-eq\">=</span>\"formula-var\">Kills</span> <span class<span class=\"formula-eq\">=</span>\"formula-op\">√ó</span> 0.001 <span class<span class=\"formula-eq\">=</span>\"formula-op\">√ó</span> <span class<span class=\"formula-eq\">=</span>\"formula-var\">Stack Count</span>), max 1000 kills per copy</span>"

      at <anonymous> (/Users/justin/Documents/Github/Megabonk/tests/unit/formula-renderer.test.js:150:32)
(fail) Formula Renderer Module > real formula examples > should render: "Damage = 1 + (Kills √ó 0.001 √ó Stack Coun..." [1.47ms]

tests/integration/tab-switching.test.js:
1 | /**
2 |  * Creates a minimal DOM structure for testing specific components
3 |  * This is useful when tests need a lighter-weight DOM than the full index.html
4 |  */
5 | export function createMinimalDOM() {
6 |   document.body.innerHTML = `
      ^
ReferenceError: document is not defined
      at createMinimalDOM (/Users/justin/Documents/Github/Megabonk/tests/helpers/dom-setup.js:6:3)
      at setupTabDOM (/Users/justin/Documents/Github/Megabonk/tests/integration/tab-switching.test.js:39:3)
      at <anonymous> (/Users/justin/Documents/Github/Megabonk/tests/integration/tab-switching.test.js:44:5)
(fail) Tab Switching Integration > switchTab() > should switch from items to weapons tab [1284280501.51ms]
(fail) Tab Switching Integration > switchTab() > should switch from items to weapons tab
1 | /**
2 |  * Creates a minimal DOM structure for testing specific components
3 |  * This is useful when tests need a lighter-weight DOM than the full index.html
4 |  */
5 | export function createMinimalDOM() {
6 |   document.body.innerHTML = `
      ^
ReferenceError: document is not defined
      at createMinimalDOM (/Users/justin/Documents/Github/Megabonk/tests/helpers/dom-setup.js:6:3)
      at setupTabDOM (/Users/justin/Documents/Github/Megabonk/tests/integration/tab-switching.test.js:39:3)
      at <anonymous> (/Users/justin/Documents/Github/Megabonk/tests/integration/tab-switching.test.js:44:5)
(fail) Tab Switching Integration > switchTab() > should switch through all tabs sequentially [1284280501.54ms]
(fail) Tab Switching Integration > switchTab() > should switch through all tabs sequentially
1 | /**
2 |  * Creates a minimal DOM structure for testing specific components
3 |  * This is useful when tests need a lighter-weight DOM than the full index.html
4 |  */
5 | export function createMinimalDOM() {
6 |   document.body.innerHTML = `
      ^
ReferenceError: document is not defined
      at createMinimalDOM (/Users/justin/Documents/Github/Megabonk/tests/helpers/dom-setup.js:6:3)
      at setupTabDOM (/Users/justin/Documents/Github/Megabonk/tests/integration/tab-switching.test.js:39:3)
      at <anonymous> (/Users/justin/Documents/Github/Megabonk/tests/integration/tab-switching.test.js:44:5)
(fail) Tab Switching Integration > switchTab() > should only have one active tab button at a time [1284280501.58ms]
(fail) Tab Switching Integration > switchTab() > should only have one active tab button at a time
1 | /**
2 |  * Creates a minimal DOM structure for testing specific components
3 |  * This is useful when tests need a lighter-weight DOM than the full index.html
4 |  */
5 | export function createMinimalDOM() {
6 |   document.body.innerHTML = `
      ^
ReferenceError: document is not defined
      at createMinimalDOM (/Users/justin/Documents/Github/Megabonk/tests/helpers/dom-setup.js:6:3)
      at setupTabDOM (/Users/justin/Documents/Github/Megabonk/tests/integration/tab-switching.test.js:39:3)
      at <anonymous> (/Users/justin/Documents/Github/Megabonk/tests/integration/tab-switching.test.js:44:5)
(fail) Tab Switching Integration > switchTab() > should only have one active tab content at a time [1284280501.60ms]
(fail) Tab Switching Integration > switchTab() > should only have one active tab content at a time
1 | /**
2 |  * Creates a minimal DOM structure for testing specific components
3 |  * This is useful when tests need a lighter-weight DOM than the full index.html
4 |  */
5 | export function createMinimalDOM() {
6 |   document.body.innerHTML = `
      ^
ReferenceError: document is not defined
      at createMinimalDOM (/Users/justin/Documents/Github/Megabonk/tests/helpers/dom-setup.js:6:3)
      at setupTabDOM (/Users/justin/Documents/Github/Megabonk/tests/integration/tab-switching.test.js:39:3)
      at <anonymous> (/Users/justin/Documents/Github/Megabonk/tests/integration/tab-switching.test.js:44:5)
(fail) Tab Switching Integration > switchTab() > should handle switching to same tab [1284280501.61ms]
(fail) Tab Switching Integration > @J@/  andle switching to same tab
1 | /**
2 |  * Creates a minimal DOM structure for testing specific components
3 |  * This is useful when tests need a lighter-weight DOM than the full index.html
4 |  */
5 | export function createMinimalDOM() {
6 |   document.body.innerHTML = `
      ^
ReferenceError: document is not defined
      at createMinimalDOM (/Users/justin/Documents/Github/Megabonk/tests/helpers/dom-setup.js:6:3)
      at setupTabDOM (/Users/justin/Documents/Github/Megabonk/tests/integration/tab-switching.test.js:39:3)
      at <anonymous> (/Users/justin/Documents/Github/Megabonk/tests/integration/tab-switching.test.js:44:5)
(fail) Tab Switching Integration > getDataForTab() > should return items data for items tab [1284280501.63ms]
(fail) Tab Switching Integration > getDataForTab() > should return items data for items tab
1 | /**
2 |  * Creates a minimal DOM structure for testing specific components
3 |  * This is useful when tests need a lighter-weight DOM than the full index.html
4 |  */
5 | export function createMinimalDOM() {
6 |   document.body.innerHTML = `
      ^
ReferenceError: document is not defined
      at createMinimalDOM (/Users/justin/Documents/Github/Megabonk/tests/helpers/dom-setup.js:6:3)
      at setupTabDOM (/Users/justin/Documents/Github/Megabonk/tests/integration/tab-switching.test.js:39:3)
      at <anonymous> (/Users/justin/Documents/Github/Megabonk/tests/integration/tab-switching.test.js:44:5)
(fail) Tab Switching Integration > getDataForTab() > should return weapons data for weapons tab [1284280501.64ms]
(fail) Tab Switching Integration > getDataForTab() > should return weapons data for weapons tab
1 | /**
2 |  * Creates a minimal DOM structure for testing specific components
3 |  * This is useful when tests need a lighter-weight DOM than the full index.html
4 |  */
5 | export function createMinimalDOM() {
6 |   document.body.innerHTML = `
      ^
ReferenceError: document is not defined
      at createMinimalDOM (/Users/justin/Documents/Github/Megabonk/tests/helpers/dom-setup.js:6:3)
      at setupTabDOM (/Users/justin/Documents/Github/Megabonk/tests/integration/tab-switching.test.js:39:3)
      at <anonymous> (/Users/justin/Documents/Github/Megabonk/tests/integration/tab-switching.test.js:44:5)
(fail) Tab Switching Integration > getDataForTab() > should return tomes data for tomes tab [1284280501.67ms]
(fail) Tab Switching Integration > getDataForTab() > should return tomes data for tomes tab
1 | /**
2 |  * Creates a minimal DOM structure for testing specific components
3 |  * This is useful when tests need a lighter-weight DOM than the full index.html
4 |  */
5 | export function createMinimalDOM() {
6 |   document.body.innerHTML = `
      ^
ReferenceError: document is not defined
      at createMinimalDOM (/Users/justin/Documents/Github/Megabonk/tests/helpers/dom-setup.js:6:3)
      at setupTabDOM (/Users/justin/Documents/Github/Megabonk/tests/integration/tab-switching.test.js:39:3)
      at <anonymous> (/Users/justin/Documents/Github/Megabonk/tests/integration/tab-switching.test.js:44:5)
(fail) Tab Switching Integration > getDataForTab() > should return characters data for characters tab [1284280501.72ms]
(fail) Tab Switching Integration > getDataForTab() > should return characters data for characters tab
1 | /**
2 |  * Creates a minimal DOM structure for testing specific components
3 |  * This is useful when tests need a lighter-weight DOM than the full index.html
4 |  */
5 | export function createMinimalDOM() {
6 |   document.body.innerHTML = `
      ^
ReferenceError: document is not defined
      at createMinimalDOM (/Users/justin/Documents/Github/Megabonk/tests/helpers/dom-setup.js:6:3)
      at setupTabDOM (/Users/justin/Documents/Github/Megabonk/tests/integration/tab-switching.test.js:39:3)
      at <anonymous> (/Users/justin/Documents/Github/Megabonk/tests/integration/tab-switching.test.js:44:5)
(fail) Tab Switching Integration > getDataForTab() > should return shrines data for shrines tab [1284280501.74ms]
(fail) Tab Switching Integration > getDataForTab() > should return shrines data for shrines tab
1 | /**
2 |  * Creates a minimal DOM structure for testing specific components
3 |  * This is useful when tests need a lighter-weight DOM than the full index.html
4 |  */
5 | export function createMinimalDOM() {
6 |   document.body.innerHTML = `
      ^
ReferenceError: document is not defined
      at createMinimalDOM (/Users/justin/Documents/Github/Megabonk/tests/helpers/dom-setup.js:6:3)
      at setupTabDOM (/Users/justin/Documents/Github/Megabonk/tests/integration/tab-switching.test.js:39:3)
      at <anonymous> (/Users/justin/Documents/Github/Megabonk/tests/integration/tab-switching.test.js:44:5)
(fail) Tab Switching Integration > getDataForTab() > should return empty array for unknown tab [1284280501.75ms]
(fail) Tab Switching Integration > getDataForTab() > should return empty array for unknown tab
1 | /**
2 |  * Creates a minimal DOM structure for testing specific components
3 |  * This is useful when tests need a lighter-weight DOM than the full index.html
4 |  */
5 | export function createMinimalDOM() {
6 |   document.body.innerHTML = `
      ^
ReferenceError: document is not defined
      at createMinimalDOM (/Users/justin/Documents/Github/Megabonk/tests/helpers/dom-setup.js:6:3)
      at setupTabDOM (/Users/justin/Documents/Github/Megabonk/tests/integration/tab-switching.test.js:39:3)
      at <anonymous> (/Users/justin/Documents/Github/Megabonk/tests/integration/tab-switching.test.js:44:5)
(fail) Tab Switching Integration > getDataForTab() > should return empty array for build-planner (no direct data) [1284280501.79ms]
(fail) Tab Switching Integration > Äv[@/  eturn empty array for build-planner (no direct data)
1 | /**
2 |  * Creates a minimal DOM structure for testing specific components
3 |  * This is useful when tests need a lighter-weight DOM than the full index.html
4 |  */
5 | export function createMinimalDOM() {
6 |   document.body.innerHTML = `
      ^
ReferenceError: document is not defined
      at createMinimalDOM (/Users/justin/Documents/Github/Megabonk/tests/helpers/dom-setup.js:6:3)
      at setupTabDOM (/Users/justin/Documents/Github/Megabonk/tests/integration/tab-switching.test.js:39:3)
      at <anonymous> (/Users/justin/Documents/Github/Megabonk/tests/integration/tab-switching.test.js:44:5)
(fail) Tab Switching Integration > Tab and Data Integration > should get correct data after tab switch [1284280501.81ms]
(fail) Tab Switching Integration > Tab and Data Integration > should get correct data after tab switch
1 | /**
2 |  * Creates a minimal DOM structure for testing specific components
3 |  * This is useful when tests need a lighter-weight DOM than the full index.html
4 |  */
5 | export function createMinimalDOM() {
6 |   document.body.innerHTML = `
      ^
ReferenceError: document is not defined
      at createMinimalDOM (/Users/justin/Documents/Github/Megabonk/tests/helpers/dom-setup.js:6:3)
      at setupTabDOM (/Users/justin/Documents/Github/Megabonk/tests/integration/tab-switching.test.js:39:3)
      at <anonymous> (/Users/justin/Documents/Github/Megabonk/tests/integration/tab-switching.test.js:44:5)
(fail) Tab Switching Integration > Tab and Data Integration > should maintain data integrity across tab switches [1284280501.87ms]
(fail) Tab Switching Integration >  x[@/  aintain data integrity across tab switches
1 | /**
2 |  * Creates a minimal DOM structure for testing specific components
3 |  * This is useful when tests need a lighter-weight DOM than the full index.html
4 |  */
5 | export function createMinimalDOM() {
6 |   document.body.innerHTML = `
      ^
ReferenceError: document is not defined
      at createMinimalDOM (/Users/justin/Documents/Github/Megabonk/tests/helpers/dom-setup.js:6:3)
      at setupTabDOM (/Users/justin/Documents/Github/Megabonk/tests/integration/tab-switching.test.js:39:3)
      at <anonymous> (/Users/justin/Documents/Github/Megabonk/tests/integration/tab-switching.test.js:161:5)
(fail) Tab State Management > should start with items tab active [1284280501.90ms]
(fail) Tab State Management > should start with items tab active
1 | /**
2 |  * Creates a minimal DOM structure for testing specific components
3 |  * This is useful when tests need a lighter-weight DOM than the full index.html
4 |  */
5 | export function createMinimalDOM() {
6 |   document.body.innerHTML = `
      ^
ReferenceError: document is not defined
      at createMinimalDOM (/Users/justin/Documents/Github/Megabonk/tests/helpers/dom-setup.js:6:3)
      at setupTabDOM (/Users/justin/Documents/Github/Megabonk/tests/integration/tab-switching.test.js:39:3)
      at <anonymous> (/Users/justin/Documents/Github/Megabonk/tests/integration/tab-switching.test.js:161:5)
(fail) Tab State Management > should preserve tab state during rapid switching [1284280501.92ms]
(fail) K@/  reserve tab state during rapid switching
1 | /**
2 |  * Creates a minimal DOM structure for testing specific components
3 |  * This is useful when tests need a lighter-weight DOM than the full index.html
4 |  */
5 | export function createMinimalDOM() {
6 |   document.body.innerHTML = `
      ^
ReferenceError: document is not defined
      at createMinimalDOM (/Users/justin/Documents/Github/Megabonk/tests/helpers/dom-setup.js:6:3)
      at setupTabDOM (/Users/justin/Documents/Github/Megabonk/tests/integration/tab-switching.test.js:39:3)
      at <anonymous> (/Users/justin/Documents/Github/Megabonk/tests/integration/tab-switching.test.js:198:5)
(fail) Search Query Preservation > should preserve search query when switching tabs [1284280501.94ms]
(fail) Search Query Preservation > should preserve search query when switching tabs
1 | /**
2 |  * Creates a minimal DOM structure for testing specific components
3 |  * This is useful when tests need a lighter-weight DOM than the full index.html
4 |  */
5 | export function createMinimalDOM() {
6 |   document.body.innerHTML = `
      ^
ReferenceError: document is not defined
      at createMinimalDOM (/Users/justin/Documents/Github/Megabonk/tests/helpers/dom-setup.js:6:3)
      at setupTabDOM (/Users/justin/Documents/Github/Megabonk/tests/integration/tab-switching.test.js:39:3)
      at <anonymous> (/Users/justin/Documents/Github/Megabonk/tests/integration/tab-switching.test.js:198:5)
(fail) Search Query Preservation > should preserve search query across multiple tab switches [1284280501.96ms]
(fail) Search Query Preservation > should preserve search query across multiple tab switches
1 | /**
2 |  * Creates a minimal DOM structure for testing specific components
3 |  * This is useful when tests need a lighter-weight DOM than the full index.html
4 |  */
5 | export function createMinimalDOM() {
6 |   document.body.innerHTML = `
      ^
ReferenceError: document is not defined
      at createMinimalDOM (/Users/justin/Documents/Github/Megabonk/tests/helpers/dom-setup.js:6:3)
      at setupTabDOM (/Users/justin/Documents/Github/Megabonk/tests/integration/tab-switching.test.js:39:3)
      at <anonymous> (/Users/justin/Documents/Github/Megabonk/tests/integration/tab-switching.test.js:198:5)
(fail) Search Query Preservation > should allow clearing search query on any tab [1284280501.97ms]
(fail) Search Query Preservation > should allow clearing search query on any tab
1 | /**
2 |  * Creates a minimal DOM structure for testing specific components
3 |  * This is useful when tests need a lighter-weight DOM than the full index.html
4 |  */
5 | export function createMinimalDOM() {
6 |   document.body.innerHTML = `
      ^
ReferenceError: document is not defined
      at createMinimalDOM (/Users/justin/Documents/Github/Megabonk/tests/helpers/dom-setup.js:6:3)
      at setupTabDOM (/Users/justin/Documents/Github/Megabonk/tests/integration/tab-switching.test.js:39:3)
      at <anonymous> (/Users/justin/Documents/Github/Megabonk/tests/integration/tab-switching.test.js:198:5)
(fail) Search Query Preservation > should maintain search input element across tab switches [1284280501.99ms]
(fail) Ä{[@/  aintain search input element across tab switches
1 | /**
2 |  * Creates a minimal DOM structure for testing specific components
3 |  * This is useful when tests need a lighter-weight DOM than the full index.html
4 |  */
5 | export function createMinimalDOM() {
6 |   document.body.innerHTML = `
      ^
ReferenceError: document is not defined
      at createMinimalDOM (/Users/justin/Documents/Github/Megabonk/tests/helpers/dom-setup.js:6:3)
      at setupTabDOM (/Users/justin/Documents/Github/Megabonk/tests/integration/tab-switching.test.js:39:3)
      at <anonymous> (/Users/justin/Documents/Github/Megabonk/tests/integration/tab-switching.test.js:253:5)
(fail) Filter Dropdown Updates > should have different filters for items tab [1284280502.01ms]
(fail) Filter Dropdown Updates > should have different filters for items tab
1 | /**
2 |  * Creates a minimal DOM structure for testing specific components
3 |  * This is useful when tests need a lighter-weight DOM than the full index.html
4 |  */
5 | export function createMinimalDOM() {
6 |   document.body.innerHTML = `
      ^
ReferenceError: document is not defined
      at createMinimalDOM (/Users/justin/Documents/Github/Megabonk/tests/helpers/dom-setup.js:6:3)
      at setupTabDOM (/Users/justin/Documents/Github/Megabonk/tests/integration/tab-switching.test.js:39:3)
      at <anonymous> (/Users/justin/Documents/Github/Megabonk/tests/integration/tab-switching.test.js:253:5)
(fail) Filter Dropdown Updates > should have different filters for weapons tab [1284280502.01ms]
(fail) Filter Dropdown Updates > should have different filters for weapons tab
1 | /**
2 |  * Creates a minimal DOM structure for testing specific components
3 |  * This is useful when tests need a lighter-weight DOM than the full index.html
4 |  */
5 | export function createMinimalDOM() {
6 |   document.body.innerHTML = `
      ^
ReferenceError: document is not defined
      at createMinimalDOM (/Users/justin/Documents/Github/Megabonk/tests/helpers/dom-setup.js:6:3)
      at setupTabDOM (/Users/justin/Documents/Github/Megabonk/tests/integration/tab-switching.test.js:39:3)
      at <anonymous> (/Users/justin/Documents/Github/Megabonk/tests/integration/tab-switching.test.js:253:5)
(fail) Filter Dropdown Updates > should have different filters for tomes tab [1284280502.03ms]
(fail) Filter Dropdown Updates > should have different filters for tomes tab
1 | /**
2 |  * Creates a minimal DOM structure for testing specific components
3 |  * This is useful when tests need a lighter-weight DOM than the full index.html
4 |  */
5 | export function createMinimalDOM() {
6 |   document.body.innerHTML = `
      ^
ReferenceError: document is not defined
      at createMinimalDOM (/Users/justin/Documents/Github/Megabonk/tests/helpers/dom-setup.js:6:3)
      at setupTabDOM (/Users/justin/Documents/Github/Megabonk/tests/integration/tab-switching.test.js:39:3)
      at <anonymous> (/Users/justin/Documents/Github/Megabonk/tests/integration/tab-switching.test.js:253:5)
(fail) Filter Dropdown Updates > should have different filters for characters tab [1284280502.04ms]
(fail) Filter Dropdown Updates > should have different filters for characters tab
1 | /**
2 |  * Creates a minimal DOM structure for testing specific components
3 |  * This is useful when tests need a lighter-weight DOM than the full index.html
4 |  */
5 | export function createMinimalDOM() {
6 |   document.body.innerHTML = `
      ^
ReferenceError: document is not defined
      at createMinimalDOM (/Users/justin/Documents/Github/Megabonk/tests/helpers/dom-setup.js:6:3)
      at setupTabDOM (/Users/justin/Documents/Github/Megabonk/tests/integration/tab-switching.test.js:39:3)
      at <anonymous> (/Users/justin/Documents/Github/Megabonk/tests/integration/tab-switching.test.js:253:5)
(fail) Filter Dropdown Updates > should have different filters for shrines tab [1284280502.06ms]
(fail) Filter Dropdown Updates > should have different filters for shrines tab
1 | /**
2 |  * Creates a minimal DOM structure for testing specific components
3 |  * This is useful when tests need a lighter-weight DOM than the full index.html
4 |  */
5 | export function createMinimalDOM() {
6 |   document.body.innerHTML = `
      ^
ReferenceError: document is not defined
      at createMinimalDOM (/Users/justin/Documents/Github/Megabonk/tests/helpers/dom-setup.js:6:3)
      at setupTabDOM (/Users/justin/Documents/Github/Megabonk/tests/integration/tab-switching.test.js:39:3)
      at <anonymous> (/Users/justin/Documents/Github/Megabonk/tests/integration/tab-switching.test.js:253:5)
(fail) Filter Dropdown Updates > should return empty filters for tabs without data [1284280502.07ms]
(fail) ¿{[@/  eturn empty filters for tabs without data
1 | /**
2 |  * Creates a minimal DOM structure for testing specific components
3 |  * This is useful when tests need a lighter-weight DOM than the full index.html
4 |  */
5 | export function createMinimalDOM() {
6 |   document.body.innerHTML = `
      ^
ReferenceError: document is not defined
      at createMinimalDOM (/Users/justin/Documents/Github/Megabonk/tests/helpers/dom-setup.js:6:3)
      at setupTabDOM (/Users/justin/Documents/Github/Megabonk/tests/integration/tab-switching.test.js:39:3)
      at <anonymous> (/Users/justin/Documents/Github/Megabonk/tests/integration/tab-switching.test.js:334:5)
(fail) Chart Cleanup > should destroy charts when leaving items tab [1284280502.10ms]
(fail) Chart Cleanup > should destroy charts when leaving items tab
1 | /**
2 |  * Creates a minimal DOM structure for testing specific components
3 |  * This is useful when tests need a lighter-weight DOM than the full index.html
4 |  */
5 | export function createMinimalDOM() {
6 |   document.body.innerHTML = `
      ^
ReferenceError: document is not defined
      at createMinimalDOM (/Users/justin/Documents/Github/Megabonk/tests/helpers/dom-setup.js:6:3)
      at setupTabDOM (/Users/justin/Documents/Github/Megabonk/tests/integration/tab-switching.test.js:39:3)
      at <anonymous> (/Users/justin/Documents/Github/Megabonk/tests/integration/tab-switching.test.js:334:5)
(fail) Chart Cleanup > should destroy charts when leaving tomes tab [1284280502.11ms]
(fail) Chart Cleanup > should destroy charts when leaving tomes tab
1 | /**
2 |  * Creates a minimal DOM structure for testing specific components
3 |  * This is useful when tests need a lighter-weight DOM than the full index.html
4 |  */
5 | export function createMinimalDOM() {
6 |   document.body.innerHTML = `
      ^
ReferenceError: document is not defined
      at createMinimalDOM (/Users/justin/Documents/Github/Megabonk/tests/helpers/dom-setup.js:6:3)
      at setupTabDOM (/Users/justin/Documents/Github/Megabonk/tests/integration/tab-switching.test.js:39:3)
      at <anonymous> (/Users/justin/Documents/Github/Megabonk/tests/integration/tab-switching.test.js:334:5)
(fail) Chart Cleanup > should not destroy charts when leaving non-chart tabs [1284280502.13ms]
(fail) Chart Cleanup > should not destroy charts when leaving non-chart tabs
1 | /**
2 |  * Creates a minimal DOM structure for testing specific components
3 |  * This is useful when tests need a lighter-weight DOM than the full index.html
4 |  */
5 | export function createMinimalDOM() {
6 |   document.body.innerHTML = `
      ^
ReferenceError: document is not defined
      at createMinimalDOM (/Users/justin/Documents/Github/Megabonk/tests/helpers/dom-setup.js:6:3)
      at setupTabDOM (/Users/justin/Documents/Github/Megabonk/tests/integration/tab-switching.test.js:39:3)
      at <anonymous> (/Users/justin/Documents/Github/Megabonk/tests/integration/tab-switching.test.js:334:5)
(fail) Chart Cleanup > should clear chart instances after cleanup [1284280502.14ms]
(fail) Chart Cleanup > should clear chart instances after cleanup
1 | /**
2 |  * Creates a minimal DOM structure for testing specific components
3 |  * This is useful when tests need a lighter-weight DOM than the full index.html
4 |  */
5 | export function createMinimalDOM() {
6 |   document.body.innerHTML = `
      ^
ReferenceError: document is not defined
      at createMinimalDOM (/Users/justin/Documents/Github/Megabonk/tests/helpers/dom-setup.js:6:3)
      at setupTabDOM (/Users/justin/Documents/Github/Megabonk/tests/integration/tab-switching.test.js:39:3)
      at <anonymous> (/Users/justin/Documents/Github/Megabonk/tests/integration/tab-switching.test.js:334:5)
(fail) Chart Cleanup > should handle cleanup with no existing charts [1284280502.16ms]
(fail) Chart Cleanup > should handle cleanup with no existing charts
1 | /**
2 |  * Creates a minimal DOM structure for testing specific components
3 |  * This is useful when tests need a lighter-weight DOM than the full index.html
4 |  */
5 | export function createMinimalDOM() {
6 |   document.body.innerHTML = `
      ^
ReferenceError: document is not defined
      at createMinimalDOM (/Users/justin/Documents/Github/Megabonk/tests/helpers/dom-setup.js:6:3)
      at setupTabDOM (/Users/justin/Documents/Github/Megabonk/tests/integration/tab-switching.test.js:39:3)
      at <anonymous> (/Users/justin/Documents/Github/Megabonk/tests/integration/tab-switching.test.js:334:5)
(fail) Chart Cleanup > should destroy specific chart by canvas ID [1284280502.18ms]
(fail) 0N@/  estroy specific chart by canvas ID

tests/integration/search-filter.test.js:
1 | /**
2 |  * Creates a minimal DOM structure for testing specific components
3 |  * This is useful when tests need a lighter-weight DOM than the full index.html
4 |  */
5 | export function createMinimalDOM() {
6 |   document.body.innerHTML = `
      ^
ReferenceError: document is not defined
      at createMinimalDOM (/Users/justin/Documents/Github/Megabonk/tests/helpers/dom-setup.js:6:3)
      at <anonymous> (/Users/justin/Documents/Github/Megabonk/tests/integration/search-filter.test.js:59:5)
(fail) Search and Filter Integration > Search + Filter Combinations > should combine search with tier filter [1284280503.31ms]
(fail) Search and Filter Integration > Search + Filter Combinations > should combine search with tier filter
1 | /**
2 |  * Creates a minimal DOM structure for testing specific components
3 |  * This is useful when tests need a lighter-weight DOM than the full index.html
4 |  */
5 | export function createMinimalDOM() {
6 |   document.body.innerHTML = `
      ^
ReferenceError: document is not defined
      at createMinimalDOM (/Users/justin/Documents/Github/Megabonk/tests/helpers/dom-setup.js:6:3)
      at <anonymous> (/Users/justin/Documents/Github/Megabonk/tests/integration/search-filter.test.js:59:5)
(fail) Search and Filter Integration > Search + Filter Combinations > should combine search with rarity filter [1284280503.37ms]
(fail) Search and Filter Integration > Search + Filter Combinations > should combine search with rarity filter
1 | /**
2 |  * Creates a minimal DOM structure for testing specific components
3 |  * This is useful when tests need a lighter-weight DOM than the full index.html
4 |  */
5 | export function createMinimalDOM() {
6 |   document.body.innerHTML = `
      ^
ReferenceError: document is not defined
      at createMinimalDOM (/Users/justin/Documents/Github/Megabonk/tests/helpers/dom-setup.js:6:3)
      at <anonymous> (/Users/justin/Documents/Github/Megabonk/tests/integration/search-filter.test.js:59:5)
(fail) Search and Filter Integration > Search + Filter Combinations > should combine tier and rarity filters [1284280503.39ms]
(fail) Search and Filter Integration > Search + Filter Combinations > should combine tier and rarity filters
1 | /**
2 |  * Creates a minimal DOM structure for testing specific components
3 |  * This is useful when tests need a lighter-weight DOM than the full index.html
4 |  */
5 | export function createMinimalDOM() {
6 |   document.body.innerHTML = `
      ^
ReferenceError: document is not defined
      at createMinimalDOM (/Users/justin/Documents/Github/Megabonk/tests/helpers/dom-setup.js:6:3)
      at <anonymous> (/Users/justin/Documents/Github/Megabonk/tests/integration/search-filter.test.js:59:5)
(fail) Search and Filter Integration > Search + Filter Combinations > should combine all three: search, tier, and rarity [1284280503.40ms]
(fail) Search and Filter Integration > Search + Filter Combinations > should combine all three: search, tier, and rarity
1 | /**
2 |  * Creates a minimal DOM structure for testing specific components
3 |  * This is useful when tests need a lighter-weight DOM than the full index.html
4 |  */
5 | export function createMinimalDOM() {
6 |   document.body.innerHTML = `
      ^
ReferenceError: document is not defined
      at createMinimalDOM (/Users/justin/Documents/Github/Megabonk/tests/helpers/dom-setup.js:6:3)
      at <anonymous> (/Users/justin/Documents/Github/Megabonk/tests/integration/search-filter.test.js:59:5)
(fail) Search and Filter Integration > Search + Filter Combinations > should combine stacking filter with search [1284280503.42ms]
(fail) Search and Filter Integration > Search + Filter Combinations > should combine stacking filter with search
1 | /**
2 |  * Creates a minimal DOM structure for testing specific components
3 |  * This is useful when tests need a lighter-weight DOM than the full index.html
4 |  */
5 | export function createMinimalDOM() {
6 |   document.body.innerHTML = `
      ^
ReferenceError: document is not defined
      at createMinimalDOM (/Users/justin/Documents/Github/Megabonk/tests/helpers/dom-setup.js:6:3)
      at <anonymous> (/Users/justin/Documents/Github/Megabonk/tests/integration/search-filter.test.js:59:5)
(fail) Search and Filter Integration > Search + Filter Combinations > should combine one_and_done filter with tier [1284280503.43ms]
(fail) Search and Filter Integration >  O@/  ombine one_and_done filter with tier
1 | /**
2 |  * Creates a minimal DOM structure for testing specific components
3 |  * This is useful when tests need a lighter-weight DOM than the full index.html
4 |  */
5 | export function createMinimalDOM() {
6 |   document.body.innerHTML = `
      ^
ReferenceError: document is not defined
      at createMinimalDOM (/Users/justin/Documents/Github/Megabonk/tests/helpers/dom-setup.js:6:3)
      at <anonymous> (/Users/justin/Documents/Github/Megabonk/tests/integration/search-filter.test.js:59:5)
(fail) Search and Filter Integration > Filter + Sort Combinations > should sort filtered results by name [1284280503.44ms]
(fail) Search and Filter Integration > Filter + Sort Combinations > should sort filtered results by name
1 | /**
2 |  * Creates a minimal DOM structure for testing specific components
3 |  * This is useful when tests need a lighter-weight DOM than the full index.html
4 |  */
5 | export function createMinimalDOM() {
6 |   document.body.innerHTML = `
      ^
ReferenceError: document is not defined
      at createMinimalDOM (/Users/justin/Documents/Github/Megabonk/tests/helpers/dom-setup.js:6:3)
      at <anonymous> (/Users/justin/Documents/Github/Megabonk/tests/integration/search-filter.test.js:59:5)
(fail) Search and Filter Integration > Filter + Sort Combinations > should sort filtered results by rarity [1284280503.46ms]
(fail) Search and Filter Integration > Filter + Sort Combinations > should sort filtered results by rarity
1 | /**
2 |  * Creates a minimal DOM structure for testing specific components
3 |  * This is useful when tests need a lighter-weight DOM than the full index.html
4 |  */
5 | export function createMinimalDOM() {
6 |   document.body.innerHTML = `
      ^
ReferenceError: document is not defined
      at createMinimalDOM (/Users/justin/Documents/Github/Megabonk/tests/helpers/dom-setup.js:6:3)
      at <anonymous> (/Users/justin/Documents/Github/Megabonk/tests/integration/search-filter.test.js:59:5)
(fail) Search and Filter Integration > Filter + Sort Combinations > should maintain sort order after filter change [1284280503.48ms]
(fail) Search and Filter Integration > ∞O@/  aintain sort order after filter change
1 | /**
2 |  * Creates a minimal DOM structure for testing specific components
3 |  * This is useful when tests need a lighter-weight DOM than the full index.html
4 |  */
5 | export function createMinimalDOM() {
6 |   document.body.innerHTML = `
      ^
ReferenceError: document is not defined
      at createMinimalDOM (/Users/justin/Documents/Github/Megabonk/tests/helpers/dom-setup.js:6:3)
      at <anonymous> (/Users/justin/Documents/Github/Megabonk/tests/integration/search-filter.test.js:59:5)
(fail) Search and Filter Integration > Progressive Filtering > should progressively narrow results [1284280503.49ms]
(fail) Search and Filter Integration > Progressive Filtering > should progressively narrow results
1 | /**
2 |  * Creates a minimal DOM structure for testing specific components
3 |  * This is useful when tests need a lighter-weight DOM than the full index.html
4 |  */
5 | export function createMinimalDOM() {
6 |   document.body.innerHTML = `
      ^
ReferenceError: document is not defined
      at createMinimalDOM (/Users/justin/Documents/Github/Megabonk/tests/helpers/dom-setup.js:6:3)
      at <anonymous> (/Users/justin/Documents/Github/Megabonk/tests/integration/search-filter.test.js:59:5)
(fail) Search and Filter Integration > Progressive Filtering > should widen results when filters removed [1284280503.50ms]
(fail) Search and Filter Integration > P@/  iden results when filters removed
1 | /**
2 |  * Creates a minimal DOM structure for testing specific components
3 |  * This is useful when tests need a lighter-weight DOM than the full index.html
4 |  */
5 | export function createMinimalDOM() {
6 |   document.body.innerHTML = `
      ^
ReferenceError: document is not defined
      at createMinimalDOM (/Users/justin/Documents/Github/Megabonk/tests/helpers/dom-setup.js:6:3)
      at <anonymous> (/Users/justin/Documents/Github/Megabonk/tests/integration/search-filter.test.js:59:5)
(fail) Search and Filter Integration > Edge Cases > should handle filters with no matching results [1284280503.52ms]
(fail) Search and Filter Integration > Edge Cases > should handle filters with no matching results
1 | /**
2 |  * Creates a minimal DOM structure for testing specific components
3 |  * This is useful when tests need a lighter-weight DOM than the full index.html
4 |  */
5 | export function createMinimalDOM() {
6 |   document.body.innerHTML = `
      ^
ReferenceError: document is not defined
      at createMinimalDOM (/Users/justin/Documents/Github/Megabonk/tests/helpers/dom-setup.js:6:3)
      at <anonymous> (/Users/justin/Documents/Github/Megabonk/tests/integration/search-filter.test.js:59:5)
(fail) Search and Filter Integration > Edge Cases > should handle search in base_effect [1284280503.53ms]
(fail) Search and Filter Integration > Edge Cases > should handle search in base_effect
1 | /**
2 |  * Creates a minimal DOM structure for testing specific components
3 |  * This is useful when tests need a lighter-weight DOM than the full index.html
4 |  */
5 | export function createMinimalDOM() {
6 |   document.body.innerHTML = `
      ^
ReferenceError: document is not defined
      at createMinimalDOM (/Users/justin/Documents/Github/Megabonk/tests/helpers/dom-setup.js:6:3)
      at <anonymous> (/Users/justin/Documents/Github/Megabonk/tests/integration/search-filter.test.js:59:5)
(fail) Search and Filter Integration > Edge Cases > should handle case-insensitive search with filters [1284280503.54ms]
(fail) Search and Filter Integration > Edge Cases > should handle case-insensitive search with filters
1 | /**
2 |  * Creates a minimal DOM structure for testing specific components
3 |  * This is useful when tests need a lighter-weight DOM than the full index.html
4 |  */
5 | export function createMinimalDOM() {
6 |   document.body.innerHTML = `
      ^
ReferenceError: document is not defined
      at createMinimalDOM (/Users/justin/Documents/Github/Megabonk/tests/helpers/dom-setup.js:6:3)
      at <anonymous> (/Users/justin/Documents/Github/Megabonk/tests/integration/search-filter.test.js:59:5)
(fail) Search and Filter Integration > Edge Cases > should handle partial word matches [1284280503.56ms]
(fail) Search and Filter Integration > Edge Cases > should handle partial word matches
1 | /**
2 |  * Creates a minimal DOM structure for testing specific components
3 |  * This is useful when tests need a lighter-weight DOM than the full index.html
4 |  */
5 | export function createMinimalDOM() {
6 |   document.body.innerHTML = `
      ^
ReferenceError: document is not defined
      at createMinimalDOM (/Users/justin/Documents/Github/Megabonk/tests/helpers/dom-setup.js:6:3)
      at <anonymous> (/Users/justin/Documents/Github/Megabonk/tests/integration/search-filter.test.js:59:5)
(fail) Search and Filter Integration > Edge Cases > should handle special characters in search [1284280503.58ms]
(fail) Search and Filter Integration > –M@/  andle special characters in search
1 | /**
2 |  * Creates a minimal DOM structure for testing specific components
3 |  * This is useful when tests need a lighter-weight DOM than the full index.html
4 |  */
5 | export function createMinimalDOM() {
6 |   document.body.innerHTML = `
      ^
ReferenceError: document is not defined
      at createMinimalDOM (/Users/justin/Documents/Github/Megabonk/tests/helpers/dom-setup.js:6:3)
      at <anonymous> (/Users/justin/Documents/Github/Megabonk/tests/integration/search-filter.test.js:59:5)
(fail) Search and Filter Integration > Filter Reset Behavior > should reset all filters correctly [1284280503.59ms]
(fail) Search and Filter Integration > †M@/  eset all filters correctly
1 | /**
2 |  * Creates a minimal DOM structure for testing specific components
3 |  * This is useful when tests need a lighter-weight DOM than the full index.html
4 |  */
5 | export function createMinimalDOM() {
6 |   document.body.innerHTML = `
      ^
ReferenceError: document is not defined
      at createMinimalDOM (/Users/justin/Documents/Github/Megabonk/tests/helpers/dom-setup.js:6:3)
      at <anonymous> (/Users/justin/Documents/Github/Megabonk/tests/integration/search-filter.test.js:294:5)
(fail) Multi-Filter Performance > should handle filtering large datasets [1284280503.62ms]
(fail) Multi-Filter Performance > should handle filtering large datasets
1 | /**
2 |  * Creates a minimal DOM structure for testing specific components
3 |  * This is useful when tests need a lighter-weight DOM than the full index.html
4 |  */
5 | export function createMinimalDOM() {
6 |   document.body.innerHTML = `
      ^
ReferenceError: document is not defined
      at createMinimalDOM (/Users/justin/Documents/Github/Megabonk/tests/helpers/dom-setup.js:6:3)
      at <anonymous> (/Users/justin/Documents/Github/Megabonk/tests/integration/search-filter.test.js:294:5)
(fail) Multi-Filter Performance > should maintain accuracy with large dataset [1284280503.66ms]
(fail) @M@/  aintain accuracy with large dataset

tests/integration/build-planner.test.js:
(pass) Build Planner Integration > Character and Weapon Selection > should set character correctly
(pass) Build Planner Integration > Character and Weapon Selection > should set weapon correctly [0.01ms]
(pass) Build Planner Integration > Character and Weapon Selection > should allow changing character [0.01ms]
(pass) Build Planner Integration > Character and Weapon Selection > should handle invalid character ID
(pass) Build Planner Integration > Character and Weapon Selection > should handle invalid weapon ID
(pass) Build Planner Integration > Stats Calculation > should return null without character [0.02ms]
(pass) Build Planner Integration > Stats Calculation > should return null without weapon
(pass) Build Planner Integration > Stats Calculation > should calculate base stats correctly
(pass) Build Planner Integration > Stats Calculation > should apply character-specific stats
(pass) Build Planner Integration > Stats Calculation > should calculate stats for rogue build
(pass) Build Planner Integration > Tome Integration > should add tome to build [0.02ms]
(pass) Build Planner Integration > Tome Integration > should not add duplicate tomes
(pass) Build Planner Integration > Tome Integration > should add multiple different tomes
(pass) Build Planner Integration > Tome Integration > should remove tome from build [0.01ms]
(pass) Build Planner Integration > Tome Integration > should apply tome bonuses to stats [0.01ms]
(pass) Build Planner Integration > Tome Integration > should apply all tome bonuses cumulatively
(pass) Build Planner Integration > Item Integration > should add item to build [0.02ms]
(pass) Build Planner Integration > Item Integration > should not add duplicate items
(pass) Build Planner Integration > Item Integration > should remove item from build
(pass) Build Planner Integration > Item Integration > should apply item bonuses to stats
(pass) Build Planner Integration > Item Integration > should combine tome and item bonuses
(pass) Build Planner Integration > Full Build Workflow > should create complete build from scratch
(pass) Build Planner Integration > Full Build Workflow > should clear build completely
(pass) Build Planner Integration > Build Export/Import > should export build correctly [0.02ms]
(pass) Build Planner Integration > Build Export/Import > should return null when exporting incomplete build
(pass) Build Planner Integration > Build Export/Import > should import build correctly [0.03ms]
(pass) Build Planner Integration > Build Export/Import > should maintain stats after export/import cycle [0.02ms]
(pass) Build Planner Integration > Build Export/Import > should handle import with missing fields
(pass) Build Planner Integration > Build Comparison Scenarios > should compare knight vs mage damage builds
(pass) Build Planner Integration > Build Comparison Scenarios > should compare crit-focused builds [0.01ms]
(pass) Build State Integrity > should not mutate original data when building
(pass) Build State Integrity > should handle rapid build modifications [0.03ms]

tests/e2e/image-loading.spec.js:

# Unhandled error between tests
-------------------------------
70 |     this.test = test;
71 |   }
72 |   _currentSuite(location, title) {
73 |     const suite = (0, import_globals.currentlyLoadingFileSuite)();
74 |     if (!suite) {
75 |       throw new Error([
                 ^
error: Playwright Test did not expect test.describe() to be called here.
Most common reasons include:
- You are calling test.describe() in a configuration file.
- You are calling test.describe() in a file that is imported by the configuration file.
- You have two different versions of @playwright/test. This usually happens
  when one of the dependencies in your package.json depends on @playwright/test.
      at _currentSuite (/Users/justin/Documents/Github/Megabonk/node_modules/playwright/lib/common/testType.js:75:13)
      at _describe (/Users/justin/Documents/Github/Megabonk/node_modules/playwright/lib/common/testType.js:115:24)
      at /Users/justin/Documents/Github/Megabonk/tests/e2e/image-loading.spec.js:89:6
      at loadAndEvaluateModule (2:1)
-------------------------------


tests/e2e/items-browsing.spec.js:

# Unhandled error between tests
-------------------------------
70 |     this.test = test;
71 |   }
72 |   _currentSuite(location, title) {
73 |     const suite = (0, import_globals.currentlyLoadingFileSuite)();
74 |     if (!suite) {
75 |       throw new Error([
                     ^
error: Playwright Test did not expect test.describe() to be called here.
Most common reasons include:
- You are calling test.describe() in a configuration file.
- You are calling test.describe() in a file that is imported by the configuration file.
- You have two different versions of @playwright/test. This usually happens
  when one of the dependencies in your package.json depends on @playwright/test.
      at _currentSuite (/Users/justin/Documents/Github/Megabonk/node_modules/playwright/lib/common/testType.js:75:17)
-------------------------------


tests/e2e/offline.spec.js:

# Unhandled error between tests
-------------------------------
70 |     this.test = test;
71 |   }
72 |   _currentSuite(location, title) {
73 |     const suite = (0, import_globals.currentlyLoadingFileSuite)();
74 |     if (!suite) {
75 |       throw new Error([
                     ^
error: Playwright Test did not expect test.describe() to be called here.
Most common reasons include:
- You are calling test.describe() in a configuration file.
- You are calling test.describe() in a file that is imported by the configuration file.
- You have two different versions of @playwright/test. This usually happens
  when one of the dependencies in your package.json depends on @playwright/test.
      at _currentSuite (/Users/justin/Documents/Github/Megabonk/node_modules/playwright/lib/common/testType.js:75:17)
-------------------------------


tests/e2e/calculator.spec.js:

# Unhandled error between tests
-------------------------------
70 |     this.test = test;
71 |   }
72 |   _currentSuite(location, title) {
73 |     const suite = (0, import_globals.currentlyLoadingFileSuite)();
74 |     if (!suite) {
75 |       throw new Error([
                 ^
error: Playwright Test did not expect test.describe() to be called here.
Most common reasons include:
- You are calling test.describe() in a configuration file.
- You are calling test.describe() in a file that is imported by the configuration file.
- You have two different versions of @playwright/test. This usually happens
  when one of the dependencies in your package.json depends on @playwright/test.
      at _currentSuite (/Users/justin/Documents/Github/Megabonk/node_modules/playwright/lib/common/testType.js:75:13)
      at _describe (/Users/justin/Documents/Github/Megabonk/node_modules/playwright/lib/common/testType.js:115:24)
      at /Users/justin/Documents/Github/Megabonk/tests/e2e/calculator.spec.js:3:6
      at loadAndEvaluateModule (2:1)
-------------------------------


tests/e2e/changelog.spec.js:

# Unhandled error between tests
-------------------------------
70 |     this.test = test;
71 |   }
72 |   _currentSuite(location, title) {
73 |     const suite = (0, import_globals.currentlyLoadingFileSuite)();
74 |     if (!suite) {
75 |       throw new Error([
                 ^
error: Playwright Test did not expect test.describe() to be called here.
Most common reasons include:
- You are calling test.describe() in a configuration file.
- You are calling test.describe() in a file that is imported by the configuration file.
- You have two different versions of @playwright/test. This usually happens
  when one of the dependencies in your package.json depends on @playwright/test.
      at _currentSuite (/Users/justin/Documents/Github/Megabonk/node_modules/playwright/lib/common/testType.js:75:13)
      at _describe (/Users/justin/Documents/Github/Megabonk/node_modules/playwright/lib/common/testType.js:115:24)
      at /Users/justin/Documents/Github/Megabonk/tests/e2e/changelog.spec.js:3:6
      at loadAndEvaluateModule (2:1)
-------------------------------


tests/e2e/mobile-responsive.spec.js:

# Unhandled error between tests
-------------------------------
70 |     this.test = test;
71 |   }
72 |   _currentSuite(location, title) {
73 |     const suite = (0, import_globals.currentlyLoadingFileSuite)();
74 |     if (!suite) {
75 |       throw new Error([
                 ^
error: Playwright Test did not expect test.describe() to be called here.
Most common reasons include:
- You are calling test.describe() in a configuration file.
- You are calling test.describe() in a file that is imported by the configuration file.
- You have two different versions of @playwright/test. This usually happens
  when one of the dependencies in your package.json depends on @playwright/test.
      at _currentSuite (/Users/justin/Documents/Github/Megabonk/node_modules/playwright/lib/common/testType.js:75:13)
      at _describe (/Users/justin/Documents/Github/Megabonk/node_modules/playwright/lib/common/testType.js:115:24)
      at /Users/justin/Documents/Github/Megabonk/tests/e2e/mobile-responsive.spec.js:3:6
      at loadAndEvaluateModule (2:1)
-------------------------------


tests/e2e/navigation.spec.js:

# Unhandled error between tests
-------------------------------
70 |     this.test = test;
71 |   }
72 |   _currentSuite(location, title) {
73 |     const suite = (0, import_globals.currentlyLoadingFileSuite)();
74 |     if (!suite) {
75 |       throw new Error([
                 ^
error: Playwright Test did not expect test.describe() to be called here.
Most common reasons include:
- You are calling test.describe() in a configuration file.
- You are calling test.describe() in a file that is imported by the configuration file.
- You have two different versions of @playwright/test. This usually happens
  when one of the dependencies in your package.json depends on @playwright/test.
      at _currentSuite (/Users/justin/Documents/Github/Megabonk/node_modules/playwright/lib/common/testType.js:75:13)
      at _describe (/Users/justin/Documents/Github/Megabonk/node_modules/playwright/lib/common/testType.js:115:24)
      at /Users/justin/Documents/Github/Megabonk/tests/e2e/navigation.spec.js:3:6
      at loadAndEvaluateModule (2:1)
-------------------------------


tests/e2e/build-planner.spec.js:

# Unhandled error between tests
-------------------------------
70 |     this.test = test;
71 |   }
72 |   _currentSuite(location, title) {
73 |     const suite = (0, import_globals.currentlyLoadingFileSuite)();
74 |     if (!suite) {
75 |       throw new Error([
                 ^
error: Playwright Test did not expect test.describe() to be called here.
Most common reasons include:
- You are calling test.describe() in a configuration file.
- You are calling test.describe() in a file that is imported by the configuration file.
- You have two different versions of @playwright/test. This usually happens
  when one of the dependencies in your package.json depends on @playwright/test.
      at _currentSuite (/Users/justin/Documents/Github/Megabonk/node_modules/playwright/lib/common/testType.js:75:13)
      at _describe (/Users/justin/Documents/Github/Megabonk/node_modules/playwright/lib/common/testType.js:115:24)
      at /Users/justin/Documents/Github/Megabonk/tests/e2e/build-planner.spec.js:3:6
      at loadAndEvaluateModule (2:1)
-------------------------------


tests/e2e/build-share.spec.js:

# Unhandled error between tests
-------------------------------
70 |     this.test = test;
71 |   }
72 |   _currentSuite(location, title) {
73 |     const suite = (0, import_globals.currentlyLoadingFileSuite)();
74 |     if (!suite) {
75 |       throw new Error([
                 ^
error: Playwright Test did not expect test.describe() to be called here.
Most common reasons include:
- You are calling test.describe() in a configuration file.
- You are calling test.describe() in a file that is imported by the configuration file.
- You have two different versions of @playwright/test. This usually happens
  when one of the dependencies in your package.json depends on @playwright/test.
      at _currentSuite (/Users/justin/Documents/Github/Megabonk/node_modules/playwright/lib/common/testType.js:75:13)
      at _describe (/Users/justin/Documents/Github/Megabonk/node_modules/playwright/lib/common/testType.js:115:24)
      at /Users/justin/Documents/Github/Megabonk/tests/e2e/build-share.spec.js:3:6
      at loadAndEvaluateModule (2:1)
-------------------------------


18 tests skipped:
(skip) Keyboard Shortcuts Module > showShortcutsModal() > should create modal element - skipped due to jsdom AbortSignal limitation
(skip) Keyboard Shortcuts Module > showShortcutsModal() > should add modal class - skipped due to jsdom AbortSignal limitation
(skip) Keyboard Shortcuts Module > showShortcutsModal() > should include modal header - skipped due to jsdom AbortSignal limitation
(skip) Keyboard Shortcuts Module > showShortcutsModal() > should include close button - skipped due to jsdom AbortSignal limitation
(skip) Keyboard Shortcuts Module > showShortcutsModal() > should include all shortcut categories - skipped due to jsdom AbortSignal limitation
(skip) Keyboard Shortcuts Module > showShortcutsModal() > should display category titles - skipped due to jsdom AbortSignal limitation
(skip) Keyboard Shortcuts Module > showShortcutsModal() > should display shortcut keys in kbd elements - skipped due to jsdom AbortSignal limitation
(skip) Keyboard Shortcuts Module > showShortcutsModal() > should display shortcut descriptions - skipped due to jsdom AbortSignal limitation
(skip) Keyboard Shortcuts Module > showShortcutsModal() > should include tip in footer - skipped due to jsdom AbortSignal limitation
(skip) Keyboard Shortcuts Module > showShortcutsModal() > should toggle modal when called twice - skipped due to jsdom AbortSignal limitation
(skip) Keyboard Shortcuts Module > showShortcutsModal() > should add show class via requestAnimationFrame - skipped due to jsdom AbortSignal limitation
(skip) Keyboard Shortcuts Module > setupKeyboardShortcuts() > tab navigation (1-8) > should switch to build-planner tab on key 6 - not in minimal DOM fixture
(skip) Search History Dropdown > showSearchHistoryDropdown() > should create dropdown when history exists (jsdom AbortSignal limitation)
(skip) Search History Dropdown > showSearchHistoryDropdown() > should display history items (jsdom AbortSignal limitation)
(skip) Search History Dropdown > showSearchHistoryDropdown() > should remove existing dropdown before creating new one (jsdom AbortSignal limitation)
(skip) Search History Dropdown > showSearchHistoryDropdown() > should have proper ARIA attributes (jsdom AbortSignal limitation)
(skip) Search History Dropdown > showSearchHistoryDropdown() > should clear history when clear button is clicked (jsdom AbortSignal limitation)
(skip) Search History Dropdown > showSearchHistoryDropdown() > should populate search input when history item is clicked (jsdom AbortSignal limitation)


1463 tests failed:
(fail) Accessibility > ARIA Attributes > Tab Navigation > should have tablist role on tab container [1284279626.17ms]
(fail) Accessibility > ARIA Attributes > Tab Navigation > should have tablist role on tab container
(fail) Accessibility > ARIA Attributes > Tab Navigation > should have tab role on tab buttons [1284279626.31ms]
(fail) Accessibility > ARIA Attributes > Tab Navigation > should have tab role on tab buttons
(fail) Accessibility > ARIA Attributes > Tab Navigation > should update aria-selected when tab changes [1284279626.35ms]
(fail) Accessibility > ARIA Attributes > Tab Navigation > should update aria-selected when tab changes
(fail) Accessibility > ARIA Attributes > Tab Navigation > should have tabpanel role on tab content [1284279626.37ms]
(fail) Accessibility > ARIA Attributes > Tab Navigation > should have tabpanel role on tab content
(fail) Accessibility > ARIA Attributes > Tab Navigation > should link tabs to panels with aria-controls [1284279626.38ms]
(fail) Accessibility > ARIA Attributes > ‡@/  ink tabs to panels with aria-controls
(fail) Accessibility > ARIA Attributes > Modal Dialogs > should have dialog role [1284279626.39ms]
(fail) Accessibility > ARIA Attributes > Modal Dialogs > should have dialog role
(fail) Accessibility > ARIA Attributes > Modal Dialogs > should have close button with aria-label [1284279626.40ms]
(fail) Accessibility > ARIA Attributes > Modal Dialogs > should have close button with aria-label
(fail) Accessibility > ARIA Attributes > Modal Dialogs > should have proper compare modal accessibility [1284279626.42ms]
(fail) Accessibility > ARIA Attributes > @@/  ave proper compare modal accessibility
(fail) Accessibility > ARIA Attributes > Toast Notifications > should have aria-live for live announcements [1284279626.43ms]
(fail) Accessibility > ARIA Attributes > Toast Notifications > should have aria-live for live announcements
(fail) Accessibility > ARIA Attributes > Toast Notifications > should support assertive announcements for errors [1284279626.45ms]
(fail) Accessibility > ARIA Attributes >         upport assertive announcements for errors
(fail) Accessibility > ARIA Attributes > Form Controls > should have aria-label on search input [1284279626.46ms]
(fail) Accessibility > ARIA Attributes > Form Controls > should have aria-label on search input
(fail) Accessibility > ARIA Attributes > Form Controls > should have labels for filter dropdowns [1284279626.48ms]
(fail) Accessibility > ARIA Attributes > –@/  ave labels for filter dropdowns
(fail) Accessibility > ARIA Attributes > Interactive Cards > should have role=button on clickable cards [1284279626.49ms]
(fail) Accessibility > ARIA Attributes >  @/  ave role=button on clickable cards
(fail) Accessibility > ARIA Attributes > Expandable Content > should update aria-expanded on toggle [1284279626.50ms]
(fail) Accessibility > ARIA Attributes > Expandable Content > should update aria-expanded on toggle
(fail) Accessibility > ARIA Attributes > Expandable Content > should link button to expandable content [1284279626.52ms]
(fail) Accessibility > ARIA Attributes > `@/  ink button to expandable content
(fail) Accessibility > ARIA Attributes > Navigation Landmarks > should have aria-label on main navigation [1284279626.53ms]
(fail) Accessibility > ARIA Attributes > Navigation Landmarks > should have aria-label on main navigation
(fail) Accessibility > ARIA Attributes > Navigation Landmarks > should have aria-label on controls navigation [1284279626.54ms]
(fail) Accessibility > ARIA Attributes > Navigation Landmarks > should have aria-label on controls navigation
(fail) Accessibility > ARIA Attributes > Navigation Landmarks > should have aria-label on content grids [1284279626.55ms]
(fail) Accessibility > ARIA Attributes > @/  ave aria-label on content grids
(fail) Accessibility > Keyboard Navigation > Escape Key > should close modal on Escape key [1284279626.57ms]
(fail) Accessibility > Keyboard Navigation > Escape Key > should close modal on Escape key
(fail) Accessibility > Keyboard Navigation > Escape Key > should detect Escape key event [1284279626.58ms]
(fail) Accessibility > Keyboard Navigation > ‡@/  etect Escape key event
(fail) Accessibility > Keyboard Navigation > Enter/Space on Interactive Elements > should trigger action on Enter key for buttons [1284279626.61ms]
(fail) Accessibility > Keyboard Navigation > Enter/Space on Interactive Elements > should trigger action on Enter key for buttons
(fail) Accessibility > Keyboard Navigation > Enter/Space on Interactive Elements > should trigger action on Space key for buttons [1284279626.61ms]
(fail) Accessibility > Keyboard Navigation > Enter/Space on Interactive Elements > should trigger action on Space key for buttons
(fail) Accessibility > Keyboard Navigation > Enter/Space on Interactive Elements > should prevent default on Space to avoid scrolling [1284279626.62ms]
(fail) Accessibility > Keyboard Navigation > ¿"n@/  revent default on Space to avoid scrolling
(fail) Accessibility > Keyboard Navigation > Tab Navigation > should allow tabbing through interactive elements [1284279626.64ms]
(fail) Accessibility > Keyboard Navigation > Tab Navigation > should allow tabbing through interactive elements
(fail) Accessibility > Keyboard Navigation > Tab Navigation > should have tabindex=0 on custom interactive elements [1284279626.65ms]
(fail) Accessibility > Keyboard Navigation > @'n@/  ave tabindex=0 on custom interactive elements
(fail) Accessibility > Focus Management > Modal Focus > should have focusable close button in modal [1284279626.66ms]
(fail) Accessibility > Focus Management > Modal Focus > should have focusable close button in modal
(fail) Accessibility > Focus Management > Modal Focus > should trap focus within modal when open [1284279626.67ms]
(fail) Accessibility > Focus Management > ‡@/  rap focus within modal when open
(fail) Accessibility > Focus Management > Focus Visible > should have visible focus styles (CSS class exists) [1284279626.69ms]
(fail) Accessibility > Focus Management > Ä'n@/  ave visible focus styles (CSS class exists)
(fail) Accessibility > Screen Reader Support > Hidden Content > should hide decorative elements from screen readers [1284279626.70ms]
(fail) Accessibility > Screen Reader Support > Hidden Content > should hide decorative elements from screen readers
(fail) Accessibility > Screen Reader Support > Hidden Content > should not hide meaningful content [1284279626.72ms]
(fail) Accessibility > Screen Reader Support > @/  ot hide meaningful content
(fail) Accessibility > Screen Reader Support > Alternative Text > should provide text alternatives for icon buttons [1284279626.72ms]
(fail) Accessibility > Screen Reader Support > ¿)n@/  rovide text alternatives for icon buttons
(fail) Accessibility > Screen Reader Support > Live Regions > should announce dynamic content changes [1284279626.74ms]
(fail) Accessibility > Screen Reader Support > Live Regions > should announce dynamic content changes
(fail) Accessibility > Screen Reader Support > Live Regions > should use assertive for urgent announcements [1284279626.75ms]
(fail) Accessibility > Screen Reader Support > p@/  se assertive for urgent announcements
(fail) Accessibility > Color and Contrast > should not rely solely on color for information [1284279626.76ms]
(fail) Accessibility > Color and Contrast > should not rely solely on color for information
(fail) Accessibility > Color and Contrast > should have text for tier indicators [1284279626.77ms]
(fail) Accessibility > –@/  ave text for tier indicators
(fail) Accessibility > Semantic HTML > should use nav element for navigation [1284279626.79ms]
(fail) Accessibility > Semantic HTML > should use nav element for navigation
(fail) Accessibility > Semantic HTML > should use button element for clickable actions [1284279626.80ms]
(fail) Accessibility > Semantic HTML > should use button element for clickable actions
(fail) Accessibility > Semantic HTML > should use heading elements for structure [1284279626.81ms]
(fail) Accessibility > Semantic HTML > should use heading elements for structure
(fail) Accessibility > Semantic HTML > should use label elements for form fields [1284279626.82ms]
(fail) Accessibility > ê@/  se label elements for form fields
(fail) Accessibility > Reduced Motion > should respect prefers-reduced-motion media query [1284279626.83ms]
(fail) Accessibility > Ä*n@/  espect prefers-reduced-motion media query
(fail) WCAG Compliance Checks > WCAG 2.1 Level A > should have text alternatives for non-text content (1.1.1) [1284279626.85ms]
(fail) WCAG Compliance Checks > WCAG 2.1 Level A > should have text alternatives for non-text content (1.1.1)
(fail) WCAG Compliance Checks > WCAG 2.1 Level A > should have meaningful link text (2.4.4) [1284279626.87ms]
(fail) WCAG Compliance Checks > WCAG 2.1 Level A > should have meaningful link text (2.4.4)
(fail) WCAG Compliance Checks > WCAG 2.1 Level A > should have keyboard accessible elements (2.1.1) [1284279626.88ms]
(fail) WCAG Compliance Checks > WCAG 2.1 Level A > should have keyboard accessible elements (2.1.1)
(fail) WCAG Compliance Checks > WCAG 2.1 Level A > should not use keyboard traps (2.1.2) [1284279626.90ms]
(fail) WCAG Compliance Checks > WCAG 2.1 Level A > should not use keyboard traps (2.1.2)
(fail) WCAG Compliance Checks > WCAG 2.1 Level A > should have proper form labels (3.3.2) [1284279626.90ms]
(fail) WCAG Compliance Checks > P@/  ave proper form labels (3.3.2)
(fail) WCAG Compliance Checks > WCAG 2.1 Level AA > should have visible focus indicators (2.4.7) [1284279626.92ms]
(fail) WCAG Compliance Checks > WCAG 2.1 Level AA > should have visible focus indicators (2.4.7)
(fail) WCAG Compliance Checks > WCAG 2.1 Level AA > should have consistent navigation (3.2.3) [1284279626.93ms]
(fail) WCAG Compliance Checks > ∞@/  ave consistent navigation (3.2.3)
(fail) Calculator Array Edge Cases > scaling_per_stack validation > should return error for empty scaling_per_stack array [1284279671.50ms]
(fail) Calculator Array Edge Cases > scaling_per_stack validation > should return error for empty scaling_per_stack array
(fail) Calculator Array Edge Cases > scaling_per_stack validation > should return error for null scaling_per_stack [1284279671.53ms]
(fail) Calculator Array Edge Cases > scaling_per_stack validation > should return error for null scaling_per_stack
(fail) Calculator Array Edge Cases > scaling_per_stack validation > should return error for undefined scaling_per_stack [1284279671.56ms]
(fail) Calculator Array Edge Cases > scaling_per_stack validation > should return error for undefined scaling_per_stack
(fail) Calculator Array Edge Cases > scaling_per_stack validation > should return error when first value is undefined [1284279671.57ms]
(fail) Calculator Array Edge Cases > scaling_per_stack validation > should return error when first value is undefined
(fail) Calculator Array Edge Cases > scaling_per_stack validation > should return error when first value is null [1284279671.61ms]
(fail) Calculator Array Edge Cases > scaling_per_stack validation > should return error when first value is null
(fail) Calculator Array Edge Cases > scaling_per_stack validation > should return error when first value is zero [1284279671.65ms]
(fail) Calculator Array Edge Cases > scaling_per_stack validation > should return error when first value is zero
(fail) Calculator Array Edge Cases > scaling_per_stack validation > should return error when first value is negative [1284279671.66ms]
(fail) Calculator Array Edge Cases > scaling_per_stack validation > should return error when first value is negative
(fail) Calculator Array Edge Cases > scaling_per_stack validation > should return error when first value is NaN [1284279671.68ms]
(fail) Calculator Array Edge Cases > scaling_per_stack validation > should return error when first value is NaN
(fail) Calculator Array Edge Cases > scaling_per_stack validation > should return error when first value is Infinity [1284279671.69ms]
(fail) Calculator Array Edge Cases > scaling_per_stack validation > should return error when first value is Infinity
(fail) Calculator Array Edge Cases > scaling_per_stack validation > should return error when first value is a string [1284279671.72ms]
(fail) Calculator Array Edge Cases >  @/  eturn error when first value is a string
(fail) Calculator Array Edge Cases > valid scaling calculations > should calculate correctly with valid positive first value [1284279671.75ms]
(fail) Calculator Array Edge Cases > valid scaling calculations > should calculate correctly with valid positive first value
(fail) Calculator Array Edge Cases > valid scaling calculations > should handle decimal first values [1284279671.76ms]
(fail) Calculator Array Edge Cases > valid scaling calculations > should handle decimal first values
(fail) Calculator Array Edge Cases > valid scaling calculations > should cap stacks when stack_cap is reached [1284279671.79ms]
(fail) Calculator Array Edge Cases > Ä@/  ap stacks when stack_cap is reached
(fail) Calculator Array Edge Cases > item lookup > should return error for non-existent item [1284279671.82ms]
(fail) Calculator Array Edge Cases > item lookup > should return error for non-existent item
(fail) Calculator Array Edge Cases > item lookup > should find item by id correctly [1284279671.85ms]
(fail) Calculator Array Edge Cases > `@/  ind item by id correctly
(fail) Global Search Functionality > globalSearch() > should return empty array for empty query [1284279675.83ms]
(fail) Global Search Functionality > globalSearch() > should return empty array for empty query
(fail) Global Search Functionality > globalSearch() > should return empty array for whitespace-only query [1284279675.86ms]
(fail) Global Search Functionality > globalSearch() > should return empty array for whitespace-only query
(fail) Global Search Functionality > globalSearch() > should find items by name [1284279675.92ms]
(fail) Global Search Functionality > globalSearch() > should find items by name
(fail) Global Search Functionality > globalSearch() > should find weapons by name [1284279675.92ms]
(fail) Global Search Functionality > globalSearch() > should find weapons by name
(fail) Global Search Functionality > globalSearch() > should find tomes by name [1284279675.95ms]
(fail) Global Search Functionality > globalSearch() > should find tomes by name
(fail) Global Search Functionality > globalSearch() > should find characters by name [1284279675.96ms]
(fail) Global Search Functionality > globalSearch() > should find characters by name
(fail) Global Search Functionality > globalSearch() > should find shrines by name [1284279675.98ms]
(fail) Global Search Functionality > globalSearch() > should find shrines by name
(fail) Global Search Functionality > globalSearch() > should search across all data types simultaneously [1284279676.00ms]
(fail) Global Search Functionality > globalSearch() > should search across all data types simultaneously
(fail) Global Search Functionality > globalSearch() > should be case insensitive [1284279676.02ms]
(fail) Global Search Functionality > globalSearch() > should be case insensitive
(fail) Global Search Functionality > globalSearch() > should sort results by score (highest first) [1284279676.03ms]
(fail) Global Search Functionality > globalSearch() > should sort results by score (highest first)
(fail) Global Search Functionality > globalSearch() > should include score in results [1284279676.04ms]
(fail) Global Search Functionality > globalSearch() > should include score in results
(fail) Global Search Functionality > globalSearch() > should include type in results [1284279676.07ms]
(fail) Global Search Functionality > globalSearch() > should include type in results
(fail) Global Search Functionality > globalSearch() > should include the item/entity in results [1284279676.09ms]
(fail) Global Search Functionality > globalSearch() > should include the item/entity in results
(fail) Global Search Functionality > globalSearch() > should search item descriptions [1284279676.10ms]
(fail) Global Search Functionality > globalSearch() > should search item descriptions
(fail) Global Search Functionality > globalSearch() > should search item base_effect field [1284279676.11ms]
(fail) Global Search Functionality > globalSearch() > should search item base_effect field
(fail) Global Search Functionality > globalSearch() > should search character passive ability [1284279676.13ms]
(fail) Global Search Functionality > globalSearch() > should search character passive ability
(fail) Global Search Functionality > globalSearch() > should handle missing data gracefully [1284279676.14ms]
(fail) Global Search Functionality > globalSearch() > should handle missing data gracefully
(fail) Global Search Functionality > globalSearch() > should handle null data gracefully [1284279676.16ms]
(fail) Global Search Functionality > globalSearch() > should handle null data gracefully
(fail) Global Search Functionality > globalSearch() > should return no results for non-matching query [1284279676.17ms]
(fail) Global Search Functionality > ¿!@/  eturn no results for non-matching query
(fail) Global Search Functionality > fuzzyMatchScore() > should give exact match highest score [1284279676.19ms]
(fail) Global Search Functionality > fuzzyMatchScore() > should give exact match highest score
(fail) Global Search Functionality > fuzzyMatchScore() > should give starts_with high score [1284279676.20ms]
(fail) Global Search Functionality > fuzzyMatchScore() > should give starts_with high score
(fail) Global Search Functionality > fuzzyMatchScore() > should give contains medium score [1284279676.21ms]
(fail) Global Search Functionality > fuzzyMatchScore() > should give contains medium score
(fail) Global Search Functionality > fuzzyMatchScore() > should give fuzzy match lower score [1284279676.23ms]
(fail) Global Search Functionality > fuzzyMatchScore() > should give fuzzy match lower score
(fail) Global Search Functionality > fuzzyMatchScore() > should return 0 score for no match [1284279676.24ms]
(fail) Global Search Functionality > fuzzyMatchScore() > should return 0 score for no match
(fail) Global Search Functionality > fuzzyMatchScore() > should be case insensitive [1284279676.25ms]
(fail) Global Search Functionality > fuzzyMatchScore() > should be case insensitive
(fail) Global Search Functionality > fuzzyMatchScore() > should handle empty search term [1284279676.26ms]
(fail) Global Search Functionality > fuzzyMatchScore() > should handle empty search term
(fail) Global Search Functionality > fuzzyMatchScore() > should handle empty text [1284279676.28ms]
(fail) Global Search Functionality > ‡@/  andle empty text
(fail) Global Search Functionality > GlobalSearchResult structure > should have correct structure for each result [1284279676.29ms]
(fail) Global Search Functionality > ‡"@/  ave correct structure for each result
(fail) Favorites Module > loadFavorites() > should load empty favorites when localStorage is empty [1284279677.23ms]
(fail) Favorites Module > loadFavorites() > should load empty favorites when localStorage is empty
(fail) Favorites Module > loadFavorites() > should load existing favorites from localStorage [1284279677.25ms]
(fail) Favorites Module > loadFavorites() > should load existing favorites from localStorage
(fail) Favorites Module > loadFavorites() > should handle corrupted localStorage data gracefully [1284279677.26ms]
(fail) Favorites Module >  Wn@/  andle corrupted localStorage data gracefully
(fail) Favorites Module > isFavorite() > should return true for favorited items [1284279677.26ms]
(fail) Favorites Module > isFavorite() > should return true for favorited items
(fail) Favorites Module > isFavorite() > should return false for non-favorited items [1284279677.26ms]
(fail) Favorites Module > isFavorite() > should return false for non-favorited items
(fail) Favorites Module > isFavorite() > should return false for empty tab [1284279677.31ms]
(fail) Favorites Module > †#@/  eturn false for empty tab
(fail) Favorites Module > toggleFavorite() > should add item to favorites when not favorited [1284279677.33ms]
(fail) Favorites Module > toggleFavorite() > should add item to favorites when not favorited
(fail) Favorites Module > toggleFavorite() > should remove item from favorites when already favorited [1284279677.33ms]
(fail) Favorites Module > toggleFavorite() > should remove item from favorites when already favorited
(fail) Favorites Module > toggleFavorite() > should persist favorites to localStorage [1284279677.33ms]
(fail) Favorites Module > toggleFavorite() > should persist favorites to localStorage
(fail) Favorites Module > toggleFavorite() > should handle multiple tabs independently [1284279677.33ms]
(fail) Favorites Module > toggleFavorite() > should handle multiple tabs independently
(fail) Favorites Module > toggleFavorite() > should handle toggling same item multiple times [1284279677.33ms]
(fail) Favorites Module > `$@/  andle toggling same item multiple times
(fail) Favorites Module > getFavorites() > should return empty array for tab with no favorites [1284279677.33ms]
(fail) Favorites Module > getFavorites() > should return empty array for tab with no favorites
(fail) Favorites Module > getFavorites() > should return all favorites for a tab [1284279677.33ms]
(fail) Favorites Module > ê$@/  eturn all favorites for a tab
(fail) Favorites Module > clearAllFavorites() > should clear all favorites from all tabs [1284279677.44ms]
(fail) Favorites Module > clearAllFavorites() > should clear all favorites from all tabs
(fail) Favorites Module > clearAllFavorites() > should persist cleared state to localStorage [1284279677.44ms]
(fail) Favorites Module > $@/  ersist cleared state to localStorage
(fail) Favorites Module > localStorage unavailable > should handle localStorage.setItem failure gracefully [1284279677.48ms]
(fail) Favorites Module > localStorage unavailable > should handle localStorage.setItem failure gracefully
(fail) Favorites Module > localStorage unavailable > should handle localStorage.getItem failure gracefully [1284279677.50ms]
(fail) Favorites Module > ¿[n@/  andle localStorage.getItem failure gracefully
(fail) Favorites Module > edge cases > should handle empty string item ID [1284279677.55ms]
(fail) Favorites Module > edge cases > should handle empty string item ID
(fail) Favorites Module > edge cases > should handle special characters in item ID [1284279677.56ms]
(fail) Favorites Module > edge cases > should handle special characters in item ID
(fail) Favorites Module > edge cases > should handle many favorites [1284279677.56ms]
(fail) Favorites Module > `@/  andle many favorites
(fail) detectSynergies() > character-weapon synergies > should detect synergy between CL4NK and Revolver [1284279678.93ms]
(fail) detectSynergies() > character-weapon synergies > should detect synergy between CL4NK and Revolver
(fail) detectSynergies() > character-weapon synergies > should not detect synergy for non-matching character-weapon pair [1284279678.96ms]
(fail) detectSynergies() > character-weapon synergies > should not detect synergy for non-matching character-weapon pair
(fail) detectSynergies() > character-weapon synergies > should handle character without synergies_weapons [1284279678.98ms]
(fail) detectSynergies() > Ä^n@/  andle character without synergies_weapons
(fail) detectSynergies() > item-weapon synergies > should detect item-weapon synergies [1284279679.00ms]
(fail) detectSynergies() > item-weapon synergies > should detect item-weapon synergies
(fail) detectSynergies() > item-weapon synergies > should detect multiple item-weapon synergies [1284279679.02ms]
(fail) detectSynergies() > item-weapon synergies > should detect multiple item-weapon synergies
(fail) detectSynergies() > item-weapon synergies > should not detect synergies when no weapon selected [1284279679.04ms]
(fail) detectSynergies() > ¿^n@/  ot detect synergies when no weapon selected
(fail) detectSynergies() > item-character synergies > should detect item-character synergies [1284279679.04ms]
(fail) detectSynergies() > &@/  etect item-character synergies
(fail) detectSynergies() > combined synergies > should detect multiple types of synergies [1284279679.09ms]
(fail) detectSynergies() > @&@/  etect multiple types of synergies
(fail) detectSynergies() > empty build > should return empty array for empty build [1284279679.10ms]
(fail) detectSynergies() > empty build > should return empty array for empty build
(fail) detectSynergies() > empty build > should return empty array with only character selected [1284279679.11ms]
(fail) detectSynergies() > empty build > should return empty array with only character selected
(fail) detectSynergies() > empty build > should return empty array with only weapon selected [1284279679.11ms]
(fail) detectSynergies() > ¿[n@/  eturn empty array with only weapon selected
(fail) detectAntiSynergies() > should detect anti-synergies between items [1284279679.16ms]
(fail) detectAntiSynergies() > should detect anti-synergies between items
(fail) detectAntiSynergies() > should not detect anti-synergies when items are compatible [1284279679.18ms]
(fail) detectAntiSynergies() > should not detect anti-synergies when items are compatible
(fail) detectAntiSynergies() > should return empty array for empty items [1284279679.20ms]
(fail) –&@/  eturn empty array for empty items
(fail) filterData() > search filtering > should filter by name [1284279825.60ms]
(fail) filterData() > search filtering > should filter by name
(fail) filterData() > search filtering > should filter by base_effect [1284279825.77ms]
(fail) filterData() > search filtering > should filter by base_effect
(fail) filterData() > search filtering > should be case-insensitive [1284279825.79ms]
(fail) filterData() > search filtering > should be case-insensitive
(fail) filterData() > search filtering > should return all items when search is empty [1284279825.80ms]
(fail) filterData() > search filtering > should return all items when search is empty
(fail) filterData() > search filtering > should return empty array when no matches found [1284279825.82ms]
(fail) filterData() > search filtering > should return empty array when no matches found
(fail) filterData() > search filtering > should filter by partial name match [1284279825.83ms]
(fail) filterData() > /@/  ilter by partial name match
(fail) filterData() > tier filtering > should filter by SS tier [1284279825.84ms]
(fail) filterData() > tier filtering > should filter by SS tier
(fail) filterData() > tier filtering > should filter by S tier [1284279825.86ms]
(fail) filterData() > tier filtering > should filter by S tier
(fail) filterData() > tier filtering > should return all when tier is "all" [1284279825.88ms]
(fail) filterData() > tier filtering > should return all when tier is "all"
(fail) filterData() > tier filtering > should return empty for tier with no matches [1284279825.89ms]
(fail) filterData() > p/@/  eturn empty for tier with no matches
(fail) filterData() > rarity filtering > should filter by legendary rarity [1284279825.91ms]
(fail) filterData() > rarity filtering > should filter by legendary rarity
(fail) filterData() > rarity filtering > should filter by common rarity [1284279825.93ms]
(fail) filterData() > rarity filtering > should filter by common rarity
(fail) filterData() > rarity filtering > should return all when rarity is "all" [1284279825.94ms]
(fail) filterData() > –/@/  eturn all when rarity is "all"
(fail) filterData() > stacking filtering > should filter for stacks_well items [1284279825.95ms]
(fail) filterData() > stacking filtering > should filter for stacks_well items
(fail) filterData() > stacking filtering > should filter for one_and_done items [1284279825.97ms]
(fail) filterData() > stacking filtering > should filter for one_and_done items
(fail) filterData() > stacking filtering > should return all when stacking filter is "all" [1284279825.98ms]
(fail) filterData() >  .@/  eturn all when stacking filter is "all"
(fail) filterData() > sorting > should sort by name alphabetically [1284279826.00ms]
(fail) filterData() > sorting > should sort by name alphabetically
(fail) filterData() > sorting > should sort by tier (SS first) [1284279826.01ms]
(fail) filterData() > sorting > should sort by tier (SS first)
(fail) filterData() > sorting > should sort by rarity (legendary first) [1284279826.02ms]
(fail) filterData() > sorting > should sort by rarity (legendary first)
(fail) filterData() > sorting > should integrate sort with filterData via DOM [1284279826.04ms]
(fail) filterData() > ê-@/  ntegrate sort with filterData via DOM
(fail) filterData() > combined filters > should apply search and tier filters together [1284279826.05ms]
(fail) filterData() > combined filters > should apply search and tier filters together
(fail) filterData() > combined filters > should apply multiple filters together [1284279826.07ms]
(fail) filterData() > combined filters > should apply multiple filters together
(fail) filterData() > combined filters > should return empty when combined filters have no matches [1284279826.08ms]
(fail) filterData() > combined filters > should return empty when combined filters have no matches
(fail) filterData() > combined filters > should apply filter and sort together [1284279826.10ms]
(fail) filterData() >  -@/  pply filter and sort together
(fail) filterData() for weapons/tomes/characters > should filter weapons by tier [1284279826.11ms]
(fail) filterData() for weapons/tomes/characters > should filter weapons by tier
(fail) filterData() for weapons/tomes/characters > should not apply rarity filter to weapons [1284279826.15ms]
(fail) †,@/  ot apply rarity filter to weapons
(fail) filterData() edge cases > empty and null data handling > should handle empty data array [1284279826.17ms]
(fail) filterData() edge cases > empty and null data handling > should handle empty data array
(fail) filterData() edge cases > empty and null data handling > should handle null filter values [1284279826.19ms]
(fail) filterData() edge cases > empty and null data handling > should handle null filter values
(fail) filterData() edge cases > empty and null data handling > should handle items with missing optional fields gracefully [1284279826.20ms]
(fail) filterData() edge cases > empty and null data handling > should handle items with missing optional fields gracefully
(fail) filterData() edge cases > empty and null data handling > should handle undefined description and base_effect [1284279826.22ms]
(fail) filterData() edge cases >  ~n@/  andle undefined description and base_effect
(fail) filterData() edge cases > special characters in search > should handle special regex characters in search [1284279826.24ms]
(fail) filterData() edge cases > special characters in search > should handle special regex characters in search
(fail) filterData() edge cases > special characters in search > should handle asterisks in search [1284279826.25ms]
(fail) filterData() edge cases > special characters in search > should handle asterisks in search
(fail) filterData() edge cases > special characters in search > should handle dots in search [1284279826.26ms]
(fail) filterData() edge cases > @@/  andle dots in search
(fail) filterData() edge cases > very long search strings > should handle very long search strings [1284279826.28ms]
(fail) filterData() edge cases > very long search strings > should handle very long search strings
(fail) filterData() edge cases > very long search strings > should handle unicode characters in search [1284279826.29ms]
(fail) filterData() edge cases > very long search strings > should handle unicode characters in search
(fail) filterData() edge cases > very long search strings > should handle emoji in search [1284279826.31ms]
(fail) filterData() edge cases >  @/  andle emoji in search
(fail) filterData() edge cases > whitespace handling > should handle leading/trailing whitespace in search [1284279826.32ms]
(fail) filterData() edge cases > whitespace handling > should handle leading/trailing whitespace in search
(fail) filterData() edge cases > whitespace handling > should handle multiple spaces in item names [1284279826.33ms]
(fail) filterData() edge cases > ∞+@/  andle multiple spaces in item names
(fail) filterData() edge cases > unknown filter values > should handle unknown tier values in items [1284279826.35ms]
(fail) filterData() edge cases > unknown filter values > should handle unknown tier values in items
(fail) filterData() edge cases > unknown filter values > should handle unknown rarity values [1284279826.36ms]
(fail) filterData() edge cases > P+@/  andle unknown rarity values
(fail) filterData() edge cases > large dataset handling > should handle filtering large datasets [1284279826.37ms]
(fail) filterData() edge cases >  +@/  andle filtering large datasets
(fail) Modal Management > openDetailModal() > should open modal for item [1284279830.51ms]
(fail) Modal Management > openDetailModal() > should open modal for item
(fail) Modal Management > openDetailModal() > should open modal for weapon [1284279830.55ms]
(fail) Modal Management > openDetailModal() > should open modal for weapon
(fail) Modal Management > openDetailModal() > should open modal for character [1284279830.57ms]
(fail) Modal Management > openDetailModal() > should open modal for character
(fail) Modal Management > openDetailModal() > should open modal for tome [1284279830.58ms]
(fail) Modal Management > openDetailModal() > should open modal for tome
(fail) Modal Management > openDetailModal() > should return false for invalid ID [1284279830.60ms]
(fail) Modal Management > openDetailModal() > should return false for invalid ID
(fail) Modal Management > openDetailModal() > should return false for invalid type [1284279830.62ms]
(fail) Modal Management > openDetailModal() > should return false for invalid type
(fail) Modal Management > openDetailModal() > should populate modal body with content [1284279830.62ms]
(fail) Modal Management > P(@/  opulate modal body with content
(fail) Modal Management > generateModalContent() > should include item name [1284279830.64ms]
(fail) Modal Management > generateModalContent() > should include item name
(fail) Modal Management > generateModalContent() > should include tier badge [1284279830.66ms]
(fail) Modal Management > generateModalContent() > should include tier badge
(fail) Modal Management > generateModalContent() > should include rarity when present [1284279830.68ms]
(fail) Modal Management > generateModalContent() > should include rarity when present
(fail) Modal Management > generateModalContent() > should include description [1284279830.69ms]
(fail) Modal Management > generateModalContent() > should include description
(fail) Modal Management > generateModalContent() > should include base effect [1284279830.70ms]
(fail) Modal Management > generateModalContent() > should include base effect
(fail) Modal Management > generateModalContent() > should include stats for weapons [1284279830.72ms]
(fail) Modal Management > generateModalContent() > should include stats for weapons
(fail) Modal Management > generateModalContent() > should include stats for characters [1284279830.73ms]
(fail) Modal Management > generateModalContent() > should include stats for characters
(fail) Modal Management > generateModalContent() > should include unlock requirement [1284279830.75ms]
(fail) Modal Management > ¿'@/  nclude unlock requirement
(fail) Modal Management > closeModal() > should close item modal [1284279830.75ms]
(fail) Modal Management > closeModal() > should close item modal
(fail) Modal Management > closeModal() > should close compare modal [1284279830.77ms]
(fail) Modal Management > closeModal() > should close compare modal
(fail) Modal Management > closeModal() > should close both modals if both open [1284279830.78ms]
(fail) Modal Management > ê'@/  lose both modals if both open
(fail) Compare Functionality > toggleCompareItem() > should add item to compare list [1284279830.81ms]
(fail) Compare Functionality > toggleCompareItem() > should add item to compare list
(fail) Compare Functionality > toggleCompareItem() > should remove item from compare list [1284279830.82ms]
(fail) Compare Functionality > toggleCompareItem() > should remove item from compare list
(fail) Compare Functionality > toggleCompareItem() > should not exceed max items [1284279830.83ms]
(fail) Compare Functionality > toggleCompareItem() > should not exceed max items
(fail) Compare Functionality > toggleCompareItem() > should allow adding after removing [1284279830.85ms]
(fail) Compare Functionality > 0'@/  llow adding after removing
(fail) Compare Functionality > getCompareItems() > should return empty array initially [1284279830.86ms]
(fail) Compare Functionality > getCompareItems() > should return empty array initially
(fail) Compare Functionality > getCompareItems() > should return copy of compare items [1284279830.87ms]
(fail) Compare Functionality > –&@/  eturn copy of compare items
(fail) Compare Functionality > clearCompare() > should clear all compare items [1284279830.88ms]
(fail) Compare Functionality > clearCompare() > should clear all compare items
(fail) Compare Functionality > clearCompare() > should return 0 when already empty [1284279830.90ms]
(fail) Compare Functionality > †&@/  eturn 0 when already empty
(fail) Compare Functionality > openCompareModal() > should not open with less than 2 items [1284279830.91ms]
(fail) Compare Functionality > openCompareModal() > should not open with less than 2 items
(fail) Compare Functionality > openCompareModal() > should open with 2 items [1284279830.94ms]
(fail) Compare Functionality > openCompareModal() > should open with 2 items
(fail) Compare Functionality > openCompareModal() > should open with 3 items [1284279830.96ms]
(fail) Compare Functionality > openCompareModal() > should open with 3 items
(fail) Compare Functionality > openCompareModal() > should populate compare body [1284279830.98ms]
(fail) Compare Functionality > ¿@/  opulate compare body
(fail) Compare Functionality > generateCompareContent() > should create columns for each item [1284279831.00ms]
(fail) Compare Functionality > generateCompareContent() > should create columns for each item
(fail) Compare Functionality > generateCompareContent() > should include tier for each item [1284279831.01ms]
(fail) Compare Functionality > generateCompareContent() > should include tier for each item
(fail) Compare Functionality > generateCompareContent() > should include rarity when present [1284279831.02ms]
(fail) Compare Functionality > generateCompareContent() > should include rarity when present
(fail) Compare Functionality > generateCompareContent() > should include base effect [1284279831.04ms]
(fail) Compare Functionality > Ä@/  nclude base effect
(fail) Modal Edge Cases > should handle missing modal elements gracefully [1284279831.06ms]
(fail) Modal Edge Cases > should handle missing modal elements gracefully
(fail) Modal Edge Cases > should handle missing modal body gracefully [1284279831.07ms]
(fail) Modal Edge Cases > should handle missing modal body gracefully
(fail) Modal Edge Cases > should handle empty allData [1284279831.09ms]
(fail) Modal Edge Cases > should handle empty allData
(fail) Modal Edge Cases > should handle reopening modal with different item [1284279831.12ms]
(fail) Modal Edge Cases > should handle reopening modal with different item
(fail) Modal Edge Cases > should handle rapid open/close cycles [1284279831.14ms]
(fail) P%@/  andle rapid open/close cycles
(fail) Item Modal Content > should display anti_synergies when present [1284279831.17ms]
(fail) Item Modal Content > should display anti_synergies when present
(fail) Item Modal Content > should display one_and_done warning [1284279831.19ms]
(fail) Item Modal Content > should display one_and_done warning
(fail) Item Modal Content > should display max_stacks info [1284279831.20ms]
(fail) Item Modal Content > should display max_stacks info
(fail) Item Modal Content > should display stack_cap as fallback [1284279831.22ms]
(fail) Item Modal Content > should display stack_cap as fallback
(fail) Item Modal Content > should display synergies when present [1284279831.23ms]
(fail) ê$@/  isplay synergies when present
(fail) Weapon Modal > should render weapon modal content [1284279831.25ms]
(fail) Weapon Modal > should render weapon modal content
(fail) Weapon Modal > should display weapon tier badge [1284279831.26ms]
(fail) Weapon Modal > should display weapon tier badge
(fail) Weapon Modal > should display weapon base damage [1284279831.27ms]
(fail) Weapon Modal > should display weapon base damage
(fail) Weapon Modal > should display weapon attack pattern [1284279831.28ms]
(fail) Weapon Modal > should display weapon attack pattern
(fail) Weapon Modal > should display weapon projectile count when available [1284279831.30ms]
(fail) Weapon Modal > should display weapon projectile count when available
(fail) Weapon Modal > should display weapon playstyle badge [1284279831.32ms]
(fail) Weapon Modal > should display weapon playstyle badge
(fail) Weapon Modal > should display weapon best_for [1284279831.33ms]
(fail) Weapon Modal > should display weapon best_for
(fail) Weapon Modal > should display weapon upgradeable stats as tags [1284279831.34ms]
(fail) Weapon Modal > should display weapon upgradeable stats as tags
(fail) Weapon Modal > should display weapon pros and cons [1284279831.35ms]
(fail) Weapon Modal > should display weapon pros and cons
(fail) Weapon Modal > should display weapon synergies grouped by type [1284279831.37ms]
(fail) Weapon Modal > should display weapon synergies grouped by type
(fail) Weapon Modal > should display weapon build tips [1284279831.38ms]
(fail) Weapon Modal > should display weapon build tips
(fail) Weapon Modal > should display weapon unlock requirement [1284279831.40ms]
(fail) Weapon Modal > should display weapon unlock requirement
(fail) Weapon Modal > should display weapon image when present [1284279831.40ms]
(fail) Weapon Modal > should display weapon image when present
(fail) Weapon Modal > should handle missing optional fields gracefully [1284279831.42ms]
(fail) ∞"@/  andle missing optional fields gracefully
(fail) Character Modal > should render character modal content [1284279831.44ms]
(fail) Character Modal > should render character modal content
(fail) Character Modal > should display passive ability and description [1284279831.45ms]
(fail) Character Modal > should display passive ability and description
(fail) Character Modal > should display strengths and weaknesses [1284279831.46ms]
(fail) Character Modal > should display strengths and weaknesses
(fail) Character Modal > should display synergies for weapons, items, and tomes [1284279831.47ms]
(fail) Character Modal > should display synergies for weapons, items, and tomes
(fail) Character Modal > should display build_tips [1284279831.48ms]
(fail) Character Modal > should display build_tips
(fail) Character Modal > should display best_for [1284279831.50ms]
(fail) `@/  isplay best_for
(fail) Shrine Modal > should open shrine modal [1284279831.51ms]
(fail) Shrine Modal > should open shrine modal
(fail) Shrine Modal > should display shrine icon [1284279831.53ms]
(fail) Shrine Modal > should display shrine icon
(fail) Shrine Modal > should display shrine reward [1284279831.54ms]
(fail) Shrine Modal > should display shrine reward
(fail) Shrine Modal > should display shrine strategy [1284279831.55ms]
(fail) Shrine Modal > should display shrine strategy
(fail) Shrine Modal > should display shrine notes [1284279831.56ms]
(fail)  @/  isplay shrine notes
(fail) View Details Consistency Across Tabs > should render tier badge for items, weapons, characters, and tomes [1284279831.58ms]
(fail) View Details Consistency Across Tabs > should render tier badge for items, weapons, characters, and tomes
(fail) View Details Consistency Across Tabs > should render entity name for all entity types [1284279831.60ms]
(fail) View Details Consistency Across Tabs > should render entity name for all entity types
(fail) View Details Consistency Across Tabs > should render description for all entity types that have one [1284279831.61ms]
(fail) View Details Consistency Across Tabs > should render description for all entity types that have one
(fail) View Details Consistency Across Tabs > should render synergies section consistently for weapons and characters [1284279831.62ms]
(fail) View Details Consistency Across Tabs > should render synergies section consistently for weapons and characters
(fail) View Details Consistency Across Tabs > should render unlock requirement for entities that have one [1284279831.64ms]
(fail) View Details Consistency Across Tabs > should render unlock requirement for entities that have one
(fail) View Details Consistency Across Tabs > should not render empty sections when data is missing [1284279831.65ms]
(fail) ¿ûn@/  ot render empty sections when data is missing
(fail) loadAllData() > successful loading > should fetch all 6 JSON files in parallel [1284279832.55ms]
(fail) loadAllData() > successful loading > should fetch all 6 JSON files in parallel
(fail) loadAllData() > successful loading > should populate allData with loaded content [1284279832.77ms]
(fail) loadAllData() > successful loading > should populate allData with loaded content
(fail) loadAllData() > successful loading > should update version display element [1284279832.78ms]
(fail) loadAllData() > successful loading > should update version display element
(fail) loadAllData() > successful loading > should update last-updated display element [1284279832.79ms]
(fail) loadAllData() >  !@/  pdate last-updated display element
(fail) loadAllData() > error handling > should show alert on fetch failure [1284279832.81ms]
(fail) loadAllData() > error handling > should show alert on fetch failure
(fail) loadAllData() > error handling > should log error to console on failure [1284279832.82ms]
(fail) loadAllData() > error handling > should log error to console on failure
(fail) loadAllData() > error handling > should return error object on failure [1284279832.83ms]
(fail) loadAllData() > p @/  eturn error object on failure
(fail) loadAllData() > data integrity > should preserve item structure [1284279832.84ms]
(fail) loadAllData() > data integrity > should preserve item structure
(fail) loadAllData() > data integrity > should preserve weapon structure [1284279832.87ms]
(fail) loadAllData() > data integrity > should preserve weapon structure
(fail) loadAllData() > data integrity > should preserve character structure [1284279832.88ms]
(fail) loadAllData() > –@/  reserve character structure
(fail) getDataForTab() > should return items array for items tab [1284279833.31ms]
(fail) getDataForTab() > should return items array for items tab
(fail) getDataForTab() > should return weapons array for weapons tab [1284279833.38ms]
(fail) getDataForTab() > should return weapons array for weapons tab
(fail) getDataForTab() > should return tomes array for tomes tab [1284279833.39ms]
(fail) getDataForTab() > should return tomes array for tomes tab
(fail) getDataForTab() > should return characters array for characters tab [1284279833.42ms]
(fail) getDataForTab() > should return characters array for characters tab
(fail) getDataForTab() > should return shrines array for shrines tab [1284279833.48ms]
(fail) getDataForTab() > should return shrines array for shrines tab
(fail) getDataForTab() > should return empty array for unknown tab [1284279833.53ms]
(fail) getDataForTab() > should return empty array for unknown tab
(fail) getDataForTab() > should return empty array for build-planner tab [1284279833.54ms]
(fail) getDataForTab() > should return empty array for build-planner tab
(fail) getDataForTab() > should return empty array for calculator tab [1284279833.58ms]
(fail) getDataForTab() > should return empty array for calculator tab
(fail) getDataForTab() > should handle null allData gracefully [1284279833.63ms]
(fail) P@/  andle null allData gracefully
(fail) edge cases and error scenarios > should handle network timeout gracefully [1284279833.68ms]
(fail) edge cases and error scenarios > should handle network timeout gracefully
(fail) edge cases and error scenarios > should handle malformed JSON response [1284279833.78ms]
(fail) edge cases and error scenarios > should handle malformed JSON response
(fail) edge cases and error scenarios > should handle 404 response [1284279833.78ms]
(fail) edge cases and error scenarios > should handle 404 response
(fail) edge cases and error scenarios > should handle 500 server error [1284279833.82ms]
(fail) edge cases and error scenarios > should handle 500 server error
(fail) edge cases and error scenarios > should handle empty JSON response [1284279833.84ms]
(fail) edge cases and error scenarios > should handle empty JSON response
(fail) edge cases and error scenarios > should handle partial data loading failure [1284279833.85ms]
(fail) edge cases and error scenarios > should handle partial data loading failure
(fail) edge cases and error scenarios > should handle missing version element gracefully [1284279833.85ms]
(fail) edge cases and error scenarios > should handle missing version element gracefully
(fail) edge cases and error scenarios > should handle missing last-updated element gracefully [1284279833.85ms]
(fail)  §n@/  andle missing last-updated element gracefully
(fail) data validation > should validate items have required fields [0.12ms]
(fail) data validation > should validate items have scaling_per_stack array [0.11ms]
(fail) data validation > should validate weapons have required fields [0.03ms]
(fail) data validation > should validate characters have required fields [0.06ms]
(fail) ToastManager > init() > should create toast container with correct ID [1284279837.49ms]
(fail) ToastManager > init() > should create toast container with correct ID
(fail) ToastManager > init() > should set aria-live attribute to polite [1284279837.82ms]
(fail) ToastManager > init() > should set aria-live attribute to polite
(fail) ToastManager > init() > should set role to status [1284279837.85ms]
(fail) ToastManager > init() > should set role to status
(fail) ToastManager > init() > should set aria-atomic to true [1284279837.88ms]
(fail) ToastManager > init() > should set aria-atomic to true
(fail) ToastManager > init() > should append container to body [1284279837.90ms]
(fail) ToastManager > init() > should append container to body
(fail) ToastManager > init() > should not create duplicate containers [1284279837.93ms]
(fail) ToastManager > 0$@/  ot create duplicate containers
(fail) ToastManager > show() > should create toast element with correct class [1284279837.96ms]
(fail) ToastManager > show() > should create toast element with correct class
(fail) ToastManager > show() > should set toast message text [1284279837.98ms]
(fail) ToastManager > show() > should set toast message text
(fail) ToastManager > show() > should add toast-visible class via requestAnimationFrame [1284279838.00ms]
(fail) ToastManager > show() > should add toast-visible class via requestAnimationFrame
(fail) ToastManager > show() > should auto-dismiss after duration [1284279838.03ms]
(fail) ToastManager > show() > should auto-dismiss after duration
(fail) ToastManager > show() > should default to info type [1284279838.06ms]
(fail) ToastManager > show() > should default to info type
(fail) ToastManager > show() > should default to 3000ms duration [1284279838.08ms]
(fail) ToastManager > show() > should default to 3000ms duration
(fail) ToastManager > show() > should add toast to container [1284279838.10ms]
(fail) ToastManager > show() > should add toast to container
(fail) ToastManager > show() > should support custom duration [1284279838.12ms]
(fail) ToastManager >  @/  upport custom duration
(fail) ToastManager > info() > should create toast with toast-info class [1284279838.15ms]
(fail) ToastManager > info() > should create toast with toast-info class
(fail) ToastManager > info() > should display the message [1284279838.18ms]
(fail) ToastManager >  @/  isplay the message
(fail) ToastManager > success() > should create toast with toast-success class [1284279838.20ms]
(fail) ToastManager > success() > should create toast with toast-success class
(fail) ToastManager > success() > should display the message [1284279838.22ms]
(fail) ToastManager > @@/  isplay the message
(fail) ToastManager > warning() > should create toast with toast-warning class [1284279838.25ms]
(fail) ToastManager > warning() > should create toast with toast-warning class
(fail) ToastManager > warning() > should display the message [1284279838.30ms]
(fail) ToastManager > `@/  isplay the message
(fail) ToastManager > error() > should create toast with toast-error class [1284279838.33ms]
(fail) ToastManager > error() > should create toast with toast-error class
(fail) ToastManager > error() > should display the message [1284279838.36ms]
(fail) ToastManager > Ä@/  isplay the message
(fail) ToastManager > accessibility > should set role=alert on toast elements [1284279838.39ms]
(fail) ToastManager > accessibility > should set role=alert on toast elements
(fail) ToastManager > accessibility > should have aria-atomic=true on container [1284279838.42ms]
(fail) ToastManager > accessibility > should have aria-atomic=true on container
(fail) ToastManager > accessibility > should have aria-live=polite on container for non-urgent messages [1284279838.43ms]
(fail) ToastManager > ‡T@/  ave aria-live=polite on container for non-urgent messages
(fail) ToastManager > multiple toasts > should allow multiple toasts at once [1284279838.47ms]
(fail) ToastManager > multiple toasts > should allow multiple toasts at once
(fail) ToastManager > multiple toasts > should dismiss toasts independently [1284279838.48ms]
(fail) ToastManager > @&@/  ismiss toasts independently
(fail) ToastManager > edge cases > should handle empty message [1284279838.52ms]
(fail) ToastManager > edge cases > should handle empty message
(fail) ToastManager > edge cases > should handle special characters in message [1284279838.55ms]
(fail) ToastManager > edge cases > should handle special characters in message
(fail) ToastManager > edge cases > should handle very long messages [1284279838.62ms]
(fail) ToastManager > edge cases > should handle very long messages
(fail) ToastManager > edge cases > should handle unicode characters [1284279838.66ms]
(fail) ToastManager > †@/  andle unicode characters
(fail) calculateBreakpoint() > basic calculations > should calculate stacks needed for linear scaling item [1284279844.48ms]
(fail) calculateBreakpoint() > basic calculations > should calculate stacks needed for linear scaling item
(fail) calculateBreakpoint() > basic calculations > should calculate stacks for Big Bonk at 100% target [1284279844.64ms]
(fail) calculateBreakpoint() > basic calculations > should calculate stacks for Big Bonk at 100% target
(fail) calculateBreakpoint() > basic calculations > should calculate stacks for Forbidden Juice at 100% target [1284279844.66ms]
(fail) calculateBreakpoint() > basic calculations > should calculate stacks for Forbidden Juice at 100% target
(fail) calculateBreakpoint() > basic calculations > should round up stacks needed [1284279844.68ms]
(fail) calculateBreakpoint() > basic calculations > should round up stacks needed
(fail) calculateBreakpoint() > basic calculations > should handle target of 1 [1284279844.69ms]
(fail) calculateBreakpoint() > †@/  andle target of 1
(fail) calculateBreakpoint() > stack cap handling > should respect stack cap for Spicy Meatball [1284279844.70ms]
(fail) calculateBreakpoint() > stack cap handling > should respect stack cap for Spicy Meatball
(fail) calculateBreakpoint() > stack cap handling > should not cap when target is within stack cap [1284279844.71ms]
(fail) calculateBreakpoint() > stack cap handling > should not cap when target is within stack cap
(fail) calculateBreakpoint() > stack cap handling > should cap Anvil at 1 stack [1284279844.73ms]
(fail) calculateBreakpoint() > ¿@/  ap Anvil at 1 stack
(fail) calculateBreakpoint() > warning flags > should set hasWarning for one-and-done items [1284279844.73ms]
(fail) calculateBreakpoint() > warning flags > should set hasWarning for one-and-done items
(fail) calculateBreakpoint() > warning flags > should set hasWarning for capped items [1284279844.75ms]
(fail) calculateBreakpoint() > warning flags > should set hasWarning for capped items
(fail) calculateBreakpoint() > warning flags > should not set hasWarning for normal stacking items [1284279844.77ms]
(fail) calculateBreakpoint() > ¿»n@/  ot set hasWarning for normal stacking items
(fail) calculateBreakpoint() > validation > should return error when no item selected [1284279844.78ms]
(fail) calculateBreakpoint() > validation > should return error when no item selected
(fail) calculateBreakpoint() > validation > should return error when no target entered [1284279844.79ms]
(fail) calculateBreakpoint() > validation > should return error when no target entered
(fail) calculateBreakpoint() > validation > should return error for negative target [1284279844.80ms]
(fail) calculateBreakpoint() > validation > should return error for negative target
(fail) calculateBreakpoint() > validation > should return error for non-existent item [1284279844.82ms]
(fail) calculateBreakpoint() > ê*@/  eturn error for non-existent item
(fail) calculateBreakpoint() > result data > should include item details in result [1284279844.83ms]
(fail) calculateBreakpoint() > result data > should include item details in result
(fail) calculateBreakpoint() > result data > should include perStack value in result [1284279844.84ms]
(fail) calculateBreakpoint() >  +@/  nclude perStack value in result
(fail) calculateBreakpoint() > edge cases > should handle very large target values [1284279844.85ms]
(fail) calculateBreakpoint() > edge cases > should handle very large target values
(fail) calculateBreakpoint() > edge cases > should handle decimal targets [1284279844.87ms]
(fail) calculateBreakpoint() > edge cases > should handle decimal targets
(fail) calculateBreakpoint() > edge cases > should handle exactly hitting a stack boundary [1284279844.87ms]
(fail) calculateBreakpoint() > Ä+@/  andle exactly hitting a stack boundary
(fail) Expandable Text > escapeHtml() > should escape HTML special characters [1284279845.52ms]
(fail) Expandable Text > escapeHtml() > should escape HTML special characters
(fail) Expandable Text > escapeHtml() > should escape quotes for data attributes [1284279845.55ms]
(fail) Expandable Text > escapeHtml() > should escape quotes for data attributes
(fail) Expandable Text > escapeHtml() > should handle empty text [1284279845.57ms]
(fail) Expandable Text > escapeHtml() > should handle empty text
(fail) Expandable Text > escapeHtml() > should preserve normal text [1284279845.58ms]
(fail) Expandable Text > @@/  reserve normal text
(fail) Expandable Text > toggleTextExpand() > should expand truncated text on click [1284279845.59ms]
(fail) Expandable Text > toggleTextExpand() > should expand truncated text on click
(fail) Expandable Text > toggleTextExpand() > should collapse expanded text on second click [1284279845.60ms]
(fail) Expandable Text > toggleTextExpand() > should collapse expanded text on second click
(fail) Expandable Text > toggleTextExpand() > should not modify element without fullText data [1284279845.61ms]
(fail) Expandable Text > toggleTextExpand() > should not modify element without fullText data
(fail) Expandable Text > toggleTextExpand() > should handle short text that does not need truncation [1284279845.62ms]
(fail) Expandable Text > toggleTextExpand() > should handle short text that does not need truncation
(fail) Expandable Text > toggleTextExpand() > should toggle expanded class correctly [1284279845.64ms]
(fail) Expandable Text > 0-@/  oggle expanded class correctly
(fail) Expandable Text > Expandable Text Integration > should create expandable description for long text [1284279845.65ms]
(fail) Expandable Text > Expandable Text Integration > should create expandable description for long text
(fail) Expandable Text > Expandable Text Integration > should not create expandable description for short text [1284279845.66ms]
(fail) Expandable Text >  ∞n@/  ot create expandable description for short text
(fail) Keyboard Shortcuts Module > getAllShortcuts() > should return all shortcut categories [1284279864.66ms]
(fail) Keyboard Shortcuts Module > getAllShortcuts() > should return all shortcut categories
(fail) Keyboard Shortcuts Module > getAllShortcuts() > should include Navigation category [1284279864.93ms]
(fail) Keyboard Shortcuts Module > getAllShortcuts() > should include Navigation category
(fail) Keyboard Shortcuts Module > getAllShortcuts() > should include Search & Filter category [1284279864.96ms]
(fail) Keyboard Shortcuts Module > getAllShortcuts() > should include Search & Filter category
(fail) Keyboard Shortcuts Module > getAllShortcuts() > should include View category [1284279865.00ms]
(fail) Keyboard Shortcuts Module > getAllShortcuts() > should include View category
(fail) Keyboard Shortcuts Module > getAllShortcuts() > should include Modal category [1284279865.03ms]
(fail) Keyboard Shortcuts Module > getAllShortcuts() > should include Modal category
(fail) Keyboard Shortcuts Module > getAllShortcuts() > should include Help category [1284279865.06ms]
(fail) Keyboard Shortcuts Module > getAllShortcuts() > should include Help category
(fail) Keyboard Shortcuts Module > getAllShortcuts() > should have valid shortcut structure [1284279865.10ms]
(fail) Keyboard Shortcuts Module > getAllShortcuts() > should have valid shortcut structure
(fail) Keyboard Shortcuts Module > getAllShortcuts() > should be frozen (immutable) [1284279865.12ms]
(fail) Keyboard Shortcuts Module >  	@/  e frozen (immutable)
(fail) Keyboard Shortcuts Module > setupKeyboardShortcuts() > input field exclusion > should ignore shortcuts when focused on input [1284279865.16ms]
(fail) Keyboard Shortcuts Module > setupKeyboardShortcuts() > input field exclusion > should ignore shortcuts when focused on input
(fail) Keyboard Shortcuts Module > setupKeyboardShortcuts() > input field exclusion > should ignore shortcuts when focused on textarea [1284279865.20ms]
(fail) Keyboard Shortcuts Module > setupKeyboardShortcuts() > 00@/  gnore shortcuts when focused on textarea
(fail) Keyboard Shortcuts Module > setupKeyboardShortcuts() > tab navigation (1-8) > should switch to items tab on key 1 [1284279865.22ms]
(fail) Keyboard Shortcuts Module > setupKeyboardShortcuts() > tab navigation (1-8) > should switch to items tab on key 1
(fail) Keyboard Shortcuts Module > setupKeyboardShortcuts() > tab navigation (1-8) > should switch to weapons tab on key 2 [1284279865.25ms]
(fail) Keyboard Shortcuts Module > setupKeyboardShortcuts() > tab navigation (1-8) > should switch to weapons tab on key 2
(fail) Keyboard Shortcuts Module > setupKeyboardShortcuts() > tab navigation (1-8) > should switch to tomes tab on key 3 [1284279865.28ms]
(fail) Keyboard Shortcuts Module > setupKeyboardShortcuts() > tab navigation (1-8) > should switch to tomes tab on key 3
(fail) Keyboard Shortcuts Module > setupKeyboardShortcuts() > tab navigation (1-8) > should switch to characters tab on key 4 [1284279865.31ms]
(fail) Keyboard Shortcuts Module > setupKeyboardShortcuts() > tab navigation (1-8) > should switch to characters tab on key 4
(fail) Keyboard Shortcuts Module > setupKeyboardShortcuts() > tab navigation (1-8) > should switch to shrines tab on key 5 [1284279865.35ms]
(fail) Keyboard Shortcuts Module > setupKeyboardShortcuts() > tab navigation (1-8) > should switch to shrines tab on key 5
(fail) Keyboard Shortcuts Module > setupKeyboardShortcuts() > tab navigation (1-8) > should not trigger tab switch with Ctrl modifier [1284279865.37ms]
(fail) Keyboard Shortcuts Module > setupKeyboardShortcuts() > tab navigation (1-8) > should not trigger tab switch with Ctrl modifier
(fail) Keyboard Shortcuts Module > setupKeyboardShortcuts() > tab navigation (1-8) > should not trigger tab switch with Meta modifier [1284279865.41ms]
(fail) Keyboard Shortcuts Module > setupKeyboardShortcuts() > ‡.@/  ot trigger tab switch with Meta modifier
(fail) Keyboard Shortcuts Module > setupKeyboardShortcuts() > search focus > should focus search on / key [1284279865.44ms]
(fail) Keyboard Shortcuts Module > setupKeyboardShortcuts() > search focus > should focus search on / key
(fail) Keyboard Shortcuts Module > setupKeyboardShortcuts() > search focus > should focus search on Ctrl+F [1284279865.47ms]
(fail) Keyboard Shortcuts Module > setupKeyboardShortcuts() > search focus > should focus search on Ctrl+F
(fail) Keyboard Shortcuts Module > setupKeyboardShortcuts() > search focus > should select search text when focusing [1284279865.50ms]
(fail) Keyboard Shortcuts Module > setupKeyboardShortcuts() > `-@/  elect search text when focusing
(fail) Keyboard Shortcuts Module > setupKeyboardShortcuts() > clear 
 506 pass
 18 skip
 1463 fail
 113 errors
 1732 expect() calls
Ran 1987 tests across 50 files. [1260.00ms]
